May 29 19:35:28.551014 kernel: Linux version 6.17.1-300.fc43.x86_64 (mockbuild@5381c258a4b3436489a448ea66bda8ce) (gcc (GCC) 15.2.1 20250924 (Red Hat 15.2.1-2), GNU ld version 2.45-1.fc43) #1 SMP PREEMPT_DYNAMIC Mon Oct  6 15:37:21 UTC 2025
May 29 19:35:28.551038 kernel: Command line: BOOT_IMAGE=(hd0,gpt3)/boot/ostree/fedora-coreos-5088f34c4256ec3d32d31a79920f5c3be2cae45090b7e32b57a2ae2f8a7bc59b/vmlinuz-6.17.1-300.fc43.x86_64 rw ignition.firstboot mitigations=auto,nosmt ostree=/ostree/boot.1/fedora-coreos/5088f34c4256ec3d32d31a79920f5c3be2cae45090b7e32b57a2ae2f8a7bc59b/0 ignition.platform.id=aws console=tty0 console=ttyS0,115200n8
May 29 19:35:28.551045 kernel: BIOS-provided physical RAM map:
May 29 19:35:28.551049 kernel: BIOS-e820: [mem 0x0000000000000000-0x000000000009ffff] usable
May 29 19:35:28.551053 kernel: BIOS-e820: [mem 0x0000000000100000-0x00000000b9e97fff] usable
May 29 19:35:28.551057 kernel: BIOS-e820: [mem 0x00000000b9e98000-0x00000000b9e99fff] ACPI data
May 29 19:35:28.551061 kernel: BIOS-e820: [mem 0x00000000b9e9a000-0x00000000bbccdfff] usable
May 29 19:35:28.551064 kernel: BIOS-e820: [mem 0x00000000bbcce000-0x00000000bbf4dfff] reserved
May 29 19:35:28.551068 kernel: BIOS-e820: [mem 0x00000000bbf4e000-0x00000000bbf5dfff] ACPI data
May 29 19:35:28.551080 kernel: BIOS-e820: [mem 0x00000000bbf5e000-0x00000000bbfddfff] ACPI NVS
May 29 19:35:28.551082 kernel: BIOS-e820: [mem 0x00000000bbfde000-0x00000000bff7bfff] usable
May 29 19:35:28.551086 kernel: BIOS-e820: [mem 0x00000000bff7c000-0x00000000bfffffff] reserved
May 29 19:35:28.551089 kernel: BIOS-e820: [mem 0x0000000100000000-0x000000042b3fffff] usable
May 29 19:35:28.551093 kernel: BIOS-e820: [mem 0x000000042b400000-0x000000043fffffff] reserved
May 29 19:35:28.551097 kernel: BIOS-e820: [mem 0x0000000440100000-0x0000000442bfffff] reserved
May 29 19:35:28.551101 kernel: NX (Execute Disable) protection: active
May 29 19:35:28.551104 kernel: APIC: Static calls initialized
May 29 19:35:28.551107 kernel: efi: EFI v2.7 by EDK II
May 29 19:35:28.551111 kernel: efi: ACPI=0xbbf5d000 ACPI 2.0=0xbbf5d014 SMBIOS=0xbbe6a000 MEMATTR=0xba3e8018 MOKvar=0xbbe58000 
May 29 19:35:28.551114 kernel: secureboot: Secure boot disabled
May 29 19:35:28.551117 kernel: SMBIOS 2.7 present.
May 29 19:35:28.551120 kernel: DMI: Amazon EC2 m8a.xlarge/, BIOS 1.0 10/16/2017
May 29 19:35:28.551124 kernel: DMI: Memory slots populated: 1/1
May 29 19:35:28.551127 kernel: Hypervisor detected: KVM
May 29 19:35:28.551130 kernel: kvm-clock: Using msrs 4b564d01 and 4b564d00
May 29 19:35:28.551133 kernel: kvm-clock: using sched offset of 10645455099 cycles
May 29 19:35:28.551136 kernel: clocksource: kvm-clock: mask: 0xffffffffffffffff max_cycles: 0x1cd42e4dffb, max_idle_ns: 881590591483 ns
May 29 19:35:28.551141 kernel: tsc: Detected 2599.998 MHz processor
May 29 19:35:28.551146 kernel: e820: update [mem 0x00000000-0x00000fff] usable ==> reserved
May 29 19:35:28.551150 kernel: e820: remove [mem 0x000a0000-0x000fffff] usable
May 29 19:35:28.551155 kernel: last_pfn = 0x42b400 max_arch_pfn = 0x400000000
May 29 19:35:28.551159 kernel: MTRR map: 4 entries (2 fixed + 2 variable; max 18), built from 8 variable MTRRs
May 29 19:35:28.551164 kernel: x86/PAT: Configuration [0-7]: WB  WC  UC- UC  WB  WP  UC- WT  
May 29 19:35:28.551169 kernel: last_pfn = 0xbff7c max_arch_pfn = 0x400000000
May 29 19:35:28.551173 kernel: Using GB pages for direct mapping
May 29 19:35:28.551179 kernel: secureboot: Secure boot disabled
May 29 19:35:28.551183 kernel: RAMDISK: [mem 0xb1d4b000-0xb939ffff]
May 29 19:35:28.551188 kernel: ACPI: Early table checksum verification disabled
May 29 19:35:28.551192 kernel: ACPI: RSDP 0x00000000BBF5D014 000024 (v02 AMAZON)
May 29 19:35:28.551198 kernel: ACPI: XSDT 0x00000000BBF5C0E8 000074 (v01 AMAZON AMZNFACP 00000001      01000013)
May 29 19:35:28.551204 kernel: ACPI: FACP 0x00000000BBF55000 000114 (v01 AMAZON AMZNFACP 00000001 AMZN 00000001)
May 29 19:35:28.551207 kernel: ACPI: DSDT 0x00000000BBF56000 00165D (v01 AMAZON AMZNDSDT 00000001 AMZN 00000001)
May 29 19:35:28.551212 kernel: ACPI: FACS 0x00000000BBFCE000 000040
May 29 19:35:28.551217 kernel: ACPI: WAET 0x00000000BBF5B000 000028 (v01 AMAZON AMZNWAET 00000001 AMZN 00000001)
May 29 19:35:28.551221 kernel: ACPI: SLIT 0x00000000BBF5A000 00006C (v01 AMAZON AMZNSLIT 00000001 AMZN 00000001)
May 29 19:35:28.551224 kernel: ACPI: APIC 0x00000000BBF59000 000086 (v01 AMAZON AMZNAPIC 00000001 AMZN 00000001)
May 29 19:35:28.551229 kernel: ACPI: SRAT 0x00000000BBF58000 0000C0 (v01 AMAZON AMZNSRAT 00000001 AMZN 00000001)
May 29 19:35:28.551234 kernel: ACPI: HPET 0x00000000BBF54000 000038 (v01 AMAZON AMZNHPET 00000001 AMZN 00000001)
May 29 19:35:28.551239 kernel: ACPI: SSDT 0x00000000BBF52000 001756 (v01 AMAZON AMZNSSDT 00000001 AMZN 00000001)
May 29 19:35:28.551245 kernel: ACPI: SSDT 0x00000000BBF51000 0000D1 (v01 AMAZON AMZNSSDT 00000001 AMZN 00000001)
May 29 19:35:28.551247 kernel: ACPI: MCFG 0x00000000BBF50000 00004C (v01 AMAZON AMZNMCFG 00000001 AMZN 00000001)
May 29 19:35:28.551252 kernel: ACPI: BGRT 0x00000000BBF4F000 000038 (v01 AMAZON AMAZON   00000002      01000013)
May 29 19:35:28.551257 kernel: ACPI: Reserving FACP table memory at [mem 0xbbf55000-0xbbf55113]
May 29 19:35:28.551261 kernel: ACPI: Reserving DSDT table memory at [mem 0xbbf56000-0xbbf5765c]
May 29 19:35:28.551263 kernel: ACPI: Reserving FACS table memory at [mem 0xbbfce000-0xbbfce03f]
May 29 19:35:28.551268 kernel: ACPI: Reserving WAET table memory at [mem 0xbbf5b000-0xbbf5b027]
May 29 19:35:28.551271 kernel: ACPI: Reserving SLIT table memory at [mem 0xbbf5a000-0xbbf5a06b]
May 29 19:35:28.551274 kernel: ACPI: Reserving APIC table memory at [mem 0xbbf59000-0xbbf59085]
May 29 19:35:28.551279 kernel: ACPI: Reserving SRAT table memory at [mem 0xbbf58000-0xbbf580bf]
May 29 19:35:28.551282 kernel: ACPI: Reserving HPET table memory at [mem 0xbbf54000-0xbbf54037]
May 29 19:35:28.551286 kernel: ACPI: Reserving SSDT table memory at [mem 0xbbf52000-0xbbf53755]
May 29 19:35:28.551289 kernel: ACPI: Reserving SSDT table memory at [mem 0xbbf51000-0xbbf510d0]
May 29 19:35:28.551293 kernel: ACPI: Reserving MCFG table memory at [mem 0xbbf50000-0xbbf5004b]
May 29 19:35:28.551296 kernel: ACPI: Reserving BGRT table memory at [mem 0xbbf4f000-0xbbf4f037]
May 29 19:35:28.551300 kernel: ACPI: SRAT: Node 0 PXM 0 [mem 0x00000000-0xbfffffff]
May 29 19:35:28.551304 kernel: ACPI: SRAT: Node 0 PXM 0 [mem 0x100000000-0x43fffffff]
May 29 19:35:28.551309 kernel: NUMA: Node 0 [mem 0x00001000-0xbfffffff] + [mem 0x100000000-0x42b3fffff] -> [mem 0x00001000-0x42b3fffff]
May 29 19:35:28.551313 kernel: NODE_DATA(0) allocated [mem 0x42b3d42c0-0x42b3fefff]
May 29 19:35:28.551317 kernel: Zone ranges:
May 29 19:35:28.551320 kernel:   DMA      [mem 0x0000000000001000-0x0000000000ffffff]
May 29 19:35:28.551324 kernel:   DMA32    [mem 0x0000000001000000-0x00000000ffffffff]
May 29 19:35:28.551328 kernel:   Normal   [mem 0x0000000100000000-0x000000042b3fffff]
May 29 19:35:28.551332 kernel:   Device   empty
May 29 19:35:28.551335 kernel: Movable zone start for each node
May 29 19:35:28.551339 kernel: Early memory node ranges
May 29 19:35:28.551344 kernel:   node   0: [mem 0x0000000000001000-0x000000000009ffff]
May 29 19:35:28.551347 kernel:   node   0: [mem 0x0000000000100000-0x00000000b9e97fff]
May 29 19:35:28.551351 kernel:   node   0: [mem 0x00000000b9e9a000-0x00000000bbccdfff]
May 29 19:35:28.551355 kernel:   node   0: [mem 0x00000000bbfde000-0x00000000bff7bfff]
May 29 19:35:28.551358 kernel:   node   0: [mem 0x0000000100000000-0x000000042b3fffff]
May 29 19:35:28.551361 kernel: Initmem setup node 0 [mem 0x0000000000001000-0x000000042b3fffff]
May 29 19:35:28.551365 kernel: On node 0, zone DMA: 1 pages in unavailable ranges
May 29 19:35:28.551370 kernel: On node 0, zone DMA: 96 pages in unavailable ranges
May 29 19:35:28.551374 kernel: On node 0, zone DMA32: 2 pages in unavailable ranges
May 29 19:35:28.551378 kernel: On node 0, zone DMA32: 784 pages in unavailable ranges
May 29 19:35:28.551381 kernel: On node 0, zone Normal: 132 pages in unavailable ranges
May 29 19:35:28.551385 kernel: On node 0, zone Normal: 19456 pages in unavailable ranges
May 29 19:35:28.551389 kernel: ACPI: PM-Timer IO Port: 0xb008
May 29 19:35:28.551392 kernel: ACPI: LAPIC_NMI (acpi_id[0xff] dfl dfl lint[0x1])
May 29 19:35:28.551397 kernel: IOAPIC[0]: apic_id 0, version 32, address 0xfec00000, GSI 0-23
May 29 19:35:28.551401 kernel: ACPI: INT_SRC_OVR (bus 0 bus_irq 5 global_irq 5 high level)
May 29 19:35:28.551404 kernel: ACPI: INT_SRC_OVR (bus 0 bus_irq 9 global_irq 9 high level)
May 29 19:35:28.551408 kernel: ACPI: INT_SRC_OVR (bus 0 bus_irq 10 global_irq 10 high level)
May 29 19:35:28.551411 kernel: ACPI: INT_SRC_OVR (bus 0 bus_irq 11 global_irq 11 high level)
May 29 19:35:28.551415 kernel: ACPI: Using ACPI (MADT) for SMP configuration information
May 29 19:35:28.551420 kernel: ACPI: HPET id: 0x8086a201 base: 0xfed00000
May 29 19:35:28.551423 kernel: e820: update [mem 0xb9f32000-0xb9f4dfff] usable ==> reserved
May 29 19:35:28.551427 kernel: CPU topo: Max. logical packages:   1
May 29 19:35:28.551430 kernel: CPU topo: Max. logical dies:       1
May 29 19:35:28.551433 kernel: CPU topo: Max. dies per package:   1
May 29 19:35:28.551436 kernel: CPU topo: Max. threads per core:   1
May 29 19:35:28.551440 kernel: CPU topo: Num. cores per package:     4
May 29 19:35:28.551442 kernel: CPU topo: Num. threads per package:   4
May 29 19:35:28.551446 kernel: CPU topo: Allowing 4 present CPUs plus 0 hotplug CPUs
May 29 19:35:28.551450 kernel: kvm-guest: APIC: eoi() replaced with kvm_guest_apic_eoi_write()
May 29 19:35:28.551453 kernel: PM: hibernation: Registered nosave memory: [mem 0x00000000-0x00000fff]
May 29 19:35:28.551458 kernel: PM: hibernation: Registered nosave memory: [mem 0x000a0000-0x000fffff]
May 29 19:35:28.551462 kernel: PM: hibernation: Registered nosave memory: [mem 0xb9e98000-0xb9e99fff]
May 29 19:35:28.551465 kernel: PM: hibernation: Registered nosave memory: [mem 0xb9f32000-0xb9f4dfff]
May 29 19:35:28.551469 kernel: PM: hibernation: Registered nosave memory: [mem 0xbbcce000-0xbbfddfff]
May 29 19:35:28.551472 kernel: PM: hibernation: Registered nosave memory: [mem 0xbff7c000-0xffffffff]
May 29 19:35:28.551804 kernel: [mem 0xc0000000-0xffffffff] available for PCI devices
May 29 19:35:28.551808 kernel: Booting paravirtualized kernel on KVM
May 29 19:35:28.551811 kernel: clocksource: refined-jiffies: mask: 0xffffffff max_cycles: 0xffffffff, max_idle_ns: 1910969940391419 ns
May 29 19:35:28.551815 kernel: setup_percpu: NR_CPUS:8192 nr_cpumask_bits:4 nr_cpu_ids:4 nr_node_ids:1
May 29 19:35:28.551819 kernel: percpu: Embedded 83 pages/cpu s217088 r8192 d114688 u524288
May 29 19:35:28.551824 kernel: pcpu-alloc: s217088 r8192 d114688 u524288 alloc=1*2097152
May 29 19:35:28.551828 kernel: pcpu-alloc: [0] 0 1 2 3 
May 29 19:35:28.551834 kernel: kvm-guest: PV spinlocks enabled
May 29 19:35:28.551837 kernel: PV qspinlock hash table entries: 256 (order: 0, 4096 bytes, linear)
May 29 19:35:28.551841 kernel: Kernel command line: BOOT_IMAGE=(hd0,gpt3)/boot/ostree/fedora-coreos-5088f34c4256ec3d32d31a79920f5c3be2cae45090b7e32b57a2ae2f8a7bc59b/vmlinuz-6.17.1-300.fc43.x86_64 rw ignition.firstboot mitigations=auto,nosmt ostree=/ostree/boot.1/fedora-coreos/5088f34c4256ec3d32d31a79920f5c3be2cae45090b7e32b57a2ae2f8a7bc59b/0 ignition.platform.id=aws console=tty0 console=ttyS0,115200n8
May 29 19:35:28.551845 kernel: Unknown kernel command line parameters "BOOT_IMAGE=(hd0,gpt3)/boot/ostree/fedora-coreos-5088f34c4256ec3d32d31a79920f5c3be2cae45090b7e32b57a2ae2f8a7bc59b/vmlinuz-6.17.1-300.fc43.x86_64 ostree=/ostree/boot.1/fedora-coreos/5088f34c4256ec3d32d31a79920f5c3be2cae45090b7e32b57a2ae2f8a7bc59b/0", will be passed to user space.
May 29 19:35:28.551850 kernel: random: crng init done
May 29 19:35:28.551853 kernel: printk: log buffer data + meta data: 262144 + 917504 = 1179648 bytes
May 29 19:35:28.551858 kernel: Dentry cache hash table entries: 2097152 (order: 12, 16777216 bytes, linear)
May 29 19:35:28.551861 kernel: Inode-cache hash table entries: 1048576 (order: 11, 8388608 bytes, linear)
May 29 19:35:28.551864 kernel: software IO TLB: area num 4.
May 29 19:35:28.551868 kernel: Fallback order for Node 0: 0 
May 29 19:35:28.551872 kernel: Built 1 zonelists, mobility grouping on.  Total pages: 4108297
May 29 19:35:28.551875 kernel: Policy zone: Normal
May 29 19:35:28.551878 kernel: mem auto-init: stack:all(zero), heap alloc:on, heap free:off
May 29 19:35:28.551882 kernel: SLUB: HWalign=64, Order=0-3, MinObjects=0, CPUs=4, Nodes=1
May 29 19:35:28.551886 kernel: ftrace: allocating 61898 entries in 244 pages
May 29 19:35:28.551890 kernel: ftrace: allocated 244 pages with 5 groups
May 29 19:35:28.551894 kernel: Dynamic Preempt: lazy
May 29 19:35:28.551897 kernel: rcu: Preemptible hierarchical RCU implementation.
May 29 19:35:28.552005 kernel: rcu:         RCU event tracing is enabled.
May 29 19:35:28.552009 kernel: rcu:         RCU restricting CPUs from NR_CPUS=8192 to nr_cpu_ids=4.
May 29 19:35:28.552011 kernel:         Trampoline variant of Tasks RCU enabled.
May 29 19:35:28.552014 kernel:         Rude variant of Tasks RCU enabled.
May 29 19:35:28.552018 kernel:         Tracing variant of Tasks RCU enabled.
May 29 19:35:28.552021 kernel: rcu: RCU calculated value of scheduler-enlistment delay is 100 jiffies.
May 29 19:35:28.552024 kernel: rcu: Adjusting geometry for rcu_fanout_leaf=16, nr_cpu_ids=4
May 29 19:35:28.552028 kernel: RCU Tasks: Setting shift to 2 and lim to 1 rcu_task_cb_adjust=1 rcu_task_cpu_ids=4.
May 29 19:35:28.552031 kernel: RCU Tasks Rude: Setting shift to 2 and lim to 1 rcu_task_cb_adjust=1 rcu_task_cpu_ids=4.
May 29 19:35:28.552034 kernel: RCU Tasks Trace: Setting shift to 2 and lim to 1 rcu_task_cb_adjust=1 rcu_task_cpu_ids=4.
May 29 19:35:28.552037 kernel: NR_IRQS: 524544, nr_irqs: 456, preallocated irqs: 16
May 29 19:35:28.552041 kernel: rcu: srcu_init: Setting srcu_struct sizes based on contention.
May 29 19:35:28.552045 kernel: kfence: initialized - using 2097152 bytes for 255 objects at 0x(____ptrval____)-0x(____ptrval____)
May 29 19:35:28.552049 kernel: Console: colour dummy device 80x25
May 29 19:35:28.552053 kernel: printk: legacy console [tty0] enabled
May 29 19:35:28.552056 kernel: printk: legacy console [ttyS0] enabled
May 29 19:35:28.552060 kernel: ACPI: Core revision 20250404
May 29 19:35:28.552063 kernel: clocksource: hpet: mask: 0xffffffff max_cycles: 0xffffffff, max_idle_ns: 30580167144 ns
May 29 19:35:28.552067 kernel: APIC: Switch to symmetric I/O mode setup
May 29 19:35:28.552076 kernel: x2apic enabled
May 29 19:35:28.552079 kernel: APIC: Switched APIC routing to: physical x2apic
May 29 19:35:28.552083 kernel: kvm-guest: APIC: send_IPI_mask() replaced with kvm_send_ipi_mask()
May 29 19:35:28.552087 kernel: kvm-guest: APIC: send_IPI_mask_allbutself() replaced with kvm_send_ipi_mask_allbutself()
May 29 19:35:28.552197 kernel: kvm-guest: setup PV IPIs
May 29 19:35:28.552201 kernel: ..TIMER: vector=0x30 apic1=0 pin1=0 apic2=-1 pin2=-1
May 29 19:35:28.552205 kernel: clocksource: tsc-early: mask: 0xffffffffffffffff max_cycles: 0x257a3a7b45f, max_idle_ns: 440795312762 ns
May 29 19:35:28.552210 kernel: Calibrating delay loop (skipped) preset value.. 5199.99 BogoMIPS (lpj=2599998)
May 29 19:35:28.552213 kernel: Last level iTLB entries: 4KB 64, 2MB 64, 4MB 32
May 29 19:35:28.552216 kernel: Last level dTLB entries: 4KB 128, 2MB 128, 4MB 64, 1GB 0
May 29 19:35:28.552220 kernel: process: using mwait in idle threads
May 29 19:35:28.552223 kernel: mitigations: Enabled attack vectors: user_kernel, user_user, guest_host, guest_guest, SMT mitigations: on
May 29 19:35:28.552228 kernel: Speculative Store Bypass: Mitigation: Speculative Store Bypass disabled via prctl
May 29 19:35:28.552232 kernel: Spectre V2 : Mitigation: Enhanced / Automatic IBRS
May 29 19:35:28.552236 kernel: Speculative Return Stack Overflow: Mitigation: IBPB on VMEXIT only
May 29 19:35:28.552239 kernel: Spectre V1 : Mitigation: usercopy/swapgs barriers and __user pointer sanitization
May 29 19:35:28.552243 kernel: Spectre V2 : mitigation: Enabling conditional Indirect Branch Prediction Barrier
May 29 19:35:28.552247 kernel: x86/fpu: Supporting XSAVE feature 0x001: 'x87 floating point registers'
May 29 19:35:28.552250 kernel: x86/fpu: Supporting XSAVE feature 0x002: 'SSE registers'
May 29 19:35:28.552254 kernel: x86/fpu: Supporting XSAVE feature 0x004: 'AVX registers'
May 29 19:35:28.552258 kernel: x86/fpu: Supporting XSAVE feature 0x020: 'AVX-512 opmask'
May 29 19:35:28.552261 kernel: x86/fpu: Supporting XSAVE feature 0x040: 'AVX-512 Hi256'
May 29 19:35:28.552263 kernel: x86/fpu: Supporting XSAVE feature 0x080: 'AVX-512 ZMM_Hi256'
May 29 19:35:28.552266 kernel: x86/fpu: Supporting XSAVE feature 0x200: 'Protection Keys User registers'
May 29 19:35:28.552270 kernel: x86/fpu: xstate_offset[2]:  576, xstate_sizes[2]:  256
May 29 19:35:28.552275 kernel: x86/fpu: xstate_offset[5]:  832, xstate_sizes[5]:   64
May 29 19:35:28.552279 kernel: x86/fpu: xstate_offset[6]:  896, xstate_sizes[6]:  512
May 29 19:35:28.552384 kernel: x86/fpu: xstate_offset[7]: 1408, xstate_sizes[7]: 1024
May 29 19:35:28.552387 kernel: x86/fpu: xstate_offset[9]: 2432, xstate_sizes[9]:    8
May 29 19:35:28.552392 kernel: x86/fpu: Enabled xstate features 0x2e7, context size is 2440 bytes, using 'compacted' format.
May 29 19:35:28.552396 kernel: Freeing SMP alternatives memory: 56K
May 29 19:35:28.552399 kernel: pid_max: default: 32768 minimum: 301
May 29 19:35:28.552402 kernel: LSM: initializing lsm=lockdown,capability,yama,selinux,bpf,landlock,ipe,ima,evm
May 29 19:35:28.552405 kernel: Yama: becoming mindful.
May 29 19:35:28.552409 kernel: SELinux:  Initializing.
May 29 19:35:28.552412 kernel: LSM support for eBPF active
May 29 19:35:28.552416 kernel: landlock: Up and running.
May 29 19:35:28.552419 kernel: Mount-cache hash table entries: 32768 (order: 6, 262144 bytes, linear)
May 29 19:35:28.552422 kernel: Mountpoint-cache hash table entries: 32768 (order: 6, 262144 bytes, linear)
May 29 19:35:28.552425 kernel: smpboot: CPU0: AMD EPYC 9R45 (family: 0x1a, model: 0x2, stepping: 0x1)
May 29 19:35:28.552429 kernel: Performance Events: Fam17h+ core perfctr, AMD PMU driver.
May 29 19:35:28.552432 kernel: ... version:                2
May 29 19:35:28.552435 kernel: ... bit width:              48
May 29 19:35:28.552437 kernel: ... generic registers:      5
May 29 19:35:28.552441 kernel: ... value mask:             0000ffffffffffff
May 29 19:35:28.552444 kernel: ... max period:             00007fffffffffff
May 29 19:35:28.552448 kernel: ... fixed-purpose events:   0
May 29 19:35:28.552450 kernel: ... event mask:             000000000000001f
May 29 19:35:28.552454 kernel: signal: max sigframe size: 3376
May 29 19:35:28.552458 kernel: rcu: Hierarchical SRCU implementation.
May 29 19:35:28.552462 kernel: rcu:         Max phase no-delay instances is 400.
May 29 19:35:28.552465 kernel: Timer migration: 1 hierarchy levels; 8 children per group; 1 crossnode level
May 29 19:35:28.552468 kernel: smp: Bringing up secondary CPUs ...
May 29 19:35:28.552551 kernel: smpboot: x86: Booting SMP configuration:
May 29 19:35:28.552553 kernel: .... node  #0, CPUs:      #1 #2 #3
May 29 19:35:28.552557 kernel: smp: Brought up 1 node, 4 CPUs
May 29 19:35:28.552560 kernel: smpboot: Total of 4 processors activated (20799.98 BogoMIPS)
May 29 19:35:28.552563 kernel: Memory: 15886688K/16433188K available (22017K kernel code, 4533K rwdata, 17980K rodata, 5116K init, 6152K bss, 538308K reserved, 0K cma-reserved)
May 29 19:35:28.552566 kernel: devtmpfs: initialized
May 29 19:35:28.552571 kernel: x86/mm: Memory block size: 128MB
May 29 19:35:28.552574 kernel: ACPI: PM: Registering ACPI NVS region [mem 0xbbf5e000-0xbbfddfff] (524288 bytes)
May 29 19:35:28.552578 kernel: clocksource: jiffies: mask: 0xffffffff max_cycles: 0xffffffff, max_idle_ns: 1911260446275000 ns
May 29 19:35:28.552581 kernel: posixtimers hash table entries: 2048 (order: 3, 32768 bytes, linear)
May 29 19:35:28.552586 kernel: futex hash table entries: 1024 (65536 bytes on 1 NUMA nodes, total 64 KiB, linear).
May 29 19:35:28.552589 kernel: pinctrl core: initialized pinctrl subsystem
May 29 19:35:28.552592 kernel: PM: RTC time: 19:35:26, date: 2026-05-29
May 29 19:35:28.552595 kernel: NET: Registered PF_NETLINK/PF_ROUTE protocol family
May 29 19:35:28.552598 kernel: DMA: preallocated 2048 KiB GFP_KERNEL pool for atomic allocations
May 29 19:35:28.552601 kernel: DMA: preallocated 2048 KiB GFP_KERNEL|GFP_DMA pool for atomic allocations
May 29 19:35:28.552605 kernel: DMA: preallocated 2048 KiB GFP_KERNEL|GFP_DMA32 pool for atomic allocations
May 29 19:35:28.552609 kernel: audit: initializing netlink subsys (disabled)
May 29 19:35:28.552612 kernel: audit: type=2000 audit(1780083328.118:1): state=initialized audit_enabled=0 res=1
May 29 19:35:28.552615 kernel: thermal_sys: Registered thermal governor 'fair_share'
May 29 19:35:28.552619 kernel: thermal_sys: Registered thermal governor 'bang_bang'
May 29 19:35:28.552623 kernel: thermal_sys: Registered thermal governor 'step_wise'
May 29 19:35:28.552626 kernel: thermal_sys: Registered thermal governor 'user_space'
May 29 19:35:28.552629 kernel: cpuidle: using governor menu
May 29 19:35:28.552632 kernel: acpiphp: ACPI Hot Plug PCI Controller Driver version: 0.5
May 29 19:35:28.552635 kernel: PCI: ECAM [mem 0x440100000-0x4423fffff] (base 0x440000000) for domain 0000 [bus 01-23]
May 29 19:35:28.552638 kernel: PCI: ECAM [mem 0x442400000-0x442bfffff] (base 0x440000000) for domain 0000 [bus 24-2b]
May 29 19:35:28.552641 kernel: PCI: Using configuration type 1 for base access
May 29 19:35:28.552645 kernel: kprobes: kprobe jump-optimization is enabled. All kprobes are optimized if possible.
May 29 19:35:28.552649 kernel: HugeTLB: allocation took 0ms with hugepage_allocation_threads=1
May 29 19:35:28.552652 kernel: HugeTLB: registered 1.00 GiB page size, pre-allocated 0 pages
May 29 19:35:28.552656 kernel: HugeTLB: 16380 KiB vmemmap can be freed for a 1.00 GiB page
May 29 19:35:28.552659 kernel: HugeTLB: registered 2.00 MiB page size, pre-allocated 0 pages
May 29 19:35:28.552663 kernel: HugeTLB: 28 KiB vmemmap can be freed for a 2.00 MiB page
May 29 19:35:28.552667 kernel: raid6: skipped pq benchmark and selected avx512x4
May 29 19:35:28.552670 kernel: raid6: using avx512x2 recovery algorithm
May 29 19:35:28.552675 kernel: fbcon: Taking over console
May 29 19:35:28.552678 kernel: ACPI: Added _OSI(Module Device)
May 29 19:35:28.552680 kernel: ACPI: Added _OSI(Processor Device)
May 29 19:35:28.552683 kernel: ACPI: Added _OSI(Processor Aggregator Device)
May 29 19:35:28.552687 kernel: ACPI: 3 ACPI AML tables successfully acquired and loaded
May 29 19:35:28.552690 kernel: ACPI: Interpreter enabled
May 29 19:35:28.552694 kernel: ACPI: PM: (supports S0 S4 S5)
May 29 19:35:28.552697 kernel: ACPI: Using IOAPIC for interrupt routing
May 29 19:35:28.552700 kernel: PCI: Using host bridge windows from ACPI; if necessary, use "pci=nocrs" and report a bug
May 29 19:35:28.552704 kernel: PCI: Using E820 reservations for host bridge windows
May 29 19:35:28.552707 kernel: ACPI: Enabled 2 GPEs in block 00 to 0F
May 29 19:35:28.552710 kernel: ACPI: PCI Root Bridge [PCI0] (domain 0000 [bus 00])
May 29 19:35:28.552815 kernel: acpi PNP0A03:00: _OSC: OS supports [ExtendedConfig ASPM ClockPM Segments MSI EDR HPX-Type3]
May 29 19:35:28.552870 kernel: acpi PNP0A03:00: fail to add MMCONFIG information, can't access extended configuration space under this bridge
May 29 19:35:28.552874 kernel: acpiphp: Slot [3] registered
May 29 19:35:28.552879 kernel: acpiphp: Slot [4] registered
May 29 19:35:28.552883 kernel: acpiphp: Slot [5] registered
May 29 19:35:28.552886 kernel: acpiphp: Slot [6] registered
May 29 19:35:28.552890 kernel: acpiphp: Slot [7] registered
May 29 19:35:28.552893 kernel: acpiphp: Slot [8] registered
May 29 19:35:28.552896 kernel: acpiphp: Slot [9] registered
May 29 19:35:28.552900 kernel: acpiphp: Slot [10] registered
May 29 19:35:28.552903 kernel: acpiphp: Slot [11] registered
May 29 19:35:28.552906 kernel: acpiphp: Slot [12] registered
May 29 19:35:28.552910 kernel: acpiphp: Slot [13] registered
May 29 19:35:28.552913 kernel: acpiphp: Slot [14] registered
May 29 19:35:28.552916 kernel: acpiphp: Slot [15] registered
May 29 19:35:28.552919 kernel: acpiphp: Slot [16] registered
May 29 19:35:28.552922 kernel: acpiphp: Slot [17] registered
May 29 19:35:28.552924 kernel: acpiphp: Slot [18] registered
May 29 19:35:28.552927 kernel: acpiphp: Slot [19] registered
May 29 19:35:28.552930 kernel: acpiphp: Slot [20] registered
May 29 19:35:28.552933 kernel: acpiphp: Slot [21] registered
May 29 19:35:28.552936 kernel: acpiphp: Slot [22] registered
May 29 19:35:28.552940 kernel: acpiphp: Slot [23] registered
May 29 19:35:28.552943 kernel: acpiphp: Slot [24] registered
May 29 19:35:28.552946 kernel: acpiphp: Slot [25] registered
May 29 19:35:28.552949 kernel: acpiphp: Slot [26] registered
May 29 19:35:28.552951 kernel: acpiphp: Slot [27] registered
May 29 19:35:28.552954 kernel: acpiphp: Slot [28] registered
May 29 19:35:28.552957 kernel: acpiphp: Slot [29] registered
May 29 19:35:28.552960 kernel: acpiphp: Slot [30] registered
May 29 19:35:28.552963 kernel: acpiphp: Slot [31] registered
May 29 19:35:28.552966 kernel: PCI host bridge to bus 0000:00
May 29 19:35:28.553024 kernel: pci_bus 0000:00: root bus resource [io  0x0000-0x0cf7 window]
May 29 19:35:28.553081 kernel: pci_bus 0000:00: root bus resource [io  0x0d00-0xffff window]
May 29 19:35:28.553127 kernel: pci_bus 0000:00: root bus resource [mem 0x000a0000-0x000bffff window]
May 29 19:35:28.553172 kernel: pci_bus 0000:00: root bus resource [mem 0xc0000000-0xc3ffffff window]
May 29 19:35:28.553215 kernel: pci_bus 0000:00: root bus resource [mem 0x480000000-0x481ffffff window]
May 29 19:35:28.553258 kernel: pci_bus 0000:00: root bus resource [bus 00]
May 29 19:35:28.553321 kernel: pci 0000:00:00.0: [8086:1237] type 00 class 0x060000 conventional PCI endpoint
May 29 19:35:28.553378 kernel: pci 0000:00:01.0: [8086:7000] type 00 class 0x060100 conventional PCI endpoint
May 29 19:35:28.553434 kernel: pci 0000:00:01.3: [8086:7113] type 00 class 0x000000 conventional PCI endpoint
May 29 19:35:28.553483 kernel: pci 0000:00:01.3: quirk: [io  0xb000-0xb03f] claimed by PIIX4 ACPI
May 29 19:35:28.553533 kernel: pci 0000:00:01.3: PIIX4 devres E PIO at fff0-ffff
May 29 19:35:28.553582 kernel: pci 0000:00:01.3: PIIX4 devres F MMIO at ffc00000-ffffffff
May 29 19:35:28.553631 kernel: pci 0000:00:01.3: PIIX4 devres G PIO at fff0-ffff
May 29 19:35:28.553679 kernel: pci 0000:00:01.3: PIIX4 devres H MMIO at ffc00000-ffffffff
May 29 19:35:28.553726 kernel: pci 0000:00:01.3: PIIX4 devres I PIO at fff0-ffff
May 29 19:35:28.553774 kernel: pci 0000:00:01.3: PIIX4 devres J PIO at fff0-ffff
May 29 19:35:28.553828 kernel: pci 0000:00:03.0: [1d0f:1111] type 00 class 0x030000 conventional PCI endpoint
May 29 19:35:28.553878 kernel: pci 0000:00:03.0: BAR 0 [mem 0xc2000000-0xc23fffff pref]
May 29 19:35:28.553926 kernel: pci 0000:00:03.0: ROM [mem 0xc0000000-0xc000ffff pref]
May 29 19:35:28.553974 kernel: pci 0000:00:03.0: Video device with shadowed ROM at [mem 0x000c0000-0x000dffff]
May 29 19:35:28.554028 kernel: pci 0000:00:04.0: [1d0f:8061] type 00 class 0x010802 PCIe Endpoint
May 29 19:35:28.554085 kernel: pci 0000:00:04.0: BAR 0 [mem 0xc0010000-0xc0013fff]
May 29 19:35:28.554135 kernel: pci 0000:00:04.0: enabling Extended Tags
May 29 19:35:28.554180 kernel: pci_bus 0000:00: on NUMA node 0
May 29 19:35:28.554183 kernel: ACPI: PCI Root Bridge [PC01] (domain 0000 [bus 01-23])
May 29 19:35:28.554240 kernel: acpi PNP0A08:00: _OSC: OS supports [ExtendedConfig ASPM ClockPM Segments MSI EDR HPX-Type3]
May 29 19:35:28.554289 kernel: acpi PNP0A08:00: _OSC: platform does not support [SHPCHotplug AER LTR DPC]
May 29 19:35:28.554339 kernel: acpi PNP0A08:00: _OSC: OS now controls [PCIeHotplug PME PCIeCapability]
May 29 19:35:28.554344 kernel: acpiphp: Slot [32] registered
May 29 19:35:28.554347 kernel: acpiphp: Slot [33] registered
May 29 19:35:28.554351 kernel: acpiphp: Slot [34] registered
May 29 19:35:28.554354 kernel: acpiphp: Slot [35] registered
May 29 19:35:28.554357 kernel: acpiphp: Slot [36] registered
May 29 19:35:28.554361 kernel: acpiphp: Slot [37] registered
May 29 19:35:28.554364 kernel: acpiphp: Slot [38] registered
May 29 19:35:28.554367 kernel: acpiphp: Slot [39] registered
May 29 19:35:28.554370 kernel: acpiphp: Slot [40] registered
May 29 19:35:28.554374 kernel: acpiphp: Slot [41] registered
May 29 19:35:28.554376 kernel: acpiphp: Slot [42] registered
May 29 19:35:28.554379 kernel: acpiphp: Slot [43] registered
May 29 19:35:28.554382 kernel: acpiphp: Slot [44] registered
May 29 19:35:28.554385 kernel: acpiphp: Slot [45] registered
May 29 19:35:28.554388 kernel: acpiphp: Slot [46] registered
May 29 19:35:28.554391 kernel: acpiphp: Slot [47] registered
May 29 19:35:28.554394 kernel: acpiphp: Slot [48] registered
May 29 19:35:28.554397 kernel: acpiphp: Slot [49] registered
May 29 19:35:28.554400 kernel: acpiphp: Slot [50] registered
May 29 19:35:28.554403 kernel: acpiphp: Slot [51] registered
May 29 19:35:28.554407 kernel: acpiphp: Slot [52] registered
May 29 19:35:28.554410 kernel: acpiphp: Slot [53] registered
May 29 19:35:28.554413 kernel: acpiphp: Slot [54] registered
May 29 19:35:28.554416 kernel: acpiphp: Slot [55] registered
May 29 19:35:28.554419 kernel: acpiphp: Slot [56] registered
May 29 19:35:28.554421 kernel: acpiphp: Slot [57] registered
May 29 19:35:28.554424 kernel: acpiphp: Slot [58] registered
May 29 19:35:28.554427 kernel: acpiphp: Slot [59] registered
May 29 19:35:28.554431 kernel: acpiphp: Slot [60] registered
May 29 19:35:28.554433 kernel: acpiphp: Slot [61] registered
May 29 19:35:28.554436 kernel: acpiphp: Slot [62] registered
May 29 19:35:28.554439 kernel: acpiphp: Slot [63] registered
May 29 19:35:28.554442 kernel: PCI host bridge to bus 0000:01
May 29 19:35:28.554493 kernel: pci_bus 0000:01: root bus resource [mem 0xc4000000-0xc82fffff window]
May 29 19:35:28.554538 kernel: pci_bus 0000:01: root bus resource [mem 0x482000000-0x4a1ffffff window]
May 29 19:35:28.554582 kernel: pci_bus 0000:01: root bus resource [bus 01-23]
May 29 19:35:28.554641 kernel: pci 0000:01:00.0: [1d0f:0200] type 01 class 0x060400 PCIe Root Port
May 29 19:35:28.554692 kernel: pci 0000:01:00.0: BAR 0 [mem 0xc4000000-0xc40003ff]
May 29 19:35:28.554740 kernel: pci 0000:01:00.0: PCI bridge to [bus 02-23]
May 29 19:35:28.554789 kernel: pci 0000:01:00.0:   bridge window [mem 0xc4100000-0xc82fffff]
May 29 19:35:28.554837 kernel: pci 0000:01:00.0:   bridge window [mem 0x482000000-0x4a1ffffff 64bit pref]
May 29 19:35:28.554893 kernel: pci 0000:02:00.0: [1d0f:0200] type 01 class 0x060400 PCIe Switch Upstream Port
May 29 19:35:28.554944 kernel: pci 0000:02:00.0: BAR 0 [mem 0xc4100000-0xc41003ff]
May 29 19:35:28.554994 kernel: pci 0000:02:00.0: PCI bridge to [bus 03-23]
May 29 19:35:28.555049 kernel: pci 0000:02:00.0:   bridge window [mem 0xc4200000-0xc82fffff]
May 29 19:35:28.555119 kernel: pci 0000:02:00.0:   bridge window [mem 0x482000000-0x4a1ffffff 64bit pref]
May 29 19:35:28.555167 kernel: pci 0000:01:00.0: PCI bridge to [bus 02-23]
May 29 19:35:28.555454 kernel: pci 0000:03:00.0: [1d0f:0200] type 01 class 0x060400 PCIe Switch Downstream Port
May 29 19:35:28.555506 kernel: pci 0000:03:00.0: BAR 0 [mem 0xc4200000-0xc42003ff]
May 29 19:35:28.555559 kernel: pci 0000:03:00.0: PCI bridge to [bus 04]
May 29 19:35:28.555612 kernel: pci 0000:03:00.0:   bridge window [mem 0xc4300000-0xc44fffff]
May 29 19:35:28.555664 kernel: pci 0000:03:00.0:   bridge window [mem 0x482000000-0x482ffffff 64bit pref]
May 29 19:35:28.555723 kernel: pci 0000:03:00.1: [1d0f:0200] type 01 class 0x060400 PCIe Switch Downstream Port
May 29 19:35:28.555776 kernel: pci 0000:03:00.1: BAR 0 [mem 0xc4200400-0xc42007ff]
May 29 19:35:28.555828 kernel: pci 0000:03:00.1: PCI bridge to [bus 05]
May 29 19:35:28.555880 kernel: pci 0000:03:00.1:   bridge window [mem 0xc4500000-0xc46fffff]
May 29 19:35:28.555932 kernel: pci 0000:03:00.1:   bridge window [mem 0x483000000-0x483ffffff 64bit pref]
May 29 19:35:28.555990 kernel: pci 0000:03:00.2: [1d0f:0200] type 01 class 0x060400 PCIe Switch Downstream Port
May 29 19:35:28.556042 kernel: pci 0000:03:00.2: BAR 0 [mem 0xc4200800-0xc4200bff]
May 29 19:35:28.556114 kernel: pci 0000:03:00.2: PCI bridge to [bus 06]
May 29 19:35:28.556168 kernel: pci 0000:03:00.2:   bridge window [mem 0xc4700000-0xc48fffff]
May 29 19:35:28.556220 kernel: pci 0000:03:00.2:   bridge window [mem 0x484000000-0x484ffffff 64bit pref]
May 29 19:35:28.556278 kernel: pci 0000:03:00.3: [1d0f:0200] type 01 class 0x060400 PCIe Switch Downstream Port
May 29 19:35:28.556332 kernel: pci 0000:03:00.3: BAR 0 [mem 0xc4200c00-0xc4200fff]
May 29 19:35:28.556384 kernel: pci 0000:03:00.3: PCI bridge to [bus 07]
May 29 19:35:28.556436 kernel: pci 0000:03:00.3:   bridge window [mem 0xc4900000-0xc4afffff]
May 29 19:35:28.556492 kernel: pci 0000:03:00.3:   bridge window [mem 0x485000000-0x485ffffff 64bit pref]
May 29 19:35:28.556556 kernel: pci 0000:03:00.4: [1d0f:0200] type 01 class 0x060400 PCIe Switch Downstream Port
May 29 19:35:28.556621 kernel: pci 0000:03:00.4: BAR 0 [mem 0xc4201000-0xc42013ff]
May 29 19:35:28.556673 kernel: pci 0000:03:00.4: PCI bridge to [bus 08]
May 29 19:35:28.556726 kernel: pci 0000:03:00.4:   bridge window [mem 0xc4b00000-0xc4cfffff]
May 29 19:35:28.556779 kernel: pci 0000:03:00.4:   bridge window [mem 0x486000000-0x486ffffff 64bit pref]
May 29 19:35:28.556838 kernel: pci 0000:03:00.5: [1d0f:0200] type 01 class 0x060400 PCIe Switch Downstream Port
May 29 19:35:28.556892 kernel: pci 0000:03:00.5: BAR 0 [mem 0xc4201400-0xc42017ff]
May 29 19:35:28.556945 kernel: pci 0000:03:00.5: PCI bridge to [bus 09]
May 29 19:35:28.556997 kernel: pci 0000:03:00.5:   bridge window [mem 0xc4d00000-0xc4efffff]
May 29 19:35:28.557048 kernel: pci 0000:03:00.5:   bridge window [mem 0x487000000-0x487ffffff 64bit pref]
May 29 19:35:28.557111 kernel: pci 0000:03:00.6: [1d0f:0200] type 01 class 0x060400 PCIe Switch Downstream Port
May 29 19:35:28.557187 kernel: pci 0000:03:00.6: BAR 0 [mem 0xc4201800-0xc4201bff]
May 29 19:35:28.557277 kernel: pci 0000:03:00.6: PCI bridge to [bus 0a]
May 29 19:35:28.557368 kernel: pci 0000:03:00.6:   bridge window [mem 0xc4f00000-0xc50fffff]
May 29 19:35:28.557423 kernel: pci 0000:03:00.6:   bridge window [mem 0x488000000-0x488ffffff 64bit pref]
May 29 19:35:28.557481 kernel: pci 0000:03:00.7: [1d0f:0200] type 01 class 0x060400 PCIe Switch Downstream Port
May 29 19:35:28.557534 kernel: pci 0000:03:00.7: BAR 0 [mem 0xc4201c00-0xc4201fff]
May 29 19:35:28.557587 kernel: pci 0000:03:00.7: PCI bridge to [bus 0b]
May 29 19:35:28.557639 kernel: pci 0000:03:00.7:   bridge window [mem 0xc5100000-0xc52fffff]
May 29 19:35:28.557692 kernel: pci 0000:03:00.7:   bridge window [mem 0x489000000-0x489ffffff 64bit pref]
May 29 19:35:28.557750 kernel: pci 0000:03:01.0: [1d0f:0200] type 01 class 0x060400 PCIe Switch Downstream Port
May 29 19:35:28.557802 kernel: pci 0000:03:01.0: BAR 0 [mem 0xc4202000-0xc42023ff]
May 29 19:35:28.557854 kernel: pci 0000:03:01.0: PCI bridge to [bus 0c]
May 29 19:35:28.557907 kernel: pci 0000:03:01.0:   bridge window [mem 0xc5300000-0xc54fffff]
May 29 19:35:28.557959 kernel: pci 0000:03:01.0:   bridge window [mem 0x48a000000-0x48affffff 64bit pref]
May 29 19:35:28.558016 kernel: pci 0000:03:01.1: [1d0f:0200] type 01 class 0x060400 PCIe Switch Downstream Port
May 29 19:35:28.558069 kernel: pci 0000:03:01.1: BAR 0 [mem 0xc4202400-0xc42027ff]
May 29 19:35:28.558127 kernel: pci 0000:03:01.1: PCI bridge to [bus 0d]
May 29 19:35:28.558179 kernel: pci 0000:03:01.1:   bridge window [mem 0xc5500000-0xc56fffff]
May 29 19:35:28.558238 kernel: pci 0000:03:01.1:   bridge window [mem 0x48b000000-0x48bffffff 64bit pref]
May 29 19:35:28.558296 kernel: pci 0000:03:01.2: [1d0f:0200] type 01 class 0x060400 PCIe Switch Downstream Port
May 29 19:35:28.558348 kernel: pci 0000:03:01.2: BAR 0 [mem 0xc4202800-0xc4202bff]
May 29 19:35:28.558401 kernel: pci 0000:03:01.2: PCI bridge to [bus 0e]
May 29 19:35:28.558453 kernel: pci 0000:03:01.2:   bridge window [mem 0xc5700000-0xc58fffff]
May 29 19:35:28.558506 kernel: pci 0000:03:01.2:   bridge window [mem 0x48c000000-0x48cffffff 64bit pref]
May 29 19:35:28.558565 kernel: pci 0000:03:01.3: [1d0f:0200] type 01 class 0x060400 PCIe Switch Downstream Port
May 29 19:35:28.558618 kernel: pci 0000:03:01.3: BAR 0 [mem 0xc4202c00-0xc4202fff]
May 29 19:35:28.558670 kernel: pci 0000:03:01.3: PCI bridge to [bus 0f]
May 29 19:35:28.558725 kernel: pci 0000:03:01.3:   bridge window [mem 0xc5900000-0xc5afffff]
May 29 19:35:28.558784 kernel: pci 0000:03:01.3:   bridge window [mem 0x48d000000-0x48dffffff 64bit pref]
May 29 19:35:28.558848 kernel: pci 0000:03:01.4: [1d0f:0200] type 01 class 0x060400 PCIe Switch Downstream Port
May 29 19:35:28.558902 kernel: pci 0000:03:01.4: BAR 0 [mem 0xc4203000-0xc42033ff]
May 29 19:35:28.558956 kernel: pci 0000:03:01.4: PCI bridge to [bus 10]
May 29 19:35:28.559008 kernel: pci 0000:03:01.4:   bridge window [mem 0xc5b00000-0xc5cfffff]
May 29 19:35:28.559062 kernel: pci 0000:03:01.4:   bridge window [mem 0x48e000000-0x48effffff 64bit pref]
May 29 19:35:28.559125 kernel: pci 0000:03:01.5: [1d0f:0200] type 01 class 0x060400 PCIe Switch Downstream Port
May 29 19:35:28.559178 kernel: pci 0000:03:01.5: BAR 0 [mem 0xc4203400-0xc42037ff]
May 29 19:35:28.559231 kernel: pci 0000:03:01.5: PCI bridge to [bus 11]
May 29 19:35:28.559285 kernel: pci 0000:03:01.5:   bridge window [mem 0xc5d00000-0xc5efffff]
May 29 19:35:28.559337 kernel: pci 0000:03:01.5:   bridge window [mem 0x48f000000-0x48fffffff 64bit pref]
May 29 19:35:28.559395 kernel: pci 0000:03:01.6: [1d0f:0200] type 01 class 0x060400 PCIe Switch Downstream Port
May 29 19:35:28.559449 kernel: pci 0000:03:01.6: BAR 0 [mem 0xc4203800-0xc4203bff]
May 29 19:35:28.559501 kernel: pci 0000:03:01.6: PCI bridge to [bus 12]
May 29 19:35:28.559552 kernel: pci 0000:03:01.6:   bridge window [mem 0xc5f00000-0xc60fffff]
May 29 19:35:28.559604 kernel: pci 0000:03:01.6:   bridge window [mem 0x490000000-0x490ffffff 64bit pref]
May 29 19:35:28.559661 kernel: pci 0000:03:01.7: [1d0f:0200] type 01 class 0x060400 PCIe Switch Downstream Port
May 29 19:35:28.559713 kernel: pci 0000:03:01.7: BAR 0 [mem 0xc4203c00-0xc4203fff]
May 29 19:35:28.559765 kernel: pci 0000:03:01.7: PCI bridge to [bus 13]
May 29 19:35:28.559817 kernel: pci 0000:03:01.7:   bridge window [mem 0xc6100000-0xc62fffff]
May 29 19:35:28.559870 kernel: pci 0000:03:01.7:   bridge window [mem 0x491000000-0x491ffffff 64bit pref]
May 29 19:35:28.559927 kernel: pci 0000:03:02.0: [1d0f:0200] type 01 class 0x060400 PCIe Switch Downstream Port
May 29 19:35:28.559979 kernel: pci 0000:03:02.0: BAR 0 [mem 0xc4204000-0xc42043ff]
May 29 19:35:28.560031 kernel: pci 0000:03:02.0: PCI bridge to [bus 14]
May 29 19:35:28.560088 kernel: pci 0000:03:02.0:   bridge window [mem 0xc6300000-0xc64fffff]
May 29 19:35:28.560140 kernel: pci 0000:03:02.0:   bridge window [mem 0x492000000-0x492ffffff 64bit pref]
May 29 19:35:28.560199 kernel: pci 0000:03:02.1: [1d0f:0200] type 01 class 0x060400 PCIe Switch Downstream Port
May 29 19:35:28.560251 kernel: pci 0000:03:02.1: BAR 0 [mem 0xc4204400-0xc42047ff]
May 29 19:35:28.560318 kernel: pci 0000:03:02.1: PCI bridge to [bus 15]
May 29 19:35:28.560370 kernel: pci 0000:03:02.1:   bridge window [mem 0xc6500000-0xc66fffff]
May 29 19:35:28.560434 kernel: pci 0000:03:02.1:   bridge window [mem 0x493000000-0x493ffffff 64bit pref]
May 29 19:35:28.561241 kernel: pci 0000:03:02.2: [1d0f:0200] type 01 class 0x060400 PCIe Switch Downstream Port
May 29 19:35:28.561403 kernel: pci 0000:03:02.2: BAR 0 [mem 0xc4204800-0xc4204bff]
May 29 19:35:28.561455 kernel: pci 0000:03:02.2: PCI bridge to [bus 16]
May 29 19:35:28.561614 kernel: pci 0000:03:02.2:   bridge window [mem 0xc6700000-0xc68fffff]
May 29 19:35:28.561666 kernel: pci 0000:03:02.2:   bridge window [mem 0x494000000-0x494ffffff 64bit pref]
May 29 19:35:28.561724 kernel: pci 0000:03:02.3: [1d0f:0200] type 01 class 0x060400 PCIe Switch Downstream Port
May 29 19:35:28.561776 kernel: pci 0000:03:02.3: BAR 0 [mem 0xc4204c00-0xc4204fff]
May 29 19:35:28.561831 kernel: pci 0000:03:02.3: PCI bridge to [bus 17]
May 29 19:35:28.561883 kernel: pci 0000:03:02.3:   bridge window [mem 0xc6900000-0xc6afffff]
May 29 19:35:28.561936 kernel: pci 0000:03:02.3:   bridge window [mem 0x495000000-0x495ffffff 64bit pref]
May 29 19:35:28.561993 kernel: pci 0000:03:02.4: [1d0f:0200] type 01 class 0x060400 PCIe Switch Downstream Port
May 29 19:35:28.562047 kernel: pci 0000:03:02.4: BAR 0 [mem 0xc4205000-0xc42053ff]
May 29 19:35:28.562105 kernel: pci 0000:03:02.4: PCI bridge to [bus 18]
May 29 19:35:28.562159 kernel: pci 0000:03:02.4:   bridge window [mem 0xc6b00000-0xc6cfffff]
May 29 19:35:28.562210 kernel: pci 0000:03:02.4:   bridge window [mem 0x496000000-0x496ffffff 64bit pref]
May 29 19:35:28.562269 kernel: pci 0000:03:02.5: [1d0f:0200] type 01 class 0x060400 PCIe Switch Downstream Port
May 29 19:35:28.562322 kernel: pci 0000:03:02.5: BAR 0 [mem 0xc4205400-0xc42057ff]
May 29 19:35:28.562374 kernel: pci 0000:03:02.5: PCI bridge to [bus 19]
May 29 19:35:28.562426 kernel: pci 0000:03:02.5:   bridge window [mem 0xc6d00000-0xc6efffff]
May 29 19:35:28.562478 kernel: pci 0000:03:02.5:   bridge window [mem 0x497000000-0x497ffffff 64bit pref]
May 29 19:35:28.562535 kernel: pci 0000:03:02.6: [1d0f:0200] type 01 class 0x060400 PCIe Switch Downstream Port
May 29 19:35:28.562587 kernel: pci 0000:03:02.6: BAR 0 [mem 0xc4205800-0xc4205bff]
May 29 19:35:28.562639 kernel: pci 0000:03:02.6: PCI bridge to [bus 1a]
May 29 19:35:28.562691 kernel: pci 0000:03:02.6:   bridge window [mem 0xc6f00000-0xc70fffff]
May 29 19:35:28.562743 kernel: pci 0000:03:02.6:   bridge window [mem 0x498000000-0x498ffffff 64bit pref]
May 29 19:35:28.562818 kernel: pci 0000:03:02.7: [1d0f:0200] type 01 class 0x060400 PCIe Switch Downstream Port
May 29 19:35:28.562871 kernel: pci 0000:03:02.7: BAR 0 [mem 0xc4205c00-0xc4205fff]
May 29 19:35:28.562933 kernel: pci 0000:03:02.7: PCI bridge to [bus 1b]
May 29 19:35:28.562985 kernel: pci 0000:03:02.7:   bridge window [mem 0xc7100000-0xc72fffff]
May 29 19:35:28.563044 kernel: pci 0000:03:02.7:   bridge window [mem 0x499000000-0x499ffffff 64bit pref]
May 29 19:35:28.563110 kernel: pci 0000:03:03.0: [1d0f:0200] type 01 class 0x060400 PCIe Switch Downstream Port
May 29 19:35:28.563163 kernel: pci 0000:03:03.0: BAR 0 [mem 0xc4206000-0xc42063ff]
May 29 19:35:28.563214 kernel: pci 0000:03:03.0: PCI bridge to [bus 1c]
May 29 19:35:28.563267 kernel: pci 0000:03:03.0:   bridge window [mem 0xc7300000-0xc74fffff]
May 29 19:35:28.563319 kernel: pci 0000:03:03.0:   bridge window [mem 0x49a000000-0x49affffff 64bit pref]
May 29 19:35:28.563376 kernel: pci 0000:03:03.1: [1d0f:0200] type 01 class 0x060400 PCIe Switch Downstream Port
May 29 19:35:28.563429 kernel: pci 0000:03:03.1: BAR 0 [mem 0xc4206400-0xc42067ff]
May 29 19:35:28.563482 kernel: pci 0000:03:03.1: PCI bridge to [bus 1d]
May 29 19:35:28.563535 kernel: pci 0000:03:03.1:   bridge window [mem 0xc7500000-0xc76fffff]
May 29 19:35:28.563602 kernel: pci 0000:03:03.1:   bridge window [mem 0x49b000000-0x49bffffff 64bit pref]
May 29 19:35:28.563660 kernel: pci 0000:03:03.2: [1d0f:0200] type 01 class 0x060400 PCIe Switch Downstream Port
May 29 19:35:28.563712 kernel: pci 0000:03:03.2: BAR 0 [mem 0xc4206800-0xc4206bff]
May 29 19:35:28.563764 kernel: pci 0000:03:03.2: PCI bridge to [bus 1e]
May 29 19:35:28.563817 kernel: pci 0000:03:03.2:   bridge window [mem 0xc7700000-0xc78fffff]
May 29 19:35:28.563868 kernel: pci 0000:03:03.2:   bridge window [mem 0x49c000000-0x49cffffff 64bit pref]
May 29 19:35:28.563927 kernel: pci 0000:03:03.3: [1d0f:0200] type 01 class 0x060400 PCIe Switch Downstream Port
May 29 19:35:28.563979 kernel: pci 0000:03:03.3: BAR 0 [mem 0xc4206c00-0xc4206fff]
May 29 19:35:28.564031 kernel: pci 0000:03:03.3: PCI bridge to [bus 1f]
May 29 19:35:28.564100 kernel: pci 0000:03:03.3:   bridge window [mem 0xc7900000-0xc7afffff]
May 29 19:35:28.564153 kernel: pci 0000:03:03.3:   bridge window [mem 0x49d000000-0x49dffffff 64bit pref]
May 29 19:35:28.564210 kernel: pci 0000:03:03.4: [1d0f:0200] type 01 class 0x060400 PCIe Switch Downstream Port
May 29 19:35:28.564263 kernel: pci 0000:03:03.4: BAR 0 [mem 0xc4207000-0xc42073ff]
May 29 19:35:28.564316 kernel: pci 0000:03:03.4: PCI bridge to [bus 20]
May 29 19:35:28.564369 kernel: pci 0000:03:03.4:   bridge window [mem 0xc7b00000-0xc7cfffff]
May 29 19:35:28.564421 kernel: pci 0000:03:03.4:   bridge window [mem 0x49e000000-0x49effffff 64bit pref]
May 29 19:35:28.564486 kernel: pci 0000:03:03.5: [1d0f:0200] type 01 class 0x060400 PCIe Switch Downstream Port
May 29 19:35:28.564538 kernel: pci 0000:03:03.5: BAR 0 [mem 0xc4207400-0xc42077ff]
May 29 19:35:28.564590 kernel: pci 0000:03:03.5: PCI bridge to [bus 21]
May 29 19:35:28.564642 kernel: pci 0000:03:03.5:   bridge window [mem 0xc7d00000-0xc7efffff]
May 29 19:35:28.564694 kernel: pci 0000:03:03.5:   bridge window [mem 0x49f000000-0x49fffffff 64bit pref]
May 29 19:35:28.564751 kernel: pci 0000:03:03.6: [1d0f:0200] type 01 class 0x060400 PCIe Switch Downstream Port
May 29 19:35:28.564807 kernel: pci 0000:03:03.6: BAR 0 [mem 0xc4207800-0xc4207bff]
May 29 19:35:28.564859 kernel: pci 0000:03:03.6: PCI bridge to [bus 22]
May 29 19:35:28.564911 kernel: pci 0000:03:03.6:   bridge window [mem 0xc7f00000-0xc80fffff]
May 29 19:35:28.564964 kernel: pci 0000:03:03.6:   bridge window [mem 0x4a0000000-0x4a0ffffff 64bit pref]
May 29 19:35:28.565022 kernel: pci 0000:03:03.7: [1d0f:0200] type 01 class 0x060400 PCIe Switch Downstream Port
May 29 19:35:28.565080 kernel: pci 0000:03:03.7: BAR 0 [mem 0xc4207c00-0xc4207fff]
May 29 19:35:28.565134 kernel: pci 0000:03:03.7: PCI bridge to [bus 23]
May 29 19:35:28.565187 kernel: pci 0000:03:03.7:   bridge window [mem 0xc8100000-0xc82fffff]
May 29 19:35:28.565240 kernel: pci 0000:03:03.7:   bridge window [mem 0x4a1000000-0x4a1ffffff 64bit pref]
May 29 19:35:28.565291 kernel: pci 0000:02:00.0: PCI bridge to [bus 03-23]
May 29 19:35:28.565344 kernel: pci 0000:03:00.0: PCI bridge to [bus 04]
May 29 19:35:28.565395 kernel: pci 0000:03:00.1: PCI bridge to [bus 05]
May 29 19:35:28.565448 kernel: pci 0000:03:00.2: PCI bridge to [bus 06]
May 29 19:35:28.565509 kernel: pci 0000:03:00.3: PCI bridge to [bus 07]
May 29 19:35:28.565562 kernel: pci 0000:03:00.4: PCI bridge to [bus 08]
May 29 19:35:28.565620 kernel: pci 0000:03:00.5: PCI bridge to [bus 09]
May 29 19:35:28.565685 kernel: pci 0000:03:00.6: PCI bridge to [bus 0a]
May 29 19:35:28.565740 kernel: pci 0000:03:00.7: PCI bridge to [bus 0b]
May 29 19:35:28.566307 kernel: pci 0000:03:01.0: PCI bridge to [bus 0c]
May 29 19:35:28.566462 kernel: pci 0000:03:01.1: PCI bridge to [bus 0d]
May 29 19:35:28.566513 kernel: pci 0000:03:01.2: PCI bridge to [bus 0e]
May 29 19:35:28.566666 kernel: pci 0000:03:01.3: PCI bridge to [bus 0f]
May 29 19:35:28.566821 kernel: pci 0000:03:01.4: PCI bridge to [bus 10]
May 29 19:35:28.566874 kernel: pci 0000:03:01.5: PCI bridge to [bus 11]
May 29 19:35:28.567024 kernel: pci 0000:03:01.6: PCI bridge to [bus 12]
May 29 19:35:28.567081 kernel: pci 0000:03:01.7: PCI bridge to [bus 13]
May 29 19:35:28.567222 kernel: pci 0000:03:02.0: PCI bridge to [bus 14]
May 29 19:35:28.567274 kernel: pci 0000:03:02.1: PCI bridge to [bus 15]
May 29 19:35:28.567326 kernel: pci 0000:03:02.2: PCI bridge to [bus 16]
May 29 19:35:28.567378 kernel: pci 0000:03:02.3: PCI bridge to [bus 17]
May 29 19:35:28.567430 kernel: pci 0000:03:02.4: PCI bridge to [bus 18]
May 29 19:35:28.567481 kernel: pci 0000:03:02.5: PCI bridge to [bus 19]
May 29 19:35:28.567533 kernel: pci 0000:03:02.6: PCI bridge to [bus 1a]
May 29 19:35:28.567586 kernel: pci 0000:03:02.7: PCI bridge to [bus 1b]
May 29 19:35:28.567653 kernel: pci 0000:03:03.0: PCI bridge to [bus 1c]
May 29 19:35:28.567715 kernel: pci 0000:03:03.1: PCI bridge to [bus 1d]
May 29 19:35:28.567770 kernel: pci 0000:03:03.2: PCI bridge to [bus 1e]
May 29 19:35:28.567836 kernel: pci 0000:03:03.3: PCI bridge to [bus 1f]
May 29 19:35:28.567889 kernel: pci 0000:03:03.4: PCI bridge to [bus 20]
May 29 19:35:28.567942 kernel: pci 0000:03:03.5: PCI bridge to [bus 21]
May 29 19:35:28.567995 kernel: pci 0000:03:03.6: PCI bridge to [bus 22]
May 29 19:35:28.568047 kernel: pci 0000:03:03.7: PCI bridge to [bus 23]
May 29 19:35:28.568099 kernel: pci_bus 0000:01: on NUMA node 0
May 29 19:35:28.568103 kernel: ACPI: PCI Root Bridge [PC02] (domain 0000 [bus 24-2b])
May 29 19:35:28.568158 kernel: acpi PNP0A08:01: _OSC: OS supports [ExtendedConfig ASPM ClockPM Segments MSI EDR HPX-Type3]
May 29 19:35:28.568206 kernel: acpi PNP0A08:01: _OSC: platform does not support [SHPCHotplug AER LTR DPC]
May 29 19:35:28.568254 kernel: acpi PNP0A08:01: _OSC: OS now controls [PCIeHotplug PME PCIeCapability]
May 29 19:35:28.568258 kernel: acpiphp: Slot [64] registered
May 29 19:35:28.568262 kernel: acpiphp: Slot [65] registered
May 29 19:35:28.568265 kernel: acpiphp: Slot [66] registered
May 29 19:35:28.568268 kernel: acpiphp: Slot [67] registered
May 29 19:35:28.568271 kernel: acpiphp: Slot [68] registered
May 29 19:35:28.568274 kernel: acpiphp: Slot [69] registered
May 29 19:35:28.568277 kernel: acpiphp: Slot [70] registered
May 29 19:35:28.568280 kernel: acpiphp: Slot [71] registered
May 29 19:35:28.568283 kernel: acpiphp: Slot [72] registered
May 29 19:35:28.568286 kernel: acpiphp: Slot [73] registered
May 29 19:35:28.568289 kernel: acpiphp: Slot [74] registered
May 29 19:35:28.568292 kernel: acpiphp: Slot [75] registered
May 29 19:35:28.568295 kernel: acpiphp: Slot [76] registered
May 29 19:35:28.568298 kernel: acpiphp: Slot [77] registered
May 29 19:35:28.568301 kernel: acpiphp: Slot [78] registered
May 29 19:35:28.568304 kernel: acpiphp: Slot [79] registered
May 29 19:35:28.568307 kernel: acpiphp: Slot [80] registered
May 29 19:35:28.568310 kernel: acpiphp: Slot [81] registered
May 29 19:35:28.568312 kernel: acpiphp: Slot [82] registered
May 29 19:35:28.568316 kernel: acpiphp: Slot [83] registered
May 29 19:35:28.568319 kernel: acpiphp: Slot [84] registered
May 29 19:35:28.568322 kernel: acpiphp: Slot [85] registered
May 29 19:35:28.568325 kernel: acpiphp: Slot [86] registered
May 29 19:35:28.568328 kernel: acpiphp: Slot [87] registered
May 29 19:35:28.568331 kernel: acpiphp: Slot [88] registered
May 29 19:35:28.568333 kernel: acpiphp: Slot [89] registered
May 29 19:35:28.568336 kernel: acpiphp: Slot [90] registered
May 29 19:35:28.568339 kernel: acpiphp: Slot [91] registered
May 29 19:35:28.568343 kernel: acpiphp: Slot [92] registered
May 29 19:35:28.568346 kernel: acpiphp: Slot [93] registered
May 29 19:35:28.568348 kernel: acpiphp: Slot [94] registered
May 29 19:35:28.568351 kernel: acpiphp: Slot [95] registered
May 29 19:35:28.568354 kernel: PCI host bridge to bus 0000:24
May 29 19:35:28.568404 kernel: pci_bus 0000:24: root bus resource [mem 0xc8400000-0xc90fffff window]
May 29 19:35:28.568465 kernel: pci_bus 0000:24: root bus resource [mem 0x4a2000000-0x4a6ffffff window]
May 29 19:35:28.568512 kernel: pci_bus 0000:24: root bus resource [bus 24-2b]
May 29 19:35:28.568568 kernel: pci 0000:24:00.0: [1d0f:0200] type 01 class 0x060400 PCIe Root Port
May 29 19:35:28.568617 kernel: pci 0000:24:00.0: BAR 0 [mem 0xc8400000-0xc84003ff]
May 29 19:35:28.568664 kernel: pci 0000:24:00.0: PCI bridge to [bus 25-2b]
May 29 19:35:28.568712 kernel: pci 0000:24:00.0:   bridge window [mem 0xc8500000-0xc90fffff]
May 29 19:35:28.568760 kernel: pci 0000:24:00.0:   bridge window [mem 0x4a2000000-0x4a6ffffff 64bit pref]
May 29 19:35:28.568817 kernel: pci 0000:25:00.0: [1d0f:0200] type 01 class 0x060400 PCIe Switch Upstream Port
May 29 19:35:28.568868 kernel: pci 0000:25:00.0: BAR 0 [mem 0xc8500000-0xc85003ff]
May 29 19:35:28.568918 kernel: pci 0000:25:00.0: PCI bridge to [bus 26-2b]
May 29 19:35:28.568968 kernel: pci 0000:25:00.0:   bridge window [mem 0xc8600000-0xc90fffff]
May 29 19:35:28.569018 kernel: pci 0000:25:00.0:   bridge window [mem 0x4a2000000-0x4a6ffffff 64bit pref]
May 29 19:35:28.569066 kernel: pci 0000:24:00.0: PCI bridge to [bus 25-2b]
May 29 19:35:28.569130 kernel: pci 0000:26:00.0: [1d0f:0200] type 01 class 0x060400 PCIe Switch Downstream Port
May 29 19:35:28.569182 kernel: pci 0000:26:00.0: BAR 0 [mem 0xc8600000-0xc86003ff]
May 29 19:35:28.569234 kernel: pci 0000:26:00.0: PCI bridge to [bus 27]
May 29 19:35:28.569287 kernel: pci 0000:26:00.0:   bridge window [mem 0xc8700000-0xc88fffff]
May 29 19:35:28.569340 kernel: pci 0000:26:00.0:   bridge window [mem 0x4a2000000-0x4a2ffffff 64bit pref]
May 29 19:35:28.569398 kernel: pci 0000:26:00.1: [1d0f:0200] type 01 class 0x060400 PCIe Switch Downstream Port
May 29 19:35:28.569450 kernel: pci 0000:26:00.1: BAR 0 [mem 0xc8600400-0xc86007ff]
May 29 19:35:28.569504 kernel: pci 0000:26:00.1: PCI bridge to [bus 28]
May 29 19:35:28.569557 kernel: pci 0000:26:00.1:   bridge window [mem 0xc8900000-0xc8afffff]
May 29 19:35:28.569609 kernel: pci 0000:26:00.1:   bridge window [mem 0x4a3000000-0x4a3ffffff 64bit pref]
May 29 19:35:28.569668 kernel: pci 0000:26:00.2: [1d0f:0200] type 01 class 0x060400 PCIe Switch Downstream Port
May 29 19:35:28.569721 kernel: pci 0000:26:00.2: BAR 0 [mem 0xc8600800-0xc8600bff]
May 29 19:35:28.569774 kernel: pci 0000:26:00.2: PCI bridge to [bus 29]
May 29 19:35:28.569826 kernel: pci 0000:26:00.2:   bridge window [mem 0xc8b00000-0xc8cfffff]
May 29 19:35:28.569878 kernel: pci 0000:26:00.2:   bridge window [mem 0x4a4000000-0x4a4ffffff 64bit pref]
May 29 19:35:28.569936 kernel: pci 0000:26:00.3: [1d0f:0200] type 01 class 0x060400 PCIe Switch Downstream Port
May 29 19:35:28.569989 kernel: pci 0000:26:00.3: BAR 0 [mem 0xc8600c00-0xc8600fff]
May 29 19:35:28.570041 kernel: pci 0000:26:00.3: PCI bridge to [bus 2a]
May 29 19:35:28.570102 kernel: pci 0000:26:00.3:   bridge window [mem 0xc8d00000-0xc8efffff]
May 29 19:35:28.570155 kernel: pci 0000:26:00.3:   bridge window [mem 0x4a5000000-0x4a5ffffff 64bit pref]
May 29 19:35:28.570211 kernel: pci 0000:26:00.4: [1d0f:0200] type 01 class 0x060400 PCIe Switch Downstream Port
May 29 19:35:28.570263 kernel: pci 0000:26:00.4: BAR 0 [mem 0xc8601000-0xc86013ff]
May 29 19:35:28.570315 kernel: pci 0000:26:00.4: PCI bridge to [bus 2b]
May 29 19:35:28.570367 kernel: pci 0000:26:00.4:   bridge window [mem 0xc8f00000-0xc90fffff]
May 29 19:35:28.570419 kernel: pci 0000:26:00.4:   bridge window [mem 0x4a6000000-0x4a6ffffff 64bit pref]
May 29 19:35:28.570469 kernel: pci 0000:25:00.0: PCI bridge to [bus 26-2b]
May 29 19:35:28.570531 kernel: pci 0000:27:00.0: [1d0f:ec20] type 00 class 0x020000 PCIe Endpoint
May 29 19:35:28.570586 kernel: pci 0000:27:00.0: BAR 0 [mem 0xc8700000-0xc8701fff]
May 29 19:35:28.570640 kernel: pci 0000:27:00.0: BAR 1 [mem 0xc8702000-0xc8703fff]
May 29 19:35:28.570694 kernel: pci 0000:27:00.0: BAR 2 [mem 0x4a2000000-0x4a20fffff 64bit pref]
May 29 19:35:28.570748 kernel: pci 0000:27:00.0: enabling Extended Tags
May 29 19:35:28.570801 kernel: pci 0000:26:00.0: PCI bridge to [bus 27]
May 29 19:35:28.570853 kernel: pci 0000:26:00.1: PCI bridge to [bus 28]
May 29 19:35:28.570905 kernel: pci 0000:26:00.2: PCI bridge to [bus 29]
May 29 19:35:28.570958 kernel: pci 0000:26:00.3: PCI bridge to [bus 2a]
May 29 19:35:28.571011 kernel: pci 0000:26:00.4: PCI bridge to [bus 2b]
May 29 19:35:28.571056 kernel: pci_bus 0000:24: on NUMA node 0
May 29 19:35:28.571060 kernel: ACPI: PCI: Interrupt link LNKA configured for IRQ 10
May 29 19:35:28.571063 kernel: ACPI: PCI: Interrupt link LNKB configured for IRQ 10
May 29 19:35:28.571066 kernel: ACPI: PCI: Interrupt link LNKC configured for IRQ 11
May 29 19:35:28.571069 kernel: ACPI: PCI: Interrupt link LNKD configured for IRQ 11
May 29 19:35:28.571077 kernel: ACPI: PCI: Interrupt link LNKS configured for IRQ 9
May 29 19:35:28.571080 kernel: iommu: Default domain type: Translated
May 29 19:35:28.571084 kernel: iommu: DMA domain TLB invalidation policy: lazy mode
May 29 19:35:28.571087 kernel: SCSI subsystem initialized
May 29 19:35:28.571090 kernel: libata version 3.00 loaded.
May 29 19:35:28.571093 kernel: ACPI: bus type USB registered
May 29 19:35:28.571096 kernel: usbcore: registered new interface driver usbfs
May 29 19:35:28.571099 kernel: usbcore: registered new interface driver hub
May 29 19:35:28.571102 kernel: usbcore: registered new device driver usb
May 29 19:35:28.571105 kernel: pps_core: LinuxPPS API ver. 1 registered
May 29 19:35:28.571108 kernel: pps_core: Software ver. 5.3.6 - Copyright 2005-2007 Rodolfo Giometti <giometti@linux.it>
May 29 19:35:28.571112 kernel: PTP clock support registered
May 29 19:35:28.571115 kernel: EDAC MC: Ver: 3.0.0
May 29 19:35:28.571118 kernel: efivars: Registered efivars operations
May 29 19:35:28.571121 kernel: NetLabel: Initializing
May 29 19:35:28.571124 kernel: NetLabel:  domain hash size = 128
May 29 19:35:28.571127 kernel: NetLabel:  protocols = UNLABELED CIPSOv4 CALIPSO
May 29 19:35:28.571130 kernel: NetLabel:  unlabeled traffic allowed by default
May 29 19:35:28.571133 kernel: mctp: management component transport protocol core
May 29 19:35:28.571136 kernel: NET: Registered PF_MCTP protocol family
May 29 19:35:28.571140 kernel: PCI: Using ACPI for IRQ routing
May 29 19:35:28.571143 kernel: PCI: pci_cache_line_size set to 64 bytes
May 29 19:35:28.571146 kernel: e820: reserve RAM buffer [mem 0xb9e98000-0xbbffffff]
May 29 19:35:28.571149 kernel: e820: reserve RAM buffer [mem 0xb9f32000-0xbbffffff]
May 29 19:35:28.571152 kernel: e820: reserve RAM buffer [mem 0xbbcce000-0xbbffffff]
May 29 19:35:28.571154 kernel: e820: reserve RAM buffer [mem 0xbff7c000-0xbfffffff]
May 29 19:35:28.571157 kernel: e820: reserve RAM buffer [mem 0x42b400000-0x42bffffff]
May 29 19:35:28.571208 kernel: pci 0000:00:03.0: vgaarb: setting as boot VGA device
May 29 19:35:28.571257 kernel: pci 0000:00:03.0: vgaarb: bridge control possible
May 29 19:35:28.571307 kernel: pci 0000:00:03.0: vgaarb: VGA device added: decodes=io+mem,owns=io+mem,locks=none
May 29 19:35:28.571311 kernel: vgaarb: loaded
May 29 19:35:28.571314 kernel: hpet0: at MMIO 0xfed00000, IRQs 2, 8, 0, 0, 0, 0, 0, 0
May 29 19:35:28.571317 kernel: hpet0: 8 comparators, 32-bit 62.500000 MHz counter
May 29 19:35:28.571320 kernel: clocksource: Switched to clocksource kvm-clock
May 29 19:35:28.571323 kernel: VFS: Disk quotas dquot_6.6.0
May 29 19:35:28.571326 kernel: VFS: Dquot-cache hash table entries: 512 (order 0, 4096 bytes)
May 29 19:35:28.571329 kernel: pnp: PnP ACPI init
May 29 19:35:28.571333 kernel: pnp: PnP ACPI: found 5 devices
May 29 19:35:28.571336 kernel: clocksource: acpi_pm: mask: 0xffffff max_cycles: 0xffffff, max_idle_ns: 2085701024 ns
May 29 19:35:28.571339 kernel: NET: Registered PF_INET protocol family
May 29 19:35:28.571342 kernel: IP idents hash table entries: 262144 (order: 9, 2097152 bytes, linear)
May 29 19:35:28.571345 kernel: tcp_listen_portaddr_hash hash table entries: 8192 (order: 5, 131072 bytes, linear)
May 29 19:35:28.571348 kernel: Table-perturb hash table entries: 65536 (order: 6, 262144 bytes, linear)
May 29 19:35:28.571351 kernel: TCP established hash table entries: 131072 (order: 8, 1048576 bytes, linear)
May 29 19:35:28.571354 kernel: TCP bind hash table entries: 65536 (order: 9, 2097152 bytes, linear)
May 29 19:35:28.571357 kernel: TCP: Hash tables configured (established 131072 bind 65536)
May 29 19:35:28.571361 kernel: MPTCP token hash table entries: 16384 (order: 6, 393216 bytes, linear)
May 29 19:35:28.571364 kernel: UDP hash table entries: 8192 (order: 7, 524288 bytes, linear)
May 29 19:35:28.571367 kernel: UDP-Lite hash table entries: 8192 (order: 7, 524288 bytes, linear)
May 29 19:35:28.571370 kernel: NET: Registered PF_UNIX/PF_LOCAL protocol family
May 29 19:35:28.571372 kernel: NET: Registered PF_XDP protocol family
May 29 19:35:28.571419 kernel: pci_bus 0000:00: resource 4 [io  0x0000-0x0cf7 window]
May 29 19:35:28.571463 kernel: pci_bus 0000:00: resource 5 [io  0x0d00-0xffff window]
May 29 19:35:28.571506 kernel: pci_bus 0000:00: resource 6 [mem 0x000a0000-0x000bffff window]
May 29 19:35:28.571551 kernel: pci_bus 0000:00: resource 7 [mem 0xc0000000-0xc3ffffff window]
May 29 19:35:28.571597 kernel: pci_bus 0000:00: resource 8 [mem 0x480000000-0x481ffffff window]
May 29 19:35:28.571650 kernel: pci 0000:03:00.0: PCI bridge to [bus 04]
May 29 19:35:28.571702 kernel: pci 0000:03:00.0:   bridge window [mem 0xc4300000-0xc44fffff]
May 29 19:35:28.571754 kernel: pci 0000:03:00.0:   bridge window [mem 0x482000000-0x482ffffff 64bit pref]
May 29 19:35:28.571808 kernel: pci 0000:03:00.1: PCI bridge to [bus 05]
May 29 19:35:28.571861 kernel: pci 0000:03:00.1:   bridge window [mem 0xc4500000-0xc46fffff]
May 29 19:35:28.571913 kernel: pci 0000:03:00.1:   bridge window [mem 0x483000000-0x483ffffff 64bit pref]
May 29 19:35:28.571965 kernel: pci 0000:03:00.2: PCI bridge to [bus 06]
May 29 19:35:28.572017 kernel: pci 0000:03:00.2:   bridge window [mem 0xc4700000-0xc48fffff]
May 29 19:35:28.572069 kernel: pci 0000:03:00.2:   bridge window [mem 0x484000000-0x484ffffff 64bit pref]
May 29 19:35:28.572129 kernel: pci 0000:03:00.3: PCI bridge to [bus 07]
May 29 19:35:28.572181 kernel: pci 0000:03:00.3:   bridge window [mem 0xc4900000-0xc4afffff]
May 29 19:35:28.572233 kernel: pci 0000:03:00.3:   bridge window [mem 0x485000000-0x485ffffff 64bit pref]
May 29 19:35:28.572285 kernel: pci 0000:03:00.4: PCI bridge to [bus 08]
May 29 19:35:28.572338 kernel: pci 0000:03:00.4:   bridge window [mem 0xc4b00000-0xc4cfffff]
May 29 19:35:28.572389 kernel: pci 0000:03:00.4:   bridge window [mem 0x486000000-0x486ffffff 64bit pref]
May 29 19:35:28.572441 kernel: pci 0000:03:00.5: PCI bridge to [bus 09]
May 29 19:35:28.572498 kernel: pci 0000:03:00.5:   bridge window [mem 0xc4d00000-0xc4efffff]
May 29 19:35:28.572550 kernel: pci 0000:03:00.5:   bridge window [mem 0x487000000-0x487ffffff 64bit pref]
May 29 19:35:28.572602 kernel: pci 0000:03:00.6: PCI bridge to [bus 0a]
May 29 19:35:28.572654 kernel: pci 0000:03:00.6:   bridge window [mem 0xc4f00000-0xc50fffff]
May 29 19:35:28.572708 kernel: pci 0000:03:00.6:   bridge window [mem 0x488000000-0x488ffffff 64bit pref]
May 29 19:35:28.572760 kernel: pci 0000:03:00.7: PCI bridge to [bus 0b]
May 29 19:35:28.572811 kernel: pci 0000:03:00.7:   bridge window [mem 0xc5100000-0xc52fffff]
May 29 19:35:28.572864 kernel: pci 0000:03:00.7:   bridge window [mem 0x489000000-0x489ffffff 64bit pref]
May 29 19:35:28.572916 kernel: pci 0000:03:01.0: PCI bridge to [bus 0c]
May 29 19:35:28.572967 kernel: pci 0000:03:01.0:   bridge window [mem 0xc5300000-0xc54fffff]
May 29 19:35:28.573021 kernel: pci 0000:03:01.0:   bridge window [mem 0x48a000000-0x48affffff 64bit pref]
May 29 19:35:28.573314 kernel: pci 0000:03:01.1: PCI bridge to [bus 0d]
May 29 19:35:28.573475 kernel: pci 0000:03:01.1:   bridge window [mem 0xc5500000-0xc56fffff]
May 29 19:35:28.573626 kernel: pci 0000:03:01.1:   bridge window [mem 0x48b000000-0x48bffffff 64bit pref]
May 29 19:35:28.573678 kernel: pci 0000:03:01.2: PCI bridge to [bus 0e]
May 29 19:35:28.573830 kernel: pci 0000:03:01.2:   bridge window [mem 0xc5700000-0xc58fffff]
May 29 19:35:28.573983 kernel: pci 0000:03:01.2:   bridge window [mem 0x48c000000-0x48cffffff 64bit pref]
May 29 19:35:28.574035 kernel: pci 0000:03:01.3: PCI bridge to [bus 0f]
May 29 19:35:28.574199 kernel: pci 0000:03:01.3:   bridge window [mem 0xc5900000-0xc5afffff]
May 29 19:35:28.574267 kernel: pci 0000:03:01.3:   bridge window [mem 0x48d000000-0x48dffffff 64bit pref]
May 29 19:35:28.574319 kernel: pci 0000:03:01.4: PCI bridge to [bus 10]
May 29 19:35:28.574371 kernel: pci 0000:03:01.4:   bridge window [mem 0xc5b00000-0xc5cfffff]
May 29 19:35:28.574423 kernel: pci 0000:03:01.4:   bridge window [mem 0x48e000000-0x48effffff 64bit pref]
May 29 19:35:28.574474 kernel: pci 0000:03:01.5: PCI bridge to [bus 11]
May 29 19:35:28.574526 kernel: pci 0000:03:01.5:   bridge window [mem 0xc5d00000-0xc5efffff]
May 29 19:35:28.574578 kernel: pci 0000:03:01.5:   bridge window [mem 0x48f000000-0x48fffffff 64bit pref]
May 29 19:35:28.574630 kernel: pci 0000:03:01.6: PCI bridge to [bus 12]
May 29 19:35:28.574682 kernel: pci 0000:03:01.6:   bridge window [mem 0xc5f00000-0xc60fffff]
May 29 19:35:28.574733 kernel: pci 0000:03:01.6:   bridge window [mem 0x490000000-0x490ffffff 64bit pref]
May 29 19:35:28.574785 kernel: pci 0000:03:01.7: PCI bridge to [bus 13]
May 29 19:35:28.574839 kernel: pci 0000:03:01.7:   bridge window [mem 0xc6100000-0xc62fffff]
May 29 19:35:28.574892 kernel: pci 0000:03:01.7:   bridge window [mem 0x491000000-0x491ffffff 64bit pref]
May 29 19:35:28.574945 kernel: pci 0000:03:02.0: PCI bridge to [bus 14]
May 29 19:35:28.574997 kernel: pci 0000:03:02.0:   bridge window [mem 0xc6300000-0xc64fffff]
May 29 19:35:28.575048 kernel: pci 0000:03:02.0:   bridge window [mem 0x492000000-0x492ffffff 64bit pref]
May 29 19:35:28.575108 kernel: pci 0000:03:02.1: PCI bridge to [bus 15]
May 29 19:35:28.575160 kernel: pci 0000:03:02.1:   bridge window [mem 0xc6500000-0xc66fffff]
May 29 19:35:28.575212 kernel: pci 0000:03:02.1:   bridge window [mem 0x493000000-0x493ffffff 64bit pref]
May 29 19:35:28.575263 kernel: pci 0000:03:02.2: PCI bridge to [bus 16]
May 29 19:35:28.575315 kernel: pci 0000:03:02.2:   bridge window [mem 0xc6700000-0xc68fffff]
May 29 19:35:28.575367 kernel: pci 0000:03:02.2:   bridge window [mem 0x494000000-0x494ffffff 64bit pref]
May 29 19:35:28.575419 kernel: pci 0000:03:02.3: PCI bridge to [bus 17]
May 29 19:35:28.575470 kernel: pci 0000:03:02.3:   bridge window [mem 0xc6900000-0xc6afffff]
May 29 19:35:28.575522 kernel: pci 0000:03:02.3:   bridge window [mem 0x495000000-0x495ffffff 64bit pref]
May 29 19:35:28.575574 kernel: pci 0000:03:02.4: PCI bridge to [bus 18]
May 29 19:35:28.575626 kernel: pci 0000:03:02.4:   bridge window [mem 0xc6b00000-0xc6cfffff]
May 29 19:35:28.575678 kernel: pci 0000:03:02.4:   bridge window [mem 0x496000000-0x496ffffff 64bit pref]
May 29 19:35:28.575731 kernel: pci 0000:03:02.5: PCI bridge to [bus 19]
May 29 19:35:28.575784 kernel: pci 0000:03:02.5:   bridge window [mem 0xc6d00000-0xc6efffff]
May 29 19:35:28.575835 kernel: pci 0000:03:02.5:   bridge window [mem 0x497000000-0x497ffffff 64bit pref]
May 29 19:35:28.575887 kernel: pci 0000:03:02.6: PCI bridge to [bus 1a]
May 29 19:35:28.575939 kernel: pci 0000:03:02.6:   bridge window [mem 0xc6f00000-0xc70fffff]
May 29 19:35:28.575990 kernel: pci 0000:03:02.6:   bridge window [mem 0x498000000-0x498ffffff 64bit pref]
May 29 19:35:28.576042 kernel: pci 0000:03:02.7: PCI bridge to [bus 1b]
May 29 19:35:28.576099 kernel: pci 0000:03:02.7:   bridge window [mem 0xc7100000-0xc72fffff]
May 29 19:35:28.576151 kernel: pci 0000:03:02.7:   bridge window [mem 0x499000000-0x499ffffff 64bit pref]
May 29 19:35:28.576203 kernel: pci 0000:03:03.0: PCI bridge to [bus 1c]
May 29 19:35:28.576255 kernel: pci 0000:03:03.0:   bridge window [mem 0xc7300000-0xc74fffff]
May 29 19:35:28.576306 kernel: pci 0000:03:03.0:   bridge window [mem 0x49a000000-0x49affffff 64bit pref]
May 29 19:35:28.576359 kernel: pci 0000:03:03.1: PCI bridge to [bus 1d]
May 29 19:35:28.576411 kernel: pci 0000:03:03.1:   bridge window [mem 0xc7500000-0xc76fffff]
May 29 19:35:28.576464 kernel: pci 0000:03:03.1:   bridge window [mem 0x49b000000-0x49bffffff 64bit pref]
May 29 19:35:28.576518 kernel: pci 0000:03:03.2: PCI bridge to [bus 1e]
May 29 19:35:28.576569 kernel: pci 0000:03:03.2:   bridge window [mem 0xc7700000-0xc78fffff]
May 29 19:35:28.576621 kernel: pci 0000:03:03.2:   bridge window [mem 0x49c000000-0x49cffffff 64bit pref]
May 29 19:35:28.576674 kernel: pci 0000:03:03.3: PCI bridge to [bus 1f]
May 29 19:35:28.576727 kernel: pci 0000:03:03.3:   bridge window [mem 0xc7900000-0xc7afffff]
May 29 19:35:28.576780 kernel: pci 0000:03:03.3:   bridge window [mem 0x49d000000-0x49dffffff 64bit pref]
May 29 19:35:28.576832 kernel: pci 0000:03:03.4: PCI bridge to [bus 20]
May 29 19:35:28.576884 kernel: pci 0000:03:03.4:   bridge window [mem 0xc7b00000-0xc7cfffff]
May 29 19:35:28.576935 kernel: pci 0000:03:03.4:   bridge window [mem 0x49e000000-0x49effffff 64bit pref]
May 29 19:35:28.576987 kernel: pci 0000:03:03.5: PCI bridge to [bus 21]
May 29 19:35:28.577039 kernel: pci 0000:03:03.5:   bridge window [mem 0xc7d00000-0xc7efffff]
May 29 19:35:28.577095 kernel: pci 0000:03:03.5:   bridge window [mem 0x49f000000-0x49fffffff 64bit pref]
May 29 19:35:28.577148 kernel: pci 0000:03:03.6: PCI bridge to [bus 22]
May 29 19:35:28.577200 kernel: pci 0000:03:03.6:   bridge window [mem 0xc7f00000-0xc80fffff]
May 29 19:35:28.577256 kernel: pci 0000:03:03.6:   bridge window [mem 0x4a0000000-0x4a0ffffff 64bit pref]
May 29 19:35:28.577308 kernel: pci 0000:03:03.7: PCI bridge to [bus 23]
May 29 19:35:28.577360 kernel: pci 0000:03:03.7:   bridge window [mem 0xc8100000-0xc82fffff]
May 29 19:35:28.577411 kernel: pci 0000:03:03.7:   bridge window [mem 0x4a1000000-0x4a1ffffff 64bit pref]
May 29 19:35:28.577461 kernel: pci 0000:02:00.0: PCI bridge to [bus 03-23]
May 29 19:35:28.577511 kernel: pci 0000:02:00.0:   bridge window [mem 0xc4200000-0xc82fffff]
May 29 19:35:28.577561 kernel: pci 0000:02:00.0:   bridge window [mem 0x482000000-0x4a1ffffff 64bit pref]
May 29 19:35:28.577610 kernel: pci 0000:01:00.0: PCI bridge to [bus 02-23]
May 29 19:35:28.577658 kernel: pci 0000:01:00.0:   bridge window [mem 0xc4100000-0xc82fffff]
May 29 19:35:28.577707 kernel: pci 0000:01:00.0:   bridge window [mem 0x482000000-0x4a1ffffff 64bit pref]
May 29 19:35:28.577753 kernel: pci_bus 0000:01: resource 4 [mem 0xc4000000-0xc82fffff window]
May 29 19:35:28.577797 kernel: pci_bus 0000:01: resource 5 [mem 0x482000000-0x4a1ffffff window]
May 29 19:35:28.577850 kernel: pci_bus 0000:02: resource 1 [mem 0xc4100000-0xc82fffff]
May 29 19:35:28.577896 kernel: pci_bus 0000:02: resource 2 [mem 0x482000000-0x4a1ffffff 64bit pref]
May 29 19:35:28.577949 kernel: pci_bus 0000:03: resource 1 [mem 0xc4200000-0xc82fffff]
May 29 19:35:28.577997 kernel: pci_bus 0000:03: resource 2 [mem 0x482000000-0x4a1ffffff 64bit pref]
May 29 19:35:28.578054 kernel: pci_bus 0000:04: resource 1 [mem 0xc4300000-0xc44fffff]
May 29 19:35:28.578109 kernel: pci_bus 0000:04: resource 2 [mem 0x482000000-0x482ffffff 64bit pref]
May 29 19:35:28.578164 kernel: pci_bus 0000:05: resource 1 [mem 0xc4500000-0xc46fffff]
May 29 19:35:28.578214 kernel: pci_bus 0000:05: resource 2 [mem 0x483000000-0x483ffffff 64bit pref]
May 29 19:35:28.578270 kernel: pci_bus 0000:06: resource 1 [mem 0xc4700000-0xc48fffff]
May 29 19:35:28.578320 kernel: pci_bus 0000:06: resource 2 [mem 0x484000000-0x484ffffff 64bit pref]
May 29 19:35:28.578374 kernel: pci_bus 0000:07: resource 1 [mem 0xc4900000-0xc4afffff]
May 29 19:35:28.578425 kernel: pci_bus 0000:07: resource 2 [mem 0x485000000-0x485ffffff 64bit pref]
May 29 19:35:28.578480 kernel: pci_bus 0000:08: resource 1 [mem 0xc4b00000-0xc4cfffff]
May 29 19:35:28.578529 kernel: pci_bus 0000:08: resource 2 [mem 0x486000000-0x486ffffff 64bit pref]
May 29 19:35:28.578584 kernel: pci_bus 0000:09: resource 1 [mem 0xc4d00000-0xc4efffff]
May 29 19:35:28.578634 kernel: pci_bus 0000:09: resource 2 [mem 0x487000000-0x487ffffff 64bit pref]
May 29 19:35:28.580029 kernel: pci_bus 0000:0a: resource 1 [mem 0xc4f00000-0xc50fffff]
May 29 19:35:28.580189 kernel: pci_bus 0000:0a: resource 2 [mem 0x488000000-0x488ffffff 64bit pref]
May 29 19:35:28.581379 kernel: pci_bus 0000:0b: resource 1 [mem 0xc5100000-0xc52fffff]
May 29 19:35:28.581546 kernel: pci_bus 0000:0b: resource 2 [mem 0x489000000-0x489ffffff 64bit pref]
May 29 19:35:28.581609 kernel: pci_bus 0000:0c: resource 1 [mem 0xc5300000-0xc54fffff]
May 29 19:35:28.581659 kernel: pci_bus 0000:0c: resource 2 [mem 0x48a000000-0x48affffff 64bit pref]
May 29 19:35:28.581714 kernel: pci_bus 0000:0d: resource 1 [mem 0xc5500000-0xc56fffff]
May 29 19:35:28.581764 kernel: pci_bus 0000:0d: resource 2 [mem 0x48b000000-0x48bffffff 64bit pref]
May 29 19:35:28.581818 kernel: pci_bus 0000:0e: resource 1 [mem 0xc5700000-0xc58fffff]
May 29 19:35:28.581870 kernel: pci_bus 0000:0e: resource 2 [mem 0x48c000000-0x48cffffff 64bit pref]
May 29 19:35:28.581924 kernel: pci_bus 0000:0f: resource 1 [mem 0xc5900000-0xc5afffff]
May 29 19:35:28.581974 kernel: pci_bus 0000:0f: resource 2 [mem 0x48d000000-0x48dffffff 64bit pref]
May 29 19:35:28.582031 kernel: pci_bus 0000:10: resource 1 [mem 0xc5b00000-0xc5cfffff]
May 29 19:35:28.582087 kernel: pci_bus 0000:10: resource 2 [mem 0x48e000000-0x48effffff 64bit pref]
May 29 19:35:28.582142 kernel: pci_bus 0000:11: resource 1 [mem 0xc5d00000-0xc5efffff]
May 29 19:35:28.582191 kernel: pci_bus 0000:11: resource 2 [mem 0x48f000000-0x48fffffff 64bit pref]
May 29 19:35:28.582246 kernel: pci_bus 0000:12: resource 1 [mem 0xc5f00000-0xc60fffff]
May 29 19:35:28.582295 kernel: pci_bus 0000:12: resource 2 [mem 0x490000000-0x490ffffff 64bit pref]
May 29 19:35:28.582349 kernel: pci_bus 0000:13: resource 1 [mem 0xc6100000-0xc62fffff]
May 29 19:35:28.582399 kernel: pci_bus 0000:13: resource 2 [mem 0x491000000-0x491ffffff 64bit pref]
May 29 19:35:28.582454 kernel: pci_bus 0000:14: resource 1 [mem 0xc6300000-0xc64fffff]
May 29 19:35:28.582503 kernel: pci_bus 0000:14: resource 2 [mem 0x492000000-0x492ffffff 64bit pref]
May 29 19:35:28.582560 kernel: pci_bus 0000:15: resource 1 [mem 0xc6500000-0xc66fffff]
May 29 19:35:28.582609 kernel: pci_bus 0000:15: resource 2 [mem 0x493000000-0x493ffffff 64bit pref]
May 29 19:35:28.582665 kernel: pci_bus 0000:16: resource 1 [mem 0xc6700000-0xc68fffff]
May 29 19:35:28.582715 kernel: pci_bus 0000:16: resource 2 [mem 0x494000000-0x494ffffff 64bit pref]
May 29 19:35:28.582770 kernel: pci_bus 0000:17: resource 1 [mem 0xc6900000-0xc6afffff]
May 29 19:35:28.582821 kernel: pci_bus 0000:17: resource 2 [mem 0x495000000-0x495ffffff 64bit pref]
May 29 19:35:28.582983 kernel: pci_bus 0000:18: resource 1 [mem 0xc6b00000-0xc6cfffff]
May 29 19:35:28.583148 kernel: pci_bus 0000:18: resource 2 [mem 0x496000000-0x496ffffff 64bit pref]
May 29 19:35:28.583306 kernel: pci_bus 0000:19: resource 1 [mem 0xc6d00000-0xc6efffff]
May 29 19:35:28.583355 kernel: pci_bus 0000:19: resource 2 [mem 0x497000000-0x497ffffff 64bit pref]
May 29 19:35:28.583412 kernel: pci_bus 0000:1a: resource 1 [mem 0xc6f00000-0xc70fffff]
May 29 19:35:28.583463 kernel: pci_bus 0000:1a: resource 2 [mem 0x498000000-0x498ffffff 64bit pref]
May 29 19:35:28.583519 kernel: pci_bus 0000:1b: resource 1 [mem 0xc7100000-0xc72fffff]
May 29 19:35:28.583569 kernel: pci_bus 0000:1b: resource 2 [mem 0x499000000-0x499ffffff 64bit pref]
May 29 19:35:28.583624 kernel: pci_bus 0000:1c: resource 1 [mem 0xc7300000-0xc74fffff]
May 29 19:35:28.583674 kernel: pci_bus 0000:1c: resource 2 [mem 0x49a000000-0x49affffff 64bit pref]
May 29 19:35:28.583729 kernel: pci_bus 0000:1d: resource 1 [mem 0xc7500000-0xc76fffff]
May 29 19:35:28.583778 kernel: pci_bus 0000:1d: resource 2 [mem 0x49b000000-0x49bffffff 64bit pref]
May 29 19:35:28.583834 kernel: pci_bus 0000:1e: resource 1 [mem 0xc7700000-0xc78fffff]
May 29 19:35:28.583883 kernel: pci_bus 0000:1e: resource 2 [mem 0x49c000000-0x49cffffff 64bit pref]
May 29 19:35:28.583939 kernel: pci_bus 0000:1f: resource 1 [mem 0xc7900000-0xc7afffff]
May 29 19:35:28.583988 kernel: pci_bus 0000:1f: resource 2 [mem 0x49d000000-0x49dffffff 64bit pref]
May 29 19:35:28.584044 kernel: pci_bus 0000:20: resource 1 [mem 0xc7b00000-0xc7cfffff]
May 29 19:35:28.584101 kernel: pci_bus 0000:20: resource 2 [mem 0x49e000000-0x49effffff 64bit pref]
May 29 19:35:28.584156 kernel: pci_bus 0000:21: resource 1 [mem 0xc7d00000-0xc7efffff]
May 29 19:35:28.584206 kernel: pci_bus 0000:21: resource 2 [mem 0x49f000000-0x49fffffff 64bit pref]
May 29 19:35:28.584262 kernel: pci_bus 0000:22: resource 1 [mem 0xc7f00000-0xc80fffff]
May 29 19:35:28.584312 kernel: pci_bus 0000:22: resource 2 [mem 0x4a0000000-0x4a0ffffff 64bit pref]
May 29 19:35:28.584367 kernel: pci_bus 0000:23: resource 1 [mem 0xc8100000-0xc82fffff]
May 29 19:35:28.584416 kernel: pci_bus 0000:23: resource 2 [mem 0x4a1000000-0x4a1ffffff 64bit pref]
May 29 19:35:28.584577 kernel: pci 0000:26:00.0: PCI bridge to [bus 27]
May 29 19:35:28.584727 kernel: pci 0000:26:00.0:   bridge window [mem 0xc8700000-0xc88fffff]
May 29 19:35:28.584779 kernel: pci 0000:26:00.0:   bridge window [mem 0x4a2000000-0x4a2ffffff 64bit pref]
May 29 19:35:28.584837 kernel: pci 0000:26:00.1: PCI bridge to [bus 28]
May 29 19:35:28.584890 kernel: pci 0000:26:00.1:   bridge window [mem 0xc8900000-0xc8afffff]
May 29 19:35:28.584942 kernel: pci 0000:26:00.1:   bridge window [mem 0x4a3000000-0x4a3ffffff 64bit pref]
May 29 19:35:28.584995 kernel: pci 0000:26:00.2: PCI bridge to [bus 29]
May 29 19:35:28.585047 kernel: pci 0000:26:00.2:   bridge window [mem 0xc8b00000-0xc8cfffff]
May 29 19:35:28.585115 kernel: pci 0000:26:00.2:   bridge window [mem 0x4a4000000-0x4a4ffffff 64bit pref]
May 29 19:35:28.585168 kernel: pci 0000:26:00.3: PCI bridge to [bus 2a]
May 29 19:35:28.585220 kernel: pci 0000:26:00.3:   bridge window [mem 0xc8d00000-0xc8efffff]
May 29 19:35:28.585272 kernel: pci 0000:26:00.3:   bridge window [mem 0x4a5000000-0x4a5ffffff 64bit pref]
May 29 19:35:28.585327 kernel: pci 0000:26:00.4: PCI bridge to [bus 2b]
May 29 19:35:28.585379 kernel: pci 0000:26:00.4:   bridge window [mem 0xc8f00000-0xc90fffff]
May 29 19:35:28.585432 kernel: pci 0000:26:00.4:   bridge window [mem 0x4a6000000-0x4a6ffffff 64bit pref]
May 29 19:35:28.585483 kernel: pci 0000:25:00.0: PCI bridge to [bus 26-2b]
May 29 19:35:28.585534 kernel: pci 0000:25:00.0:   bridge window [mem 0xc8600000-0xc90fffff]
May 29 19:35:28.585584 kernel: pci 0000:25:00.0:   bridge window [mem 0x4a2000000-0x4a6ffffff 64bit pref]
May 29 19:35:28.585633 kernel: pci 0000:24:00.0: PCI bridge to [bus 25-2b]
May 29 19:35:28.585682 kernel: pci 0000:24:00.0:   bridge window [mem 0xc8500000-0xc90fffff]
May 29 19:35:28.585730 kernel: pci 0000:24:00.0:   bridge window [mem 0x4a2000000-0x4a6ffffff 64bit pref]
May 29 19:35:28.585774 kernel: pci_bus 0000:24: resource 4 [mem 0xc8400000-0xc90fffff window]
May 29 19:35:28.585818 kernel: pci_bus 0000:24: resource 5 [mem 0x4a2000000-0x4a6ffffff window]
May 29 19:35:28.585872 kernel: pci_bus 0000:25: resource 1 [mem 0xc8500000-0xc90fffff]
May 29 19:35:28.585918 kernel: pci_bus 0000:25: resource 2 [mem 0x4a2000000-0x4a6ffffff 64bit pref]
May 29 19:35:28.585970 kernel: pci_bus 0000:26: resource 1 [mem 0xc8600000-0xc90fffff]
May 29 19:35:28.586018 kernel: pci_bus 0000:26: resource 2 [mem 0x4a2000000-0x4a6ffffff 64bit pref]
May 29 19:35:28.586081 kernel: pci_bus 0000:27: resource 1 [mem 0xc8700000-0xc88fffff]
May 29 19:35:28.586131 kernel: pci_bus 0000:27: resource 2 [mem 0x4a2000000-0x4a2ffffff 64bit pref]
May 29 19:35:28.586186 kernel: pci_bus 0000:28: resource 1 [mem 0xc8900000-0xc8afffff]
May 29 19:35:28.586238 kernel: pci_bus 0000:28: resource 2 [mem 0x4a3000000-0x4a3ffffff 64bit pref]
May 29 19:35:28.586293 kernel: pci_bus 0000:29: resource 1 [mem 0xc8b00000-0xc8cfffff]
May 29 19:35:28.586344 kernel: pci_bus 0000:29: resource 2 [mem 0x4a4000000-0x4a4ffffff 64bit pref]
May 29 19:35:28.586400 kernel: pci_bus 0000:2a: resource 1 [mem 0xc8d00000-0xc8efffff]
May 29 19:35:28.586450 kernel: pci_bus 0000:2a: resource 2 [mem 0x4a5000000-0x4a5ffffff 64bit pref]
May 29 19:35:28.586505 kernel: pci_bus 0000:2b: resource 1 [mem 0xc8f00000-0xc90fffff]
May 29 19:35:28.586555 kernel: pci_bus 0000:2b: resource 2 [mem 0x4a6000000-0x4a6ffffff 64bit pref]
May 29 19:35:28.586605 kernel: pci 0000:00:00.0: Limiting direct PCI/PCI transfers
May 29 19:35:28.586609 kernel: PCI: CLS 0 bytes, default 64
May 29 19:35:28.586612 kernel: PCI-DMA: Using software bounce buffering for IO (SWIOTLB)
May 29 19:35:28.586615 kernel: Trying to unpack rootfs image as initramfs...
May 29 19:35:28.586618 kernel: software IO TLB: mapped [mem 0x00000000add4b000-0x00000000b1d4b000] (64MB)
May 29 19:35:28.586621 kernel: clocksource: tsc: mask: 0xffffffffffffffff max_cycles: 0x257a3a7b45f, max_idle_ns: 440795312762 ns
May 29 19:35:28.586624 kernel: clocksource: Switched to clocksource tsc
May 29 19:35:28.586628 kernel: Initialise system trusted keyrings
May 29 19:35:28.586631 kernel: Key type blacklist registered
May 29 19:35:28.586634 kernel: workingset: timestamp_bits=36 max_order=22 bucket_order=0
May 29 19:35:28.586637 kernel: integrity: Platform Keyring initialized
May 29 19:35:28.586640 kernel: integrity: Machine keyring initialized
May 29 19:35:28.586643 kernel: cryptd: max_cpu_qlen set to 1000
May 29 19:35:28.586646 kernel: NET: Registered PF_ALG protocol family
May 29 19:35:28.586649 kernel: xor: automatically using best checksumming function   avx       
May 29 19:35:28.586652 kernel: Key type asymmetric registered
May 29 19:35:28.586656 kernel: Asymmetric key parser 'x509' registered
May 29 19:35:28.586659 kernel: Block layer SCSI generic (bsg) driver version 0.4 loaded (major 244)
May 29 19:35:28.586662 kernel: io scheduler mq-deadline registered
May 29 19:35:28.586665 kernel: io scheduler kyber registered
May 29 19:35:28.586668 kernel: io scheduler bfq registered
May 29 19:35:28.586671 kernel: atomic64_test: passed for x86-64 platform with CX8 and with SSE
May 29 19:35:28.586720 kernel: pcieport 0000:01:00.0: PME: Signaling with IRQ 24
May 29 19:35:28.586769 kernel: pcieport 0000:01:00.0: pciehp: Slot #0 AttnBtn+ PwrCtrl+ MRL- AttnInd+ PwrInd+ HotPlug+ Surprise- Interlock- NoCompl+ IbPresDis- LLActRep+
May 29 19:35:28.586822 kernel: pcieport 0000:03:00.0: pciehp: Slot #2 AttnBtn+ PwrCtrl+ MRL- AttnInd+ PwrInd+ HotPlug+ Surprise- Interlock- NoCompl+ IbPresDis- LLActRep+
May 29 19:35:28.586874 kernel: pcieport 0000:03:00.1: pciehp: Slot #3 AttnBtn+ PwrCtrl+ MRL- AttnInd+ PwrInd+ HotPlug+ Surprise- Interlock- NoCompl+ IbPresDis- LLActRep+
May 29 19:35:28.586927 kernel: pcieport 0000:03:00.2: pciehp: Slot #4 AttnBtn+ PwrCtrl+ MRL- AttnInd+ PwrInd+ HotPlug+ Surprise- Interlock- NoCompl+ IbPresDis- LLActRep+
May 29 19:35:28.587103 kernel: pcieport 0000:03:00.3: pciehp: Slot #5 AttnBtn+ PwrCtrl+ MRL- AttnInd+ PwrInd+ HotPlug+ Surprise- Interlock- NoCompl+ IbPresDis- LLActRep+
May 29 19:35:28.587260 kernel: pcieport 0000:03:00.4: pciehp: Slot #6 AttnBtn+ PwrCtrl+ MRL- AttnInd+ PwrInd+ HotPlug+ Surprise- Interlock- NoCompl+ IbPresDis- LLActRep+
May 29 19:35:28.587313 kernel: pcieport 0000:03:00.5: pciehp: Slot #7 AttnBtn+ PwrCtrl+ MRL- AttnInd+ PwrInd+ HotPlug+ Surprise- Interlock- NoCompl+ IbPresDis- LLActRep+
May 29 19:35:28.587465 kernel: pcieport 0000:03:00.6: pciehp: Slot #8 AttnBtn+ PwrCtrl+ MRL- AttnInd+ PwrInd+ HotPlug+ Surprise- Interlock- NoCompl+ IbPresDis- LLActRep+
May 29 19:35:28.587620 kernel: pcieport 0000:03:00.7: pciehp: Slot #9 AttnBtn+ PwrCtrl+ MRL- AttnInd+ PwrInd+ HotPlug+ Surprise- Interlock- NoCompl+ IbPresDis- LLActRep+
May 29 19:35:28.587673 kernel: pcieport 0000:03:01.0: pciehp: Slot #10 AttnBtn+ PwrCtrl+ MRL- AttnInd+ PwrInd+ HotPlug+ Surprise- Interlock- NoCompl+ IbPresDis- LLActRep+
May 29 19:35:28.587725 kernel: pcieport 0000:03:01.1: pciehp: Slot #11 AttnBtn+ PwrCtrl+ MRL- AttnInd+ PwrInd+ HotPlug+ Surprise- Interlock- NoCompl+ IbPresDis- LLActRep+
May 29 19:35:28.587780 kernel: pcieport 0000:03:01.2: pciehp: Slot #12 AttnBtn+ PwrCtrl+ MRL- AttnInd+ PwrInd+ HotPlug+ Surprise- Interlock- NoCompl+ IbPresDis- LLActRep+
May 29 19:35:28.587832 kernel: pcieport 0000:03:01.3: pciehp: Slot #13 AttnBtn+ PwrCtrl+ MRL- AttnInd+ PwrInd+ HotPlug+ Surprise- Interlock- NoCompl+ IbPresDis- LLActRep+
May 29 19:35:28.587885 kernel: pcieport 0000:03:01.4: pciehp: Slot #14 AttnBtn+ PwrCtrl+ MRL- AttnInd+ PwrInd+ HotPlug+ Surprise- Interlock- NoCompl+ IbPresDis- LLActRep+
May 29 19:35:28.587938 kernel: pcieport 0000:03:01.5: pciehp: Slot #15 AttnBtn+ PwrCtrl+ MRL- AttnInd+ PwrInd+ HotPlug+ Surprise- Interlock- NoCompl+ IbPresDis- LLActRep+
May 29 19:35:28.587990 kernel: pcieport 0000:03:01.6: pciehp: Slot #16 AttnBtn+ PwrCtrl+ MRL- AttnInd+ PwrInd+ HotPlug+ Surprise- Interlock- NoCompl+ IbPresDis- LLActRep+
May 29 19:35:28.588042 kernel: pcieport 0000:03:01.7: pciehp: Slot #17 AttnBtn+ PwrCtrl+ MRL- AttnInd+ PwrInd+ HotPlug+ Surprise- Interlock- NoCompl+ IbPresDis- LLActRep+
May 29 19:35:28.588101 kernel: pcieport 0000:03:02.0: pciehp: Slot #18 AttnBtn+ PwrCtrl+ MRL- AttnInd+ PwrInd+ HotPlug+ Surprise- Interlock- NoCompl+ IbPresDis- LLActRep+
May 29 19:35:28.588153 kernel: pcieport 0000:03:02.1: pciehp: Slot #19 AttnBtn+ PwrCtrl+ MRL- AttnInd+ PwrInd+ HotPlug+ Surprise- Interlock- NoCompl+ IbPresDis- LLActRep+
May 29 19:35:28.588205 kernel: pcieport 0000:03:02.2: pciehp: Slot #20 AttnBtn+ PwrCtrl+ MRL- AttnInd+ PwrInd+ HotPlug+ Surprise- Interlock- NoCompl+ IbPresDis- LLActRep+
May 29 19:35:28.588257 kernel: pcieport 0000:03:02.3: pciehp: Slot #21 AttnBtn+ PwrCtrl+ MRL- AttnInd+ PwrInd+ HotPlug+ Surprise- Interlock- NoCompl+ IbPresDis- LLActRep+
May 29 19:35:28.588310 kernel: pcieport 0000:03:02.4: pciehp: Slot #22 AttnBtn+ PwrCtrl+ MRL- AttnInd+ PwrInd+ HotPlug+ Surprise- Interlock- NoCompl+ IbPresDis- LLActRep+
May 29 19:35:28.588362 kernel: pcieport 0000:03:02.5: pciehp: Slot #23 AttnBtn+ PwrCtrl+ MRL- AttnInd+ PwrInd+ HotPlug+ Surprise- Interlock- NoCompl+ IbPresDis- LLActRep+
May 29 19:35:28.588415 kernel: pcieport 0000:03:02.6: pciehp: Slot #24 AttnBtn+ PwrCtrl+ MRL- AttnInd+ PwrInd+ HotPlug+ Surprise- Interlock- NoCompl+ IbPresDis- LLActRep+
May 29 19:35:28.588467 kernel: pcieport 0000:03:02.7: pciehp: Slot #25 AttnBtn+ PwrCtrl+ MRL- AttnInd+ PwrInd+ HotPlug+ Surprise- Interlock- NoCompl+ IbPresDis- LLActRep+
May 29 19:35:28.588522 kernel: pcieport 0000:03:03.0: pciehp: Slot #26 AttnBtn+ PwrCtrl+ MRL- AttnInd+ PwrInd+ HotPlug+ Surprise- Interlock- NoCompl+ IbPresDis- LLActRep+
May 29 19:35:28.588574 kernel: pcieport 0000:03:03.1: pciehp: Slot #27 AttnBtn+ PwrCtrl+ MRL- AttnInd+ PwrInd+ HotPlug+ Surprise- Interlock- NoCompl+ IbPresDis- LLActRep+
May 29 19:35:28.588626 kernel: pcieport 0000:03:03.2: pciehp: Slot #28 AttnBtn+ PwrCtrl+ MRL- AttnInd+ PwrInd+ HotPlug+ Surprise- Interlock- NoCompl+ IbPresDis- LLActRep+
May 29 19:35:28.588679 kernel: pcieport 0000:03:03.3: pciehp: Slot #29 AttnBtn+ PwrCtrl+ MRL- AttnInd+ PwrInd+ HotPlug+ Surprise- Interlock- NoCompl+ IbPresDis- LLActRep+
May 29 19:35:28.588731 kernel: pcieport 0000:03:03.4: pciehp: Slot #30 AttnBtn+ PwrCtrl+ MRL- AttnInd+ PwrInd+ HotPlug+ Surprise- Interlock- NoCompl+ IbPresDis- LLActRep+
May 29 19:35:28.588889 kernel: pcieport 0000:03:03.5: pciehp: Slot #31 AttnBtn+ PwrCtrl+ MRL- AttnInd+ PwrInd+ HotPlug+ Surprise- Interlock- NoCompl+ IbPresDis- LLActRep+
May 29 19:35:28.589044 kernel: pcieport 0000:03:03.6: pciehp: Slot #32 AttnBtn+ PwrCtrl+ MRL- AttnInd+ PwrInd+ HotPlug+ Surprise- Interlock- NoCompl+ IbPresDis- LLActRep+
May 29 19:35:28.589104 kernel: pcieport 0000:03:03.7: pciehp: Slot #33 AttnBtn+ PwrCtrl+ MRL- AttnInd+ PwrInd+ HotPlug+ Surprise- Interlock- NoCompl+ IbPresDis- LLActRep+
May 29 19:35:28.589256 kernel: pcieport 0000:24:00.0: PME: Signaling with IRQ 57
May 29 19:35:28.589304 kernel: pcieport 0000:24:00.0: pciehp: Slot #1 AttnBtn+ PwrCtrl+ MRL- AttnInd+ PwrInd+ HotPlug+ Surprise- Interlock- NoCompl+ IbPresDis- LLActRep+
May 29 19:35:28.589460 kernel: pcieport 0000:26:00.0: pciehp: Slot #34 AttnBtn+ PwrCtrl+ MRL- AttnInd+ PwrInd+ HotPlug+ Surprise- Interlock- NoCompl+ IbPresDis- LLActRep+
May 29 19:35:28.589617 kernel: pcieport 0000:26:00.1: pciehp: Slot #35 AttnBtn+ PwrCtrl+ MRL- AttnInd+ PwrInd+ HotPlug+ Surprise- Interlock- NoCompl+ IbPresDis- LLActRep+
May 29 19:35:28.589670 kernel: pcieport 0000:26:00.2: pciehp: Slot #36 AttnBtn+ PwrCtrl+ MRL- AttnInd+ PwrInd+ HotPlug+ Surprise- Interlock- NoCompl+ IbPresDis- LLActRep+
May 29 19:35:28.589826 kernel: pcieport 0000:26:00.3: pciehp: Slot #37 AttnBtn+ PwrCtrl+ MRL- AttnInd+ PwrInd+ HotPlug+ Surprise- Interlock- NoCompl+ IbPresDis- LLActRep+
May 29 19:35:28.589983 kernel: pcieport 0000:26:00.4: pciehp: Slot #38 AttnBtn+ PwrCtrl+ MRL- AttnInd+ PwrInd+ HotPlug+ Surprise- Interlock- NoCompl+ IbPresDis- LLActRep+
May 29 19:35:28.589987 kernel: input: Power Button as /devices/LNXSYSTM:00/LNXPWRBN:00/input/input0
May 29 19:35:28.589990 kernel: ACPI: button: Power Button [PWRF]
May 29 19:35:28.589993 kernel: input: Sleep Button as /devices/LNXSYSTM:00/LNXSLPBN:00/input/input1
May 29 19:35:28.589996 kernel: ACPI: button: Sleep Button [SLPF]
May 29 19:35:28.589999 kernel: Monitor-Mwait will be used to enter C-1 state
May 29 19:35:28.590003 kernel: Could not retrieve perf counters (-19)
May 29 19:35:28.590006 kernel: Serial: 8250/16550 driver, 32 ports, IRQ sharing enabled
May 29 19:35:28.590009 kernel: 00:04: ttyS0 at I/O 0x3f8 (irq = 4, base_baud = 115200) is a 16550A
May 29 19:35:28.590012 kernel: Non-volatile memory driver v1.3
May 29 19:35:28.590015 kernel: Linux agpgart interface v0.103
May 29 19:35:28.590018 kernel: ACPI: bus type drm_connector registered
May 29 19:35:28.590021 kernel: usbcore: registered new interface driver usbserial_generic
May 29 19:35:28.590024 kernel: usbserial: USB Serial support registered for generic
May 29 19:35:28.590027 kernel: i8042: PNP: PS/2 Controller [PNP0303:KBD,PNP0f13:MOU] at 0x60,0x64 irq 1,12
May 29 19:35:28.590031 kernel: i8042: Warning: Keylock active
May 29 19:35:28.590034 kernel: serio: i8042 KBD port at 0x60,0x64 irq 1
May 29 19:35:28.590037 kernel: serio: i8042 AUX port at 0x60,0x64 irq 12
May 29 19:35:28.590040 kernel: mousedev: PS/2 mouse device common for all mice
May 29 19:35:28.590203 kernel: rtc_cmos 00:00: RTC can wake from S4
May 29 19:35:28.590249 kernel: rtc_cmos 00:00: registered as rtc0
May 29 19:35:28.590394 kernel: rtc_cmos 00:00: setting system clock to 2026-05-29T19:35:27 UTC (1780083327)
May 29 19:35:28.590438 kernel: rtc_cmos 00:00: alarms up to one day, 114 bytes nvram
May 29 19:35:28.590442 kernel: device-mapper: core: CONFIG_IMA_DISABLE_HTABLE is disabled. Duplicate IMA measurements will not be recorded in the IMA log.
May 29 19:35:28.590445 kernel: device-mapper: uevent: version 1.0.3
May 29 19:35:28.590448 kernel: device-mapper: ioctl: 4.50.0-ioctl (2025-04-28) initialised: dm-devel@lists.linux.dev
May 29 19:35:28.590556 kernel: amd_pstate: The CPPC feature is supported but currently disabled by the BIOS.
                               Please enable it if your BIOS has the CPPC option.
May 29 19:35:28.590559 kernel: amd_pstate: the _CPC object is not present in SBIOS or ACPI disabled
May 29 19:35:28.590617 kernel: simple-framebuffer simple-framebuffer.0: [drm] Registered 1 planes with drm panic
May 29 19:35:28.590621 kernel: [drm] Initialized simpledrm 1.0.0 for simple-framebuffer.0 on minor 0
May 29 19:35:28.590625 kernel: Console: switching to colour frame buffer device 100x37
May 29 19:35:28.590780 kernel: simple-framebuffer simple-framebuffer.0: [drm] fb0: simpledrmdrmfb frame buffer device
May 29 19:35:28.590784 kernel: hid: raw HID events driver (C) Jiri Kosina
May 29 19:35:28.590787 kernel: usbcore: registered new interface driver usbhid
May 29 19:35:28.590790 kernel: usbhid: USB HID core driver
May 29 19:35:28.590793 kernel: drop_monitor: Initializing network drop monitor service
May 29 19:35:28.590796 kernel: Initializing XFRM netlink socket
May 29 19:35:28.590799 kernel: NET: Registered PF_INET6 protocol family
May 29 19:35:28.590803 kernel: Segment Routing with IPv6
May 29 19:35:28.590807 kernel: RPL Segment Routing with IPv6
May 29 19:35:28.590810 kernel: In-situ OAM (IOAM) with IPv6
May 29 19:35:28.590813 kernel: mip6: Mobile IPv6
May 29 19:35:28.590816 kernel: NET: Registered PF_PACKET protocol family
May 29 19:35:28.590819 kernel: IPI shorthand broadcast: enabled
May 29 19:35:28.590922 kernel: sched_clock: Marking stable (989005379, 140584763)->(1131887710, -2297568)
May 29 19:35:28.590925 kernel: registered taskstats version 1
May 29 19:35:28.590928 kernel: Loading compiled-in X.509 certificates
May 29 19:35:28.590931 kernel: Loaded X.509 cert 'Fedora kernel signing key: 759beb8e2b525990936366fc8cf469ec4b1e8a51'
May 29 19:35:28.590935 kernel: Freeing initrd memory: 121172K
May 29 19:35:28.590938 kernel: Loaded X.509 cert 'Fedora IMA CA: a8a00c31663f853f9c6ff2564872e378af026b28'
May 29 19:35:28.590941 kernel: Demotion targets for Node 0: null
May 29 19:35:28.590944 kernel: page_owner is disabled
May 29 19:35:28.590947 kernel: Key type .fscrypt registered
May 29 19:35:28.590950 kernel: Key type fscrypt-provisioning registered
May 29 19:35:28.590953 kernel: Btrfs loaded, zoned=yes, fsverity=yes
May 29 19:35:28.590956 kernel: Key type big_key registered
May 29 19:35:28.590959 kernel: Key type encrypted registered
May 29 19:35:28.590963 kernel: ima: No TPM chip found, activating TPM-bypass!
May 29 19:35:28.590965 kernel: Loading compiled-in module X.509 certificates
May 29 19:35:28.590968 kernel: Loaded X.509 cert 'Fedora kernel signing key: 759beb8e2b525990936366fc8cf469ec4b1e8a51'
May 29 19:35:28.590971 kernel: ima: Allocated hash algorithm: sha256
May 29 19:35:28.590974 kernel: ima: No architecture policies found
May 29 19:35:28.590977 kernel: evm: Initialising EVM extended attributes:
May 29 19:35:28.590980 kernel: evm: security.selinux
May 29 19:35:28.590983 kernel: evm: security.SMACK64 (disabled)
May 29 19:35:28.590986 kernel: evm: security.SMACK64EXEC (disabled)
May 29 19:35:28.590990 kernel: evm: security.SMACK64TRANSMUTE (disabled)
May 29 19:35:28.590993 kernel: evm: security.SMACK64MMAP (disabled)
May 29 19:35:28.590996 kernel: evm: security.apparmor (disabled)
May 29 19:35:28.590999 kernel: evm: security.ima
May 29 19:35:28.591002 kernel: evm: security.capability
May 29 19:35:28.591005 kernel: evm: HMAC attrs: 0x1
May 29 19:35:28.591008 kernel: alg: No test for 842 (842-scomp)
May 29 19:35:28.591010 kernel: PM:   Magic number: 10:220:598
May 29 19:35:28.591170 kernel: pci_bus 0000:15: hash matches
May 29 19:35:28.591174 kernel: RAS: Correctable Errors collector initialized.
May 29 19:35:28.591177 kernel: clk: Disabling unused clocks
May 29 19:35:28.591180 kernel: PM: genpd: Disabling unused power domains
May 29 19:35:28.591188 kernel: Freeing unused decrypted memory: 2028K
May 29 19:35:28.591192 kernel: Freeing unused kernel image (initmem) memory: 5116K
May 29 19:35:28.591195 kernel: Write protecting the kernel read-only data: 40960k
May 29 19:35:28.591198 kernel: Freeing unused kernel image (text/rodata gap) memory: 508K
May 29 19:35:28.591201 kernel: Freeing unused kernel image (rodata/data gap) memory: 452K
May 29 19:35:28.591204 kernel: x86/mm: Checked W+X mappings: passed, no W+X pages found.
May 29 19:35:28.591312 kernel: Run /init as init process
May 29 19:35:28.591315 kernel:   with arguments:
May 29 19:35:28.591318 kernel:     /init
May 29 19:35:28.591321 kernel:   with environment:
May 29 19:35:28.591325 kernel:     HOME=/
May 29 19:35:28.591328 kernel:     TERM=linux
May 29 19:35:28.591331 kernel:     BOOT_IMAGE=(hd0,gpt3)/boot/ostree/fedora-coreos-5088f34c4256ec3d32d31a79920f5c3be2cae45090b7e32b57a2ae2f8a7bc59b/vmlinuz-6.17.1-300.fc43.x86_64
May 29 19:35:28.591334 kernel:     ostree=/ostree/boot.1/fedora-coreos/5088f34c4256ec3d32d31a79920f5c3be2cae45090b7e32b57a2ae2f8a7bc59b/0
May 29 19:35:28.591342 systemd-journald.service[311]: Missed 1 kernel messages
May 29 19:35:28.591352 kernel: input: AT Translated Set 2 keyboard as /devices/platform/i8042/serio0/input/input2
May 29 19:35:28.591364 systemd-journald.service[311]: Missed 23 kernel messages
May 29 19:35:28.591369 kernel: input: ImPS/2 Generic Wheel Mouse as /devices/platform/i8042/serio1/input/input4
May 29 19:35:28.591381 systemd-journald.service[311]: Missed 26 kernel messages
May 29 19:35:28.591385 kernel: fuse: init (API version 7.44)
May 29 19:35:28.591388 kernel: i2c_dev: i2c /dev entries driver
May 29 19:35:28.591391 kernel: alua: device handler registered
May 29 19:35:28.591395 systemd-journald.service[311]: Missed 1 kernel messages
May 29 19:35:28.591499 kernel: emc: device handler registered
May 29 19:35:28.591502 kernel: rdac: device handler registered
May 29 19:35:28.591509 systemd-journald.service[311]: Journal started
May 29 19:35:28.591523 systemd-journald.service[311]: Runtime Journal (/run/log/journal/ec21c6e613277cd85bd79a9acbb259b6) is 8M, max 312.9M, 304.9M free.
May 29 19:35:28.558839 systemd-modules-load[314]: Inserted module 'fuse'
May 29 19:35:28.561336 systemd-modules-load[314]: Inserted module 'i2c_dev'
May 29 19:35:28.561348 systemd-modules-load[314]: Module 'msr' is built in
May 29 19:35:28.563690 systemd-modules-load[314]: Inserted module 'scsi_dh_alua'
May 29 19:35:28.566390 systemd-modules-load[314]: Inserted module 'scsi_dh_emc'
May 29 19:35:28.568493 systemd-modules-load[314]: Inserted module 'scsi_dh_rdac'
May 29 19:35:28.613367 init.scope[1]: Finished systemd-vconsole-setup.service - Virtual Console Setup.
May 29 19:35:28.615739 init.scope[1]: Finished systemd-sysctl.service - Apply Kernel Variables.
May 29 19:35:28.620384 init.scope[1]: Starting dracut-cmdline-ask.service - dracut ask for additional cmdline parameters...
May 29 19:35:28.632420 init.scope[1]: Finished systemd-tmpfiles-setup-dev-early.service - Create Static Device Nodes in /dev gracefully.
May 29 19:35:28.634188 init.scope[1]: Starting systemd-sysusers.service - Create System Users...
May 29 19:35:28.638755 init.scope[1]: Finished systemd-sysusers.service - Create System Users.
May 29 19:35:28.640029 init.scope[1]: Starting systemd-tmpfiles-setup-dev.service - Create Static Device Nodes in /dev...
May 29 19:35:28.641944 init.scope[1]: Starting systemd-tmpfiles-setup.service - Create System Files and Directories...
May 29 19:35:28.645236 init.scope[1]: Finished dracut-cmdline-ask.service - dracut ask for additional cmdline parameters.
May 29 19:35:28.649590 init.scope[1]: Starting dracut-cmdline.service - dracut cmdline hook...
May 29 19:35:28.654325 systemd-tmpfiles-setup.service[351]: /usr/lib/tmpfiles.d/var.conf:14: Duplicate line for path "/var/log", ignoring.
May 29 19:35:28.656161 init.scope[1]: Finished systemd-tmpfiles-setup-dev.service - Create Static Device Nodes in /dev.
May 29 19:35:28.659719 dracut-cmdline.service[354]: dracut-107-8.fc43
May 29 19:35:28.660723 dracut-cmdline.service[354]: Using kernel command line parameters:  rd.driver.pre=btrfs ip=auto   BOOT_IMAGE=(hd0,gpt3)/boot/ostree/fedora-coreos-5088f34c4256ec3d32d31a79920f5c3be2cae45090b7e32b57a2ae2f8a7bc59b/vmlinuz-6.17.1-300.fc43.x86_64 rw ignition.firstboot mitigations=auto,nosmt ostree=/ostree/boot.1/fedora-coreos/5088f34c4256ec3d32d31a79920f5c3be2cae45090b7e32b57a2ae2f8a7bc59b/0 ignition.platform.id=aws console=tty0 console=ttyS0,115200n8
May 29 19:35:28.666463 init.scope[1]: Reached target local-fs-pre.target - Preparation for Local File Systems.
May 29 19:35:28.670117 init.scope[1]: Reached target local-fs.target - Local File Systems.
May 29 19:35:28.675977 init.scope[1]: Finished systemd-tmpfiles-setup.service - Create System Files and Directories.
May 29 19:35:28.693082 systemd-journald.service[311]: Missed 33 kernel messages
May 29 19:35:28.693082 kernel: Loading iSCSI transport class v2.0-870.
May 29 19:35:28.704087 kernel: iscsi: registered transport (tcp)
May 29 19:35:28.721078 kernel: iscsi: registered transport (qla4xxx)
May 29 19:35:28.721085 kernel: QLogic iSCSI HBA Driver
May 29 19:35:28.731077 kernel: libcxgbi:libcxgbi_init_module: Chelsio iSCSI driver library libcxgbi v0.9.1-ko (Apr. 2015)
May 29 19:35:28.747081 kernel: Chelsio T3 iSCSI Driver cxgb3i v2.0.1-ko (Apr. 2015)
May 29 19:35:28.747086 kernel: iscsi: registered transport (cxgb3i)
May 29 19:35:28.785194 kernel: Chelsio T4-T6 iSCSI Driver cxgb4i v0.9.5-ko (Apr. 2015)
May 29 19:35:28.785198 kernel: iscsi: registered transport (cxgb4i)
