May 29 20:57:13.934809 kernel: Linux version 5.14.0-570.55.1.el9_6.x86_64 (mockbuild@x86-64-04.build.eng.rdu2.redhat.com) (gcc (GCC) 11.5.0 20240719 (Red Hat 11.5.0-5), GNU ld version 2.35.2-63.el9) #1 SMP PREEMPT_DYNAMIC Tue Oct 14 01:03:55 EDT 2025
May 29 20:57:13.934821 kernel: The list of certified hardware and cloud instances for Red Hat Enterprise Linux 9 can be viewed at the Red Hat Ecosystem Catalog, https://catalog.redhat.com.
May 29 20:57:13.934825 kernel: Command line: BOOT_IMAGE=(hd0,gpt3)/boot/ostree/rhcos-617b0e78715ed36bc2244f65434be3f79c4e5cc41b856cce9de411575dfca7bd/vmlinuz-5.14.0-570.55.1.el9_6.x86_64 rw ignition.firstboot ostree=/ostree/boot.1/rhcos/617b0e78715ed36bc2244f65434be3f79c4e5cc41b856cce9de411575dfca7bd/0 ignition.platform.id=aws console=tty0 console=ttyS0,115200n8
May 29 20:57:13.934828 kernel: BIOS-provided physical RAM map:
May 29 20:57:13.934831 kernel: BIOS-e820: [mem 0x0000000000000000-0x000000000009fbff] usable
May 29 20:57:13.934833 kernel: BIOS-e820: [mem 0x000000000009fc00-0x000000000009ffff] reserved
May 29 20:57:13.934836 kernel: BIOS-e820: [mem 0x00000000000f0000-0x00000000000fffff] reserved
May 29 20:57:13.934839 kernel: BIOS-e820: [mem 0x0000000000100000-0x00000000bffe7fff] usable
May 29 20:57:13.934841 kernel: BIOS-e820: [mem 0x00000000bffe8000-0x00000000bfffffff] reserved
May 29 20:57:13.934844 kernel: BIOS-e820: [mem 0x00000000e0000000-0x00000000e03fffff] reserved
May 29 20:57:13.934846 kernel: BIOS-e820: [mem 0x00000000fffc0000-0x00000000ffffffff] reserved
May 29 20:57:13.934848 kernel: BIOS-e820: [mem 0x0000000100000000-0x000000042b3fffff] usable
May 29 20:57:13.934850 kernel: BIOS-e820: [mem 0x000000042b400000-0x000000043fffffff] reserved
May 29 20:57:13.934853 kernel: BIOS-e820: [mem 0x0000000440100000-0x0000000442bfffff] reserved
May 29 20:57:13.934855 kernel: NX (Execute Disable) protection: active
May 29 20:57:13.934857 kernel: APIC: Static calls initialized
May 29 20:57:13.934860 kernel: SMBIOS 2.7 present.
May 29 20:57:13.934862 kernel: DMI: Amazon EC2 m8a.xlarge/, BIOS 1.0 10/16/2017
May 29 20:57:13.934864 kernel: Hypervisor detected: KVM
May 29 20:57:13.934867 kernel: kvm-clock: Using msrs 4b564d01 and 4b564d00
May 29 20:57:13.934869 kernel: kvm-clock: using sched offset of 16388444961 cycles
May 29 20:57:13.934882 kernel: clocksource: kvm-clock: mask: 0xffffffffffffffff max_cycles: 0x1cd42e4dffb, max_idle_ns: 881590591483 ns
May 29 20:57:13.934885 kernel: tsc: Detected 2600.000 MHz processor
May 29 20:57:13.934888 kernel: e820: update [mem 0x00000000-0x00000fff] usable ==> reserved
May 29 20:57:13.934890 kernel: e820: remove [mem 0x000a0000-0x000fffff] usable
May 29 20:57:13.934893 kernel: last_pfn = 0x42b400 max_arch_pfn = 0x400000000
May 29 20:57:13.934895 kernel: MTRR map: 4 entries (3 fixed + 1 variable; max 19), built from 8 variable MTRRs
May 29 20:57:13.934897 kernel: x86/PAT: Configuration [0-7]: WB  WC  UC- UC  WB  WP  UC- WT  
May 29 20:57:13.934900 kernel: last_pfn = 0xbffe8 max_arch_pfn = 0x400000000
May 29 20:57:13.934902 kernel: Using GB pages for direct mapping
May 29 20:57:13.934905 kernel: RAMDISK: [mem 0x2b47b000-0x31a35fff]
May 29 20:57:13.934907 kernel: ACPI: Early table checksum verification disabled
May 29 20:57:13.934910 kernel: ACPI: RSDP 0x00000000000F8F00 000014 (v00 AMAZON)
May 29 20:57:13.934913 kernel: ACPI: RSDT 0x00000000BFFECC40 000048 (v01 AMAZON AMZNRSDT 00000001 AMZN 00000001)
May 29 20:57:13.934915 kernel: ACPI: WAET 0x00000000BFFEFFC0 000028 (v01 AMAZON AMZNWAET 00000001 AMZN 00000001)
May 29 20:57:13.934917 kernel: ACPI: SLIT 0x00000000BFFEFF40 00006C (v01 AMAZON AMZNSLIT 00000001 AMZN 00000001)
May 29 20:57:13.934920 kernel: ACPI: APIC 0x00000000BFFEFE80 000086 (v01 AMAZON AMZNAPIC 00000001 AMZN 00000001)
May 29 20:57:13.934922 kernel: ACPI: SRAT 0x00000000BFFEFDC0 0000C0 (v01 AMAZON AMZNSRAT 00000001 AMZN 00000001)
May 29 20:57:13.934924 kernel: ACPI: FACP 0x00000000BFFEFC80 000114 (v01 AMAZON AMZNFACP 00000001 AMZN 00000001)
May 29 20:57:13.934927 kernel: ACPI: DSDT 0x00000000BFFEE5C0 00165D (v01 AMAZON AMZNDSDT 00000001 AMZN 00000001)
May 29 20:57:13.934930 kernel: ACPI: FACS 0x00000000000F8EC0 000040
May 29 20:57:13.934932 kernel: ACPI: HPET 0x00000000BFFEFC40 000038 (v01 AMAZON AMZNHPET 00000001 AMZN 00000001)
May 29 20:57:13.934935 kernel: ACPI: SSDT 0x00000000BFFECE40 001756 (v01 AMAZON AMZNSSDT 00000001 AMZN 00000001)
May 29 20:57:13.934937 kernel: ACPI: SSDT 0x00000000BFFECD40 0000D1 (v01 AMAZON AMZNSSDT 00000001 AMZN 00000001)
May 29 20:57:13.934939 kernel: ACPI: MCFG 0x00000000BFFECCC0 00004C (v01 AMAZON AMZNMCFG 00000001 AMZN 00000001)
May 29 20:57:13.934942 kernel: ACPI: Reserving WAET table memory at [mem 0xbffeffc0-0xbffeffe7]
May 29 20:57:13.934945 kernel: ACPI: Reserving SLIT table memory at [mem 0xbffeff40-0xbffeffab]
May 29 20:57:13.934947 kernel: ACPI: Reserving APIC table memory at [mem 0xbffefe80-0xbffeff05]
May 29 20:57:13.934949 kernel: ACPI: Reserving SRAT table memory at [mem 0xbffefdc0-0xbffefe7f]
May 29 20:57:13.934952 kernel: ACPI: Reserving FACP table memory at [mem 0xbffefc80-0xbffefd93]
May 29 20:57:13.934954 kernel: ACPI: Reserving DSDT table memory at [mem 0xbffee5c0-0xbffefc1c]
May 29 20:57:13.934956 kernel: ACPI: Reserving FACS table memory at [mem 0xf8ec0-0xf8eff]
May 29 20:57:13.934959 kernel: ACPI: Reserving HPET table memory at [mem 0xbffefc40-0xbffefc77]
May 29 20:57:13.934961 kernel: ACPI: Reserving SSDT table memory at [mem 0xbffece40-0xbffee595]
May 29 20:57:13.934963 kernel: ACPI: Reserving SSDT table memory at [mem 0xbffecd40-0xbffece10]
May 29 20:57:13.934965 kernel: ACPI: Reserving MCFG table memory at [mem 0xbffeccc0-0xbffecd0b]
May 29 20:57:13.934968 kernel: SRAT: PXM 0 -> APIC 0x00 -> Node 0
May 29 20:57:13.934970 kernel: SRAT: PXM 0 -> APIC 0x01 -> Node 0
May 29 20:57:13.934972 kernel: SRAT: PXM 0 -> APIC 0x02 -> Node 0
May 29 20:57:13.934974 kernel: SRAT: PXM 0 -> APIC 0x03 -> Node 0
May 29 20:57:13.934977 kernel: ACPI: SRAT: Node 0 PXM 0 [mem 0x00000000-0xbfffffff]
May 29 20:57:13.934980 kernel: ACPI: SRAT: Node 0 PXM 0 [mem 0x100000000-0x43fffffff]
May 29 20:57:13.934982 kernel: NUMA: Initialized distance table, cnt=1
May 29 20:57:13.934984 kernel: NUMA: Node 0 [mem 0x00000000-0xbfffffff] + [mem 0x100000000-0x42b3fffff] -> [mem 0x00000000-0x42b3fffff]
May 29 20:57:13.934987 kernel: NODE_DATA(0) allocated [mem 0x42b3d4000-0x42b3fefff]
May 29 20:57:13.934989 kernel: Zone ranges:
May 29 20:57:13.934992 kernel:   DMA      [mem 0x0000000000001000-0x0000000000ffffff]
May 29 20:57:13.934994 kernel:   DMA32    [mem 0x0000000001000000-0x00000000ffffffff]
May 29 20:57:13.934996 kernel:   Normal   [mem 0x0000000100000000-0x000000042b3fffff]
May 29 20:57:13.934998 kernel:   Device   empty
May 29 20:57:13.935001 kernel: Movable zone start for each node
May 29 20:57:13.935003 kernel: Early memory node ranges
May 29 20:57:13.935006 kernel:   node   0: [mem 0x0000000000001000-0x000000000009efff]
May 29 20:57:13.935008 kernel:   node   0: [mem 0x0000000000100000-0x00000000bffe7fff]
May 29 20:57:13.935011 kernel:   node   0: [mem 0x0000000100000000-0x000000042b3fffff]
May 29 20:57:13.935013 kernel: Initmem setup node 0 [mem 0x0000000000001000-0x000000042b3fffff]
May 29 20:57:13.935015 kernel: On node 0, zone DMA: 1 pages in unavailable ranges
May 29 20:57:13.935018 kernel: On node 0, zone DMA: 97 pages in unavailable ranges
May 29 20:57:13.935020 kernel: On node 0, zone Normal: 24 pages in unavailable ranges
May 29 20:57:13.935022 kernel: On node 0, zone Normal: 19456 pages in unavailable ranges
May 29 20:57:13.935025 kernel: ACPI: PM-Timer IO Port: 0xb008
May 29 20:57:13.935027 kernel: ACPI: LAPIC_NMI (acpi_id[0xff] dfl dfl lint[0x1])
May 29 20:57:13.935029 kernel: IOAPIC[0]: apic_id 0, version 32, address 0xfec00000, GSI 0-23
May 29 20:57:13.935032 kernel: ACPI: INT_SRC_OVR (bus 0 bus_irq 5 global_irq 5 high level)
May 29 20:57:13.935034 kernel: ACPI: INT_SRC_OVR (bus 0 bus_irq 9 global_irq 9 high level)
May 29 20:57:13.935037 kernel: ACPI: INT_SRC_OVR (bus 0 bus_irq 10 global_irq 10 high level)
May 29 20:57:13.935039 kernel: ACPI: INT_SRC_OVR (bus 0 bus_irq 11 global_irq 11 high level)
May 29 20:57:13.935041 kernel: ACPI: Using ACPI (MADT) for SMP configuration information
May 29 20:57:13.935044 kernel: ACPI: HPET id: 0x8086a201 base: 0xfed00000
May 29 20:57:13.935046 kernel: CPU topo: Max. logical packages:   1
May 29 20:57:13.935048 kernel: CPU topo: Max. logical dies:       1
May 29 20:57:13.935051 kernel: CPU topo: Max. dies per package:   1
May 29 20:57:13.935053 kernel: CPU topo: Max. threads per core:   1
May 29 20:57:13.935055 kernel: CPU topo: Num. cores per package:     4
May 29 20:57:13.935058 kernel: CPU topo: Num. threads per package:   4
May 29 20:57:13.935060 kernel: CPU topo: Allowing 4 present CPUs plus 0 hotplug CPUs
May 29 20:57:13.935062 kernel: kvm-guest: APIC: eoi() replaced with kvm_guest_apic_eoi_write()
May 29 20:57:13.935065 kernel: PM: hibernation: Registered nosave memory: [mem 0x00000000-0x00000fff]
May 29 20:57:13.935068 kernel: PM: hibernation: Registered nosave memory: [mem 0x0009f000-0x0009ffff]
May 29 20:57:13.935070 kernel: PM: hibernation: Registered nosave memory: [mem 0x000a0000-0x000effff]
May 29 20:57:13.935072 kernel: PM: hibernation: Registered nosave memory: [mem 0x000f0000-0x000fffff]
May 29 20:57:13.935075 kernel: PM: hibernation: Registered nosave memory: [mem 0xbffe8000-0xbfffffff]
May 29 20:57:13.935077 kernel: PM: hibernation: Registered nosave memory: [mem 0xc0000000-0xdfffffff]
May 29 20:57:13.935079 kernel: PM: hibernation: Registered nosave memory: [mem 0xe0000000-0xe03fffff]
May 29 20:57:13.935081 kernel: PM: hibernation: Registered nosave memory: [mem 0xe0400000-0xfffbffff]
May 29 20:57:13.935084 kernel: PM: hibernation: Registered nosave memory: [mem 0xfffc0000-0xffffffff]
May 29 20:57:13.935086 kernel: [mem 0xc0000000-0xdfffffff] available for PCI devices
May 29 20:57:13.935088 kernel: Booting paravirtualized kernel on KVM
May 29 20:57:13.935091 kernel: clocksource: refined-jiffies: mask: 0xffffffff max_cycles: 0xffffffff, max_idle_ns: 1910969940391419 ns
May 29 20:57:13.935093 kernel: setup_percpu: NR_CPUS:8192 nr_cpumask_bits:4 nr_cpu_ids:4 nr_node_ids:1
May 29 20:57:13.935096 kernel: percpu: Embedded 64 pages/cpu s225280 r8192 d28672 u524288
May 29 20:57:13.935098 kernel: pcpu-alloc: s225280 r8192 d28672 u524288 alloc=1*2097152
May 29 20:57:13.935101 kernel: pcpu-alloc: [0] 0 1 2 3 
May 29 20:57:13.935103 kernel: kvm-guest: PV spinlocks enabled
May 29 20:57:13.935105 kernel: PV qspinlock hash table entries: 256 (order: 0, 4096 bytes, linear)
May 29 20:57:13.935108 kernel: Kernel command line: BOOT_IMAGE=(hd0,gpt3)/boot/ostree/rhcos-617b0e78715ed36bc2244f65434be3f79c4e5cc41b856cce9de411575dfca7bd/vmlinuz-5.14.0-570.55.1.el9_6.x86_64 rw ignition.firstboot ostree=/ostree/boot.1/rhcos/617b0e78715ed36bc2244f65434be3f79c4e5cc41b856cce9de411575dfca7bd/0 ignition.platform.id=aws console=tty0 console=ttyS0,115200n8
May 29 20:57:13.935111 kernel: Unknown kernel command line parameters "BOOT_IMAGE=(hd0,gpt3)/boot/ostree/rhcos-617b0e78715ed36bc2244f65434be3f79c4e5cc41b856cce9de411575dfca7bd/vmlinuz-5.14.0-570.55.1.el9_6.x86_64 ostree=/ostree/boot.1/rhcos/617b0e78715ed36bc2244f65434be3f79c4e5cc41b856cce9de411575dfca7bd/0", will be passed to user space.
May 29 20:57:13.935113 kernel: random: crng init done
May 29 20:57:13.935118 kernel: Dentry cache hash table entries: 2097152 (order: 12, 16777216 bytes, linear)
May 29 20:57:13.935120 kernel: Inode-cache hash table entries: 1048576 (order: 11, 8388608 bytes, linear)
May 29 20:57:13.935123 kernel: Fallback order for Node 0: 0 
May 29 20:57:13.935125 kernel: Built 1 zonelists, mobility grouping on.  Total pages: 4044824
May 29 20:57:13.935128 kernel: Policy zone: Normal
May 29 20:57:13.935130 kernel: mem auto-init: stack:off, heap alloc:off, heap free:off
May 29 20:57:13.935133 kernel: software IO TLB: area num 4.
May 29 20:57:13.935135 kernel: Memory: 3105712K/16436760K available (16384K kernel code, 5766K rwdata, 13628K rodata, 4044K init, 7384K bss, 510696K reserved, 0K cma-reserved)
May 29 20:57:13.935137 kernel: SLUB: HWalign=64, Order=0-3, MinObjects=0, CPUs=4, Nodes=1
May 29 20:57:13.935140 kernel: ftrace: allocating 49069 entries in 192 pages
May 29 20:57:13.935142 kernel: ftrace: allocated 192 pages with 2 groups
May 29 20:57:13.935144 kernel: Dynamic Preempt: voluntary
May 29 20:57:13.935147 kernel: rcu: Preemptible hierarchical RCU implementation.
May 29 20:57:13.935150 kernel: rcu:         RCU event tracing is enabled.
May 29 20:57:13.935153 kernel: rcu:         RCU restricting CPUs from NR_CPUS=8192 to nr_cpu_ids=4.
May 29 20:57:13.935155 kernel:         Trampoline variant of Tasks RCU enabled.
May 29 20:57:13.935158 kernel:         Rude variant of Tasks RCU enabled.
May 29 20:57:13.935160 kernel:         Tracing variant of Tasks RCU enabled.
May 29 20:57:13.935162 kernel: rcu: RCU calculated value of scheduler-enlistment delay is 100 jiffies.
May 29 20:57:13.935165 kernel: rcu: Adjusting geometry for rcu_fanout_leaf=16, nr_cpu_ids=4
May 29 20:57:13.935167 kernel: RCU Tasks: Setting shift to 2 and lim to 1 rcu_task_cb_adjust=1.
May 29 20:57:13.935169 kernel: RCU Tasks Rude: Setting shift to 2 and lim to 1 rcu_task_cb_adjust=1.
May 29 20:57:13.935172 kernel: RCU Tasks Trace: Setting shift to 2 and lim to 1 rcu_task_cb_adjust=1.
May 29 20:57:13.935174 kernel: NR_IRQS: 524544, nr_irqs: 456, preallocated irqs: 16
May 29 20:57:13.935176 kernel: rcu: srcu_init: Setting srcu_struct sizes based on contention.
May 29 20:57:13.935180 kernel: kfence: initialized - using 2097152 bytes for 255 objects at 0x(____ptrval____)-0x(____ptrval____)
May 29 20:57:13.935182 kernel: Console: colour VGA+ 80x25
May 29 20:57:13.935184 kernel: printk: legacy console [tty0] enabled
May 29 20:57:13.935187 kernel: printk: console [ttyS0] enabled
May 29 20:57:13.935189 kernel: ACPI: Core revision 20230331
May 29 20:57:13.935191 kernel: clocksource: hpet: mask: 0xffffffff max_cycles: 0xffffffff, max_idle_ns: 30580167144 ns
May 29 20:57:13.935194 kernel: APIC: Switch to symmetric I/O mode setup
May 29 20:57:13.935196 kernel: x2apic enabled
May 29 20:57:13.935198 kernel: APIC: Switched APIC routing to: physical x2apic
May 29 20:57:13.935201 kernel: kvm-guest: APIC: send_IPI_mask() replaced with kvm_send_ipi_mask()
May 29 20:57:13.935203 kernel: kvm-guest: APIC: send_IPI_mask_allbutself() replaced with kvm_send_ipi_mask_allbutself()
May 29 20:57:13.935205 kernel: kvm-guest: setup PV IPIs
May 29 20:57:13.935208 kernel: ..TIMER: vector=0x30 apic1=0 pin1=0 apic2=-1 pin2=-1
May 29 20:57:13.935211 kernel: clocksource: tsc-early: mask: 0xffffffffffffffff max_cycles: 0x257a3c3232d, max_idle_ns: 440795236700 ns
May 29 20:57:13.935213 kernel: Calibrating delay loop (skipped) preset value.. 5200.00 BogoMIPS (lpj=2600000)
May 29 20:57:13.935216 kernel: process: using mwait in idle threads
May 29 20:57:13.935218 kernel: Last level iTLB entries: 4KB 64, 2MB 64, 4MB 32
May 29 20:57:13.935220 kernel: Last level dTLB entries: 4KB 128, 2MB 128, 4MB 64, 1GB 0
May 29 20:57:13.935222 kernel: Spectre V1 : Mitigation: usercopy/swapgs barriers and __user pointer sanitization
May 29 20:57:13.935225 kernel: Spectre V2 : Mitigation: Enhanced / Automatic IBRS
May 29 20:57:13.935227 kernel: Spectre V2 : Spectre v2 / SpectreRSB mitigation: Filling RSB on context switch
May 29 20:57:13.935230 kernel: Spectre V2 : mitigation: Enabling conditional Indirect Branch Prediction Barrier
May 29 20:57:13.935232 kernel: Speculative Store Bypass: Mitigation: Speculative Store Bypass disabled via prctl
May 29 20:57:13.935235 kernel: x86/fpu: Supporting XSAVE feature 0x001: 'x87 floating point registers'
May 29 20:57:13.935237 kernel: x86/fpu: Supporting XSAVE feature 0x002: 'SSE registers'
May 29 20:57:13.935240 kernel: x86/fpu: Supporting XSAVE feature 0x004: 'AVX registers'
May 29 20:57:13.935242 kernel: x86/fpu: Supporting XSAVE feature 0x020: 'AVX-512 opmask'
May 29 20:57:13.935244 kernel: x86/fpu: Supporting XSAVE feature 0x040: 'AVX-512 Hi256'
May 29 20:57:13.935247 kernel: x86/fpu: Supporting XSAVE feature 0x080: 'AVX-512 ZMM_Hi256'
May 29 20:57:13.935249 kernel: x86/fpu: Supporting XSAVE feature 0x200: 'Protection Keys User registers'
May 29 20:57:13.935251 kernel: x86/fpu: xstate_offset[2]:  576, xstate_sizes[2]:  256
May 29 20:57:13.935254 kernel: x86/fpu: xstate_offset[5]:  832, xstate_sizes[5]:   64
May 29 20:57:13.935256 kernel: x86/fpu: xstate_offset[6]:  896, xstate_sizes[6]:  512
May 29 20:57:13.935258 kernel: x86/fpu: xstate_offset[7]: 1408, xstate_sizes[7]: 1024
May 29 20:57:13.935261 kernel: x86/fpu: xstate_offset[9]: 2432, xstate_sizes[9]:    8
May 29 20:57:13.935264 kernel: x86/fpu: Enabled xstate features 0x2e7, context size is 2440 bytes, using 'compacted' format.
May 29 20:57:13.935266 kernel: Freeing SMP alternatives memory: 40K
May 29 20:57:13.935268 kernel: pid_max: default: 32768 minimum: 301
May 29 20:57:13.935271 kernel: LSM: initializing lsm=lockdown,capability,landlock,yama,integrity,selinux,bpf
May 29 20:57:13.935273 kernel: landlock: Up and running.
May 29 20:57:13.935275 kernel: Yama: becoming mindful.
May 29 20:57:13.935278 kernel: SELinux:  Initializing.
May 29 20:57:13.935280 kernel: LSM support for eBPF active
May 29 20:57:13.935282 kernel: Mount-cache hash table entries: 32768 (order: 6, 262144 bytes, linear)
May 29 20:57:13.935285 kernel: Mountpoint-cache hash table entries: 32768 (order: 6, 262144 bytes, linear)
May 29 20:57:13.935287 kernel: smpboot: CPU0: AMD EPYC 9R45 (family: 0x1a, model: 0x2, stepping: 0x1)
May 29 20:57:13.935290 kernel: Performance Events: Fam17h+ core perfctr, AMD PMU driver.
May 29 20:57:13.935293 kernel: ... version:                2
May 29 20:57:13.935295 kernel: ... bit width:              48
May 29 20:57:13.935297 kernel: ... generic registers:      5
May 29 20:57:13.935299 kernel: ... value mask:             0000ffffffffffff
May 29 20:57:13.935302 kernel: ... max period:             00007fffffffffff
May 29 20:57:13.935304 kernel: ... fixed-purpose events:   0
May 29 20:57:13.935306 kernel: ... event mask:             000000000000001f
May 29 20:57:13.935309 kernel: signal: max sigframe size: 3376
May 29 20:57:13.935311 kernel: rcu: Hierarchical SRCU implementation.
May 29 20:57:13.935313 kernel: rcu:         Max phase no-delay instances is 400.
May 29 20:57:13.935316 kernel: smp: Bringing up secondary CPUs ...
May 29 20:57:13.935318 kernel: smpboot: x86: Booting SMP configuration:
May 29 20:57:13.935321 kernel: .... node  #0, CPUs:      #1 #2 #3
May 29 20:57:13.935323 kernel: smp: Brought up 1 node, 4 CPUs
May 29 20:57:13.935325 kernel: smpboot: Total of 4 processors activated (20800.00 BogoMIPS)
May 29 20:57:13.935328 kernel: node 0 deferred pages initialised in 7ms
May 29 20:57:13.935330 kernel: devtmpfs: initialized
May 29 20:57:13.935332 kernel: x86/mm: Memory block size: 128MB
May 29 20:57:13.935335 kernel: clocksource: jiffies: mask: 0xffffffff max_cycles: 0xffffffff, max_idle_ns: 1911260446275000 ns
May 29 20:57:13.935337 kernel: futex hash table entries: 1024 (order: 4, 65536 bytes, linear)
May 29 20:57:13.935340 kernel: pinctrl core: initialized pinctrl subsystem
May 29 20:57:13.935342 kernel: NET: Registered PF_NETLINK/PF_ROUTE protocol family
May 29 20:57:13.935344 kernel: DMA: preallocated 2048 KiB GFP_KERNEL pool for atomic allocations
May 29 20:57:13.935347 kernel: DMA: preallocated 2048 KiB GFP_KERNEL|GFP_DMA pool for atomic allocations
May 29 20:57:13.935350 kernel: DMA: preallocated 2048 KiB GFP_KERNEL|GFP_DMA32 pool for atomic allocations
May 29 20:57:13.935352 kernel: audit: initializing netlink subsys (disabled)
May 29 20:57:13.935354 kernel: audit: type=2000 audit(1780088231.951:1): state=initialized audit_enabled=0 res=1
May 29 20:57:13.935357 kernel: thermal_sys: Registered thermal governor 'fair_share'
May 29 20:57:13.935359 kernel: thermal_sys: Registered thermal governor 'step_wise'
May 29 20:57:13.935361 kernel: thermal_sys: Registered thermal governor 'user_space'
May 29 20:57:13.935364 kernel: cpuidle: using governor menu
May 29 20:57:13.935366 kernel: acpiphp: ACPI Hot Plug PCI Controller Driver version: 0.5
May 29 20:57:13.935368 kernel: PCI: ECAM [mem 0x440100000-0x4423fffff] (base 0x440000000) for domain 0000 [bus 01-23]
May 29 20:57:13.935371 kernel: PCI: ECAM [mem 0x442400000-0x442bfffff] (base 0x440000000) for domain 0000 [bus 24-2b]
May 29 20:57:13.935373 kernel: PCI: Using configuration type 1 for base access
May 29 20:57:13.935376 kernel: kprobes: kprobe jump-optimization is enabled. All kprobes are optimized if possible.
May 29 20:57:13.935379 kernel: HugeTLB: registered 1.00 GiB page size, pre-allocated 0 pages
May 29 20:57:13.935381 kernel: HugeTLB: 16380 KiB vmemmap can be freed for a 1.00 GiB page
May 29 20:57:13.935383 kernel: HugeTLB: registered 2.00 MiB page size, pre-allocated 0 pages
May 29 20:57:13.935386 kernel: HugeTLB: 28 KiB vmemmap can be freed for a 2.00 MiB page
May 29 20:57:13.935388 kernel: Demotion targets for Node 0: null
May 29 20:57:13.935390 kernel: cryptd: max_cpu_qlen set to 1000
May 29 20:57:13.935392 kernel: ACPI: Added _OSI(Module Device)
May 29 20:57:13.935395 kernel: ACPI: Added _OSI(Processor Device)
May 29 20:57:13.935397 kernel: ACPI: Added _OSI(3.0 _SCP Extensions)
May 29 20:57:13.935399 kernel: ACPI: Added _OSI(Processor Aggregator Device)
May 29 20:57:13.935402 kernel: ACPI: 3 ACPI AML tables successfully acquired and loaded
May 29 20:57:13.935405 kernel: ACPI: _OSC evaluation for CPUs failed, trying _PDC
May 29 20:57:13.935407 kernel: ACPI: Interpreter enabled
May 29 20:57:13.935410 kernel: ACPI: PM: (supports S0 S4 S5)
May 29 20:57:13.935412 kernel: ACPI: Using IOAPIC for interrupt routing
May 29 20:57:13.935414 kernel: PCI: Using host bridge windows from ACPI; if necessary, use "pci=nocrs" and report a bug
May 29 20:57:13.935417 kernel: PCI: Using E820 reservations for host bridge windows
May 29 20:57:13.935419 kernel: ACPI: Enabled 2 GPEs in block 00 to 0F
May 29 20:57:13.935421 kernel: ACPI: PCI Root Bridge [PCI0] (domain 0000 [bus 00])
May 29 20:57:13.935481 kernel: acpi PNP0A03:00: _OSC: OS supports [ExtendedConfig ASPM ClockPM Segments MSI EDR HPX-Type3]
May 29 20:57:13.935510 kernel: acpi PNP0A03:00: fail to add MMCONFIG information, can't access extended configuration space under this bridge
May 29 20:57:13.935514 kernel: acpiphp: Slot [3] registered
May 29 20:57:13.935517 kernel: acpiphp: Slot [4] registered
May 29 20:57:13.935519 kernel: acpiphp: Slot [5] registered
May 29 20:57:13.935521 kernel: acpiphp: Slot [6] registered
May 29 20:57:13.935524 kernel: acpiphp: Slot [7] registered
May 29 20:57:13.935526 kernel: acpiphp: Slot [8] registered
May 29 20:57:13.935528 kernel: acpiphp: Slot [9] registered
May 29 20:57:13.935530 kernel: acpiphp: Slot [10] registered
May 29 20:57:13.935533 kernel: acpiphp: Slot [11] registered
May 29 20:57:13.935535 kernel: acpiphp: Slot [12] registered
May 29 20:57:13.935537 kernel: acpiphp: Slot [13] registered
May 29 20:57:13.935540 kernel: acpiphp: Slot [14] registered
May 29 20:57:13.935542 kernel: acpiphp: Slot [15] registered
May 29 20:57:13.935545 kernel: acpiphp: Slot [16] registered
May 29 20:57:13.935547 kernel: acpiphp: Slot [17] registered
May 29 20:57:13.935549 kernel: acpiphp: Slot [18] registered
May 29 20:57:13.935551 kernel: acpiphp: Slot [19] registered
May 29 20:57:13.935554 kernel: acpiphp: Slot [20] registered
May 29 20:57:13.935556 kernel: acpiphp: Slot [21] registered
May 29 20:57:13.935558 kernel: acpiphp: Slot [22] registered
May 29 20:57:13.935560 kernel: acpiphp: Slot [23] registered
May 29 20:57:13.935562 kernel: acpiphp: Slot [24] registered
May 29 20:57:13.935565 kernel: acpiphp: Slot [25] registered
May 29 20:57:13.935567 kernel: acpiphp: Slot [26] registered
May 29 20:57:13.935570 kernel: acpiphp: Slot [27] registered
May 29 20:57:13.935572 kernel: acpiphp: Slot [28] registered
May 29 20:57:13.935574 kernel: acpiphp: Slot [29] registered
May 29 20:57:13.935577 kernel: acpiphp: Slot [30] registered
May 29 20:57:13.935579 kernel: acpiphp: Slot [31] registered
May 29 20:57:13.935581 kernel: PCI host bridge to bus 0000:00
May 29 20:57:13.935615 kernel: pci_bus 0000:00: root bus resource [io  0x0000-0x0cf7 window]
May 29 20:57:13.935638 kernel: pci_bus 0000:00: root bus resource [io  0x0d00-0xffff window]
May 29 20:57:13.935660 kernel: pci_bus 0000:00: root bus resource [mem 0x000a0000-0x000bffff window]
May 29 20:57:13.935682 kernel: pci_bus 0000:00: root bus resource [mem 0xc0000000-0xc3ffffff window]
May 29 20:57:13.935704 kernel: pci_bus 0000:00: root bus resource [mem 0x480000000-0x481ffffff window]
May 29 20:57:13.935726 kernel: pci_bus 0000:00: root bus resource [bus 00]
May 29 20:57:13.935761 kernel: pci 0000:00:00.0: [8086:1237] type 00 class 0x060000 conventional PCI endpoint
May 29 20:57:13.935792 kernel: pci 0000:00:01.0: [8086:7000] type 00 class 0x060100 conventional PCI endpoint
May 29 20:57:13.935830 kernel: pci 0000:00:01.3: [8086:7113] type 00 class 0x000000 conventional PCI endpoint
May 29 20:57:13.935855 kernel: pci 0000:00:01.3: quirk: [io  0xb000-0xb03f] claimed by PIIX4 ACPI
May 29 20:57:13.935889 kernel: pci 0000:00:01.3: quirk: [io  0xb100-0xb10f] claimed by PIIX4 SMB
May 29 20:57:13.935913 kernel: pci 0000:00:01.3: PIIX4 devres E PIO at fff0-ffff
May 29 20:57:13.935938 kernel: pci 0000:00:01.3: PIIX4 devres F MMIO at ffc00000-ffffffff
May 29 20:57:13.935962 kernel: pci 0000:00:01.3: PIIX4 devres G PIO at fff0-ffff
May 29 20:57:13.935987 kernel: pci 0000:00:01.3: PIIX4 devres H MMIO at ffc00000-ffffffff
May 29 20:57:13.936010 kernel: pci 0000:00:01.3: PIIX4 devres I PIO at fff0-ffff
May 29 20:57:13.936034 kernel: pci 0000:00:01.3: PIIX4 devres J PIO at fff0-ffff
May 29 20:57:13.936067 kernel: pci 0000:00:03.0: [1d0f:1111] type 00 class 0x030000 conventional PCI endpoint
May 29 20:57:13.936094 kernel: pci 0000:00:03.0: BAR 0 [mem 0xc2000000-0xc23fffff pref]
May 29 20:57:13.936119 kernel: pci 0000:00:03.0: ROM [mem 0xc0000000-0xc000ffff pref]
May 29 20:57:13.936158 kernel: pci 0000:00:03.0: Video device with shadowed ROM at [mem 0x000c0000-0x000dffff]
May 29 20:57:13.936189 kernel: pci 0000:00:04.0: [1d0f:8061] type 00 class 0x010802 PCIe Endpoint
May 29 20:57:13.936214 kernel: pci 0000:00:04.0: BAR 0 [mem 0xc0010000-0xc0013fff]
May 29 20:57:13.936238 kernel: pci 0000:00:04.0: enabling Extended Tags
May 29 20:57:13.936260 kernel: pci_bus 0000:00: on NUMA node 0
May 29 20:57:13.936263 kernel: ACPI: PCI Root Bridge [PC01] (domain 0000 [bus 01-23])
May 29 20:57:13.936294 kernel: acpi PNP0A08:00: _OSC: OS supports [ExtendedConfig ASPM ClockPM Segments MSI EDR HPX-Type3]
May 29 20:57:13.936319 kernel: acpi PNP0A08:00: _OSC: platform does not support [SHPCHotplug AER LTR DPC]
May 29 20:57:13.936342 kernel: acpi PNP0A08:00: _OSC: OS now controls [PCIeHotplug PME PCIeCapability]
May 29 20:57:13.936345 kernel: acpiphp: Slot [32] registered
May 29 20:57:13.936347 kernel: acpiphp: Slot [33] registered
May 29 20:57:13.936351 kernel: acpiphp: Slot [34] registered
May 29 20:57:13.936353 kernel: acpiphp: Slot [35] registered
May 29 20:57:13.936355 kernel: acpiphp: Slot [36] registered
May 29 20:57:13.936358 kernel: acpiphp: Slot [37] registered
May 29 20:57:13.936360 kernel: acpiphp: Slot [38] registered
May 29 20:57:13.936362 kernel: acpiphp: Slot [39] registered
May 29 20:57:13.936364 kernel: acpiphp: Slot [40] registered
May 29 20:57:13.936367 kernel: acpiphp: Slot [41] registered
May 29 20:57:13.936369 kernel: acpiphp: Slot [42] registered
May 29 20:57:13.936371 kernel: acpiphp: Slot [43] registered
May 29 20:57:13.936373 kernel: acpiphp: Slot [44] registered
May 29 20:57:13.936376 kernel: acpiphp: Slot [45] registered
May 29 20:57:13.936378 kernel: acpiphp: Slot [46] registered
May 29 20:57:13.936381 kernel: acpiphp: Slot [47] registered
May 29 20:57:13.936383 kernel: acpiphp: Slot [48] registered
May 29 20:57:13.936385 kernel: acpiphp: Slot [49] registered
May 29 20:57:13.936388 kernel: acpiphp: Slot [50] registered
May 29 20:57:13.936390 kernel: acpiphp: Slot [51] registered
May 29 20:57:13.936392 kernel: acpiphp: Slot [52] registered
May 29 20:57:13.936394 kernel: acpiphp: Slot [53] registered
May 29 20:57:13.936397 kernel: acpiphp: Slot [54] registered
May 29 20:57:13.936399 kernel: acpiphp: Slot [55] registered
May 29 20:57:13.936401 kernel: acpiphp: Slot [56] registered
May 29 20:57:13.936404 kernel: acpiphp: Slot [57] registered
May 29 20:57:13.936406 kernel: acpiphp: Slot [58] registered
May 29 20:57:13.936409 kernel: acpiphp: Slot [59] registered
May 29 20:57:13.936411 kernel: acpiphp: Slot [60] registered
May 29 20:57:13.936413 kernel: acpiphp: Slot [61] registered
May 29 20:57:13.936415 kernel: acpiphp: Slot [62] registered
May 29 20:57:13.936418 kernel: acpiphp: Slot [63] registered
May 29 20:57:13.936420 kernel: PCI host bridge to bus 0000:01
May 29 20:57:13.936451 kernel: pci_bus 0000:01: root bus resource [mem 0xc4000000-0xc82fffff window]
May 29 20:57:13.936474 kernel: pci_bus 0000:01: root bus resource [mem 0x482000000-0x4a1ffffff window]
May 29 20:57:13.936496 kernel: pci_bus 0000:01: root bus resource [bus 01-23]
May 29 20:57:13.936527 kernel: pci 0000:01:00.0: [1d0f:0200] type 01 class 0x060400 PCIe Root Port
May 29 20:57:13.936554 kernel: pci 0000:01:00.0: BAR 0 [mem 0xc4000000-0xc40003ff]
May 29 20:57:13.936580 kernel: pci 0000:01:00.0: PCI bridge to [bus 02-23]
May 29 20:57:13.936606 kernel: pci 0000:01:00.0:   bridge window [mem 0xc4100000-0xc82fffff]
May 29 20:57:13.936631 kernel: pci 0000:01:00.0:   bridge window [mem 0x482000000-0x4a1ffffff 64bit pref]
May 29 20:57:13.936661 kernel: pci 0000:02:00.0: [1d0f:0200] type 01 class 0x060400 PCIe Switch Upstream Port
May 29 20:57:13.936686 kernel: pci 0000:02:00.0: BAR 0 [mem 0xc4100000-0xc41003ff]
May 29 20:57:13.936712 kernel: pci 0000:02:00.0: PCI bridge to [bus 03-23]
May 29 20:57:13.936738 kernel: pci 0000:02:00.0:   bridge window [mem 0xc4200000-0xc82fffff]
May 29 20:57:13.936765 kernel: pci 0000:02:00.0:   bridge window [mem 0x482000000-0x4a1ffffff 64bit pref]
May 29 20:57:13.936792 kernel: pci 0000:01:00.0: PCI bridge to [bus 02-23]
May 29 20:57:13.936829 kernel: pci 0000:03:00.0: [1d0f:0200] type 01 class 0x060400 PCIe Switch Downstream Port
May 29 20:57:13.936858 kernel: pci 0000:03:00.0: BAR 0 [mem 0xc4200000-0xc42003ff]
May 29 20:57:13.937116 kernel: pci 0000:03:00.0: PCI bridge to [bus 04]
May 29 20:57:13.937147 kernel: pci 0000:03:00.0:   bridge window [mem 0xc4300000-0xc44fffff]
May 29 20:57:13.937174 kernel: pci 0000:03:00.0:   bridge window [mem 0x482000000-0x482ffffff 64bit pref]
May 29 20:57:13.937209 kernel: pci 0000:03:00.1: [1d0f:0200] type 01 class 0x060400 PCIe Switch Downstream Port
May 29 20:57:13.937237 kernel: pci 0000:03:00.1: BAR 0 [mem 0xc4200400-0xc42007ff]
May 29 20:57:13.937263 kernel: pci 0000:03:00.1: PCI bridge to [bus 05]
May 29 20:57:13.937291 kernel: pci 0000:03:00.1:   bridge window [mem 0xc4500000-0xc46fffff]
May 29 20:57:13.937318 kernel: pci 0000:03:00.1:   bridge window [mem 0x483000000-0x483ffffff 64bit pref]
May 29 20:57:13.937351 kernel: pci 0000:03:00.2: [1d0f:0200] type 01 class 0x060400 PCIe Switch Downstream Port
May 29 20:57:13.937379 kernel: pci 0000:03:00.2: BAR 0 [mem 0xc4200800-0xc4200bff]
May 29 20:57:13.937407 kernel: pci 0000:03:00.2: PCI bridge to [bus 06]
May 29 20:57:13.937435 kernel: pci 0000:03:00.2:   bridge window [mem 0xc4700000-0xc48fffff]
May 29 20:57:13.937463 kernel: pci 0000:03:00.2:   bridge window [mem 0x484000000-0x484ffffff 64bit pref]
May 29 20:57:13.937495 kernel: pci 0000:03:00.3: [1d0f:0200] type 01 class 0x060400 PCIe Switch Downstream Port
May 29 20:57:13.937523 kernel: pci 0000:03:00.3: BAR 0 [mem 0xc4200c00-0xc4200fff]
May 29 20:57:13.937551 kernel: pci 0000:03:00.3: PCI bridge to [bus 07]
May 29 20:57:13.937579 kernel: pci 0000:03:00.3:   bridge window [mem 0xc4900000-0xc4afffff]
May 29 20:57:13.937607 kernel: pci 0000:03:00.3:   bridge window [mem 0x485000000-0x485ffffff 64bit pref]
May 29 20:57:13.937639 kernel: pci 0000:03:00.4: [1d0f:0200] type 01 class 0x060400 PCIe Switch Downstream Port
May 29 20:57:13.937667 kernel: pci 0000:03:00.4: BAR 0 [mem 0xc4201000-0xc42013ff]
May 29 20:57:13.937694 kernel: pci 0000:03:00.4: PCI bridge to [bus 08]
May 29 20:57:13.937721 kernel: pci 0000:03:00.4:   bridge window [mem 0xc4b00000-0xc4cfffff]
May 29 20:57:13.937748 kernel: pci 0000:03:00.4:   bridge window [mem 0x486000000-0x486ffffff 64bit pref]
May 29 20:57:13.937782 kernel: pci 0000:03:00.5: [1d0f:0200] type 01 class 0x060400 PCIe Switch Downstream Port
May 29 20:57:13.937810 kernel: pci 0000:03:00.5: BAR 0 [mem 0xc4201400-0xc42017ff]
May 29 20:57:13.937838 kernel: pci 0000:03:00.5: PCI bridge to [bus 09]
May 29 20:57:13.937865 kernel: pci 0000:03:00.5:   bridge window [mem 0xc4d00000-0xc4efffff]
May 29 20:57:13.937901 kernel: pci 0000:03:00.5:   bridge window [mem 0x487000000-0x487ffffff 64bit pref]
May 29 20:57:13.937937 kernel: pci 0000:03:00.6: [1d0f:0200] type 01 class 0x060400 PCIe Switch Downstream Port
May 29 20:57:13.937965 kernel: pci 0000:03:00.6: BAR 0 [mem 0xc4201800-0xc4201bff]
May 29 20:57:13.937993 kernel: pci 0000:03:00.6: PCI bridge to [bus 0a]
May 29 20:57:13.938020 kernel: pci 0000:03:00.6:   bridge window [mem 0xc4f00000-0xc50fffff]
May 29 20:57:13.938048 kernel: pci 0000:03:00.6:   bridge window [mem 0x488000000-0x488ffffff 64bit pref]
May 29 20:57:13.938081 kernel: pci 0000:03:00.7: [1d0f:0200] type 01 class 0x060400 PCIe Switch Downstream Port
May 29 20:57:13.938109 kernel: pci 0000:03:00.7: BAR 0 [mem 0xc4201c00-0xc4201fff]
May 29 20:57:13.938137 kernel: pci 0000:03:00.7: PCI bridge to [bus 0b]
May 29 20:57:13.938165 kernel: pci 0000:03:00.7:   bridge window [mem 0xc5100000-0xc52fffff]
May 29 20:57:13.938193 kernel: pci 0000:03:00.7:   bridge window [mem 0x489000000-0x489ffffff 64bit pref]
May 29 20:57:13.938226 kernel: pci 0000:03:01.0: [1d0f:0200] type 01 class 0x060400 PCIe Switch Downstream Port
May 29 20:57:13.938254 kernel: pci 0000:03:01.0: BAR 0 [mem 0xc4202000-0xc42023ff]
May 29 20:57:13.938282 kernel: pci 0000:03:01.0: PCI bridge to [bus 0c]
May 29 20:57:13.938352 kernel: pci 0000:03:01.0:   bridge window [mem 0xc5300000-0xc54fffff]
May 29 20:57:13.938484 kernel: pci 0000:03:01.0:   bridge window [mem 0x48a000000-0x48affffff 64bit pref]
May 29 20:57:13.938545 kernel: pci 0000:03:01.1: [1d0f:0200] type 01 class 0x060400 PCIe Switch Downstream Port
May 29 20:57:13.938573 kernel: pci 0000:03:01.1: BAR 0 [mem 0xc4202400-0xc42027ff]
May 29 20:57:13.938601 kernel: pci 0000:03:01.1: PCI bridge to [bus 0d]
May 29 20:57:13.938629 kernel: pci 0000:03:01.1:   bridge window [mem 0xc5500000-0xc56fffff]
May 29 20:57:13.938696 kernel: pci 0000:03:01.1:   bridge window [mem 0x48b000000-0x48bffffff 64bit pref]
May 29 20:57:13.938729 kernel: pci 0000:03:01.2: [1d0f:0200] type 01 class 0x060400 PCIe Switch Downstream Port
May 29 20:57:13.938757 kernel: pci 0000:03:01.2: BAR 0 [mem 0xc4202800-0xc4202bff]
May 29 20:57:13.938785 kernel: pci 0000:03:01.2: PCI bridge to [bus 0e]
May 29 20:57:13.938813 kernel: pci 0000:03:01.2:   bridge window [mem 0xc5700000-0xc58fffff]
May 29 20:57:13.938849 kernel: pci 0000:03:01.2:   bridge window [mem 0x48c000000-0x48cffffff 64bit pref]
May 29 20:57:13.938940 kernel: pci 0000:03:01.3: [1d0f:0200] type 01 class 0x060400 PCIe Switch Downstream Port
May 29 20:57:13.938968 kernel: pci 0000:03:01.3: BAR 0 [mem 0xc4202c00-0xc4202fff]
May 29 20:57:13.938994 kernel: pci 0000:03:01.3: PCI bridge to [bus 0f]
May 29 20:57:13.939020 kernel: pci 0000:03:01.3:   bridge window [mem 0xc5900000-0xc5afffff]
May 29 20:57:13.939048 kernel: pci 0000:03:01.3:   bridge window [mem 0x48d000000-0x48dffffff 64bit pref]
May 29 20:57:13.939082 kernel: pci 0000:03:01.4: [1d0f:0200] type 01 class 0x060400 PCIe Switch Downstream Port
May 29 20:57:13.939111 kernel: pci 0000:03:01.4: BAR 0 [mem 0xc4203000-0xc42033ff]
May 29 20:57:13.939139 kernel: pci 0000:03:01.4: PCI bridge to [bus 10]
May 29 20:57:13.939168 kernel: pci 0000:03:01.4:   bridge window [mem 0xc5b00000-0xc5cfffff]
May 29 20:57:13.939196 kernel: pci 0000:03:01.4:   bridge window [mem 0x48e000000-0x48effffff 64bit pref]
May 29 20:57:13.939228 kernel: pci 0000:03:01.5: [1d0f:0200] type 01 class 0x060400 PCIe Switch Downstream Port
May 29 20:57:13.939256 kernel: pci 0000:03:01.5: BAR 0 [mem 0xc4203400-0xc42037ff]
May 29 20:57:13.939284 kernel: pci 0000:03:01.5: PCI bridge to [bus 11]
May 29 20:57:13.939312 kernel: pci 0000:03:01.5:   bridge window [mem 0xc5d00000-0xc5efffff]
May 29 20:57:13.939340 kernel: pci 0000:03:01.5:   bridge window [mem 0x48f000000-0x48fffffff 64bit pref]
May 29 20:57:13.939373 kernel: pci 0000:03:01.6: [1d0f:0200] type 01 class 0x060400 PCIe Switch Downstream Port
May 29 20:57:13.939401 kernel: pci 0000:03:01.6: BAR 0 [mem 0xc4203800-0xc4203bff]
May 29 20:57:13.939429 kernel: pci 0000:03:01.6: PCI bridge to [bus 12]
May 29 20:57:13.939457 kernel: pci 0000:03:01.6:   bridge window [mem 0xc5f00000-0xc60fffff]
May 29 20:57:13.939485 kernel: pci 0000:03:01.6:   bridge window [mem 0x490000000-0x490ffffff 64bit pref]
May 29 20:57:13.939517 kernel: pci 0000:03:01.7: [1d0f:0200] type 01 class 0x060400 PCIe Switch Downstream Port
May 29 20:57:13.939545 kernel: pci 0000:03:01.7: BAR 0 [mem 0xc4203c00-0xc4203fff]
May 29 20:57:13.939572 kernel: pci 0000:03:01.7: PCI bridge to [bus 13]
May 29 20:57:13.939600 kernel: pci 0000:03:01.7:   bridge window [mem 0xc6100000-0xc62fffff]
May 29 20:57:13.939627 kernel: pci 0000:03:01.7:   bridge window [mem 0x491000000-0x491ffffff 64bit pref]
May 29 20:57:13.939659 kernel: pci 0000:03:02.0: [1d0f:0200] type 01 class 0x060400 PCIe Switch Downstream Port
May 29 20:57:13.939687 kernel: pci 0000:03:02.0: BAR 0 [mem 0xc4204000-0xc42043ff]
May 29 20:57:13.939715 kernel: pci 0000:03:02.0: PCI bridge to [bus 14]
May 29 20:57:13.939744 kernel: pci 0000:03:02.0:   bridge window [mem 0xc6300000-0xc64fffff]
May 29 20:57:13.939771 kernel: pci 0000:03:02.0:   bridge window [mem 0x492000000-0x492ffffff 64bit pref]
May 29 20:57:13.939804 kernel: pci 0000:03:02.1: [1d0f:0200] type 01 class 0x060400 PCIe Switch Downstream Port
May 29 20:57:13.939838 kernel: pci 0000:03:02.1: BAR 0 [mem 0xc4204400-0xc42047ff]
May 29 20:57:13.939866 kernel: pci 0000:03:02.1: PCI bridge to [bus 15]
May 29 20:57:13.939900 kernel: pci 0000:03:02.1:   bridge window [mem 0xc6500000-0xc66fffff]
May 29 20:57:13.939928 kernel: pci 0000:03:02.1:   bridge window [mem 0x493000000-0x493ffffff 64bit pref]
May 29 20:57:13.939965 kernel: pci 0000:03:02.2: [1d0f:0200] type 01 class 0x060400 PCIe Switch Downstream Port
May 29 20:57:13.939993 kernel: pci 0000:03:02.2: BAR 0 [mem 0xc4204800-0xc4204bff]
May 29 20:57:13.940021 kernel: pci 0000:03:02.2: PCI bridge to [bus 16]
May 29 20:57:13.940049 kernel: pci 0000:03:02.2:   bridge window [mem 0xc6700000-0xc68fffff]
May 29 20:57:13.940077 kernel: pci 0000:03:02.2:   bridge window [mem 0x494000000-0x494ffffff 64bit pref]
May 29 20:57:13.940109 kernel: pci 0000:03:02.3: [1d0f:0200] type 01 class 0x060400 PCIe Switch Downstream Port
May 29 20:57:13.940137 kernel: pci 0000:03:02.3: BAR 0 [mem 0xc4204c00-0xc4204fff]
May 29 20:57:13.940165 kernel: pci 0000:03:02.3: PCI bridge to [bus 17]
May 29 20:57:13.940193 kernel: pci 0000:03:02.3:   bridge window [mem 0xc6900000-0xc6afffff]
May 29 20:57:13.940222 kernel: pci 0000:03:02.3:   bridge window [mem 0x495000000-0x495ffffff 64bit pref]
May 29 20:57:13.940256 kernel: pci 0000:03:02.4: [1d0f:0200] type 01 class 0x060400 PCIe Switch Downstream Port
May 29 20:57:13.940285 kernel: pci 0000:03:02.4: BAR 0 [mem 0xc4205000-0xc42053ff]
May 29 20:57:13.940313 kernel: pci 0000:03:02.4: PCI bridge to [bus 18]
May 29 20:57:13.940340 kernel: pci 0000:03:02.4:   bridge window [mem 0xc6b00000-0xc6cfffff]
May 29 20:57:13.940368 kernel: pci 0000:03:02.4:   bridge window [mem 0x496000000-0x496ffffff 64bit pref]
May 29 20:57:13.940401 kernel: pci 0000:03:02.5: [1d0f:0200] type 01 class 0x060400 PCIe Switch Downstream Port
May 29 20:57:13.940429 kernel: pci 0000:03:02.5: BAR 0 [mem 0xc4205400-0xc42057ff]
May 29 20:57:13.940456 kernel: pci 0000:03:02.5: PCI bridge to [bus 19]
May 29 20:57:13.940484 kernel: pci 0000:03:02.5:   bridge window [mem 0xc6d00000-0xc6efffff]
May 29 20:57:13.940512 kernel: pci 0000:03:02.5:   bridge window [mem 0x497000000-0x497ffffff 64bit pref]
May 29 20:57:13.940545 kernel: pci 0000:03:02.6: [1d0f:0200] type 01 class 0x060400 PCIe Switch Downstream Port
May 29 20:57:13.940573 kernel: pci 0000:03:02.6: BAR 0 [mem 0xc4205800-0xc4205bff]
May 29 20:57:13.940600 kernel: pci 0000:03:02.6: PCI bridge to [bus 1a]
May 29 20:57:13.940627 kernel: pci 0000:03:02.6:   bridge window [mem 0xc6f00000-0xc70fffff]
May 29 20:57:13.940655 kernel: pci 0000:03:02.6:   bridge window [mem 0x498000000-0x498ffffff 64bit pref]
May 29 20:57:13.940687 kernel: pci 0000:03:02.7: [1d0f:0200] type 01 class 0x060400 PCIe Switch Downstream Port
May 29 20:57:13.940715 kernel: pci 0000:03:02.7: BAR 0 [mem 0xc4205c00-0xc4205fff]
May 29 20:57:13.940743 kernel: pci 0000:03:02.7: PCI bridge to [bus 1b]
May 29 20:57:13.940771 kernel: pci 0000:03:02.7:   bridge window [mem 0xc7100000-0xc72fffff]
May 29 20:57:13.940801 kernel: pci 0000:03:02.7:   bridge window [mem 0x499000000-0x499ffffff 64bit pref]
May 29 20:57:13.940970 kernel: pci 0000:03:03.0: [1d0f:0200] type 01 class 0x060400 PCIe Switch Downstream Port
May 29 20:57:13.941111 kernel: pci 0000:03:03.0: BAR 0 [mem 0xc4206000-0xc42063ff]
May 29 20:57:13.941139 kernel: pci 0000:03:03.0: PCI bridge to [bus 1c]
May 29 20:57:13.941166 kernel: pci 0000:03:03.0:   bridge window [mem 0xc7300000-0xc74fffff]
May 29 20:57:13.941198 kernel: pci 0000:03:03.0:   bridge window [mem 0x49a000000-0x49affffff 64bit pref]
May 29 20:57:13.941231 kernel: pci 0000:03:03.1: [1d0f:0200] type 01 class 0x060400 PCIe Switch Downstream Port
May 29 20:57:13.941267 kernel: pci 0000:03:03.1: BAR 0 [mem 0xc4206400-0xc42067ff]
May 29 20:57:13.941323 kernel: pci 0000:03:03.1: PCI bridge to [bus 1d]
May 29 20:57:13.941351 kernel: pci 0000:03:03.1:   bridge window [mem 0xc7500000-0xc76fffff]
May 29 20:57:13.941379 kernel: pci 0000:03:03.1:   bridge window [mem 0x49b000000-0x49bffffff 64bit pref]
May 29 20:57:13.941411 kernel: pci 0000:03:03.2: [1d0f:0200] type 01 class 0x060400 PCIe Switch Downstream Port
May 29 20:57:13.941470 kernel: pci 0000:03:03.2: BAR 0 [mem 0xc4206800-0xc4206bff]
May 29 20:57:13.941536 kernel: pci 0000:03:03.2: PCI bridge to [bus 1e]
May 29 20:57:13.941602 kernel: pci 0000:03:03.2:   bridge window [mem 0xc7700000-0xc78fffff]
May 29 20:57:13.941644 kernel: pci 0000:03:03.2:   bridge window [mem 0x49c000000-0x49cffffff 64bit pref]
May 29 20:57:13.941677 kernel: pci 0000:03:03.3: [1d0f:0200] type 01 class 0x060400 PCIe Switch Downstream Port
May 29 20:57:13.941714 kernel: pci 0000:03:03.3: BAR 0 [mem 0xc4206c00-0xc4206fff]
May 29 20:57:13.941743 kernel: pci 0000:03:03.3: PCI bridge to [bus 1f]
May 29 20:57:13.941771 kernel: pci 0000:03:03.3:   bridge window [mem 0xc7900000-0xc7afffff]
May 29 20:57:13.941799 kernel: pci 0000:03:03.3:   bridge window [mem 0x49d000000-0x49dffffff 64bit pref]
May 29 20:57:13.941831 kernel: pci 0000:03:03.4: [1d0f:0200] type 01 class 0x060400 PCIe Switch Downstream Port
May 29 20:57:13.941860 kernel: pci 0000:03:03.4: BAR 0 [mem 0xc4207000-0xc42073ff]
May 29 20:57:13.941894 kernel: pci 0000:03:03.4: PCI bridge to [bus 20]
May 29 20:57:13.941923 kernel: pci 0000:03:03.4:   bridge window [mem 0xc7b00000-0xc7cfffff]
May 29 20:57:13.941951 kernel: pci 0000:03:03.4:   bridge window [mem 0x49e000000-0x49effffff 64bit pref]
May 29 20:57:13.941983 kernel: pci 0000:03:03.5: [1d0f:0200] type 01 class 0x060400 PCIe Switch Downstream Port
May 29 20:57:13.942012 kernel: pci 0000:03:03.5: BAR 0 [mem 0xc4207400-0xc42077ff]
May 29 20:57:13.942040 kernel: pci 0000:03:03.5: PCI bridge to [bus 21]
May 29 20:57:13.942067 kernel: pci 0000:03:03.5:   bridge window [mem 0xc7d00000-0xc7efffff]
May 29 20:57:13.942096 kernel: pci 0000:03:03.5:   bridge window [mem 0x49f000000-0x49fffffff 64bit pref]
May 29 20:57:13.942131 kernel: pci 0000:03:03.6: [1d0f:0200] type 01 class 0x060400 PCIe Switch Downstream Port
May 29 20:57:13.942159 kernel: pci 0000:03:03.6: BAR 0 [mem 0xc4207800-0xc4207bff]
May 29 20:57:13.942186 kernel: pci 0000:03:03.6: PCI bridge to [bus 22]
May 29 20:57:13.942213 kernel: pci 0000:03:03.6:   bridge window [mem 0xc7f00000-0xc80fffff]
May 29 20:57:13.942242 kernel: pci 0000:03:03.6:   bridge window [mem 0x4a0000000-0x4a0ffffff 64bit pref]
May 29 20:57:13.942274 kernel: pci 0000:03:03.7: [1d0f:0200] type 01 class 0x060400 PCIe Switch Downstream Port
May 29 20:57:13.942302 kernel: pci 0000:03:03.7: BAR 0 [mem 0xc4207c00-0xc4207fff]
May 29 20:57:13.942330 kernel: pci 0000:03:03.7: PCI bridge to [bus 23]
May 29 20:57:13.942357 kernel: pci 0000:03:03.7:   bridge window [mem 0xc8100000-0xc82fffff]
May 29 20:57:13.942385 kernel: pci 0000:03:03.7:   bridge window [mem 0x4a1000000-0x4a1ffffff 64bit pref]
May 29 20:57:13.942413 kernel: pci 0000:02:00.0: PCI bridge to [bus 03-23]
May 29 20:57:13.942440 kernel: pci 0000:03:00.0: PCI bridge to [bus 04]
May 29 20:57:13.942468 kernel: pci 0000:03:00.1: PCI bridge to [bus 05]
May 29 20:57:13.942496 kernel: pci 0000:03:00.2: PCI bridge to [bus 06]
May 29 20:57:13.942523 kernel: pci 0000:03:00.3: PCI bridge to [bus 07]
May 29 20:57:13.942551 kernel: pci 0000:03:00.4: PCI bridge to [bus 08]
May 29 20:57:13.942579 kernel: pci 0000:03:00.5: PCI bridge to [bus 09]
May 29 20:57:13.942607 kernel: pci 0000:03:00.6: PCI bridge to [bus 0a]
May 29 20:57:13.942635 kernel: pci 0000:03:00.7: PCI bridge to [bus 0b]
May 29 20:57:13.942663 kernel: pci 0000:03:01.0: PCI bridge to [bus 0c]
May 29 20:57:13.942691 kernel: pci 0000:03:01.1: PCI bridge to [bus 0d]
May 29 20:57:13.942719 kernel: pci 0000:03:01.2: PCI bridge to [bus 0e]
May 29 20:57:13.942746 kernel: pci 0000:03:01.3: PCI bridge to [bus 0f]
May 29 20:57:13.942774 kernel: pci 0000:03:01.4: PCI bridge to [bus 10]
May 29 20:57:13.942803 kernel: pci 0000:03:01.5: PCI bridge to [bus 11]
May 29 20:57:13.942830 kernel: pci 0000:03:01.6: PCI bridge to [bus 12]
May 29 20:57:13.942858 kernel: pci 0000:03:01.7: PCI bridge to [bus 13]
May 29 20:57:13.942892 kernel: pci 0000:03:02.0: PCI bridge to [bus 14]
May 29 20:57:13.942919 kernel: pci 0000:03:02.1: PCI bridge to [bus 15]
May 29 20:57:13.942947 kernel: pci 0000:03:02.2: PCI bridge to [bus 16]
May 29 20:57:13.942975 kernel: pci 0000:03:02.3: PCI bridge to [bus 17]
May 29 20:57:13.943004 kernel: pci 0000:03:02.4: PCI bridge to [bus 18]
May 29 20:57:13.943031 kernel: pci 0000:03:02.5: PCI bridge to [bus 19]
May 29 20:57:13.943059 kernel: pci 0000:03:02.6: PCI bridge to [bus 1a]
May 29 20:57:13.943087 kernel: pci 0000:03:02.7: PCI bridge to [bus 1b]
May 29 20:57:13.943114 kernel: pci 0000:03:03.0: PCI bridge to [bus 1c]
May 29 20:57:13.943147 kernel: pci 0000:03:03.1: PCI bridge to [bus 1d]
May 29 20:57:13.943176 kernel: pci 0000:03:03.2: PCI bridge to [bus 1e]
May 29 20:57:13.943204 kernel: pci 0000:03:03.3: PCI bridge to [bus 1f]
May 29 20:57:13.943231 kernel: pci 0000:03:03.4: PCI bridge to [bus 20]
May 29 20:57:13.943259 kernel: pci 0000:03:03.5: PCI bridge to [bus 21]
May 29 20:57:13.943287 kernel: pci 0000:03:03.6: PCI bridge to [bus 22]
May 29 20:57:13.943315 kernel: pci 0000:03:03.7: PCI bridge to [bus 23]
May 29 20:57:13.943339 kernel: pci_bus 0000:01: on NUMA node 0
May 29 20:57:13.943343 kernel: ACPI: PCI Root Bridge [PC02] (domain 0000 [bus 24-2b])
May 29 20:57:13.943374 kernel: acpi PNP0A08:01: _OSC: OS supports [ExtendedConfig ASPM ClockPM Segments MSI EDR HPX-Type3]
May 29 20:57:13.943399 kernel: acpi PNP0A08:01: _OSC: platform does not support [SHPCHotplug AER LTR DPC]
May 29 20:57:13.943425 kernel: acpi PNP0A08:01: _OSC: OS now controls [PCIeHotplug PME PCIeCapability]
May 29 20:57:13.943428 kernel: acpiphp: Slot [64] registered
May 29 20:57:13.943430 kernel: acpiphp: Slot [65] registered
May 29 20:57:13.943433 kernel: acpiphp: Slot [66] registered
May 29 20:57:13.943436 kernel: acpiphp: Slot [67] registered
May 29 20:57:13.943438 kernel: acpiphp: Slot [68] registered
May 29 20:57:13.943441 kernel: acpiphp: Slot [69] registered
May 29 20:57:13.943443 kernel: acpiphp: Slot [70] registered
May 29 20:57:13.943445 kernel: acpiphp: Slot [71] registered
May 29 20:57:13.943447 kernel: acpiphp: Slot [72] registered
May 29 20:57:13.943449 kernel: acpiphp: Slot [73] registered
May 29 20:57:13.943452 kernel: acpiphp: Slot [74] registered
May 29 20:57:13.943454 kernel: acpiphp: Slot [75] registered
May 29 20:57:13.943457 kernel: acpiphp: Slot [76] registered
May 29 20:57:13.943459 kernel: acpiphp: Slot [77] registered
May 29 20:57:13.943462 kernel: acpiphp: Slot [78] registered
May 29 20:57:13.943464 kernel: acpiphp: Slot [79] registered
May 29 20:57:13.943466 kernel: acpiphp: Slot [80] registered
May 29 20:57:13.943468 kernel: acpiphp: Slot [81] registered
May 29 20:57:13.943471 kernel: acpiphp: Slot [82] registered
May 29 20:57:13.943473 kernel: acpiphp: Slot [83] registered
May 29 20:57:13.943475 kernel: acpiphp: Slot [84] registered
May 29 20:57:13.943478 kernel: acpiphp: Slot [85] registered
May 29 20:57:13.943480 kernel: acpiphp: Slot [86] registered
May 29 20:57:13.943482 kernel: acpiphp: Slot [87] registered
May 29 20:57:13.943485 kernel: acpiphp: Slot [88] registered
May 29 20:57:13.943487 kernel: acpiphp: Slot [89] registered
May 29 20:57:13.943490 kernel: acpiphp: Slot [90] registered
May 29 20:57:13.943492 kernel: acpiphp: Slot [91] registered
May 29 20:57:13.943495 kernel: acpiphp: Slot [92] registered
May 29 20:57:13.943497 kernel: acpiphp: Slot [93] registered
May 29 20:57:13.943499 kernel: acpiphp: Slot [94] registered
May 29 20:57:13.943502 kernel: acpiphp: Slot [95] registered
May 29 20:57:13.943504 kernel: PCI host bridge to bus 0000:24
May 29 20:57:13.943532 kernel: pci_bus 0000:24: root bus resource [mem 0xc8400000-0xc90fffff window]
May 29 20:57:13.943555 kernel: pci_bus 0000:24: root bus resource [mem 0x4a2000000-0x4a6ffffff window]
May 29 20:57:13.943578 kernel: pci_bus 0000:24: root bus resource [bus 24-2b]
May 29 20:57:13.943663 kernel: pci 0000:24:00.0: [1d0f:0200] type 01 class 0x060400 PCIe Root Port
May 29 20:57:13.945268 kernel: pci 0000:24:00.0: BAR 0 [mem 0xc8400000-0xc84003ff]
May 29 20:57:13.945311 kernel: pci 0000:24:00.0: PCI bridge to [bus 25-2b]
May 29 20:57:13.945342 kernel: pci 0000:24:00.0:   bridge window [mem 0xc8500000-0xc90fffff]
May 29 20:57:13.945372 kernel: pci 0000:24:00.0:   bridge window [mem 0x4a2000000-0x4a6ffffff 64bit pref]
May 29 20:57:13.945415 kernel: pci 0000:25:00.0: [1d0f:0200] type 01 class 0x060400 PCIe Switch Upstream Port
May 29 20:57:13.945449 kernel: pci 0000:25:00.0: BAR 0 [mem 0xc8500000-0xc85003ff]
May 29 20:57:13.945480 kernel: pci 0000:25:00.0: PCI bridge to [bus 26-2b]
May 29 20:57:13.945514 kernel: pci 0000:25:00.0:   bridge window [mem 0xc8600000-0xc90fffff]
May 29 20:57:13.945545 kernel: pci 0000:25:00.0:   bridge window [mem 0x4a2000000-0x4a6ffffff 64bit pref]
May 29 20:57:13.945575 kernel: pci 0000:24:00.0: PCI bridge to [bus 25-2b]
May 29 20:57:13.945613 kernel: pci 0000:26:00.0: [1d0f:0200] type 01 class 0x060400 PCIe Switch Downstream Port
May 29 20:57:13.945648 kernel: pci 0000:26:00.0: BAR 0 [mem 0xc8600000-0xc86003ff]
May 29 20:57:13.945680 kernel: pci 0000:26:00.0: PCI bridge to [bus 27]
May 29 20:57:13.945714 kernel: pci 0000:26:00.0:   bridge window [mem 0xc8700000-0xc88fffff]
May 29 20:57:13.945746 kernel: pci 0000:26:00.0:   bridge window [mem 0x4a2000000-0x4a2ffffff 64bit pref]
May 29 20:57:13.945787 kernel: pci 0000:26:00.1: [1d0f:0200] type 01 class 0x060400 PCIe Switch Downstream Port
May 29 20:57:13.945819 kernel: pci 0000:26:00.1: BAR 0 [mem 0xc8600400-0xc86007ff]
May 29 20:57:13.945854 kernel: pci 0000:26:00.1: PCI bridge to [bus 28]
May 29 20:57:13.945894 kernel: pci 0000:26:00.1:   bridge window [mem 0xc8900000-0xc8afffff]
May 29 20:57:13.945927 kernel: pci 0000:26:00.1:   bridge window [mem 0x4a3000000-0x4a3ffffff 64bit pref]
May 29 20:57:13.945963 kernel: pci 0000:26:00.2: [1d0f:0200] type 01 class 0x060400 PCIe Switch Downstream Port
May 29 20:57:13.945990 kernel: pci 0000:26:00.2: BAR 0 [mem 0xc8600800-0xc8600bff]
May 29 20:57:13.946016 kernel: pci 0000:26:00.2: PCI bridge to [bus 29]
May 29 20:57:13.946042 kernel: pci 0000:26:00.2:   bridge window [mem 0xc8b00000-0xc8cfffff]
May 29 20:57:13.946067 kernel: pci 0000:26:00.2:   bridge window [mem 0x4a4000000-0x4a4ffffff 64bit pref]
May 29 20:57:13.946098 kernel: pci 0000:26:00.3: [1d0f:0200] type 01 class 0x060400 PCIe Switch Downstream Port
May 29 20:57:13.946125 kernel: pci 0000:26:00.3: BAR 0 [mem 0xc8600c00-0xc8600fff]
May 29 20:57:13.946151 kernel: pci 0000:26:00.3: PCI bridge to [bus 2a]
May 29 20:57:13.946177 kernel: pci 0000:26:00.3:   bridge window [mem 0xc8d00000-0xc8efffff]
May 29 20:57:13.946203 kernel: pci 0000:26:00.3:   bridge window [mem 0x4a5000000-0x4a5ffffff 64bit pref]
May 29 20:57:13.946233 kernel: pci 0000:26:00.4: [1d0f:0200] type 01 class 0x060400 PCIe Switch Downstream Port
May 29 20:57:13.946260 kernel: pci 0000:26:00.4: BAR 0 [mem 0xc8601000-0xc86013ff]
May 29 20:57:13.946286 kernel: pci 0000:26:00.4: PCI bridge to [bus 2b]
May 29 20:57:13.946313 kernel: pci 0000:26:00.4:   bridge window [mem 0xc8f00000-0xc90fffff]
May 29 20:57:13.946339 kernel: pci 0000:26:00.4:   bridge window [mem 0x4a6000000-0x4a6ffffff 64bit pref]
May 29 20:57:13.946365 kernel: pci 0000:25:00.0: PCI bridge to [bus 26-2b]
May 29 20:57:13.946401 kernel: pci 0000:27:00.0: [1d0f:ec20] type 00 class 0x020000 PCIe Endpoint
May 29 20:57:13.946430 kernel: pci 0000:27:00.0: BAR 0 [mem 0xc8700000-0xc8701fff]
May 29 20:57:13.946457 kernel: pci 0000:27:00.0: BAR 1 [mem 0xc8702000-0xc8703fff]
May 29 20:57:13.946484 kernel: pci 0000:27:00.0: BAR 2 [mem 0x4a2000000-0x4a20fffff 64bit pref]
May 29 20:57:13.946513 kernel: pci 0000:27:00.0: enabling Extended Tags
May 29 20:57:13.946539 kernel: pci 0000:26:00.0: PCI bridge to [bus 27]
May 29 20:57:13.946567 kernel: pci 0000:26:00.1: PCI bridge to [bus 28]
May 29 20:57:13.946594 kernel: pci 0000:26:00.2: PCI bridge to [bus 29]
May 29 20:57:13.946621 kernel: pci 0000:26:00.3: PCI bridge to [bus 2a]
May 29 20:57:13.946648 kernel: pci 0000:26:00.4: PCI bridge to [bus 2b]
May 29 20:57:13.946672 kernel: pci_bus 0000:24: on NUMA node 0
May 29 20:57:13.946675 kernel: ACPI: PCI: Interrupt link LNKA configured for IRQ 10
May 29 20:57:13.946678 kernel: ACPI: PCI: Interrupt link LNKB configured for IRQ 10
May 29 20:57:13.946680 kernel: ACPI: PCI: Interrupt link LNKC configured for IRQ 11
May 29 20:57:13.946682 kernel: ACPI: PCI: Interrupt link LNKD configured for IRQ 11
May 29 20:57:13.946685 kernel: ACPI: PCI: Interrupt link LNKS configured for IRQ 9
May 29 20:57:13.946687 kernel: iommu: Default domain type: Translated
May 29 20:57:13.946690 kernel: iommu: DMA domain TLB invalidation policy: lazy mode
May 29 20:57:13.946692 kernel: SCSI subsystem initialized
May 29 20:57:13.946694 kernel: ACPI: bus type USB registered
May 29 20:57:13.946697 kernel: usbcore: registered new interface driver usbfs
May 29 20:57:13.946699 kernel: usbcore: registered new interface driver hub
May 29 20:57:13.946703 kernel: usbcore: registered new device driver usb
May 29 20:57:13.946705 kernel: pps_core: LinuxPPS API ver. 1 registered
May 29 20:57:13.946708 kernel: pps_core: Software ver. 5.3.6 - Copyright 2005-2007 Rodolfo Giometti <giometti@linux.it>
May 29 20:57:13.946710 kernel: PTP clock support registered
May 29 20:57:13.946712 kernel: EDAC MC: Ver: 3.0.0
May 29 20:57:13.946715 kernel: NetLabel: Initializing
May 29 20:57:13.946717 kernel: NetLabel:  domain hash size = 128
May 29 20:57:13.946719 kernel: NetLabel:  protocols = UNLABELED CIPSOv4 CALIPSO
May 29 20:57:13.946722 kernel: NetLabel:  unlabeled traffic allowed by default
May 29 20:57:13.946724 kernel: PCI: Using ACPI for IRQ routing
May 29 20:57:13.946727 kernel: PCI: pci_cache_line_size set to 64 bytes
May 29 20:57:13.946729 kernel: e820: reserve RAM buffer [mem 0x0009fc00-0x0009ffff]
May 29 20:57:13.946732 kernel: e820: reserve RAM buffer [mem 0xbffe8000-0xbfffffff]
May 29 20:57:13.946734 kernel: e820: reserve RAM buffer [mem 0x42b400000-0x42bffffff]
May 29 20:57:13.946759 kernel: pci 0000:00:03.0: vgaarb: setting as boot VGA device
May 29 20:57:13.946783 kernel: pci 0000:00:03.0: vgaarb: bridge control possible
May 29 20:57:13.946808 kernel: pci 0000:00:03.0: vgaarb: VGA device added: decodes=io+mem,owns=io+mem,locks=none
May 29 20:57:13.946811 kernel: vgaarb: loaded
May 29 20:57:13.946813 kernel: hpet0: at MMIO 0xfed00000, IRQs 2, 8, 0, 0, 0, 0, 0, 0
May 29 20:57:13.946816 kernel: hpet0: 8 comparators, 32-bit 62.500000 MHz counter
May 29 20:57:13.946818 kernel: clocksource: Switched to clocksource kvm-clock
May 29 20:57:13.946821 kernel: VFS: Disk quotas dquot_6.6.0
May 29 20:57:13.946823 kernel: VFS: Dquot-cache hash table entries: 512 (order 0, 4096 bytes)
May 29 20:57:13.946825 kernel: pnp: PnP ACPI init
May 29 20:57:13.946828 kernel: pnp: PnP ACPI: found 5 devices
May 29 20:57:13.946831 kernel: clocksource: acpi_pm: mask: 0xffffff max_cycles: 0xffffff, max_idle_ns: 2085701024 ns
May 29 20:57:13.946833 kernel: NET: Registered PF_INET protocol family
May 29 20:57:13.946835 kernel: IP idents hash table entries: 262144 (order: 9, 2097152 bytes, linear)
May 29 20:57:13.946838 kernel: tcp_listen_portaddr_hash hash table entries: 8192 (order: 5, 131072 bytes, linear)
May 29 20:57:13.946840 kernel: Table-perturb hash table entries: 65536 (order: 6, 262144 bytes, linear)
May 29 20:57:13.946843 kernel: TCP established hash table entries: 131072 (order: 8, 1048576 bytes, linear)
May 29 20:57:13.946845 kernel: TCP bind hash table entries: 65536 (order: 8, 1048576 bytes, linear)
May 29 20:57:13.946848 kernel: TCP: Hash tables configured (established 131072 bind 65536)
May 29 20:57:13.946850 kernel: MPTCP token hash table entries: 16384 (order: 6, 393216 bytes, linear)
May 29 20:57:13.946853 kernel: UDP hash table entries: 8192 (order: 6, 262144 bytes, linear)
May 29 20:57:13.946856 kernel: UDP-Lite hash table entries: 8192 (order: 6, 262144 bytes, linear)
May 29 20:57:13.946858 kernel: NET: Registered PF_UNIX/PF_LOCAL protocol family
May 29 20:57:13.946861 kernel: NET: Registered PF_XDP protocol family
May 29 20:57:13.946889 kernel: pci_bus 0000:00: resource 4 [io  0x0000-0x0cf7 window]
May 29 20:57:13.946911 kernel: pci_bus 0000:00: resource 5 [io  0x0d00-0xffff window]
May 29 20:57:13.946933 kernel: pci_bus 0000:00: resource 6 [mem 0x000a0000-0x000bffff window]
May 29 20:57:13.946955 kernel: pci_bus 0000:00: resource 7 [mem 0xc0000000-0xc3ffffff window]
May 29 20:57:13.946977 kernel: pci_bus 0000:00: resource 8 [mem 0x480000000-0x481ffffff window]
May 29 20:57:13.947005 kernel: pci 0000:03:00.0: PCI bridge to [bus 04]
May 29 20:57:13.947034 kernel: pci 0000:03:00.0:   bridge window [mem 0xc4300000-0xc44fffff]
May 29 20:57:13.947061 kernel: pci 0000:03:00.0:   bridge window [mem 0x482000000-0x482ffffff 64bit pref]
May 29 20:57:13.947089 kernel: pci 0000:03:00.1: PCI bridge to [bus 05]
May 29 20:57:13.947117 kernel: pci 0000:03:00.1:   bridge window [mem 0xc4500000-0xc46fffff]
May 29 20:57:13.947145 kernel: pci 0000:03:00.1:   bridge window [mem 0x483000000-0x483ffffff 64bit pref]
May 29 20:57:13.947172 kernel: pci 0000:03:00.2: PCI bridge to [bus 06]
May 29 20:57:13.947200 kernel: pci 0000:03:00.2:   bridge window [mem 0xc4700000-0xc48fffff]
May 29 20:57:13.947228 kernel: pci 0000:03:00.2:   bridge window [mem 0x484000000-0x484ffffff 64bit pref]
May 29 20:57:13.947256 kernel: pci 0000:03:00.3: PCI bridge to [bus 07]
May 29 20:57:13.947284 kernel: pci 0000:03:00.3:   bridge window [mem 0xc4900000-0xc4afffff]
May 29 20:57:13.947312 kernel: pci 0000:03:00.3:   bridge window [mem 0x485000000-0x485ffffff 64bit pref]
May 29 20:57:13.947352 kernel: pci 0000:03:00.4: PCI bridge to [bus 08]
May 29 20:57:13.947389 kernel: pci 0000:03:00.4:   bridge window [mem 0xc4b00000-0xc4cfffff]
May 29 20:57:13.947417 kernel: pci 0000:03:00.4:   bridge window [mem 0x486000000-0x486ffffff 64bit pref]
May 29 20:57:13.947444 kernel: pci 0000:03:00.5: PCI bridge to [bus 09]
May 29 20:57:13.947472 kernel: pci 0000:03:00.5:   bridge window [mem 0xc4d00000-0xc4efffff]
May 29 20:57:13.947500 kernel: pci 0000:03:00.5:   bridge window [mem 0x487000000-0x487ffffff 64bit pref]
May 29 20:57:13.947528 kernel: pci 0000:03:00.6: PCI bridge to [bus 0a]
May 29 20:57:13.947555 kernel: pci 0000:03:00.6:   bridge window [mem 0xc4f00000-0xc50fffff]
May 29 20:57:13.947583 kernel: pci 0000:03:00.6:   bridge window [mem 0x488000000-0x488ffffff 64bit pref]
May 29 20:57:13.947610 kernel: pci 0000:03:00.7: PCI bridge to [bus 0b]
May 29 20:57:13.947638 kernel: pci 0000:03:00.7:   bridge window [mem 0xc5100000-0xc52fffff]
May 29 20:57:13.947666 kernel: pci 0000:03:00.7:   bridge window [mem 0x489000000-0x489ffffff 64bit pref]
May 29 20:57:13.947695 kernel: pci 0000:03:01.0: PCI bridge to [bus 0c]
May 29 20:57:13.947723 kernel: pci 0000:03:01.0:   bridge window [mem 0xc5300000-0xc54fffff]
May 29 20:57:13.947750 kernel: pci 0000:03:01.0:   bridge window [mem 0x48a000000-0x48affffff 64bit pref]
May 29 20:57:13.947778 kernel: pci 0000:03:01.1: PCI bridge to [bus 0d]
May 29 20:57:13.947806 kernel: pci 0000:03:01.1:   bridge window [mem 0xc5500000-0xc56fffff]
May 29 20:57:13.947838 kernel: pci 0000:03:01.1:   bridge window [mem 0x48b000000-0x48bffffff 64bit pref]
May 29 20:57:13.947866 kernel: pci 0000:03:01.2: PCI bridge to [bus 0e]
May 29 20:57:13.947905 kernel: pci 0000:03:01.2:   bridge window [mem 0xc5700000-0xc58fffff]
May 29 20:57:13.947931 kernel: pci 0000:03:01.2:   bridge window [mem 0x48c000000-0x48cffffff 64bit pref]
May 29 20:57:13.947957 kernel: pci 0000:03:01.3: PCI bridge to [bus 0f]
May 29 20:57:13.947983 kernel: pci 0000:03:01.3:   bridge window [mem 0xc5900000-0xc5afffff]
May 29 20:57:13.948009 kernel: pci 0000:03:01.3:   bridge window [mem 0x48d000000-0x48dffffff 64bit pref]
May 29 20:57:13.948036 kernel: pci 0000:03:01.4: PCI bridge to [bus 10]
May 29 20:57:13.948062 kernel: pci 0000:03:01.4:   bridge window [mem 0xc5b00000-0xc5cfffff]
May 29 20:57:13.948088 kernel: pci 0000:03:01.4:   bridge window [mem 0x48e000000-0x48effffff 64bit pref]
May 29 20:57:13.948114 kernel: pci 0000:03:01.5: PCI bridge to [bus 11]
May 29 20:57:13.948140 kernel: pci 0000:03:01.5:   bridge window [mem 0xc5d00000-0xc5efffff]
May 29 20:57:13.948167 kernel: pci 0000:03:01.5:   bridge window [mem 0x48f000000-0x48fffffff 64bit pref]
May 29 20:57:13.948194 kernel: pci 0000:03:01.6: PCI bridge to [bus 12]
May 29 20:57:13.948221 kernel: pci 0000:03:01.6:   bridge window [mem 0xc5f00000-0xc60fffff]
May 29 20:57:13.948248 kernel: pci 0000:03:01.6:   bridge window [mem 0x490000000-0x490ffffff 64bit pref]
May 29 20:57:13.948275 kernel: pci 0000:03:01.7: PCI bridge to [bus 13]
May 29 20:57:13.948303 kernel: pci 0000:03:01.7:   bridge window [mem 0xc6100000-0xc62fffff]
May 29 20:57:13.948330 kernel: pci 0000:03:01.7:   bridge window [mem 0x491000000-0x491ffffff 64bit pref]
May 29 20:57:13.948357 kernel: pci 0000:03:02.0: PCI bridge to [bus 14]
May 29 20:57:13.948384 kernel: pci 0000:03:02.0:   bridge window [mem 0xc6300000-0xc64fffff]
May 29 20:57:13.948411 kernel: pci 0000:03:02.0:   bridge window [mem 0x492000000-0x492ffffff 64bit pref]
May 29 20:57:13.948438 kernel: pci 0000:03:02.1: PCI bridge to [bus 15]
May 29 20:57:13.948467 kernel: pci 0000:03:02.1:   bridge window [mem 0xc6500000-0xc66fffff]
May 29 20:57:13.948494 kernel: pci 0000:03:02.1:   bridge window [mem 0x493000000-0x493ffffff 64bit pref]
May 29 20:57:13.948521 kernel: pci 0000:03:02.2: PCI bridge to [bus 16]
May 29 20:57:13.948547 kernel: pci 0000:03:02.2:   bridge window [mem 0xc6700000-0xc68fffff]
May 29 20:57:13.948575 kernel: pci 0000:03:02.2:   bridge window [mem 0x494000000-0x494ffffff 64bit pref]
May 29 20:57:13.948602 kernel: pci 0000:03:02.3: PCI bridge to [bus 17]
May 29 20:57:13.948630 kernel: pci 0000:03:02.3:   bridge window [mem 0xc6900000-0xc6afffff]
May 29 20:57:13.948657 kernel: pci 0000:03:02.3:   bridge window [mem 0x495000000-0x495ffffff 64bit pref]
May 29 20:57:13.948684 kernel: pci 0000:03:02.4: PCI bridge to [bus 18]
May 29 20:57:13.948711 kernel: pci 0000:03:02.4:   bridge window [mem 0xc6b00000-0xc6cfffff]
May 29 20:57:13.948738 kernel: pci 0000:03:02.4:   bridge window [mem 0x496000000-0x496ffffff 64bit pref]
May 29 20:57:13.948765 kernel: pci 0000:03:02.5: PCI bridge to [bus 19]
May 29 20:57:13.948791 kernel: pci 0000:03:02.5:   bridge window [mem 0xc6d00000-0xc6efffff]
May 29 20:57:13.948818 kernel: pci 0000:03:02.5:   bridge window [mem 0x497000000-0x497ffffff 64bit pref]
May 29 20:57:13.948846 kernel: pci 0000:03:02.6: PCI bridge to [bus 1a]
May 29 20:57:13.948883 kernel: pci 0000:03:02.6:   bridge window [mem 0xc6f00000-0xc70fffff]
May 29 20:57:13.948911 kernel: pci 0000:03:02.6:   bridge window [mem 0x498000000-0x498ffffff 64bit pref]
May 29 20:57:13.948937 kernel: pci 0000:03:02.7: PCI bridge to [bus 1b]
May 29 20:57:13.948963 kernel: pci 0000:03:02.7:   bridge window [mem 0xc7100000-0xc72fffff]
May 29 20:57:13.948988 kernel: pci 0000:03:02.7:   bridge window [mem 0x499000000-0x499ffffff 64bit pref]
May 29 20:57:13.949014 kernel: pci 0000:03:03.0: PCI bridge to [bus 1c]
May 29 20:57:13.949040 kernel: pci 0000:03:03.0:   bridge window [mem 0xc7300000-0xc74fffff]
May 29 20:57:13.949067 kernel: pci 0000:03:03.0:   bridge window [mem 0x49a000000-0x49affffff 64bit pref]
May 29 20:57:13.949094 kernel: pci 0000:03:03.1: PCI bridge to [bus 1d]
May 29 20:57:13.949121 kernel: pci 0000:03:03.1:   bridge window [mem 0xc7500000-0xc76fffff]
May 29 20:57:13.949148 kernel: pci 0000:03:03.1:   bridge window [mem 0x49b000000-0x49bffffff 64bit pref]
May 29 20:57:13.949175 kernel: pci 0000:03:03.2: PCI bridge to [bus 1e]
May 29 20:57:13.949203 kernel: pci 0000:03:03.2:   bridge window [mem 0xc7700000-0xc78fffff]
May 29 20:57:13.949231 kernel: pci 0000:03:03.2:   bridge window [mem 0x49c000000-0x49cffffff 64bit pref]
May 29 20:57:13.949302 kernel: pci 0000:03:03.3: PCI bridge to [bus 1f]
May 29 20:57:13.949328 kernel: pci 0000:03:03.3:   bridge window [mem 0xc7900000-0xc7afffff]
May 29 20:57:13.949354 kernel: pci 0000:03:03.3:   bridge window [mem 0x49d000000-0x49dffffff 64bit pref]
May 29 20:57:13.949401 kernel: pci 0000:03:03.4: PCI bridge to [bus 20]
May 29 20:57:13.949437 kernel: pci 0000:03:03.4:   bridge window [mem 0xc7b00000-0xc7cfffff]
May 29 20:57:13.949467 kernel: pci 0000:03:03.4:   bridge window [mem 0x49e000000-0x49effffff 64bit pref]
May 29 20:57:13.949494 kernel: pci 0000:03:03.5: PCI bridge to [bus 21]
May 29 20:57:13.949519 kernel: pci 0000:03:03.5:   bridge window [mem 0xc7d00000-0xc7efffff]
May 29 20:57:13.949546 kernel: pci 0000:03:03.5:   bridge window [mem 0x49f000000-0x49fffffff 64bit pref]
May 29 20:57:13.949572 kernel: pci 0000:03:03.6: PCI bridge to [bus 22]
May 29 20:57:13.949598 kernel: pci 0000:03:03.6:   bridge window [mem 0xc7f00000-0xc80fffff]
May 29 20:57:13.949624 kernel: pci 0000:03:03.6:   bridge window [mem 0x4a0000000-0x4a0ffffff 64bit pref]
May 29 20:57:13.949650 kernel: pci 0000:03:03.7: PCI bridge to [bus 23]
May 29 20:57:13.949676 kernel: pci 0000:03:03.7:   bridge window [mem 0xc8100000-0xc82fffff]
May 29 20:57:13.949702 kernel: pci 0000:03:03.7:   bridge window [mem 0x4a1000000-0x4a1ffffff 64bit pref]
May 29 20:57:13.949727 kernel: pci 0000:02:00.0: PCI bridge to [bus 03-23]
May 29 20:57:13.949752 kernel: pci 0000:02:00.0:   bridge window [mem 0xc4200000-0xc82fffff]
May 29 20:57:13.949777 kernel: pci 0000:02:00.0:   bridge window [mem 0x482000000-0x4a1ffffff 64bit pref]
May 29 20:57:13.949801 kernel: pci 0000:01:00.0: PCI bridge to [bus 02-23]
May 29 20:57:13.949825 kernel: pci 0000:01:00.0:   bridge window [mem 0xc4100000-0xc82fffff]
May 29 20:57:13.949848 kernel: pci 0000:01:00.0:   bridge window [mem 0x482000000-0x4a1ffffff 64bit pref]
May 29 20:57:13.949870 kernel: pci_bus 0000:01: resource 4 [mem 0xc4000000-0xc82fffff window]
May 29 20:57:13.949898 kernel: pci_bus 0000:01: resource 5 [mem 0x482000000-0x4a1ffffff window]
May 29 20:57:13.949927 kernel: pci_bus 0000:02: resource 1 [mem 0xc4100000-0xc82fffff]
May 29 20:57:13.949951 kernel: pci_bus 0000:02: resource 2 [mem 0x482000000-0x4a1ffffff 64bit pref]
May 29 20:57:13.949979 kernel: pci_bus 0000:03: resource 1 [mem 0xc4200000-0xc82fffff]
May 29 20:57:13.950004 kernel: pci_bus 0000:03: resource 2 [mem 0x482000000-0x4a1ffffff 64bit pref]
May 29 20:57:13.950035 kernel: pci_bus 0000:04: resource 1 [mem 0xc4300000-0xc44fffff]
May 29 20:57:13.950061 kernel: pci_bus 0000:04: resource 2 [mem 0x482000000-0x482ffffff 64bit pref]
May 29 20:57:13.950090 kernel: pci_bus 0000:05: resource 1 [mem 0xc4500000-0xc46fffff]
May 29 20:57:13.950116 kernel: pci_bus 0000:05: resource 2 [mem 0x483000000-0x483ffffff 64bit pref]
May 29 20:57:13.950149 kernel: pci_bus 0000:06: resource 1 [mem 0xc4700000-0xc48fffff]
May 29 20:57:13.950174 kernel: pci_bus 0000:06: resource 2 [mem 0x484000000-0x484ffffff 64bit pref]
May 29 20:57:13.950203 kernel: pci_bus 0000:07: resource 1 [mem 0xc4900000-0xc4afffff]
May 29 20:57:13.950228 kernel: pci_bus 0000:07: resource 2 [mem 0x485000000-0x485ffffff 64bit pref]
May 29 20:57:13.950258 kernel: pci_bus 0000:08: resource 1 [mem 0xc4b00000-0xc4cfffff]
May 29 20:57:13.950283 kernel: pci_bus 0000:08: resource 2 [mem 0x486000000-0x486ffffff 64bit pref]
May 29 20:57:13.950313 kernel: pci_bus 0000:09: resource 1 [mem 0xc4d00000-0xc4efffff]
May 29 20:57:13.950337 kernel: pci_bus 0000:09: resource 2 [mem 0x487000000-0x487ffffff 64bit pref]
May 29 20:57:13.950367 kernel: pci_bus 0000:0a: resource 1 [mem 0xc4f00000-0xc50fffff]
May 29 20:57:13.950392 kernel: pci_bus 0000:0a: resource 2 [mem 0x488000000-0x488ffffff 64bit pref]
May 29 20:57:13.950426 kernel: pci_bus 0000:0b: resource 1 [mem 0xc5100000-0xc52fffff]
May 29 20:57:13.950453 kernel: pci_bus 0000:0b: resource 2 [mem 0x489000000-0x489ffffff 64bit pref]
May 29 20:57:13.950485 kernel: pci_bus 0000:0c: resource 1 [mem 0xc5300000-0xc54fffff]
May 29 20:57:13.950511 kernel: pci_bus 0000:0c: resource 2 [mem 0x48a000000-0x48affffff 64bit pref]
May 29 20:57:13.950544 kernel: pci_bus 0000:0d: resource 1 [mem 0xc5500000-0xc56fffff]
May 29 20:57:13.950571 kernel: pci_bus 0000:0d: resource 2 [mem 0x48b000000-0x48bffffff 64bit pref]
May 29 20:57:13.950603 kernel: pci_bus 0000:0e: resource 1 [mem 0xc5700000-0xc58fffff]
May 29 20:57:13.950629 kernel: pci_bus 0000:0e: resource 2 [mem 0x48c000000-0x48cffffff 64bit pref]
May 29 20:57:13.950660 kernel: pci_bus 0000:0f: resource 1 [mem 0xc5900000-0xc5afffff]
May 29 20:57:13.950686 kernel: pci_bus 0000:0f: resource 2 [mem 0x48d000000-0x48dffffff 64bit pref]
May 29 20:57:13.950720 kernel: pci_bus 0000:10: resource 1 [mem 0xc5b00000-0xc5cfffff]
May 29 20:57:13.950746 kernel: pci_bus 0000:10: resource 2 [mem 0x48e000000-0x48effffff 64bit pref]
May 29 20:57:13.950778 kernel: pci_bus 0000:11: resource 1 [mem 0xc5d00000-0xc5efffff]
May 29 20:57:13.950805 kernel: pci_bus 0000:11: resource 2 [mem 0x48f000000-0x48fffffff 64bit pref]
May 29 20:57:13.950836 kernel: pci_bus 0000:12: resource 1 [mem 0xc5f00000-0xc60fffff]
May 29 20:57:13.950862 kernel: pci_bus 0000:12: resource 2 [mem 0x490000000-0x490ffffff 64bit pref]
May 29 20:57:13.951040 kernel: pci_bus 0000:13: resource 1 [mem 0xc6100000-0xc62fffff]
May 29 20:57:13.951065 kernel: pci_bus 0000:13: resource 2 [mem 0x491000000-0x491ffffff 64bit pref]
May 29 20:57:13.951095 kernel: pci_bus 0000:14: resource 1 [mem 0xc6300000-0xc64fffff]
May 29 20:57:13.951120 kernel: pci_bus 0000:14: resource 2 [mem 0x492000000-0x492ffffff 64bit pref]
May 29 20:57:13.951151 kernel: pci_bus 0000:15: resource 1 [mem 0xc6500000-0xc66fffff]
May 29 20:57:13.951177 kernel: pci_bus 0000:15: resource 2 [mem 0x493000000-0x493ffffff 64bit pref]
May 29 20:57:13.951206 kernel: pci_bus 0000:16: resource 1 [mem 0xc6700000-0xc68fffff]
May 29 20:57:13.951231 kernel: pci_bus 0000:16: resource 2 [mem 0x494000000-0x494ffffff 64bit pref]
May 29 20:57:13.951261 kernel: pci_bus 0000:17: resource 1 [mem 0xc6900000-0xc6afffff]
May 29 20:57:13.951286 kernel: pci_bus 0000:17: resource 2 [mem 0x495000000-0x495ffffff 64bit pref]
May 29 20:57:13.951316 kernel: pci_bus 0000:18: resource 1 [mem 0xc6b00000-0xc6cfffff]
May 29 20:57:13.951341 kernel: pci_bus 0000:18: resource 2 [mem 0x496000000-0x496ffffff 64bit pref]
May 29 20:57:13.951373 kernel: pci_bus 0000:19: resource 1 [mem 0xc6d00000-0xc6efffff]
May 29 20:57:13.951398 kernel: pci_bus 0000:19: resource 2 [mem 0x497000000-0x497ffffff 64bit pref]
May 29 20:57:13.951427 kernel: pci_bus 0000:1a: resource 1 [mem 0xc6f00000-0xc70fffff]
May 29 20:57:13.951452 kernel: pci_bus 0000:1a: resource 2 [mem 0x498000000-0x498ffffff 64bit pref]
May 29 20:57:13.951481 kernel: pci_bus 0000:1b: resource 1 [mem 0xc7100000-0xc72fffff]
May 29 20:57:13.951507 kernel: pci_bus 0000:1b: resource 2 [mem 0x499000000-0x499ffffff 64bit pref]
May 29 20:57:13.951536 kernel: pci_bus 0000:1c: resource 1 [mem 0xc7300000-0xc74fffff]
May 29 20:57:13.951562 kernel: pci_bus 0000:1c: resource 2 [mem 0x49a000000-0x49affffff 64bit pref]
May 29 20:57:13.951592 kernel: pci_bus 0000:1d: resource 1 [mem 0xc7500000-0xc76fffff]
May 29 20:57:13.951617 kernel: pci_bus 0000:1d: resource 2 [mem 0x49b000000-0x49bffffff 64bit pref]
May 29 20:57:13.951650 kernel: pci_bus 0000:1e: resource 1 [mem 0xc7700000-0xc78fffff]
May 29 20:57:13.951675 kernel: pci_bus 0000:1e: resource 2 [mem 0x49c000000-0x49cffffff 64bit pref]
May 29 20:57:13.951704 kernel: pci_bus 0000:1f: resource 1 [mem 0xc7900000-0xc7afffff]
May 29 20:57:13.951729 kernel: pci_bus 0000:1f: resource 2 [mem 0x49d000000-0x49dffffff 64bit pref]
May 29 20:57:13.951759 kernel: pci_bus 0000:20: resource 1 [mem 0xc7b00000-0xc7cfffff]
May 29 20:57:13.951784 kernel: pci_bus 0000:20: resource 2 [mem 0x49e000000-0x49effffff 64bit pref]
May 29 20:57:13.951813 kernel: pci_bus 0000:21: resource 1 [mem 0xc7d00000-0xc7efffff]
May 29 20:57:13.951841 kernel: pci_bus 0000:21: resource 2 [mem 0x49f000000-0x49fffffff 64bit pref]
May 29 20:57:13.951871 kernel: pci_bus 0000:22: resource 1 [mem 0xc7f00000-0xc80fffff]
May 29 20:57:13.951906 kernel: pci_bus 0000:22: resource 2 [mem 0x4a0000000-0x4a0ffffff 64bit pref]
May 29 20:57:13.951942 kernel: pci_bus 0000:23: resource 1 [mem 0xc8100000-0xc82fffff]
May 29 20:57:13.951967 kernel: pci_bus 0000:23: resource 2 [mem 0x4a1000000-0x4a1ffffff 64bit pref]
May 29 20:57:13.951995 kernel: pci 0000:26:00.0: PCI bridge to [bus 27]
May 29 20:57:13.952023 kernel: pci 0000:26:00.0:   bridge window [mem 0xc8700000-0xc88fffff]
May 29 20:57:13.952050 kernel: pci 0000:26:00.0:   bridge window [mem 0x4a2000000-0x4a2ffffff 64bit pref]
May 29 20:57:13.952077 kernel: pci 0000:26:00.1: PCI bridge to [bus 28]
May 29 20:57:13.952104 kernel: pci 0000:26:00.1:   bridge window [mem 0xc8900000-0xc8afffff]
May 29 20:57:13.952132 kernel: pci 0000:26:00.1:   bridge window [mem 0x4a3000000-0x4a3ffffff 64bit pref]
May 29 20:57:13.952158 kernel: pci 0000:26:00.2: PCI bridge to [bus 29]
May 29 20:57:13.952185 kernel: pci 0000:26:00.2:   bridge window [mem 0xc8b00000-0xc8cfffff]
May 29 20:57:13.952211 kernel: pci 0000:26:00.2:   bridge window [mem 0x4a4000000-0x4a4ffffff 64bit pref]
May 29 20:57:13.952237 kernel: pci 0000:26:00.3: PCI bridge to [bus 2a]
May 29 20:57:13.952264 kernel: pci 0000:26:00.3:   bridge window [mem 0xc8d00000-0xc8efffff]
May 29 20:57:13.952289 kernel: pci 0000:26:00.3:   bridge window [mem 0x4a5000000-0x4a5ffffff 64bit pref]
May 29 20:57:13.952316 kernel: pci 0000:26:00.4: PCI bridge to [bus 2b]
May 29 20:57:13.952342 kernel: pci 0000:26:00.4:   bridge window [mem 0xc8f00000-0xc90fffff]
May 29 20:57:13.952368 kernel: pci 0000:26:00.4:   bridge window [mem 0x4a6000000-0x4a6ffffff 64bit pref]
May 29 20:57:13.952393 kernel: pci 0000:25:00.0: PCI bridge to [bus 26-2b]
May 29 20:57:13.952418 kernel: pci 0000:25:00.0:   bridge window [mem 0xc8600000-0xc90fffff]
May 29 20:57:13.952443 kernel: pci 0000:25:00.0:   bridge window [mem 0x4a2000000-0x4a6ffffff 64bit pref]
May 29 20:57:13.952466 kernel: pci 0000:24:00.0: PCI bridge to [bus 25-2b]
May 29 20:57:13.952491 kernel: pci 0000:24:00.0:   bridge window [mem 0xc8500000-0xc90fffff]
May 29 20:57:13.952525 kernel: pci 0000:24:00.0:   bridge window [mem 0x4a2000000-0x4a6ffffff 64bit pref]
May 29 20:57:13.952555 kernel: pci_bus 0000:24: resource 4 [mem 0xc8400000-0xc90fffff window]
May 29 20:57:13.952577 kernel: pci_bus 0000:24: resource 5 [mem 0x4a2000000-0x4a6ffffff window]
May 29 20:57:13.952605 kernel: pci_bus 0000:25: resource 1 [mem 0xc8500000-0xc90fffff]
May 29 20:57:13.952627 kernel: pci_bus 0000:25: resource 2 [mem 0x4a2000000-0x4a6ffffff 64bit pref]
May 29 20:57:13.952656 kernel: pci_bus 0000:26: resource 1 [mem 0xc8600000-0xc90fffff]
May 29 20:57:13.952680 kernel: pci_bus 0000:26: resource 2 [mem 0x4a2000000-0x4a6ffffff 64bit pref]
May 29 20:57:13.952710 kernel: pci_bus 0000:27: resource 1 [mem 0xc8700000-0xc88fffff]
May 29 20:57:13.952735 kernel: pci_bus 0000:27: resource 2 [mem 0x4a2000000-0x4a2ffffff 64bit pref]
May 29 20:57:13.952766 kernel: pci_bus 0000:28: resource 1 [mem 0xc8900000-0xc8afffff]
May 29 20:57:13.952792 kernel: pci_bus 0000:28: resource 2 [mem 0x4a3000000-0x4a3ffffff 64bit pref]
May 29 20:57:13.952824 kernel: pci_bus 0000:29: resource 1 [mem 0xc8b00000-0xc8cfffff]
May 29 20:57:13.952850 kernel: pci_bus 0000:29: resource 2 [mem 0x4a4000000-0x4a4ffffff 64bit pref]
May 29 20:57:13.953015 kernel: pci_bus 0000:2a: resource 1 [mem 0xc8d00000-0xc8efffff]
May 29 20:57:13.953041 kernel: pci_bus 0000:2a: resource 2 [mem 0x4a5000000-0x4a5ffffff 64bit pref]
May 29 20:57:13.953096 kernel: pci_bus 0000:2b: resource 1 [mem 0xc8f00000-0xc90fffff]
May 29 20:57:13.953142 kernel: pci_bus 0000:2b: resource 2 [mem 0x4a6000000-0x4a6ffffff 64bit pref]
May 29 20:57:13.953178 kernel: pci 0000:00:00.0: Limiting direct PCI/PCI transfers
May 29 20:57:13.953182 kernel: PCI: CLS 0 bytes, default 64
May 29 20:57:13.953185 kernel: PCI-DMA: Using software bounce buffering for IO (SWIOTLB)
May 29 20:57:13.953188 kernel: Trying to unpack rootfs image as initramfs...
May 29 20:57:13.953191 kernel: software IO TLB: mapped [mem 0x00000000bbfe8000-0x00000000bffe8000] (64MB)
May 29 20:57:13.953193 kernel: ACPI: bus type thunderbolt registered
May 29 20:57:13.953196 kernel: clocksource: tsc: mask: 0xffffffffffffffff max_cycles: 0x257a3c3232d, max_idle_ns: 440795236700 ns
May 29 20:57:13.953198 kernel: clocksource: Switched to clocksource tsc
May 29 20:57:13.953201 kernel: Initialise system trusted keyrings
May 29 20:57:13.953204 kernel: Key type blacklist registered
May 29 20:57:13.953206 kernel: workingset: timestamp_bits=36 max_order=22 bucket_order=0
May 29 20:57:13.953210 kernel: zbud: loaded
May 29 20:57:13.953212 kernel: integrity: Platform Keyring initialized
May 29 20:57:13.953215 kernel: integrity: Machine keyring initialized
May 29 20:57:13.953217 kernel: NET: Registered PF_ALG protocol family
May 29 20:57:13.953219 kernel: xor: automatically using best checksumming function   avx       
May 29 20:57:13.953222 kernel: Key type asymmetric registered
May 29 20:57:13.953224 kernel: Asymmetric key parser 'x509' registered
May 29 20:57:13.953227 kernel: Block layer SCSI generic (bsg) driver version 0.4 loaded (major 246)
May 29 20:57:13.953229 kernel: io scheduler mq-deadline registered
May 29 20:57:13.953232 kernel: io scheduler kyber registered
May 29 20:57:13.953234 kernel: io scheduler bfq registered
May 29 20:57:13.953236 kernel: atomic64_test: passed for x86-64 platform with CX8 and with SSE
May 29 20:57:13.953264 kernel: pcieport 0000:01:00.0: PME: Signaling with IRQ 24
May 29 20:57:13.953291 kernel: pcieport 0000:01:00.0: pciehp: Slot #0 AttnBtn+ PwrCtrl+ MRL- AttnInd+ PwrInd+ HotPlug+ Surprise- Interlock- NoCompl+ IbPresDis- LLActRep+
May 29 20:57:13.953319 kernel: pcieport 0000:03:00.0: pciehp: Slot #2 AttnBtn+ PwrCtrl+ MRL- AttnInd+ PwrInd+ HotPlug+ Surprise- Interlock- NoCompl+ IbPresDis- LLActRep+
May 29 20:57:13.953348 kernel: pcieport 0000:03:00.1: pciehp: Slot #3 AttnBtn+ PwrCtrl+ MRL- AttnInd+ PwrInd+ HotPlug+ Surprise- Interlock- NoCompl+ IbPresDis- LLActRep+
May 29 20:57:13.953375 kernel: pcieport 0000:03:00.2: pciehp: Slot #4 AttnBtn+ PwrCtrl+ MRL- AttnInd+ PwrInd+ HotPlug+ Surprise- Interlock- NoCompl+ IbPresDis- LLActRep+
May 29 20:57:13.953402 kernel: pcieport 0000:03:00.3: pciehp: Slot #5 AttnBtn+ PwrCtrl+ MRL- AttnInd+ PwrInd+ HotPlug+ Surprise- Interlock- NoCompl+ IbPresDis- LLActRep+
May 29 20:57:13.953429 kernel: pcieport 0000:03:00.4: pciehp: Slot #6 AttnBtn+ PwrCtrl+ MRL- AttnInd+ PwrInd+ HotPlug+ Surprise- Interlock- NoCompl+ IbPresDis- LLActRep+
May 29 20:57:13.953456 kernel: pcieport 0000:03:00.5: pciehp: Slot #7 AttnBtn+ PwrCtrl+ MRL- AttnInd+ PwrInd+ HotPlug+ Surprise- Interlock- NoCompl+ IbPresDis- LLActRep+
May 29 20:57:13.953483 kernel: pcieport 0000:03:00.6: pciehp: Slot #8 AttnBtn+ PwrCtrl+ MRL- AttnInd+ PwrInd+ HotPlug+ Surprise- Interlock- NoCompl+ IbPresDis- LLActRep+
May 29 20:57:13.953510 kernel: pcieport 0000:03:00.7: pciehp: Slot #9 AttnBtn+ PwrCtrl+ MRL- AttnInd+ PwrInd+ HotPlug+ Surprise- Interlock- NoCompl+ IbPresDis- LLActRep+
May 29 20:57:13.953537 kernel: pcieport 0000:03:01.0: pciehp: Slot #10 AttnBtn+ PwrCtrl+ MRL- AttnInd+ PwrInd+ HotPlug+ Surprise- Interlock- NoCompl+ IbPresDis- LLActRep+
May 29 20:57:13.953564 kernel: pcieport 0000:03:01.1: pciehp: Slot #11 AttnBtn+ PwrCtrl+ MRL- AttnInd+ PwrInd+ HotPlug+ Surprise- Interlock- NoCompl+ IbPresDis- LLActRep+
May 29 20:57:13.953591 kernel: pcieport 0000:03:01.2: pciehp: Slot #12 AttnBtn+ PwrCtrl+ MRL- AttnInd+ PwrInd+ HotPlug+ Surprise- Interlock- NoCompl+ IbPresDis- LLActRep+
May 29 20:57:13.953618 kernel: pcieport 0000:03:01.3: pciehp: Slot #13 AttnBtn+ PwrCtrl+ MRL- AttnInd+ PwrInd+ HotPlug+ Surprise- Interlock- NoCompl+ IbPresDis- LLActRep+
May 29 20:57:13.953644 kernel: pcieport 0000:03:01.4: pciehp: Slot #14 AttnBtn+ PwrCtrl+ MRL- AttnInd+ PwrInd+ HotPlug+ Surprise- Interlock- NoCompl+ IbPresDis- LLActRep+
May 29 20:57:13.953671 kernel: pcieport 0000:03:01.5: pciehp: Slot #15 AttnBtn+ PwrCtrl+ MRL- AttnInd+ PwrInd+ HotPlug+ Surprise- Interlock- NoCompl+ IbPresDis- LLActRep+
May 29 20:57:13.953697 kernel: pcieport 0000:03:01.6: pciehp: Slot #16 AttnBtn+ PwrCtrl+ MRL- AttnInd+ PwrInd+ HotPlug+ Surprise- Interlock- NoCompl+ IbPresDis- LLActRep+
May 29 20:57:13.953724 kernel: pcieport 0000:03:01.7: pciehp: Slot #17 AttnBtn+ PwrCtrl+ MRL- AttnInd+ PwrInd+ HotPlug+ Surprise- Interlock- NoCompl+ IbPresDis- LLActRep+
May 29 20:57:13.953751 kernel: pcieport 0000:03:02.0: pciehp: Slot #18 AttnBtn+ PwrCtrl+ MRL- AttnInd+ PwrInd+ HotPlug+ Surprise- Interlock- NoCompl+ IbPresDis- LLActRep+
May 29 20:57:13.953778 kernel: pcieport 0000:03:02.1: pciehp: Slot #19 AttnBtn+ PwrCtrl+ MRL- AttnInd+ PwrInd+ HotPlug+ Surprise- Interlock- NoCompl+ IbPresDis- LLActRep+
May 29 20:57:13.953805 kernel: pcieport 0000:03:02.2: pciehp: Slot #20 AttnBtn+ PwrCtrl+ MRL- AttnInd+ PwrInd+ HotPlug+ Surprise- Interlock- NoCompl+ IbPresDis- LLActRep+
May 29 20:57:13.953831 kernel: pcieport 0000:03:02.3: pciehp: Slot #21 AttnBtn+ PwrCtrl+ MRL- AttnInd+ PwrInd+ HotPlug+ Surprise- Interlock- NoCompl+ IbPresDis- LLActRep+
May 29 20:57:13.953858 kernel: pcieport 0000:03:02.4: pciehp: Slot #22 AttnBtn+ PwrCtrl+ MRL- AttnInd+ PwrInd+ HotPlug+ Surprise- Interlock- NoCompl+ IbPresDis- LLActRep+
May 29 20:57:13.953928 kernel: pcieport 0000:03:02.5: pciehp: Slot #23 AttnBtn+ PwrCtrl+ MRL- AttnInd+ PwrInd+ HotPlug+ Surprise- Interlock- NoCompl+ IbPresDis- LLActRep+
May 29 20:57:13.953961 kernel: pcieport 0000:03:02.6: pciehp: Slot #24 AttnBtn+ PwrCtrl+ MRL- AttnInd+ PwrInd+ HotPlug+ Surprise- Interlock- NoCompl+ IbPresDis- LLActRep+
May 29 20:57:13.953989 kernel: pcieport 0000:03:02.7: pciehp: Slot #25 AttnBtn+ PwrCtrl+ MRL- AttnInd+ PwrInd+ HotPlug+ Surprise- Interlock- NoCompl+ IbPresDis- LLActRep+
May 29 20:57:13.954016 kernel: pcieport 0000:03:03.0: pciehp: Slot #26 AttnBtn+ PwrCtrl+ MRL- AttnInd+ PwrInd+ HotPlug+ Surprise- Interlock- NoCompl+ IbPresDis- LLActRep+
May 29 20:57:13.954043 kernel: pcieport 0000:03:03.1: pciehp: Slot #27 AttnBtn+ PwrCtrl+ MRL- AttnInd+ PwrInd+ HotPlug+ Surprise- Interlock- NoCompl+ IbPresDis- LLActRep+
May 29 20:57:13.954070 kernel: pcieport 0000:03:03.2: pciehp: Slot #28 AttnBtn+ PwrCtrl+ MRL- AttnInd+ PwrInd+ HotPlug+ Surprise- Interlock- NoCompl+ IbPresDis- LLActRep+
May 29 20:57:13.954097 kernel: pcieport 0000:03:03.3: pciehp: Slot #29 AttnBtn+ PwrCtrl+ MRL- AttnInd+ PwrInd+ HotPlug+ Surprise- Interlock- NoCompl+ IbPresDis- LLActRep+
May 29 20:57:13.954124 kernel: pcieport 0000:03:03.4: pciehp: Slot #30 AttnBtn+ PwrCtrl+ MRL- AttnInd+ PwrInd+ HotPlug+ Surprise- Interlock- NoCompl+ IbPresDis- LLActRep+
May 29 20:57:13.954150 kernel: pcieport 0000:03:03.5: pciehp: Slot #31 AttnBtn+ PwrCtrl+ MRL- AttnInd+ PwrInd+ HotPlug+ Surprise- Interlock- NoCompl+ IbPresDis- LLActRep+
May 29 20:57:13.954177 kernel: pcieport 0000:03:03.6: pciehp: Slot #32 AttnBtn+ PwrCtrl+ MRL- AttnInd+ PwrInd+ HotPlug+ Surprise- Interlock- NoCompl+ IbPresDis- LLActRep+
May 29 20:57:13.954203 kernel: pcieport 0000:03:03.7: pciehp: Slot #33 AttnBtn+ PwrCtrl+ MRL- AttnInd+ PwrInd+ HotPlug+ Surprise- Interlock- NoCompl+ IbPresDis- LLActRep+
May 29 20:57:13.954228 kernel: pcieport 0000:24:00.0: PME: Signaling with IRQ 57
May 29 20:57:13.954252 kernel: pcieport 0000:24:00.0: pciehp: Slot #1 AttnBtn+ PwrCtrl+ MRL- AttnInd+ PwrInd+ HotPlug+ Surprise- Interlock- NoCompl+ IbPresDis- LLActRep+
May 29 20:57:13.954279 kernel: pcieport 0000:26:00.0: pciehp: Slot #34 AttnBtn+ PwrCtrl+ MRL- AttnInd+ PwrInd+ HotPlug+ Surprise- Interlock- NoCompl+ IbPresDis- LLActRep+
May 29 20:57:13.954306 kernel: pcieport 0000:26:00.1: pciehp: Slot #35 AttnBtn+ PwrCtrl+ MRL- AttnInd+ PwrInd+ HotPlug+ Surprise- Interlock- NoCompl+ IbPresDis- LLActRep+
May 29 20:57:13.954333 kernel: pcieport 0000:26:00.2: pciehp: Slot #36 AttnBtn+ PwrCtrl+ MRL- AttnInd+ PwrInd+ HotPlug+ Surprise- Interlock- NoCompl+ IbPresDis- LLActRep+
May 29 20:57:13.954359 kernel: pcieport 0000:26:00.3: pciehp: Slot #37 AttnBtn+ PwrCtrl+ MRL- AttnInd+ PwrInd+ HotPlug+ Surprise- Interlock- NoCompl+ IbPresDis- LLActRep+
May 29 20:57:13.954386 kernel: pcieport 0000:26:00.4: pciehp: Slot #38 AttnBtn+ PwrCtrl+ MRL- AttnInd+ PwrInd+ HotPlug+ Surprise- Interlock- NoCompl+ IbPresDis- LLActRep+
May 29 20:57:13.954389 kernel: shpchp: Standard Hot Plug PCI Controller Driver version: 0.4
May 29 20:57:13.954391 kernel: Freeing initrd memory: 104172K
May 29 20:57:13.954394 kernel: input: Power Button as /devices/LNXSYSTM:00/LNXPWRBN:00/input/input0
May 29 20:57:13.954397 kernel: ACPI: button: Power Button [PWRF]
May 29 20:57:13.954399 kernel: input: Sleep Button as /devices/LNXSYSTM:00/LNXSLPBN:00/input/input1
May 29 20:57:13.954402 kernel: ACPI: button: Sleep Button [SLPF]
May 29 20:57:13.954405 kernel: Monitor-Mwait will be used to enter C-1 state
May 29 20:57:13.954408 kernel: ACPI: \_SB_.CP00: Found 2 idle states
May 29 20:57:13.954410 kernel: ACPI: \_SB_.CP01: Found 2 idle states
May 29 20:57:13.954413 kernel: ACPI: \_SB_.CP02: Found 2 idle states
May 29 20:57:13.954415 kernel: ACPI: \_SB_.CP03: Found 2 idle states
May 29 20:57:13.954417 kernel: Serial: 8250/16550 driver, 4 ports, IRQ sharing enabled
May 29 20:57:13.954420 kernel: 00:04: ttyS0 at I/O 0x3f8 (irq = 4, base_baud = 115200) is a 16550A
May 29 20:57:13.954422 kernel: Non-volatile memory driver v1.3
May 29 20:57:13.954425 kernel: rdac: device handler registered
May 29 20:57:13.954427 kernel: hp_sw: device handler registered
May 29 20:57:13.954429 kernel: emc: device handler registered
May 29 20:57:13.954432 kernel: alua: device handler registered
May 29 20:57:13.954435 kernel: usbcore: registered new interface driver usbserial_generic
May 29 20:57:13.954437 kernel: usbserial: USB Serial support registered for generic
May 29 20:57:13.954440 kernel: i8042: PNP: PS/2 Controller [PNP0303:KBD,PNP0f13:MOU] at 0x60,0x64 irq 1,12
May 29 20:57:13.954442 kernel: i8042: Warning: Keylock active
May 29 20:57:13.954444 kernel: serio: i8042 KBD port at 0x60,0x64 irq 1
May 29 20:57:13.954447 kernel: serio: i8042 AUX port at 0x60,0x64 irq 12
May 29 20:57:13.954449 kernel: mousedev: PS/2 mouse device common for all mice
May 29 20:57:13.954481 kernel: rtc_cmos 00:00: RTC can wake from S4
May 29 20:57:13.954506 kernel: rtc_cmos 00:00: registered as rtc0
May 29 20:57:13.954529 kernel: rtc_cmos 00:00: setting system clock to 2026-05-29T20:57:13 UTC (1780088233)
May 29 20:57:13.954551 kernel: rtc_cmos 00:00: alarms up to one day, 114 bytes nvram
May 29 20:57:13.954555 kernel: amd_pstate: The CPPC feature is supported but currently disabled by the BIOS.
                               Please enable it if your BIOS has the CPPC option.
May 29 20:57:13.954558 kernel: amd_pstate: the _CPC object is not present in SBIOS or ACPI disabled
May 29 20:57:13.954560 kernel: hid: raw HID events driver (C) Jiri Kosina
May 29 20:57:13.954562 kernel: usbcore: registered new interface driver usbhid
May 29 20:57:13.954565 kernel: usbhid: USB HID core driver
May 29 20:57:13.954567 kernel: drop_monitor: Initializing network drop monitor service
May 29 20:57:13.954570 kernel: Initializing XFRM netlink socket
May 29 20:57:13.954572 kernel: NET: Registered PF_INET6 protocol family
May 29 20:57:13.954574 kernel: Segment Routing with IPv6
May 29 20:57:13.954577 kernel: NET: Registered PF_PACKET protocol family
May 29 20:57:13.954579 kernel: mpls_gso: MPLS GSO support
May 29 20:57:13.954583 kernel: IPI shorthand broadcast: enabled
May 29 20:57:13.954585 kernel: AVX2 version of gcm_enc/dec engaged.
May 29 20:57:13.954588 kernel: AES CTR mode by8 optimization enabled
May 29 20:57:13.954590 kernel: sched_clock: Marking stable (1688159050, 521094910)->(2772205734, -562951774)
May 29 20:57:13.954593 kernel: registered taskstats version 1
May 29 20:57:13.954595 kernel: Loading compiled-in X.509 certificates
May 29 20:57:13.954598 kernel: Loaded X.509 cert 'Red Hat Enterprise Linux kernel signing key: 300cbdfacc279a7dbb14021e37e33aa77fe6a2a1'
May 29 20:57:13.954600 kernel: Loaded X.509 cert 'Red Hat Enterprise Linux Driver Update Program (key 3): bf57f3e87362bc7229d9f465321773dfd1f77a80'
May 29 20:57:13.954603 kernel: Loaded X.509 cert 'Red Hat Enterprise Linux kpatch signing key: 4d38fd864ebe18c5f0b72e3852e2014c3a676fc8'
May 29 20:57:13.954606 kernel: Loaded X.509 cert 'RH-IMA-CA: Red Hat IMA CA: fb31825dd0e073685b264e3038963673f753959a'
May 29 20:57:13.954609 kernel: Loaded X.509 cert 'Nvidia GPU OOT signing 001: 55e1cef88193e60419f0b0ec379c49f77545acf0'
May 29 20:57:13.954612 kernel: Demotion targets for Node 0: null
May 29 20:57:13.954614 kernel: page_owner is disabled
May 29 20:57:13.954617 kernel: Key type .fscrypt registered
May 29 20:57:13.954619 kernel: Key type fscrypt-provisioning registered
May 29 20:57:13.954622 kernel: Key type big_key registered
May 29 20:57:13.954624 kernel: Key type encrypted registered
May 29 20:57:13.954626 kernel: ima: No TPM chip found, activating TPM-bypass!
May 29 20:57:13.954629 kernel: Loading compiled-in module X.509 certificates
May 29 20:57:13.954631 kernel: Loaded X.509 cert 'Red Hat Enterprise Linux kernel signing key: 300cbdfacc279a7dbb14021e37e33aa77fe6a2a1'
May 29 20:57:13.954634 kernel: ima: Allocated hash algorithm: sha256
May 29 20:57:13.954636 kernel: ima: No architecture policies found
May 29 20:57:13.954639 kernel: evm: Initialising EVM extended attributes:
May 29 20:57:13.954641 kernel: evm: security.selinux
May 29 20:57:13.954644 kernel: evm: security.SMACK64 (disabled)
May 29 20:57:13.954646 kernel: evm: security.SMACK64EXEC (disabled)
May 29 20:57:13.954649 kernel: evm: security.SMACK64TRANSMUTE (disabled)
May 29 20:57:13.954651 kernel: evm: security.SMACK64MMAP (disabled)
May 29 20:57:13.954654 kernel: evm: security.apparmor (disabled)
May 29 20:57:13.954656 kernel: evm: security.ima
May 29 20:57:13.954658 kernel: evm: security.capability
May 29 20:57:13.954661 kernel: evm: HMAC attrs: 0x1
May 29 20:57:13.954663 kernel: Running certificate verification RSA selftest
May 29 20:57:13.954666 kernel: Loaded X.509 cert 'Certificate verification self-testing key: f58703bb33ce1b73ee02eccdee5b8817518fe3db'
May 29 20:57:13.954668 kernel: Running certificate verification ECDSA selftest
May 29 20:57:13.954671 kernel: Loaded X.509 cert 'Certificate verification ECDSA self-testing key: 2900bcea1deb7bc8479a84a23d758efdfdd2b2d3'
May 29 20:57:13.954674 kernel: clk: Disabling unused clocks
May 29 20:57:13.954676 kernel: Freeing unused decrypted memory: 2028K
May 29 20:57:13.954679 kernel: Freeing unused kernel image (initmem) memory: 4044K
May 29 20:57:13.954681 kernel: Write protecting the kernel read-only data: 30720k
May 29 20:57:13.954684 kernel: Freeing unused kernel image (rodata/data gap) memory: 708K
May 29 20:57:13.954686 kernel: x86/mm: Checked W+X mappings: passed, no W+X pages found.
May 29 20:57:13.954689 kernel: Run /init as init process
May 29 20:57:13.954691 kernel:   with arguments:
May 29 20:57:13.954693 kernel:     /init
May 29 20:57:13.954696 kernel:   with environment:
May 29 20:57:13.954698 kernel:     HOME=/
May 29 20:57:13.954700 kernel:     TERM=linux
May 29 20:57:13.954704 kernel:     BOOT_IMAGE=(hd0,gpt3)/boot/ostree/rhcos-617b0e78715ed36bc2244f65434be3f79c4e5cc41b856cce9de411575dfca7bd/vmlinuz-5.14.0-570.55.1.el9_6.x86_64
May 29 20:57:13.954706 kernel:     ostree=/ostree/boot.1/rhcos/617b0e78715ed36bc2244f65434be3f79c4e5cc41b856cce9de411575dfca7bd/0
May 29 20:57:13.954725 systemd-journald.service[369]: Missed 38 kernel messages
May 29 20:57:13.954733 kernel: fuse: init (API version 7.37)
May 29 20:57:13.954740 systemd-journald.service[369]: Journal started
May 29 20:57:13.954757 systemd-journald.service[369]: Runtime Journal (/run/log/journal/ec2a7e0bf6321171e8801534d32e0cb7) is 8.0M, max 313.2M, 305.2M free.
May 29 20:57:13.945934 systemd-modules-load.service[370]: Inserted module 'fuse'
May 29 20:57:13.945966 systemd-modules-load.service[370]: Module 'msr' is built in
May 29 20:57:13.953970 rdma-load-modules@infiniband.service[365]: Inserted module 'ib_ipoib'
May 29 20:57:13.957223 rdma-load-modules@infiniband.service[365]: Inserted module 'ib_umad'
May 29 20:57:13.964879 systemd-journald.service[369]: Missed 5 kernel messages
May 29 20:57:13.964879 kernel: Loading iSCSI transport class v2.0-870.
May 29 20:57:13.970879 kernel: iscsi: registered transport (iser)
May 29 20:57:13.971245 rdma-load-modules@rdma.service[366]: Inserted module 'ib_iser'
May 29 20:57:13.987879 systemd-journald.service[369]: Missed 1 kernel messages
May 29 20:57:13.987879 kernel: Rounding down aligned max_sectors from 4294967295 to 4294967288
May 29 20:57:13.987889 kernel: db_root: cannot open: /etc/target
May 29 20:57:13.998880 kernel: input: AT Translated Set 2 keyboard as /devices/platform/i8042/serio0/input/input2
May 29 20:57:14.007244 rdma-load-modules@rdma.service[366]: Inserted module 'ib_isert'
May 29 20:57:14.018426 rdma-load-modules@rdma.service[366]: Inserted module 'ib_srpt'
May 29 20:57:14.028305 rdma-load-modules@rdma.service[366]: Inserted module 'ib_uverbs'
May 29 20:57:14.031686 rdma-load-modules@rdma.service[366]: Inserted module 'rdma_ucm'
May 29 20:57:14.033526 init.scope[1]: Finished CoreOS: Touch /run/agetty.reload.
May 29 20:57:14.034526 init.scope[1]: Finished Create List of Static Device Nodes.
May 29 20:57:14.037226 init.scope[1]: Finished Load RDMA modules from /etc/rdma/modules/infiniband.conf.
May 29 20:57:14.039778 init.scope[1]: Finished Load RDMA modules from /etc/rdma/modules/roce.conf.
May 29 20:57:14.042447 init.scope[1]: Finished Load Kernel Modules.
May 29 20:57:14.051026 init.scope[1]: Finished Setup Virtual Console.
May 29 20:57:14.065028 systemd-journald.service[369]: Missed 11 kernel messages
May 29 20:57:14.065028 kernel: RPC: Registered named UNIX socket transport module.
May 29 20:57:14.065039 kernel: RPC: Registered udp transport module.
May 29 20:57:14.066509 kernel: RPC: Registered tcp transport module.
May 29 20:57:14.068003 kernel: RPC: Registered tcp-with-tls transport module.
May 29 20:57:14.069581 kernel: RPC: Registered tcp NFSv4.1 backchannel transport module.
May 29 20:57:14.072944 init.scope[1]: Starting dracut ask for additional cmdline parameters...
May 29 20:57:14.075344 init.scope[1]: Starting Apply Kernel Variables...
May 29 20:57:14.079628 systemd-sysusers.service[375]: Creating group 'root' with GID 991.
May 29 20:57:14.080383 init.scope[1]: Finished Create System Users.
May 29 20:57:14.082144 init.scope[1]: Finished Apply Kernel Variables.
May 29 20:57:14.085482 init.scope[1]: Starting Create Static Device Nodes in /dev...
May 29 20:57:14.092181 init.scope[1]: Starting Create Volatile Files and Directories...
May 29 20:57:14.097612 systemd-journald.service[369]: Missed 7 kernel messages
May 29 20:57:14.097612 kernel: RPC: Registered rdma transport module.
May 29 20:57:14.097623 kernel: RPC: Registered rdma backchannel transport module.
May 29 20:57:14.095303 init.scope[1]: Finished dracut ask for additional cmdline parameters.
May 29 20:57:14.097251 rdma-load-modules@rdma.service[366]: Inserted module 'rpcrdma'
May 29 20:57:14.104052 init.scope[1]: Finished Load RDMA modules from /etc/rdma/modules/rdma.conf.
May 29 20:57:14.111006 init.scope[1]: Reached target Preparation for Network.
May 29 20:57:14.122937 init.scope[1]: Starting dracut cmdline hook...
May 29 20:57:14.127624 init.scope[1]: Finished Create Static Device Nodes in /dev.
May 29 20:57:14.177064 dracut-cmdline.service[410]: dracut-9.6.20251015-1 (Plow) dracut-057-88.git20250311.el9_6
May 29 20:57:14.177064 dracut-cmdline.service[410]: Using kernel command line parameters:  ip=auto   BOOT_IMAGE=(hd0,gpt3)/boot/ostree/rhcos-617b0e78715ed36bc2244f65434be3f79c4e5cc41b856cce9de411575dfca7bd/vmlinuz-5.14.0-570.55.1.el9_6.x86_64 rw ignition.firstboot ostree=/ostree/boot.1/rhcos/617b0e78715ed36bc2244f65434be3f79c4e5cc41b856cce9de411575dfca7bd/0 ignition.platform.id=aws console=tty0 console=ttyS0,115200n8
May 29 20:57:14.185043 init.scope[1]: Finished Create Volatile Files and Directories.
May 29 20:57:14.191883 systemd-journald.service[369]: Missed 9 kernel messages
May 29 20:57:14.191883 kernel: iscsi: registered transport (tcp)
May 29 20:57:14.206880 kernel: Warning: Deprecated Driver is detected: qla4xxx will not be maintained in a future major release and may be disabled
May 29 20:57:14.210771 kernel: iscsi: registered transport (qla4xxx)
May 29 20:57:14.210788 kernel: QLogic iSCSI HBA Driver
May 29 20:57:14.219879 kernel: libcxgbi:libcxgbi_init_module: Chelsio iSCSI driver library libcxgbi v0.9.1-ko (Apr. 2015)
May 29 20:57:14.248903 kernel: Chelsio T4-T6 iSCSI Driver cxgb4i v0.9.5-ko (Apr. 2015)
May 29 20:57:14.248907 kernel: iscsi: registered transport (cxgb4i)
May 29 20:57:14.258642 kernel: Warning: Deprecated Driver is detected: cnic will not be maintained in a future major release and may be disabled
May 29 20:57:14.258647 kernel: cnic: QLogic cnicDriver v2.5.22 (July 20, 2015)
May 29 20:57:14.265880 kernel: Warning: Deprecated Driver is detected: bnx2i will not be maintained in a future major release and may be disabled
May 29 20:57:14.268186 kernel: QLogic NetXtreme II iSCSI Driver bnx2i v2.7.10.1 (Jul 16, 2014)
May 29 20:57:14.268190 kernel: iscsi: registered transport (bnx2i)
May 29 20:57:14.276535 kernel: iscsi: registered transport (be2iscsi)
May 29 20:57:14.276539 kernel: In beiscsi_module_init, tt=0000000020d7ba67
