May 29 19:28:55.521894 kernel: Linux version 6.17.1-300.fc43.x86_64 (mockbuild@5381c258a4b3436489a448ea66bda8ce) (gcc (GCC) 15.2.1 20250924 (Red Hat 15.2.1-2), GNU ld version 2.45-1.fc43) #1 SMP PREEMPT_DYNAMIC Mon Oct  6 15:37:21 UTC 2025
May 29 19:28:55.521916 kernel: Command line: BOOT_IMAGE=(hd0,gpt3)/boot/ostree/fedora-coreos-5088f34c4256ec3d32d31a79920f5c3be2cae45090b7e32b57a2ae2f8a7bc59b/vmlinuz-6.17.1-300.fc43.x86_64 rw ignition.firstboot mitigations=auto,nosmt ostree=/ostree/boot.1/fedora-coreos/5088f34c4256ec3d32d31a79920f5c3be2cae45090b7e32b57a2ae2f8a7bc59b/0 ignition.platform.id=aws console=tty0 console=ttyS0,115200n8
May 29 19:28:55.521924 kernel: BIOS-provided physical RAM map:
May 29 19:28:55.521928 kernel: BIOS-e820: [mem 0x0000000000000000-0x000000000009ffff] usable
May 29 19:28:55.521931 kernel: BIOS-e820: [mem 0x0000000000100000-0x00000000b9e97fff] usable
May 29 19:28:55.521935 kernel: BIOS-e820: [mem 0x00000000b9e98000-0x00000000b9e99fff] ACPI data
May 29 19:28:55.521939 kernel: BIOS-e820: [mem 0x00000000b9e9a000-0x00000000bbccdfff] usable
May 29 19:28:55.521943 kernel: BIOS-e820: [mem 0x00000000bbcce000-0x00000000bbf4dfff] reserved
May 29 19:28:55.521947 kernel: BIOS-e820: [mem 0x00000000bbf4e000-0x00000000bbf5dfff] ACPI data
May 29 19:28:55.521950 kernel: BIOS-e820: [mem 0x00000000bbf5e000-0x00000000bbfddfff] ACPI NVS
May 29 19:28:55.521953 kernel: BIOS-e820: [mem 0x00000000bbfde000-0x00000000bff7bfff] usable
May 29 19:28:55.521957 kernel: BIOS-e820: [mem 0x00000000bff7c000-0x00000000bfffffff] reserved
May 29 19:28:55.521960 kernel: BIOS-e820: [mem 0x0000000100000000-0x000000042b3fffff] usable
May 29 19:28:55.521964 kernel: BIOS-e820: [mem 0x000000042b400000-0x000000043fffffff] reserved
May 29 19:28:55.521968 kernel: BIOS-e820: [mem 0x0000000440100000-0x0000000442bfffff] reserved
May 29 19:28:55.521972 kernel: NX (Execute Disable) protection: active
May 29 19:28:55.521975 kernel: APIC: Static calls initialized
May 29 19:28:55.521979 kernel: efi: EFI v2.7 by EDK II
May 29 19:28:55.521982 kernel: efi: ACPI=0xbbf5d000 ACPI 2.0=0xbbf5d014 SMBIOS=0xbbe6a000 MEMATTR=0xba3e8018 MOKvar=0xbbe58000 
May 29 19:28:55.521984 kernel: secureboot: Secure boot disabled
May 29 19:28:55.521988 kernel: SMBIOS 2.7 present.
May 29 19:28:55.522001 kernel: DMI: Amazon EC2 m8a.xlarge/, BIOS 1.0 10/16/2017
May 29 19:28:55.522003 kernel: DMI: Memory slots populated: 1/1
May 29 19:28:55.522006 kernel: Hypervisor detected: KVM
May 29 19:28:55.522010 kernel: kvm-clock: Using msrs 4b564d01 and 4b564d00
May 29 19:28:55.522013 kernel: kvm-clock: using sched offset of 22269663320 cycles
May 29 19:28:55.522016 kernel: clocksource: kvm-clock: mask: 0xffffffffffffffff max_cycles: 0x1cd42e4dffb, max_idle_ns: 881590591483 ns
May 29 19:28:55.522021 kernel: tsc: Detected 2599.996 MHz processor
May 29 19:28:55.522027 kernel: e820: update [mem 0x00000000-0x00000fff] usable ==> reserved
May 29 19:28:55.522033 kernel: e820: remove [mem 0x000a0000-0x000fffff] usable
May 29 19:28:55.522038 kernel: last_pfn = 0x42b400 max_arch_pfn = 0x400000000
May 29 19:28:55.522042 kernel: MTRR map: 4 entries (2 fixed + 2 variable; max 18), built from 8 variable MTRRs
May 29 19:28:55.522047 kernel: x86/PAT: Configuration [0-7]: WB  WC  UC- UC  WB  WP  UC- WT  
May 29 19:28:55.522051 kernel: last_pfn = 0xbff7c max_arch_pfn = 0x400000000
May 29 19:28:55.522055 kernel: Using GB pages for direct mapping
May 29 19:28:55.522061 kernel: secureboot: Secure boot disabled
May 29 19:28:55.522065 kernel: RAMDISK: [mem 0xb1d4b000-0xb939ffff]
May 29 19:28:55.522069 kernel: ACPI: Early table checksum verification disabled
May 29 19:28:55.522074 kernel: ACPI: RSDP 0x00000000BBF5D014 000024 (v02 AMAZON)
May 29 19:28:55.522080 kernel: ACPI: XSDT 0x00000000BBF5C0E8 000074 (v01 AMAZON AMZNFACP 00000001      01000013)
May 29 19:28:55.522086 kernel: ACPI: FACP 0x00000000BBF55000 000114 (v01 AMAZON AMZNFACP 00000001 AMZN 00000001)
May 29 19:28:55.522090 kernel: ACPI: DSDT 0x00000000BBF56000 00165D (v01 AMAZON AMZNDSDT 00000001 AMZN 00000001)
May 29 19:28:55.522095 kernel: ACPI: FACS 0x00000000BBFCE000 000040
May 29 19:28:55.522100 kernel: ACPI: WAET 0x00000000BBF5B000 000028 (v01 AMAZON AMZNWAET 00000001 AMZN 00000001)
May 29 19:28:55.522104 kernel: ACPI: SLIT 0x00000000BBF5A000 00006C (v01 AMAZON AMZNSLIT 00000001 AMZN 00000001)
May 29 19:28:55.522107 kernel: ACPI: APIC 0x00000000BBF59000 000086 (v01 AMAZON AMZNAPIC 00000001 AMZN 00000001)
May 29 19:28:55.522113 kernel: ACPI: SRAT 0x00000000BBF58000 0000C0 (v01 AMAZON AMZNSRAT 00000001 AMZN 00000001)
May 29 19:28:55.522118 kernel: ACPI: HPET 0x00000000BBF54000 000038 (v01 AMAZON AMZNHPET 00000001 AMZN 00000001)
May 29 19:28:55.522123 kernel: ACPI: SSDT 0x00000000BBF52000 001756 (v01 AMAZON AMZNSSDT 00000001 AMZN 00000001)
May 29 19:28:55.522128 kernel: ACPI: SSDT 0x00000000BBF51000 0000D1 (v01 AMAZON AMZNSSDT 00000001 AMZN 00000001)
May 29 19:28:55.522132 kernel: ACPI: MCFG 0x00000000BBF50000 00004C (v01 AMAZON AMZNMCFG 00000001 AMZN 00000001)
May 29 19:28:55.522136 kernel: ACPI: BGRT 0x00000000BBF4F000 000038 (v01 AMAZON AMAZON   00000002      01000013)
May 29 19:28:55.522141 kernel: ACPI: Reserving FACP table memory at [mem 0xbbf55000-0xbbf55113]
May 29 19:28:55.522146 kernel: ACPI: Reserving DSDT table memory at [mem 0xbbf56000-0xbbf5765c]
May 29 19:28:55.522150 kernel: ACPI: Reserving FACS table memory at [mem 0xbbfce000-0xbbfce03f]
May 29 19:28:55.522155 kernel: ACPI: Reserving WAET table memory at [mem 0xbbf5b000-0xbbf5b027]
May 29 19:28:55.522159 kernel: ACPI: Reserving SLIT table memory at [mem 0xbbf5a000-0xbbf5a06b]
May 29 19:28:55.522162 kernel: ACPI: Reserving APIC table memory at [mem 0xbbf59000-0xbbf59085]
May 29 19:28:55.522166 kernel: ACPI: Reserving SRAT table memory at [mem 0xbbf58000-0xbbf580bf]
May 29 19:28:55.522170 kernel: ACPI: Reserving HPET table memory at [mem 0xbbf54000-0xbbf54037]
May 29 19:28:55.522173 kernel: ACPI: Reserving SSDT table memory at [mem 0xbbf52000-0xbbf53755]
May 29 19:28:55.522177 kernel: ACPI: Reserving SSDT table memory at [mem 0xbbf51000-0xbbf510d0]
May 29 19:28:55.522182 kernel: ACPI: Reserving MCFG table memory at [mem 0xbbf50000-0xbbf5004b]
May 29 19:28:55.522186 kernel: ACPI: Reserving BGRT table memory at [mem 0xbbf4f000-0xbbf4f037]
May 29 19:28:55.522189 kernel: ACPI: SRAT: Node 0 PXM 0 [mem 0x00000000-0xbfffffff]
May 29 19:28:55.522192 kernel: ACPI: SRAT: Node 0 PXM 0 [mem 0x100000000-0x43fffffff]
May 29 19:28:55.522196 kernel: NUMA: Node 0 [mem 0x00001000-0xbfffffff] + [mem 0x100000000-0x42b3fffff] -> [mem 0x00001000-0x42b3fffff]
May 29 19:28:55.522201 kernel: NODE_DATA(0) allocated [mem 0x42b3d42c0-0x42b3fefff]
May 29 19:28:55.522205 kernel: Zone ranges:
May 29 19:28:55.522210 kernel:   DMA      [mem 0x0000000000001000-0x0000000000ffffff]
May 29 19:28:55.522214 kernel:   DMA32    [mem 0x0000000001000000-0x00000000ffffffff]
May 29 19:28:55.522218 kernel:   Normal   [mem 0x0000000100000000-0x000000042b3fffff]
May 29 19:28:55.522221 kernel:   Device   empty
May 29 19:28:55.522225 kernel: Movable zone start for each node
May 29 19:28:55.522230 kernel: Early memory node ranges
May 29 19:28:55.522233 kernel:   node   0: [mem 0x0000000000001000-0x000000000009ffff]
May 29 19:28:55.522236 kernel:   node   0: [mem 0x0000000000100000-0x00000000b9e97fff]
May 29 19:28:55.522241 kernel:   node   0: [mem 0x00000000b9e9a000-0x00000000bbccdfff]
May 29 19:28:55.522244 kernel:   node   0: [mem 0x00000000bbfde000-0x00000000bff7bfff]
May 29 19:28:55.522249 kernel:   node   0: [mem 0x0000000100000000-0x000000042b3fffff]
May 29 19:28:55.522251 kernel: Initmem setup node 0 [mem 0x0000000000001000-0x000000042b3fffff]
May 29 19:28:55.522256 kernel: On node 0, zone DMA: 1 pages in unavailable ranges
May 29 19:28:55.522259 kernel: On node 0, zone DMA: 96 pages in unavailable ranges
May 29 19:28:55.522263 kernel: On node 0, zone DMA32: 2 pages in unavailable ranges
May 29 19:28:55.522266 kernel: On node 0, zone DMA32: 784 pages in unavailable ranges
May 29 19:28:55.522269 kernel: On node 0, zone Normal: 132 pages in unavailable ranges
May 29 19:28:55.522273 kernel: On node 0, zone Normal: 19456 pages in unavailable ranges
May 29 19:28:55.522277 kernel: ACPI: PM-Timer IO Port: 0xb008
May 29 19:28:55.522280 kernel: ACPI: LAPIC_NMI (acpi_id[0xff] dfl dfl lint[0x1])
May 29 19:28:55.522283 kernel: IOAPIC[0]: apic_id 0, version 32, address 0xfec00000, GSI 0-23
May 29 19:28:55.522286 kernel: ACPI: INT_SRC_OVR (bus 0 bus_irq 5 global_irq 5 high level)
May 29 19:28:55.522290 kernel: ACPI: INT_SRC_OVR (bus 0 bus_irq 9 global_irq 9 high level)
May 29 19:28:55.522294 kernel: ACPI: INT_SRC_OVR (bus 0 bus_irq 10 global_irq 10 high level)
May 29 19:28:55.522298 kernel: ACPI: INT_SRC_OVR (bus 0 bus_irq 11 global_irq 11 high level)
May 29 19:28:55.522301 kernel: ACPI: Using ACPI (MADT) for SMP configuration information
May 29 19:28:55.522306 kernel: ACPI: HPET id: 0x8086a201 base: 0xfed00000
May 29 19:28:55.522310 kernel: e820: update [mem 0xb9f32000-0xb9f4dfff] usable ==> reserved
May 29 19:28:55.522314 kernel: CPU topo: Max. logical packages:   1
May 29 19:28:55.522318 kernel: CPU topo: Max. logical dies:       1
May 29 19:28:55.522321 kernel: CPU topo: Max. dies per package:   1
May 29 19:28:55.522324 kernel: CPU topo: Max. threads per core:   1
May 29 19:28:55.522328 kernel: CPU topo: Num. cores per package:     4
May 29 19:28:55.522331 kernel: CPU topo: Num. threads per package:   4
May 29 19:28:55.522334 kernel: CPU topo: Allowing 4 present CPUs plus 0 hotplug CPUs
May 29 19:28:55.522338 kernel: kvm-guest: APIC: eoi() replaced with kvm_guest_apic_eoi_write()
May 29 19:28:55.522342 kernel: PM: hibernation: Registered nosave memory: [mem 0x00000000-0x00000fff]
May 29 19:28:55.522346 kernel: PM: hibernation: Registered nosave memory: [mem 0x000a0000-0x000fffff]
May 29 19:28:55.522349 kernel: PM: hibernation: Registered nosave memory: [mem 0xb9e98000-0xb9e99fff]
May 29 19:28:55.522353 kernel: PM: hibernation: Registered nosave memory: [mem 0xb9f32000-0xb9f4dfff]
May 29 19:28:55.522358 kernel: PM: hibernation: Registered nosave memory: [mem 0xbbcce000-0xbbfddfff]
May 29 19:28:55.522361 kernel: PM: hibernation: Registered nosave memory: [mem 0xbff7c000-0xffffffff]
May 29 19:28:55.522366 kernel: [mem 0xc0000000-0xffffffff] available for PCI devices
May 29 19:28:55.522369 kernel: Booting paravirtualized kernel on KVM
May 29 19:28:55.522373 kernel: clocksource: refined-jiffies: mask: 0xffffffff max_cycles: 0xffffffff, max_idle_ns: 1910969940391419 ns
May 29 19:28:55.522377 kernel: setup_percpu: NR_CPUS:8192 nr_cpumask_bits:4 nr_cpu_ids:4 nr_node_ids:1
May 29 19:28:55.522383 kernel: percpu: Embedded 83 pages/cpu s217088 r8192 d114688 u524288
May 29 19:28:55.522386 kernel: pcpu-alloc: s217088 r8192 d114688 u524288 alloc=1*2097152
May 29 19:28:55.522389 kernel: pcpu-alloc: [0] 0 1 2 3 
May 29 19:28:55.522394 kernel: kvm-guest: PV spinlocks enabled
May 29 19:28:55.522397 kernel: PV qspinlock hash table entries: 256 (order: 0, 4096 bytes, linear)
May 29 19:28:55.522400 kernel: Kernel command line: BOOT_IMAGE=(hd0,gpt3)/boot/ostree/fedora-coreos-5088f34c4256ec3d32d31a79920f5c3be2cae45090b7e32b57a2ae2f8a7bc59b/vmlinuz-6.17.1-300.fc43.x86_64 rw ignition.firstboot mitigations=auto,nosmt ostree=/ostree/boot.1/fedora-coreos/5088f34c4256ec3d32d31a79920f5c3be2cae45090b7e32b57a2ae2f8a7bc59b/0 ignition.platform.id=aws console=tty0 console=ttyS0,115200n8
May 29 19:28:55.522645 kernel: Unknown kernel command line parameters "BOOT_IMAGE=(hd0,gpt3)/boot/ostree/fedora-coreos-5088f34c4256ec3d32d31a79920f5c3be2cae45090b7e32b57a2ae2f8a7bc59b/vmlinuz-6.17.1-300.fc43.x86_64 ostree=/ostree/boot.1/fedora-coreos/5088f34c4256ec3d32d31a79920f5c3be2cae45090b7e32b57a2ae2f8a7bc59b/0", will be passed to user space.
May 29 19:28:55.522649 kernel: random: crng init done
May 29 19:28:55.522760 kernel: printk: log buffer data + meta data: 262144 + 917504 = 1179648 bytes
May 29 19:28:55.522765 kernel: Dentry cache hash table entries: 2097152 (order: 12, 16777216 bytes, linear)
May 29 19:28:55.522769 kernel: Inode-cache hash table entries: 1048576 (order: 11, 8388608 bytes, linear)
May 29 19:28:55.522772 kernel: software IO TLB: area num 4.
May 29 19:28:55.522775 kernel: Fallback order for Node 0: 0 
May 29 19:28:55.522779 kernel: Built 1 zonelists, mobility grouping on.  Total pages: 4108297
May 29 19:28:55.522783 kernel: Policy zone: Normal
May 29 19:28:55.522786 kernel: mem auto-init: stack:all(zero), heap alloc:on, heap free:off
May 29 19:28:55.522789 kernel: SLUB: HWalign=64, Order=0-3, MinObjects=0, CPUs=4, Nodes=1
May 29 19:28:55.522792 kernel: ftrace: allocating 61898 entries in 244 pages
May 29 19:28:55.522795 kernel: ftrace: allocated 244 pages with 5 groups
May 29 19:28:55.522800 kernel: Dynamic Preempt: lazy
May 29 19:28:55.522803 kernel: rcu: Preemptible hierarchical RCU implementation.
May 29 19:28:55.522807 kernel: rcu:         RCU event tracing is enabled.
May 29 19:28:55.522811 kernel: rcu:         RCU restricting CPUs from NR_CPUS=8192 to nr_cpu_ids=4.
May 29 19:28:55.522815 kernel:         Trampoline variant of Tasks RCU enabled.
May 29 19:28:55.522819 kernel:         Rude variant of Tasks RCU enabled.
May 29 19:28:55.522821 kernel:         Tracing variant of Tasks RCU enabled.
May 29 19:28:55.522824 kernel: rcu: RCU calculated value of scheduler-enlistment delay is 100 jiffies.
May 29 19:28:55.522829 kernel: rcu: Adjusting geometry for rcu_fanout_leaf=16, nr_cpu_ids=4
May 29 19:28:55.522832 kernel: RCU Tasks: Setting shift to 2 and lim to 1 rcu_task_cb_adjust=1 rcu_task_cpu_ids=4.
May 29 19:28:55.522836 kernel: RCU Tasks Rude: Setting shift to 2 and lim to 1 rcu_task_cb_adjust=1 rcu_task_cpu_ids=4.
May 29 19:28:55.522839 kernel: RCU Tasks Trace: Setting shift to 2 and lim to 1 rcu_task_cb_adjust=1 rcu_task_cpu_ids=4.
May 29 19:28:55.522946 kernel: NR_IRQS: 524544, nr_irqs: 456, preallocated irqs: 16
May 29 19:28:55.522951 kernel: rcu: srcu_init: Setting srcu_struct sizes based on contention.
May 29 19:28:55.522954 kernel: kfence: initialized - using 2097152 bytes for 255 objects at 0x(____ptrval____)-0x(____ptrval____)
May 29 19:28:55.522958 kernel: Console: colour dummy device 80x25
May 29 19:28:55.522961 kernel: printk: legacy console [tty0] enabled
May 29 19:28:55.522964 kernel: printk: legacy console [ttyS0] enabled
May 29 19:28:55.522968 kernel: ACPI: Core revision 20250404
May 29 19:28:55.522971 kernel: clocksource: hpet: mask: 0xffffffff max_cycles: 0xffffffff, max_idle_ns: 30580167144 ns
May 29 19:28:55.522976 kernel: APIC: Switch to symmetric I/O mode setup
May 29 19:28:55.522979 kernel: x2apic enabled
May 29 19:28:55.522982 kernel: APIC: Switched APIC routing to: physical x2apic
May 29 19:28:55.522986 kernel: kvm-guest: APIC: send_IPI_mask() replaced with kvm_send_ipi_mask()
May 29 19:28:55.522996 kernel: kvm-guest: APIC: send_IPI_mask_allbutself() replaced with kvm_send_ipi_mask_allbutself()
May 29 19:28:55.522999 kernel: kvm-guest: setup PV IPIs
May 29 19:28:55.523003 kernel: ..TIMER: vector=0x30 apic1=0 pin1=0 apic2=-1 pin2=-1
May 29 19:28:55.523007 kernel: clocksource: tsc-early: mask: 0xffffffffffffffff max_cycles: 0x257a386c905, max_idle_ns: 440795250529 ns
May 29 19:28:55.523011 kernel: Calibrating delay loop (skipped) preset value.. 5199.99 BogoMIPS (lpj=2599996)
May 29 19:28:55.523015 kernel: Last level iTLB entries: 4KB 64, 2MB 64, 4MB 32
May 29 19:28:55.523018 kernel: Last level dTLB entries: 4KB 128, 2MB 128, 4MB 64, 1GB 0
May 29 19:28:55.523021 kernel: process: using mwait in idle threads
May 29 19:28:55.523026 kernel: mitigations: Enabled attack vectors: user_kernel, user_user, guest_host, guest_guest, SMT mitigations: on
May 29 19:28:55.523134 kernel: Speculative Store Bypass: Mitigation: Speculative Store Bypass disabled via prctl
May 29 19:28:55.523137 kernel: Spectre V2 : Mitigation: Enhanced / Automatic IBRS
May 29 19:28:55.523140 kernel: Speculative Return Stack Overflow: Mitigation: IBPB on VMEXIT only
May 29 19:28:55.523144 kernel: Spectre V1 : Mitigation: usercopy/swapgs barriers and __user pointer sanitization
May 29 19:28:55.523147 kernel: Spectre V2 : mitigation: Enabling conditional Indirect Branch Prediction Barrier
May 29 19:28:55.523150 kernel: x86/fpu: Supporting XSAVE feature 0x001: 'x87 floating point registers'
May 29 19:28:55.523154 kernel: x86/fpu: Supporting XSAVE feature 0x002: 'SSE registers'
May 29 19:28:55.523157 kernel: x86/fpu: Supporting XSAVE feature 0x004: 'AVX registers'
May 29 19:28:55.523160 kernel: x86/fpu: Supporting XSAVE feature 0x020: 'AVX-512 opmask'
May 29 19:28:55.523165 kernel: x86/fpu: Supporting XSAVE feature 0x040: 'AVX-512 Hi256'
May 29 19:28:55.523169 kernel: x86/fpu: Supporting XSAVE feature 0x080: 'AVX-512 ZMM_Hi256'
May 29 19:28:55.523172 kernel: x86/fpu: Supporting XSAVE feature 0x200: 'Protection Keys User registers'
May 29 19:28:55.523176 kernel: x86/fpu: xstate_offset[2]:  576, xstate_sizes[2]:  256
May 29 19:28:55.523181 kernel: x86/fpu: xstate_offset[5]:  832, xstate_sizes[5]:   64
May 29 19:28:55.523184 kernel: x86/fpu: xstate_offset[6]:  896, xstate_sizes[6]:  512
May 29 19:28:55.523187 kernel: x86/fpu: xstate_offset[7]: 1408, xstate_sizes[7]: 1024
May 29 19:28:55.523190 kernel: x86/fpu: xstate_offset[9]: 2432, xstate_sizes[9]:    8
May 29 19:28:55.523193 kernel: x86/fpu: Enabled xstate features 0x2e7, context size is 2440 bytes, using 'compacted' format.
May 29 19:28:55.523197 kernel: Freeing SMP alternatives memory: 56K
May 29 19:28:55.523201 kernel: pid_max: default: 32768 minimum: 301
May 29 19:28:55.523204 kernel: LSM: initializing lsm=lockdown,capability,yama,selinux,bpf,landlock,ipe,ima,evm
May 29 19:28:55.523207 kernel: Yama: becoming mindful.
May 29 19:28:55.523210 kernel: SELinux:  Initializing.
May 29 19:28:55.523213 kernel: LSM support for eBPF active
May 29 19:28:55.523216 kernel: landlock: Up and running.
May 29 19:28:55.523323 kernel: Mount-cache hash table entries: 32768 (order: 6, 262144 bytes, linear)
May 29 19:28:55.523327 kernel: Mountpoint-cache hash table entries: 32768 (order: 6, 262144 bytes, linear)
May 29 19:28:55.523330 kernel: smpboot: CPU0: AMD EPYC 9R45 (family: 0x1a, model: 0x2, stepping: 0x1)
May 29 19:28:55.523333 kernel: Performance Events: Fam17h+ core perfctr, AMD PMU driver.
May 29 19:28:55.523336 kernel: ... version:                2
May 29 19:28:55.523341 kernel: ... bit width:              48
May 29 19:28:55.523345 kernel: ... generic registers:      5
May 29 19:28:55.523347 kernel: ... value mask:             0000ffffffffffff
May 29 19:28:55.523351 kernel: ... max period:             00007fffffffffff
May 29 19:28:55.523355 kernel: ... fixed-purpose events:   0
May 29 19:28:55.523358 kernel: ... event mask:             000000000000001f
May 29 19:28:55.523361 kernel: signal: max sigframe size: 3376
May 29 19:28:55.523364 kernel: rcu: Hierarchical SRCU implementation.
May 29 19:28:55.523368 kernel: rcu:         Max phase no-delay instances is 400.
May 29 19:28:55.523371 kernel: Timer migration: 1 hierarchy levels; 8 children per group; 1 crossnode level
May 29 19:28:55.523374 kernel: smp: Bringing up secondary CPUs ...
May 29 19:28:55.523378 kernel: smpboot: x86: Booting SMP configuration:
May 29 19:28:55.523381 kernel: .... node  #0, CPUs:      #1 #2 #3
May 29 19:28:55.523384 kernel: smp: Brought up 1 node, 4 CPUs
May 29 19:28:55.523387 kernel: smpboot: Total of 4 processors activated (20799.96 BogoMIPS)
May 29 19:28:55.523391 kernel: Memory: 15886440K/16433188K available (22017K kernel code, 4533K rwdata, 17980K rodata, 5116K init, 6152K bss, 538312K reserved, 0K cma-reserved)
May 29 19:28:55.523396 kernel: devtmpfs: initialized
May 29 19:28:55.523399 kernel: x86/mm: Memory block size: 128MB
May 29 19:28:55.523402 kernel: ACPI: PM: Registering ACPI NVS region [mem 0xbbf5e000-0xbbfddfff] (524288 bytes)
May 29 19:28:55.523405 kernel: clocksource: jiffies: mask: 0xffffffff max_cycles: 0xffffffff, max_idle_ns: 1911260446275000 ns
May 29 19:28:55.523483 kernel: posixtimers hash table entries: 2048 (order: 3, 32768 bytes, linear)
May 29 19:28:55.523488 kernel: futex hash table entries: 1024 (65536 bytes on 1 NUMA nodes, total 64 KiB, linear).
May 29 19:28:55.523491 kernel: pinctrl core: initialized pinctrl subsystem
May 29 19:28:55.523495 kernel: PM: RTC time: 19:28:53, date: 2026-05-29
May 29 19:28:55.523499 kernel: NET: Registered PF_NETLINK/PF_ROUTE protocol family
May 29 19:28:55.523502 kernel: DMA: preallocated 2048 KiB GFP_KERNEL pool for atomic allocations
May 29 19:28:55.523505 kernel: DMA: preallocated 2048 KiB GFP_KERNEL|GFP_DMA pool for atomic allocations
May 29 19:28:55.523509 kernel: DMA: preallocated 2048 KiB GFP_KERNEL|GFP_DMA32 pool for atomic allocations
May 29 19:28:55.523512 kernel: audit: initializing netlink subsys (disabled)
May 29 19:28:55.523517 kernel: audit: type=2000 audit(1780082934.421:1): state=initialized audit_enabled=0 res=1
May 29 19:28:55.523520 kernel: thermal_sys: Registered thermal governor 'fair_share'
May 29 19:28:55.523524 kernel: thermal_sys: Registered thermal governor 'bang_bang'
May 29 19:28:55.523527 kernel: thermal_sys: Registered thermal governor 'step_wise'
May 29 19:28:55.523530 kernel: thermal_sys: Registered thermal governor 'user_space'
May 29 19:28:55.523533 kernel: cpuidle: using governor menu
May 29 19:28:55.523536 kernel: acpiphp: ACPI Hot Plug PCI Controller Driver version: 0.5
May 29 19:28:55.523540 kernel: PCI: ECAM [mem 0x440100000-0x4423fffff] (base 0x440000000) for domain 0000 [bus 01-23]
May 29 19:28:55.523544 kernel: PCI: ECAM [mem 0x442400000-0x442bfffff] (base 0x440000000) for domain 0000 [bus 24-2b]
May 29 19:28:55.523549 kernel: PCI: Using configuration type 1 for base access
May 29 19:28:55.523552 kernel: kprobes: kprobe jump-optimization is enabled. All kprobes are optimized if possible.
May 29 19:28:55.523555 kernel: HugeTLB: allocation took 0ms with hugepage_allocation_threads=1
May 29 19:28:55.523558 kernel: HugeTLB: registered 1.00 GiB page size, pre-allocated 0 pages
May 29 19:28:55.523562 kernel: HugeTLB: 16380 KiB vmemmap can be freed for a 1.00 GiB page
May 29 19:28:55.523565 kernel: HugeTLB: registered 2.00 MiB page size, pre-allocated 0 pages
May 29 19:28:55.523568 kernel: HugeTLB: 28 KiB vmemmap can be freed for a 2.00 MiB page
May 29 19:28:55.523571 kernel: raid6: skipped pq benchmark and selected avx512x4
May 29 19:28:55.523575 kernel: raid6: using avx512x2 recovery algorithm
May 29 19:28:55.523578 kernel: fbcon: Taking over console
May 29 19:28:55.523581 kernel: ACPI: Added _OSI(Module Device)
May 29 19:28:55.523584 kernel: ACPI: Added _OSI(Processor Device)
May 29 19:28:55.523587 kernel: ACPI: Added _OSI(Processor Aggregator Device)
May 29 19:28:55.523594 kernel: ACPI: 3 ACPI AML tables successfully acquired and loaded
May 29 19:28:55.523597 kernel: ACPI: Interpreter enabled
May 29 19:28:55.523600 kernel: ACPI: PM: (supports S0 S4 S5)
May 29 19:28:55.523605 kernel: ACPI: Using IOAPIC for interrupt routing
May 29 19:28:55.523609 kernel: PCI: Using host bridge windows from ACPI; if necessary, use "pci=nocrs" and report a bug
May 29 19:28:55.523612 kernel: PCI: Using E820 reservations for host bridge windows
May 29 19:28:55.523617 kernel: ACPI: Enabled 2 GPEs in block 00 to 0F
May 29 19:28:55.523620 kernel: ACPI: PCI Root Bridge [PCI0] (domain 0000 [bus 00])
May 29 19:28:55.523724 kernel: acpi PNP0A03:00: _OSC: OS supports [ExtendedConfig ASPM ClockPM Segments MSI EDR HPX-Type3]
May 29 19:28:55.523780 kernel: acpi PNP0A03:00: fail to add MMCONFIG information, can't access extended configuration space under this bridge
May 29 19:28:55.523784 kernel: acpiphp: Slot [3] registered
May 29 19:28:55.523788 kernel: acpiphp: Slot [4] registered
May 29 19:28:55.523791 kernel: acpiphp: Slot [5] registered
May 29 19:28:55.523794 kernel: acpiphp: Slot [6] registered
May 29 19:28:55.523797 kernel: acpiphp: Slot [7] registered
May 29 19:28:55.523800 kernel: acpiphp: Slot [8] registered
May 29 19:28:55.523803 kernel: acpiphp: Slot [9] registered
May 29 19:28:55.523806 kernel: acpiphp: Slot [10] registered
May 29 19:28:55.523809 kernel: acpiphp: Slot [11] registered
May 29 19:28:55.523812 kernel: acpiphp: Slot [12] registered
May 29 19:28:55.523816 kernel: acpiphp: Slot [13] registered
May 29 19:28:55.523820 kernel: acpiphp: Slot [14] registered
May 29 19:28:55.523823 kernel: acpiphp: Slot [15] registered
May 29 19:28:55.523825 kernel: acpiphp: Slot [16] registered
May 29 19:28:55.523829 kernel: acpiphp: Slot [17] registered
May 29 19:28:55.523832 kernel: acpiphp: Slot [18] registered
May 29 19:28:55.523835 kernel: acpiphp: Slot [19] registered
May 29 19:28:55.523838 kernel: acpiphp: Slot [20] registered
May 29 19:28:55.523841 kernel: acpiphp: Slot [21] registered
May 29 19:28:55.523844 kernel: acpiphp: Slot [22] registered
May 29 19:28:55.523847 kernel: acpiphp: Slot [23] registered
May 29 19:28:55.523850 kernel: acpiphp: Slot [24] registered
May 29 19:28:55.523853 kernel: acpiphp: Slot [25] registered
May 29 19:28:55.523857 kernel: acpiphp: Slot [26] registered
May 29 19:28:55.523859 kernel: acpiphp: Slot [27] registered
May 29 19:28:55.523862 kernel: acpiphp: Slot [28] registered
May 29 19:28:55.523866 kernel: acpiphp: Slot [29] registered
May 29 19:28:55.523870 kernel: acpiphp: Slot [30] registered
May 29 19:28:55.523873 kernel: acpiphp: Slot [31] registered
May 29 19:28:55.523877 kernel: PCI host bridge to bus 0000:00
May 29 19:28:55.523936 kernel: pci_bus 0000:00: root bus resource [io  0x0000-0x0cf7 window]
May 29 19:28:55.523983 kernel: pci_bus 0000:00: root bus resource [io  0x0d00-0xffff window]
May 29 19:28:55.524052 kernel: pci_bus 0000:00: root bus resource [mem 0x000a0000-0x000bffff window]
May 29 19:28:55.524097 kernel: pci_bus 0000:00: root bus resource [mem 0xc0000000-0xc3ffffff window]
May 29 19:28:55.524141 kernel: pci_bus 0000:00: root bus resource [mem 0x480000000-0x481ffffff window]
May 29 19:28:55.524184 kernel: pci_bus 0000:00: root bus resource [bus 00]
May 29 19:28:55.524248 kernel: pci 0000:00:00.0: [8086:1237] type 00 class 0x060000 conventional PCI endpoint
May 29 19:28:55.524305 kernel: pci 0000:00:01.0: [8086:7000] type 00 class 0x060100 conventional PCI endpoint
May 29 19:28:55.524364 kernel: pci 0000:00:01.3: [8086:7113] type 00 class 0x000000 conventional PCI endpoint
May 29 19:28:55.524413 kernel: pci 0000:00:01.3: quirk: [io  0xb000-0xb03f] claimed by PIIX4 ACPI
May 29 19:28:55.524462 kernel: pci 0000:00:01.3: PIIX4 devres E PIO at fff0-ffff
May 29 19:28:55.524511 kernel: pci 0000:00:01.3: PIIX4 devres F MMIO at ffc00000-ffffffff
May 29 19:28:55.524560 kernel: pci 0000:00:01.3: PIIX4 devres G PIO at fff0-ffff
May 29 19:28:55.524609 kernel: pci 0000:00:01.3: PIIX4 devres H MMIO at ffc00000-ffffffff
May 29 19:28:55.524657 kernel: pci 0000:00:01.3: PIIX4 devres I PIO at fff0-ffff
May 29 19:28:55.524706 kernel: pci 0000:00:01.3: PIIX4 devres J PIO at fff0-ffff
May 29 19:28:55.524760 kernel: pci 0000:00:03.0: [1d0f:1111] type 00 class 0x030000 conventional PCI endpoint
May 29 19:28:55.524809 kernel: pci 0000:00:03.0: BAR 0 [mem 0xc2000000-0xc23fffff pref]
May 29 19:28:55.524857 kernel: pci 0000:00:03.0: ROM [mem 0xc0000000-0xc000ffff pref]
May 29 19:28:55.524905 kernel: pci 0000:00:03.0: Video device with shadowed ROM at [mem 0x000c0000-0x000dffff]
May 29 19:28:55.524960 kernel: pci 0000:00:04.0: [1d0f:8061] type 00 class 0x010802 PCIe Endpoint
May 29 19:28:55.525016 kernel: pci 0000:00:04.0: BAR 0 [mem 0xc0010000-0xc0013fff]
May 29 19:28:55.525064 kernel: pci 0000:00:04.0: enabling Extended Tags
May 29 19:28:55.525109 kernel: pci_bus 0000:00: on NUMA node 0
May 29 19:28:55.525113 kernel: ACPI: PCI Root Bridge [PC01] (domain 0000 [bus 01-23])
May 29 19:28:55.525169 kernel: acpi PNP0A08:00: _OSC: OS supports [ExtendedConfig ASPM ClockPM Segments MSI EDR HPX-Type3]
May 29 19:28:55.525219 kernel: acpi PNP0A08:00: _OSC: platform does not support [SHPCHotplug AER LTR DPC]
May 29 19:28:55.525268 kernel: acpi PNP0A08:00: _OSC: OS now controls [PCIeHotplug PME PCIeCapability]
May 29 19:28:55.525271 kernel: acpiphp: Slot [32] registered
May 29 19:28:55.525275 kernel: acpiphp: Slot [33] registered
May 29 19:28:55.525278 kernel: acpiphp: Slot [34] registered
May 29 19:28:55.525282 kernel: acpiphp: Slot [35] registered
May 29 19:28:55.525285 kernel: acpiphp: Slot [36] registered
May 29 19:28:55.525287 kernel: acpiphp: Slot [37] registered
May 29 19:28:55.525290 kernel: acpiphp: Slot [38] registered
May 29 19:28:55.525293 kernel: acpiphp: Slot [39] registered
May 29 19:28:55.525297 kernel: acpiphp: Slot [40] registered
May 29 19:28:55.525300 kernel: acpiphp: Slot [41] registered
May 29 19:28:55.525303 kernel: acpiphp: Slot [42] registered
May 29 19:28:55.525306 kernel: acpiphp: Slot [43] registered
May 29 19:28:55.525308 kernel: acpiphp: Slot [44] registered
May 29 19:28:55.525312 kernel: acpiphp: Slot [45] registered
May 29 19:28:55.525315 kernel: acpiphp: Slot [46] registered
May 29 19:28:55.525318 kernel: acpiphp: Slot [47] registered
May 29 19:28:55.525321 kernel: acpiphp: Slot [48] registered
May 29 19:28:55.525324 kernel: acpiphp: Slot [49] registered
May 29 19:28:55.525327 kernel: acpiphp: Slot [50] registered
May 29 19:28:55.525330 kernel: acpiphp: Slot [51] registered
May 29 19:28:55.525333 kernel: acpiphp: Slot [52] registered
May 29 19:28:55.525336 kernel: acpiphp: Slot [53] registered
May 29 19:28:55.525339 kernel: acpiphp: Slot [54] registered
May 29 19:28:55.525342 kernel: acpiphp: Slot [55] registered
May 29 19:28:55.525345 kernel: acpiphp: Slot [56] registered
May 29 19:28:55.525348 kernel: acpiphp: Slot [57] registered
May 29 19:28:55.525351 kernel: acpiphp: Slot [58] registered
May 29 19:28:55.525354 kernel: acpiphp: Slot [59] registered
May 29 19:28:55.525357 kernel: acpiphp: Slot [60] registered
May 29 19:28:55.525360 kernel: acpiphp: Slot [61] registered
May 29 19:28:55.525363 kernel: acpiphp: Slot [62] registered
May 29 19:28:55.525365 kernel: acpiphp: Slot [63] registered
May 29 19:28:55.525368 kernel: PCI host bridge to bus 0000:01
May 29 19:28:55.525423 kernel: pci_bus 0000:01: root bus resource [mem 0xc4000000-0xc82fffff window]
May 29 19:28:55.525468 kernel: pci_bus 0000:01: root bus resource [mem 0x482000000-0x4a1ffffff window]
May 29 19:28:55.525513 kernel: pci_bus 0000:01: root bus resource [bus 01-23]
May 29 19:28:55.525571 kernel: pci 0000:01:00.0: [1d0f:0200] type 01 class 0x060400 PCIe Root Port
May 29 19:28:55.525622 kernel: pci 0000:01:00.0: BAR 0 [mem 0xc4000000-0xc40003ff]
May 29 19:28:55.525672 kernel: pci 0000:01:00.0: PCI bridge to [bus 02-23]
May 29 19:28:55.525720 kernel: pci 0000:01:00.0:   bridge window [mem 0xc4100000-0xc82fffff]
May 29 19:28:55.525769 kernel: pci 0000:01:00.0:   bridge window [mem 0x482000000-0x4a1ffffff 64bit pref]
May 29 19:28:55.525825 kernel: pci 0000:02:00.0: [1d0f:0200] type 01 class 0x060400 PCIe Switch Upstream Port
May 29 19:28:55.525881 kernel: pci 0000:02:00.0: BAR 0 [mem 0xc4100000-0xc41003ff]
May 29 19:28:55.525935 kernel: pci 0000:02:00.0: PCI bridge to [bus 03-23]
May 29 19:28:55.525997 kernel: pci 0000:02:00.0:   bridge window [mem 0xc4200000-0xc82fffff]
May 29 19:28:55.526053 kernel: pci 0000:02:00.0:   bridge window [mem 0x482000000-0x4a1ffffff 64bit pref]
May 29 19:28:55.526103 kernel: pci 0000:01:00.0: PCI bridge to [bus 02-23]
May 29 19:28:55.526162 kernel: pci 0000:03:00.0: [1d0f:0200] type 01 class 0x060400 PCIe Switch Downstream Port
May 29 19:28:55.526216 kernel: pci 0000:03:00.0: BAR 0 [mem 0xc4200000-0xc42003ff]
May 29 19:28:55.526269 kernel: pci 0000:03:00.0: PCI bridge to [bus 04]
May 29 19:28:55.526324 kernel: pci 0000:03:00.0:   bridge window [mem 0xc4300000-0xc44fffff]
May 29 19:28:55.526378 kernel: pci 0000:03:00.0:   bridge window [mem 0x482000000-0x482ffffff 64bit pref]
May 29 19:28:55.526437 kernel: pci 0000:03:00.1: [1d0f:0200] type 01 class 0x060400 PCIe Switch Downstream Port
May 29 19:28:55.526491 kernel: pci 0000:03:00.1: BAR 0 [mem 0xc4200400-0xc42007ff]
May 29 19:28:55.526546 kernel: pci 0000:03:00.1: PCI bridge to [bus 05]
May 29 19:28:55.526600 kernel: pci 0000:03:00.1:   bridge window [mem 0xc4500000-0xc46fffff]
May 29 19:28:55.526654 kernel: pci 0000:03:00.1:   bridge window [mem 0x483000000-0x483ffffff 64bit pref]
May 29 19:28:55.526713 kernel: pci 0000:03:00.2: [1d0f:0200] type 01 class 0x060400 PCIe Switch Downstream Port
May 29 19:28:55.526766 kernel: pci 0000:03:00.2: BAR 0 [mem 0xc4200800-0xc4200bff]
May 29 19:28:55.526820 kernel: pci 0000:03:00.2: PCI bridge to [bus 06]
May 29 19:28:55.526874 kernel: pci 0000:03:00.2:   bridge window [mem 0xc4700000-0xc48fffff]
May 29 19:28:55.526927 kernel: pci 0000:03:00.2:   bridge window [mem 0x484000000-0x484ffffff 64bit pref]
May 29 19:28:55.526986 kernel: pci 0000:03:00.3: [1d0f:0200] type 01 class 0x060400 PCIe Switch Downstream Port
May 29 19:28:55.527050 kernel: pci 0000:03:00.3: BAR 0 [mem 0xc4200c00-0xc4200fff]
May 29 19:28:55.527104 kernel: pci 0000:03:00.3: PCI bridge to [bus 07]
May 29 19:28:55.527157 kernel: pci 0000:03:00.3:   bridge window [mem 0xc4900000-0xc4afffff]
May 29 19:28:55.527210 kernel: pci 0000:03:00.3:   bridge window [mem 0x485000000-0x485ffffff 64bit pref]
May 29 19:28:55.527269 kernel: pci 0000:03:00.4: [1d0f:0200] type 01 class 0x060400 PCIe Switch Downstream Port
May 29 19:28:55.527338 kernel: pci 0000:03:00.4: BAR 0 [mem 0xc4201000-0xc42013ff]
May 29 19:28:55.527391 kernel: pci 0000:03:00.4: PCI bridge to [bus 08]
May 29 19:28:55.527445 kernel: pci 0000:03:00.4:   bridge window [mem 0xc4b00000-0xc4cfffff]
May 29 19:28:55.527497 kernel: pci 0000:03:00.4:   bridge window [mem 0x486000000-0x486ffffff 64bit pref]
May 29 19:28:55.527557 kernel: pci 0000:03:00.5: [1d0f:0200] type 01 class 0x060400 PCIe Switch Downstream Port
May 29 19:28:55.527616 kernel: pci 0000:03:00.5: BAR 0 [mem 0xc4201400-0xc42017ff]
May 29 19:28:55.527670 kernel: pci 0000:03:00.5: PCI bridge to [bus 09]
May 29 19:28:55.527723 kernel: pci 0000:03:00.5:   bridge window [mem 0xc4d00000-0xc4efffff]
May 29 19:28:55.527775 kernel: pci 0000:03:00.5:   bridge window [mem 0x487000000-0x487ffffff 64bit pref]
May 29 19:28:55.527834 kernel: pci 0000:03:00.6: [1d0f:0200] type 01 class 0x060400 PCIe Switch Downstream Port
May 29 19:28:55.527888 kernel: pci 0000:03:00.6: BAR 0 [mem 0xc4201800-0xc4201bff]
May 29 19:28:55.527973 kernel: pci 0000:03:00.6: PCI bridge to [bus 0a]
May 29 19:28:55.528070 kernel: pci 0000:03:00.6:   bridge window [mem 0xc4f00000-0xc50fffff]
May 29 19:28:55.528154 kernel: pci 0000:03:00.6:   bridge window [mem 0x488000000-0x488ffffff 64bit pref]
May 29 19:28:55.528213 kernel: pci 0000:03:00.7: [1d0f:0200] type 01 class 0x060400 PCIe Switch Downstream Port
May 29 19:28:55.528267 kernel: pci 0000:03:00.7: BAR 0 [mem 0xc4201c00-0xc4201fff]
May 29 19:28:55.528320 kernel: pci 0000:03:00.7: PCI bridge to [bus 0b]
May 29 19:28:55.528374 kernel: pci 0000:03:00.7:   bridge window [mem 0xc5100000-0xc52fffff]
May 29 19:28:55.528426 kernel: pci 0000:03:00.7:   bridge window [mem 0x489000000-0x489ffffff 64bit pref]
May 29 19:28:55.528484 kernel: pci 0000:03:01.0: [1d0f:0200] type 01 class 0x060400 PCIe Switch Downstream Port
May 29 19:28:55.528538 kernel: pci 0000:03:01.0: BAR 0 [mem 0xc4202000-0xc42023ff]
May 29 19:28:55.528590 kernel: pci 0000:03:01.0: PCI bridge to [bus 0c]
May 29 19:28:55.528644 kernel: pci 0000:03:01.0:   bridge window [mem 0xc5300000-0xc54fffff]
May 29 19:28:55.528696 kernel: pci 0000:03:01.0:   bridge window [mem 0x48a000000-0x48affffff 64bit pref]
May 29 19:28:55.528755 kernel: pci 0000:03:01.1: [1d0f:0200] type 01 class 0x060400 PCIe Switch Downstream Port
May 29 19:28:55.528809 kernel: pci 0000:03:01.1: BAR 0 [mem 0xc4202400-0xc42027ff]
May 29 19:28:55.528862 kernel: pci 0000:03:01.1: PCI bridge to [bus 0d]
May 29 19:28:55.528915 kernel: pci 0000:03:01.1:   bridge window [mem 0xc5500000-0xc56fffff]
May 29 19:28:55.528968 kernel: pci 0000:03:01.1:   bridge window [mem 0x48b000000-0x48bffffff 64bit pref]
May 29 19:28:55.529045 kernel: pci 0000:03:01.2: [1d0f:0200] type 01 class 0x060400 PCIe Switch Downstream Port
May 29 19:28:55.529100 kernel: pci 0000:03:01.2: BAR 0 [mem 0xc4202800-0xc4202bff]
May 29 19:28:55.529153 kernel: pci 0000:03:01.2: PCI bridge to [bus 0e]
May 29 19:28:55.529207 kernel: pci 0000:03:01.2:   bridge window [mem 0xc5700000-0xc58fffff]
May 29 19:28:55.529260 kernel: pci 0000:03:01.2:   bridge window [mem 0x48c000000-0x48cffffff 64bit pref]
May 29 19:28:55.529318 kernel: pci 0000:03:01.3: [1d0f:0200] type 01 class 0x060400 PCIe Switch Downstream Port
May 29 19:28:55.529371 kernel: pci 0000:03:01.3: BAR 0 [mem 0xc4202c00-0xc4202fff]
May 29 19:28:55.529424 kernel: pci 0000:03:01.3: PCI bridge to [bus 0f]
May 29 19:28:55.529478 kernel: pci 0000:03:01.3:   bridge window [mem 0xc5900000-0xc5afffff]
May 29 19:28:55.529540 kernel: pci 0000:03:01.3:   bridge window [mem 0x48d000000-0x48dffffff 64bit pref]
May 29 19:28:55.529607 kernel: pci 0000:03:01.4: [1d0f:0200] type 01 class 0x060400 PCIe Switch Downstream Port
May 29 19:28:55.529667 kernel: pci 0000:03:01.4: BAR 0 [mem 0xc4203000-0xc42033ff]
May 29 19:28:55.529721 kernel: pci 0000:03:01.4: PCI bridge to [bus 10]
May 29 19:28:55.529774 kernel: pci 0000:03:01.4:   bridge window [mem 0xc5b00000-0xc5cfffff]
May 29 19:28:55.529827 kernel: pci 0000:03:01.4:   bridge window [mem 0x48e000000-0x48effffff 64bit pref]
May 29 19:28:55.529885 kernel: pci 0000:03:01.5: [1d0f:0200] type 01 class 0x060400 PCIe Switch Downstream Port
May 29 19:28:55.529938 kernel: pci 0000:03:01.5: BAR 0 [mem 0xc4203400-0xc42037ff]
May 29 19:28:55.529997 kernel: pci 0000:03:01.5: PCI bridge to [bus 11]
May 29 19:28:55.530051 kernel: pci 0000:03:01.5:   bridge window [mem 0xc5d00000-0xc5efffff]
May 29 19:28:55.530105 kernel: pci 0000:03:01.5:   bridge window [mem 0x48f000000-0x48fffffff 64bit pref]
May 29 19:28:55.530162 kernel: pci 0000:03:01.6: [1d0f:0200] type 01 class 0x060400 PCIe Switch Downstream Port
May 29 19:28:55.530216 kernel: pci 0000:03:01.6: BAR 0 [mem 0xc4203800-0xc4203bff]
May 29 19:28:55.530268 kernel: pci 0000:03:01.6: PCI bridge to [bus 12]
May 29 19:28:55.530322 kernel: pci 0000:03:01.6:   bridge window [mem 0xc5f00000-0xc60fffff]
May 29 19:28:55.530377 kernel: pci 0000:03:01.6:   bridge window [mem 0x490000000-0x490ffffff 64bit pref]
May 29 19:28:55.530435 kernel: pci 0000:03:01.7: [1d0f:0200] type 01 class 0x060400 PCIe Switch Downstream Port
May 29 19:28:55.530489 kernel: pci 0000:03:01.7: BAR 0 [mem 0xc4203c00-0xc4203fff]
May 29 19:28:55.530541 kernel: pci 0000:03:01.7: PCI bridge to [bus 13]
May 29 19:28:55.530596 kernel: pci 0000:03:01.7:   bridge window [mem 0xc6100000-0xc62fffff]
May 29 19:28:55.530650 kernel: pci 0000:03:01.7:   bridge window [mem 0x491000000-0x491ffffff 64bit pref]
May 29 19:28:55.530709 kernel: pci 0000:03:02.0: [1d0f:0200] type 01 class 0x060400 PCIe Switch Downstream Port
May 29 19:28:55.530764 kernel: pci 0000:03:02.0: BAR 0 [mem 0xc4204000-0xc42043ff]
May 29 19:28:55.530817 kernel: pci 0000:03:02.0: PCI bridge to [bus 14]
May 29 19:28:55.530871 kernel: pci 0000:03:02.0:   bridge window [mem 0xc6300000-0xc64fffff]
May 29 19:28:55.530924 kernel: pci 0000:03:02.0:   bridge window [mem 0x492000000-0x492ffffff 64bit pref]
May 29 19:28:55.530982 kernel: pci 0000:03:02.1: [1d0f:0200] type 01 class 0x060400 PCIe Switch Downstream Port
May 29 19:28:55.531043 kernel: pci 0000:03:02.1: BAR 0 [mem 0xc4204400-0xc42047ff]
May 29 19:28:55.531107 kernel: pci 0000:03:02.1: PCI bridge to [bus 15]
May 29 19:28:55.531163 kernel: pci 0000:03:02.1:   bridge window [mem 0xc6500000-0xc66fffff]
May 29 19:28:55.531225 kernel: pci 0000:03:02.1:   bridge window [mem 0x493000000-0x493ffffff 64bit pref]
May 29 19:28:55.531283 kernel: pci 0000:03:02.2: [1d0f:0200] type 01 class 0x060400 PCIe Switch Downstream Port
May 29 19:28:55.531340 kernel: pci 0000:03:02.2: BAR 0 [mem 0xc4204800-0xc4204bff]
May 29 19:28:55.531393 kernel: pci 0000:03:02.2: PCI bridge to [bus 16]
May 29 19:28:55.531446 kernel: pci 0000:03:02.2:   bridge window [mem 0xc6700000-0xc68fffff]
May 29 19:28:55.531499 kernel: pci 0000:03:02.2:   bridge window [mem 0x494000000-0x494ffffff 64bit pref]
May 29 19:28:55.531557 kernel: pci 0000:03:02.3: [1d0f:0200] type 01 class 0x060400 PCIe Switch Downstream Port
May 29 19:28:55.531622 kernel: pci 0000:03:02.3: BAR 0 [mem 0xc4204c00-0xc4204fff]
May 29 19:28:55.531677 kernel: pci 0000:03:02.3: PCI bridge to [bus 17]
May 29 19:28:55.531730 kernel: pci 0000:03:02.3:   bridge window [mem 0xc6900000-0xc6afffff]
May 29 19:28:55.531898 kernel: pci 0000:03:02.3:   bridge window [mem 0x495000000-0x495ffffff 64bit pref]
May 29 19:28:55.532075 kernel: pci 0000:03:02.4: [1d0f:0200] type 01 class 0x060400 PCIe Switch Downstream Port
May 29 19:28:55.532235 kernel: pci 0000:03:02.4: BAR 0 [mem 0xc4205000-0xc42053ff]
May 29 19:28:55.532287 kernel: pci 0000:03:02.4: PCI bridge to [bus 18]
May 29 19:28:55.532445 kernel: pci 0000:03:02.4:   bridge window [mem 0xc6b00000-0xc6cfffff]
May 29 19:28:55.532498 kernel: pci 0000:03:02.4:   bridge window [mem 0x496000000-0x496ffffff 64bit pref]
May 29 19:28:55.532660 kernel: pci 0000:03:02.5: [1d0f:0200] type 01 class 0x060400 PCIe Switch Downstream Port
May 29 19:28:55.532816 kernel: pci 0000:03:02.5: BAR 0 [mem 0xc4205400-0xc42057ff]
May 29 19:28:55.532869 kernel: pci 0000:03:02.5: PCI bridge to [bus 19]
May 29 19:28:55.532922 kernel: pci 0000:03:02.5:   bridge window [mem 0xc6d00000-0xc6efffff]
May 29 19:28:55.532975 kernel: pci 0000:03:02.5:   bridge window [mem 0x497000000-0x497ffffff 64bit pref]
May 29 19:28:55.533039 kernel: pci 0000:03:02.6: [1d0f:0200] type 01 class 0x060400 PCIe Switch Downstream Port
May 29 19:28:55.533092 kernel: pci 0000:03:02.6: BAR 0 [mem 0xc4205800-0xc4205bff]
May 29 19:28:55.533146 kernel: pci 0000:03:02.6: PCI bridge to [bus 1a]
May 29 19:28:55.533199 kernel: pci 0000:03:02.6:   bridge window [mem 0xc6f00000-0xc70fffff]
May 29 19:28:55.533253 kernel: pci 0000:03:02.6:   bridge window [mem 0x498000000-0x498ffffff 64bit pref]
May 29 19:28:55.533311 kernel: pci 0000:03:02.7: [1d0f:0200] type 01 class 0x060400 PCIe Switch Downstream Port
May 29 19:28:55.533366 kernel: pci 0000:03:02.7: BAR 0 [mem 0xc4205c00-0xc4205fff]
May 29 19:28:55.533419 kernel: pci 0000:03:02.7: PCI bridge to [bus 1b]
May 29 19:28:55.533473 kernel: pci 0000:03:02.7:   bridge window [mem 0xc7100000-0xc72fffff]
May 29 19:28:55.533541 kernel: pci 0000:03:02.7:   bridge window [mem 0x499000000-0x499ffffff 64bit pref]
May 29 19:28:55.533603 kernel: pci 0000:03:03.0: [1d0f:0200] type 01 class 0x060400 PCIe Switch Downstream Port
May 29 19:28:55.533666 kernel: pci 0000:03:03.0: BAR 0 [mem 0xc4206000-0xc42063ff]
May 29 19:28:55.533722 kernel: pci 0000:03:03.0: PCI bridge to [bus 1c]
May 29 19:28:55.533776 kernel: pci 0000:03:03.0:   bridge window [mem 0xc7300000-0xc74fffff]
May 29 19:28:55.533829 kernel: pci 0000:03:03.0:   bridge window [mem 0x49a000000-0x49affffff 64bit pref]
May 29 19:28:55.533887 kernel: pci 0000:03:03.1: [1d0f:0200] type 01 class 0x060400 PCIe Switch Downstream Port
May 29 19:28:55.533940 kernel: pci 0000:03:03.1: BAR 0 [mem 0xc4206400-0xc42067ff]
May 29 19:28:55.534000 kernel: pci 0000:03:03.1: PCI bridge to [bus 1d]
May 29 19:28:55.534054 kernel: pci 0000:03:03.1:   bridge window [mem 0xc7500000-0xc76fffff]
May 29 19:28:55.534106 kernel: pci 0000:03:03.1:   bridge window [mem 0x49b000000-0x49bffffff 64bit pref]
May 29 19:28:55.534165 kernel: pci 0000:03:03.2: [1d0f:0200] type 01 class 0x060400 PCIe Switch Downstream Port
May 29 19:28:55.534218 kernel: pci 0000:03:03.2: BAR 0 [mem 0xc4206800-0xc4206bff]
May 29 19:28:55.534271 kernel: pci 0000:03:03.2: PCI bridge to [bus 1e]
May 29 19:28:55.534324 kernel: pci 0000:03:03.2:   bridge window [mem 0xc7700000-0xc78fffff]
May 29 19:28:55.534377 kernel: pci 0000:03:03.2:   bridge window [mem 0x49c000000-0x49cffffff 64bit pref]
May 29 19:28:55.534436 kernel: pci 0000:03:03.3: [1d0f:0200] type 01 class 0x060400 PCIe Switch Downstream Port
May 29 19:28:55.534489 kernel: pci 0000:03:03.3: BAR 0 [mem 0xc4206c00-0xc4206fff]
May 29 19:28:55.534542 kernel: pci 0000:03:03.3: PCI bridge to [bus 1f]
May 29 19:28:55.534594 kernel: pci 0000:03:03.3:   bridge window [mem 0xc7900000-0xc7afffff]
May 29 19:28:55.534647 kernel: pci 0000:03:03.3:   bridge window [mem 0x49d000000-0x49dffffff 64bit pref]
May 29 19:28:55.534707 kernel: pci 0000:03:03.4: [1d0f:0200] type 01 class 0x060400 PCIe Switch Downstream Port
May 29 19:28:55.534761 kernel: pci 0000:03:03.4: BAR 0 [mem 0xc4207000-0xc42073ff]
May 29 19:28:55.534814 kernel: pci 0000:03:03.4: PCI bridge to [bus 20]
May 29 19:28:55.534867 kernel: pci 0000:03:03.4:   bridge window [mem 0xc7b00000-0xc7cfffff]
May 29 19:28:55.534920 kernel: pci 0000:03:03.4:   bridge window [mem 0x49e000000-0x49effffff 64bit pref]
May 29 19:28:55.534978 kernel: pci 0000:03:03.5: [1d0f:0200] type 01 class 0x060400 PCIe Switch Downstream Port
May 29 19:28:55.535051 kernel: pci 0000:03:03.5: BAR 0 [mem 0xc4207400-0xc42077ff]
May 29 19:28:55.535104 kernel: pci 0000:03:03.5: PCI bridge to [bus 21]
May 29 19:28:55.535156 kernel: pci 0000:03:03.5:   bridge window [mem 0xc7d00000-0xc7efffff]
May 29 19:28:55.535209 kernel: pci 0000:03:03.5:   bridge window [mem 0x49f000000-0x49fffffff 64bit pref]
May 29 19:28:55.535267 kernel: pci 0000:03:03.6: [1d0f:0200] type 01 class 0x060400 PCIe Switch Downstream Port
May 29 19:28:55.535321 kernel: pci 0000:03:03.6: BAR 0 [mem 0xc4207800-0xc4207bff]
May 29 19:28:55.535374 kernel: pci 0000:03:03.6: PCI bridge to [bus 22]
May 29 19:28:55.535426 kernel: pci 0000:03:03.6:   bridge window [mem 0xc7f00000-0xc80fffff]
May 29 19:28:55.535489 kernel: pci 0000:03:03.6:   bridge window [mem 0x4a0000000-0x4a0ffffff 64bit pref]
May 29 19:28:55.535550 kernel: pci 0000:03:03.7: [1d0f:0200] type 01 class 0x060400 PCIe Switch Downstream Port
May 29 19:28:55.535613 kernel: pci 0000:03:03.7: BAR 0 [mem 0xc4207c00-0xc4207fff]
May 29 19:28:55.535680 kernel: pci 0000:03:03.7: PCI bridge to [bus 23]
May 29 19:28:55.536437 kernel: pci 0000:03:03.7:   bridge window [mem 0xc8100000-0xc82fffff]
May 29 19:28:55.536490 kernel: pci 0000:03:03.7:   bridge window [mem 0x4a1000000-0x4a1ffffff 64bit pref]
May 29 19:28:55.536678 kernel: pci 0000:02:00.0: PCI bridge to [bus 03-23]
May 29 19:28:55.536833 kernel: pci 0000:03:00.0: PCI bridge to [bus 04]
May 29 19:28:55.536999 kernel: pci 0000:03:00.1: PCI bridge to [bus 05]
May 29 19:28:55.537053 kernel: pci 0000:03:00.2: PCI bridge to [bus 06]
May 29 19:28:55.537192 kernel: pci 0000:03:00.3: PCI bridge to [bus 07]
May 29 19:28:55.537246 kernel: pci 0000:03:00.4: PCI bridge to [bus 08]
May 29 19:28:55.537298 kernel: pci 0000:03:00.5: PCI bridge to [bus 09]
May 29 19:28:55.537351 kernel: pci 0000:03:00.6: PCI bridge to [bus 0a]
May 29 19:28:55.537403 kernel: pci 0000:03:00.7: PCI bridge to [bus 0b]
May 29 19:28:55.537456 kernel: pci 0000:03:01.0: PCI bridge to [bus 0c]
May 29 19:28:55.537510 kernel: pci 0000:03:01.1: PCI bridge to [bus 0d]
May 29 19:28:55.537563 kernel: pci 0000:03:01.2: PCI bridge to [bus 0e]
May 29 19:28:55.537617 kernel: pci 0000:03:01.3: PCI bridge to [bus 0f]
May 29 19:28:55.537671 kernel: pci 0000:03:01.4: PCI bridge to [bus 10]
May 29 19:28:55.537723 kernel: pci 0000:03:01.5: PCI bridge to [bus 11]
May 29 19:28:55.537776 kernel: pci 0000:03:01.6: PCI bridge to [bus 12]
May 29 19:28:55.537829 kernel: pci 0000:03:01.7: PCI bridge to [bus 13]
May 29 19:28:55.537882 kernel: pci 0000:03:02.0: PCI bridge to [bus 14]
May 29 19:28:55.537951 kernel: pci 0000:03:02.1: PCI bridge to [bus 15]
May 29 19:28:55.538019 kernel: pci 0000:03:02.2: PCI bridge to [bus 16]
May 29 19:28:55.538071 kernel: pci 0000:03:02.3: PCI bridge to [bus 17]
May 29 19:28:55.538125 kernel: pci 0000:03:02.4: PCI bridge to [bus 18]
May 29 19:28:55.538179 kernel: pci 0000:03:02.5: PCI bridge to [bus 19]
May 29 19:28:55.538231 kernel: pci 0000:03:02.6: PCI bridge to [bus 1a]
May 29 19:28:55.538284 kernel: pci 0000:03:02.7: PCI bridge to [bus 1b]
May 29 19:28:55.538337 kernel: pci 0000:03:03.0: PCI bridge to [bus 1c]
May 29 19:28:55.538389 kernel: pci 0000:03:03.1: PCI bridge to [bus 1d]
May 29 19:28:55.538442 kernel: pci 0000:03:03.2: PCI bridge to [bus 1e]
May 29 19:28:55.538495 kernel: pci 0000:03:03.3: PCI bridge to [bus 1f]
May 29 19:28:55.538548 kernel: pci 0000:03:03.4: PCI bridge to [bus 20]
May 29 19:28:55.538604 kernel: pci 0000:03:03.5: PCI bridge to [bus 21]
May 29 19:28:55.538657 kernel: pci 0000:03:03.6: PCI bridge to [bus 22]
May 29 19:28:55.538711 kernel: pci 0000:03:03.7: PCI bridge to [bus 23]
May 29 19:28:55.538758 kernel: pci_bus 0000:01: on NUMA node 0
May 29 19:28:55.538762 kernel: ACPI: PCI Root Bridge [PC02] (domain 0000 [bus 24-2b])
May 29 19:28:55.538818 kernel: acpi PNP0A08:01: _OSC: OS supports [ExtendedConfig ASPM ClockPM Segments MSI EDR HPX-Type3]
May 29 19:28:55.538869 kernel: acpi PNP0A08:01: _OSC: platform does not support [SHPCHotplug AER LTR DPC]
May 29 19:28:55.538918 kernel: acpi PNP0A08:01: _OSC: OS now controls [PCIeHotplug PME PCIeCapability]
May 29 19:28:55.538922 kernel: acpiphp: Slot [64] registered
May 29 19:28:55.538925 kernel: acpiphp: Slot [65] registered
May 29 19:28:55.538928 kernel: acpiphp: Slot [66] registered
May 29 19:28:55.538931 kernel: acpiphp: Slot [67] registered
May 29 19:28:55.538934 kernel: acpiphp: Slot [68] registered
May 29 19:28:55.538937 kernel: acpiphp: Slot [69] registered
May 29 19:28:55.538940 kernel: acpiphp: Slot [70] registered
May 29 19:28:55.538943 kernel: acpiphp: Slot [71] registered
May 29 19:28:55.538946 kernel: acpiphp: Slot [72] registered
May 29 19:28:55.538950 kernel: acpiphp: Slot [73] registered
May 29 19:28:55.538952 kernel: acpiphp: Slot [74] registered
May 29 19:28:55.538955 kernel: acpiphp: Slot [75] registered
May 29 19:28:55.538958 kernel: acpiphp: Slot [76] registered
May 29 19:28:55.538961 kernel: acpiphp: Slot [77] registered
May 29 19:28:55.538964 kernel: acpiphp: Slot [78] registered
May 29 19:28:55.538967 kernel: acpiphp: Slot [79] registered
May 29 19:28:55.538970 kernel: acpiphp: Slot [80] registered
May 29 19:28:55.538972 kernel: acpiphp: Slot [81] registered
May 29 19:28:55.538976 kernel: acpiphp: Slot [82] registered
May 29 19:28:55.538979 kernel: acpiphp: Slot [83] registered
May 29 19:28:55.538982 kernel: acpiphp: Slot [84] registered
May 29 19:28:55.538984 kernel: acpiphp: Slot [85] registered
May 29 19:28:55.538987 kernel: acpiphp: Slot [86] registered
May 29 19:28:55.538996 kernel: acpiphp: Slot [87] registered
May 29 19:28:55.538999 kernel: acpiphp: Slot [88] registered
May 29 19:28:55.539002 kernel: acpiphp: Slot [89] registered
May 29 19:28:55.539005 kernel: acpiphp: Slot [90] registered
May 29 19:28:55.539008 kernel: acpiphp: Slot [91] registered
May 29 19:28:55.539011 kernel: acpiphp: Slot [92] registered
May 29 19:28:55.539014 kernel: acpiphp: Slot [93] registered
May 29 19:28:55.539017 kernel: acpiphp: Slot [94] registered
May 29 19:28:55.539020 kernel: acpiphp: Slot [95] registered
May 29 19:28:55.539023 kernel: PCI host bridge to bus 0000:24
May 29 19:28:55.539075 kernel: pci_bus 0000:24: root bus resource [mem 0xc8400000-0xc90fffff window]
May 29 19:28:55.539122 kernel: pci_bus 0000:24: root bus resource [mem 0x4a2000000-0x4a6ffffff window]
May 29 19:28:55.539168 kernel: pci_bus 0000:24: root bus resource [bus 24-2b]
May 29 19:28:55.539227 kernel: pci 0000:24:00.0: [1d0f:0200] type 01 class 0x060400 PCIe Root Port
May 29 19:28:55.539277 kernel: pci 0000:24:00.0: BAR 0 [mem 0xc8400000-0xc84003ff]
May 29 19:28:55.539328 kernel: pci 0000:24:00.0: PCI bridge to [bus 25-2b]
May 29 19:28:55.539379 kernel: pci 0000:24:00.0:   bridge window [mem 0xc8500000-0xc90fffff]
May 29 19:28:55.539428 kernel: pci 0000:24:00.0:   bridge window [mem 0x4a2000000-0x4a6ffffff 64bit pref]
May 29 19:28:55.539484 kernel: pci 0000:25:00.0: [1d0f:0200] type 01 class 0x060400 PCIe Switch Upstream Port
May 29 19:28:55.539541 kernel: pci 0000:25:00.0: BAR 0 [mem 0xc8500000-0xc85003ff]
May 29 19:28:55.539596 kernel: pci 0000:25:00.0: PCI bridge to [bus 26-2b]
May 29 19:28:55.539647 kernel: pci 0000:25:00.0:   bridge window [mem 0xc8600000-0xc90fffff]
May 29 19:28:55.539697 kernel: pci 0000:25:00.0:   bridge window [mem 0x4a2000000-0x4a6ffffff 64bit pref]
May 29 19:28:55.539746 kernel: pci 0000:24:00.0: PCI bridge to [bus 25-2b]
May 29 19:28:55.539804 kernel: pci 0000:26:00.0: [1d0f:0200] type 01 class 0x060400 PCIe Switch Downstream Port
May 29 19:28:55.539858 kernel: pci 0000:26:00.0: BAR 0 [mem 0xc8600000-0xc86003ff]
May 29 19:28:55.539911 kernel: pci 0000:26:00.0: PCI bridge to [bus 27]
May 29 19:28:55.539964 kernel: pci 0000:26:00.0:   bridge window [mem 0xc8700000-0xc88fffff]
May 29 19:28:55.540026 kernel: pci 0000:26:00.0:   bridge window [mem 0x4a2000000-0x4a2ffffff 64bit pref]
May 29 19:28:55.540084 kernel: pci 0000:26:00.1: [1d0f:0200] type 01 class 0x060400 PCIe Switch Downstream Port
May 29 19:28:55.540138 kernel: pci 0000:26:00.1: BAR 0 [mem 0xc8600400-0xc86007ff]
May 29 19:28:55.540192 kernel: pci 0000:26:00.1: PCI bridge to [bus 28]
May 29 19:28:55.540246 kernel: pci 0000:26:00.1:   bridge window [mem 0xc8900000-0xc8afffff]
May 29 19:28:55.540300 kernel: pci 0000:26:00.1:   bridge window [mem 0x4a3000000-0x4a3ffffff 64bit pref]
May 29 19:28:55.540359 kernel: pci 0000:26:00.2: [1d0f:0200] type 01 class 0x060400 PCIe Switch Downstream Port
May 29 19:28:55.540414 kernel: pci 0000:26:00.2: BAR 0 [mem 0xc8600800-0xc8600bff]
May 29 19:28:55.540467 kernel: pci 0000:26:00.2: PCI bridge to [bus 29]
May 29 19:28:55.540521 kernel: pci 0000:26:00.2:   bridge window [mem 0xc8b00000-0xc8cfffff]
May 29 19:28:55.540573 kernel: pci 0000:26:00.2:   bridge window [mem 0x4a4000000-0x4a4ffffff 64bit pref]
May 29 19:28:55.540630 kernel: pci 0000:26:00.3: [1d0f:0200] type 01 class 0x060400 PCIe Switch Downstream Port
May 29 19:28:55.540685 kernel: pci 0000:26:00.3: BAR 0 [mem 0xc8600c00-0xc8600fff]
May 29 19:28:55.540737 kernel: pci 0000:26:00.3: PCI bridge to [bus 2a]
May 29 19:28:55.540790 kernel: pci 0000:26:00.3:   bridge window [mem 0xc8d00000-0xc8efffff]
May 29 19:28:55.540842 kernel: pci 0000:26:00.3:   bridge window [mem 0x4a5000000-0x4a5ffffff 64bit pref]
May 29 19:28:55.540901 kernel: pci 0000:26:00.4: [1d0f:0200] type 01 class 0x060400 PCIe Switch Downstream Port
May 29 19:28:55.540954 kernel: pci 0000:26:00.4: BAR 0 [mem 0xc8601000-0xc86013ff]
May 29 19:28:55.541026 kernel: pci 0000:26:00.4: PCI bridge to [bus 2b]
May 29 19:28:55.541096 kernel: pci 0000:26:00.4:   bridge window [mem 0xc8f00000-0xc90fffff]
May 29 19:28:55.543195 kernel: pci 0000:26:00.4:   bridge window [mem 0x4a6000000-0x4a6ffffff 64bit pref]
May 29 19:28:55.543248 kernel: pci 0000:25:00.0: PCI bridge to [bus 26-2b]
May 29 19:28:55.543312 kernel: pci 0000:27:00.0: [1d0f:ec20] type 00 class 0x020000 PCIe Endpoint
May 29 19:28:55.543368 kernel: pci 0000:27:00.0: BAR 0 [mem 0xc8700000-0xc8701fff]
May 29 19:28:55.543423 kernel: pci 0000:27:00.0: BAR 1 [mem 0xc8702000-0xc8703fff]
May 29 19:28:55.543478 kernel: pci 0000:27:00.0: BAR 2 [mem 0x4a2000000-0x4a20fffff 64bit pref]
May 29 19:28:55.543533 kernel: pci 0000:27:00.0: enabling Extended Tags
May 29 19:28:55.543587 kernel: pci 0000:26:00.0: PCI bridge to [bus 27]
May 29 19:28:55.543646 kernel: pci 0000:26:00.1: PCI bridge to [bus 28]
May 29 19:28:55.543700 kernel: pci 0000:26:00.2: PCI bridge to [bus 29]
May 29 19:28:55.543753 kernel: pci 0000:26:00.3: PCI bridge to [bus 2a]
May 29 19:28:55.543806 kernel: pci 0000:26:00.4: PCI bridge to [bus 2b]
May 29 19:28:55.543851 kernel: pci_bus 0000:24: on NUMA node 0
May 29 19:28:55.543855 kernel: ACPI: PCI: Interrupt link LNKA configured for IRQ 10
May 29 19:28:55.543858 kernel: ACPI: PCI: Interrupt link LNKB configured for IRQ 10
May 29 19:28:55.543862 kernel: ACPI: PCI: Interrupt link LNKC configured for IRQ 11
May 29 19:28:55.543865 kernel: ACPI: PCI: Interrupt link LNKD configured for IRQ 11
May 29 19:28:55.543868 kernel: ACPI: PCI: Interrupt link LNKS configured for IRQ 9
May 29 19:28:55.543872 kernel: iommu: Default domain type: Translated
May 29 19:28:55.543875 kernel: iommu: DMA domain TLB invalidation policy: lazy mode
May 29 19:28:55.543878 kernel: SCSI subsystem initialized
May 29 19:28:55.543881 kernel: libata version 3.00 loaded.
May 29 19:28:55.543884 kernel: ACPI: bus type USB registered
May 29 19:28:55.543887 kernel: usbcore: registered new interface driver usbfs
May 29 19:28:55.543890 kernel: usbcore: registered new interface driver hub
May 29 19:28:55.543893 kernel: usbcore: registered new device driver usb
May 29 19:28:55.543896 kernel: pps_core: LinuxPPS API ver. 1 registered
May 29 19:28:55.543900 kernel: pps_core: Software ver. 5.3.6 - Copyright 2005-2007 Rodolfo Giometti <giometti@linux.it>
May 29 19:28:55.543903 kernel: PTP clock support registered
May 29 19:28:55.543906 kernel: EDAC MC: Ver: 3.0.0
May 29 19:28:55.543909 kernel: efivars: Registered efivars operations
May 29 19:28:55.543911 kernel: NetLabel: Initializing
May 29 19:28:55.543914 kernel: NetLabel:  domain hash size = 128
May 29 19:28:55.543917 kernel: NetLabel:  protocols = UNLABELED CIPSOv4 CALIPSO
May 29 19:28:55.543920 kernel: NetLabel:  unlabeled traffic allowed by default
May 29 19:28:55.543923 kernel: mctp: management component transport protocol core
May 29 19:28:55.543927 kernel: NET: Registered PF_MCTP protocol family
May 29 19:28:55.543930 kernel: PCI: Using ACPI for IRQ routing
May 29 19:28:55.543933 kernel: PCI: pci_cache_line_size set to 64 bytes
May 29 19:28:55.543936 kernel: e820: reserve RAM buffer [mem 0xb9e98000-0xbbffffff]
May 29 19:28:55.543939 kernel: e820: reserve RAM buffer [mem 0xb9f32000-0xbbffffff]
May 29 19:28:55.543941 kernel: e820: reserve RAM buffer [mem 0xbbcce000-0xbbffffff]
May 29 19:28:55.543944 kernel: e820: reserve RAM buffer [mem 0xbff7c000-0xbfffffff]
May 29 19:28:55.543947 kernel: e820: reserve RAM buffer [mem 0x42b400000-0x42bffffff]
May 29 19:28:55.544005 kernel: pci 0000:00:03.0: vgaarb: setting as boot VGA device
May 29 19:28:55.544056 kernel: pci 0000:00:03.0: vgaarb: bridge control possible
May 29 19:28:55.544104 kernel: pci 0000:00:03.0: vgaarb: VGA device added: decodes=io+mem,owns=io+mem,locks=none
May 29 19:28:55.544109 kernel: vgaarb: loaded
May 29 19:28:55.544112 kernel: hpet0: at MMIO 0xfed00000, IRQs 2, 8, 0, 0, 0, 0, 0, 0
May 29 19:28:55.544115 kernel: hpet0: 8 comparators, 32-bit 62.500000 MHz counter
May 29 19:28:55.544118 kernel: clocksource: Switched to clocksource kvm-clock
May 29 19:28:55.544121 kernel: VFS: Disk quotas dquot_6.6.0
May 29 19:28:55.544124 kernel: VFS: Dquot-cache hash table entries: 512 (order 0, 4096 bytes)
May 29 19:28:55.544127 kernel: pnp: PnP ACPI init
May 29 19:28:55.544130 kernel: pnp: PnP ACPI: found 5 devices
May 29 19:28:55.544133 kernel: clocksource: acpi_pm: mask: 0xffffff max_cycles: 0xffffff, max_idle_ns: 2085701024 ns
May 29 19:28:55.544137 kernel: NET: Registered PF_INET protocol family
May 29 19:28:55.544140 kernel: IP idents hash table entries: 262144 (order: 9, 2097152 bytes, linear)
May 29 19:28:55.544143 kernel: tcp_listen_portaddr_hash hash table entries: 8192 (order: 5, 131072 bytes, linear)
May 29 19:28:55.544146 kernel: Table-perturb hash table entries: 65536 (order: 6, 262144 bytes, linear)
May 29 19:28:55.544149 kernel: TCP established hash table entries: 131072 (order: 8, 1048576 bytes, linear)
May 29 19:28:55.544152 kernel: TCP bind hash table entries: 65536 (order: 9, 2097152 bytes, linear)
May 29 19:28:55.544155 kernel: TCP: Hash tables configured (established 131072 bind 65536)
May 29 19:28:55.544158 kernel: MPTCP token hash table entries: 16384 (order: 6, 393216 bytes, linear)
May 29 19:28:55.544161 kernel: UDP hash table entries: 8192 (order: 7, 524288 bytes, linear)
May 29 19:28:55.544164 kernel: UDP-Lite hash table entries: 8192 (order: 7, 524288 bytes, linear)
May 29 19:28:55.544167 kernel: NET: Registered PF_UNIX/PF_LOCAL protocol family
May 29 19:28:55.544170 kernel: NET: Registered PF_XDP protocol family
May 29 19:28:55.544215 kernel: pci_bus 0000:00: resource 4 [io  0x0000-0x0cf7 window]
May 29 19:28:55.544259 kernel: pci_bus 0000:00: resource 5 [io  0x0d00-0xffff window]
May 29 19:28:55.544303 kernel: pci_bus 0000:00: resource 6 [mem 0x000a0000-0x000bffff window]
May 29 19:28:55.544937 kernel: pci_bus 0000:00: resource 7 [mem 0xc0000000-0xc3ffffff window]
May 29 19:28:55.544982 kernel: pci_bus 0000:00: resource 8 [mem 0x480000000-0x481ffffff window]
May 29 19:28:55.545044 kernel: pci 0000:03:00.0: PCI bridge to [bus 04]
May 29 19:28:55.545098 kernel: pci 0000:03:00.0:   bridge window [mem 0xc4300000-0xc44fffff]
May 29 19:28:55.545151 kernel: pci 0000:03:00.0:   bridge window [mem 0x482000000-0x482ffffff 64bit pref]
May 29 19:28:55.545205 kernel: pci 0000:03:00.1: PCI bridge to [bus 05]
May 29 19:28:55.545259 kernel: pci 0000:03:00.1:   bridge window [mem 0xc4500000-0xc46fffff]
May 29 19:28:55.545312 kernel: pci 0000:03:00.1:   bridge window [mem 0x483000000-0x483ffffff 64bit pref]
May 29 19:28:55.545365 kernel: pci 0000:03:00.2: PCI bridge to [bus 06]
May 29 19:28:55.545418 kernel: pci 0000:03:00.2:   bridge window [mem 0xc4700000-0xc48fffff]
May 29 19:28:55.545471 kernel: pci 0000:03:00.2:   bridge window [mem 0x484000000-0x484ffffff 64bit pref]
May 29 19:28:55.545523 kernel: pci 0000:03:00.3: PCI bridge to [bus 07]
May 29 19:28:55.545577 kernel: pci 0000:03:00.3:   bridge window [mem 0xc4900000-0xc4afffff]
May 29 19:28:55.545632 kernel: pci 0000:03:00.3:   bridge window [mem 0x485000000-0x485ffffff 64bit pref]
May 29 19:28:55.545685 kernel: pci 0000:03:00.4: PCI bridge to [bus 08]
May 29 19:28:55.545741 kernel: pci 0000:03:00.4:   bridge window [mem 0xc4b00000-0xc4cfffff]
May 29 19:28:55.545794 kernel: pci 0000:03:00.4:   bridge window [mem 0x486000000-0x486ffffff 64bit pref]
May 29 19:28:55.545847 kernel: pci 0000:03:00.5: PCI bridge to [bus 09]
May 29 19:28:55.545899 kernel: pci 0000:03:00.5:   bridge window [mem 0xc4d00000-0xc4efffff]
May 29 19:28:55.549285 kernel: pci 0000:03:00.5:   bridge window [mem 0x487000000-0x487ffffff 64bit pref]
May 29 19:28:55.549341 kernel: pci 0000:03:00.6: PCI bridge to [bus 0a]
May 29 19:28:55.549395 kernel: pci 0000:03:00.6:   bridge window [mem 0xc4f00000-0xc50fffff]
May 29 19:28:55.549448 kernel: pci 0000:03:00.6:   bridge window [mem 0x488000000-0x488ffffff 64bit pref]
May 29 19:28:55.549503 kernel: pci 0000:03:00.7: PCI bridge to [bus 0b]
May 29 19:28:55.549557 kernel: pci 0000:03:00.7:   bridge window [mem 0xc5100000-0xc52fffff]
May 29 19:28:55.549610 kernel: pci 0000:03:00.7:   bridge window [mem 0x489000000-0x489ffffff 64bit pref]
May 29 19:28:55.549664 kernel: pci 0000:03:01.0: PCI bridge to [bus 0c]
May 29 19:28:55.549717 kernel: pci 0000:03:01.0:   bridge window [mem 0xc5300000-0xc54fffff]
May 29 19:28:55.549770 kernel: pci 0000:03:01.0:   bridge window [mem 0x48a000000-0x48affffff 64bit pref]
May 29 19:28:55.549823 kernel: pci 0000:03:01.1: PCI bridge to [bus 0d]
May 29 19:28:55.549876 kernel: pci 0000:03:01.1:   bridge window [mem 0xc5500000-0xc56fffff]
May 29 19:28:55.549929 kernel: pci 0000:03:01.1:   bridge window [mem 0x48b000000-0x48bffffff 64bit pref]
May 29 19:28:55.549982 kernel: pci 0000:03:01.2: PCI bridge to [bus 0e]
May 29 19:28:55.550043 kernel: pci 0000:03:01.2:   bridge window [mem 0xc5700000-0xc58fffff]
May 29 19:28:55.550098 kernel: pci 0000:03:01.2:   bridge window [mem 0x48c000000-0x48cffffff 64bit pref]
May 29 19:28:55.550152 kernel: pci 0000:03:01.3: PCI bridge to [bus 0f]
May 29 19:28:55.550207 kernel: pci 0000:03:01.3:   bridge window [mem 0xc5900000-0xc5afffff]
May 29 19:28:55.550260 kernel: pci 0000:03:01.3:   bridge window [mem 0x48d000000-0x48dffffff 64bit pref]
May 29 19:28:55.550315 kernel: pci 0000:03:01.4: PCI bridge to [bus 10]
May 29 19:28:55.550368 kernel: pci 0000:03:01.4:   bridge window [mem 0xc5b00000-0xc5cfffff]
May 29 19:28:55.550421 kernel: pci 0000:03:01.4:   bridge window [mem 0x48e000000-0x48effffff 64bit pref]
May 29 19:28:55.550475 kernel: pci 0000:03:01.5: PCI bridge to [bus 11]
May 29 19:28:55.550528 kernel: pci 0000:03:01.5:   bridge window [mem 0xc5d00000-0xc5efffff]
May 29 19:28:55.550580 kernel: pci 0000:03:01.5:   bridge window [mem 0x48f000000-0x48fffffff 64bit pref]
May 29 19:28:55.550634 kernel: pci 0000:03:01.6: PCI bridge to [bus 12]
May 29 19:28:55.550687 kernel: pci 0000:03:01.6:   bridge window [mem 0xc5f00000-0xc60fffff]
May 29 19:28:55.550740 kernel: pci 0000:03:01.6:   bridge window [mem 0x490000000-0x490ffffff 64bit pref]
May 29 19:28:55.550794 kernel: pci 0000:03:01.7: PCI bridge to [bus 13]
May 29 19:28:55.550847 kernel: pci 0000:03:01.7:   bridge window [mem 0xc6100000-0xc62fffff]
May 29 19:28:55.550900 kernel: pci 0000:03:01.7:   bridge window [mem 0x491000000-0x491ffffff 64bit pref]
May 29 19:28:55.550953 kernel: pci 0000:03:02.0: PCI bridge to [bus 14]
May 29 19:28:55.551012 kernel: pci 0000:03:02.0:   bridge window [mem 0xc6300000-0xc64fffff]
May 29 19:28:55.551065 kernel: pci 0000:03:02.0:   bridge window [mem 0x492000000-0x492ffffff 64bit pref]
May 29 19:28:55.551118 kernel: pci 0000:03:02.1: PCI bridge to [bus 15]
May 29 19:28:55.551171 kernel: pci 0000:03:02.1:   bridge window [mem 0xc6500000-0xc66fffff]
May 29 19:28:55.551224 kernel: pci 0000:03:02.1:   bridge window [mem 0x493000000-0x493ffffff 64bit pref]
May 29 19:28:55.551278 kernel: pci 0000:03:02.2: PCI bridge to [bus 16]
May 29 19:28:55.551331 kernel: pci 0000:03:02.2:   bridge window [mem 0xc6700000-0xc68fffff]
May 29 19:28:55.551383 kernel: pci 0000:03:02.2:   bridge window [mem 0x494000000-0x494ffffff 64bit pref]
May 29 19:28:55.551437 kernel: pci 0000:03:02.3: PCI bridge to [bus 17]
May 29 19:28:55.551489 kernel: pci 0000:03:02.3:   bridge window [mem 0xc6900000-0xc6afffff]
May 29 19:28:55.551543 kernel: pci 0000:03:02.3:   bridge window [mem 0x495000000-0x495ffffff 64bit pref]
May 29 19:28:55.551601 kernel: pci 0000:03:02.4: PCI bridge to [bus 18]
May 29 19:28:55.551653 kernel: pci 0000:03:02.4:   bridge window [mem 0xc6b00000-0xc6cfffff]
May 29 19:28:55.551707 kernel: pci 0000:03:02.4:   bridge window [mem 0x496000000-0x496ffffff 64bit pref]
May 29 19:28:55.551761 kernel: pci 0000:03:02.5: PCI bridge to [bus 19]
May 29 19:28:55.551814 kernel: pci 0000:03:02.5:   bridge window [mem 0xc6d00000-0xc6efffff]
May 29 19:28:55.551868 kernel: pci 0000:03:02.5:   bridge window [mem 0x497000000-0x497ffffff 64bit pref]
May 29 19:28:55.551922 kernel: pci 0000:03:02.6: PCI bridge to [bus 1a]
May 29 19:28:55.551977 kernel: pci 0000:03:02.6:   bridge window [mem 0xc6f00000-0xc70fffff]
May 29 19:28:55.552039 kernel: pci 0000:03:02.6:   bridge window [mem 0x498000000-0x498ffffff 64bit pref]
May 29 19:28:55.552093 kernel: pci 0000:03:02.7: PCI bridge to [bus 1b]
May 29 19:28:55.552147 kernel: pci 0000:03:02.7:   bridge window [mem 0xc7100000-0xc72fffff]
May 29 19:28:55.552201 kernel: pci 0000:03:02.7:   bridge window [mem 0x499000000-0x499ffffff 64bit pref]
May 29 19:28:55.552254 kernel: pci 0000:03:03.0: PCI bridge to [bus 1c]
May 29 19:28:55.552307 kernel: pci 0000:03:03.0:   bridge window [mem 0xc7300000-0xc74fffff]
May 29 19:28:55.552360 kernel: pci 0000:03:03.0:   bridge window [mem 0x49a000000-0x49affffff 64bit pref]
May 29 19:28:55.552414 kernel: pci 0000:03:03.1: PCI bridge to [bus 1d]
May 29 19:28:55.552466 kernel: pci 0000:03:03.1:   bridge window [mem 0xc7500000-0xc76fffff]
May 29 19:28:55.552520 kernel: pci 0000:03:03.1:   bridge window [mem 0x49b000000-0x49bffffff 64bit pref]
May 29 19:28:55.552574 kernel: pci 0000:03:03.2: PCI bridge to [bus 1e]
May 29 19:28:55.552627 kernel: pci 0000:03:03.2:   bridge window [mem 0xc7700000-0xc78fffff]
May 29 19:28:55.552680 kernel: pci 0000:03:03.2:   bridge window [mem 0x49c000000-0x49cffffff 64bit pref]
May 29 19:28:55.552733 kernel: pci 0000:03:03.3: PCI bridge to [bus 1f]
May 29 19:28:55.552786 kernel: pci 0000:03:03.3:   bridge window [mem 0xc7900000-0xc7afffff]
May 29 19:28:55.552840 kernel: pci 0000:03:03.3:   bridge window [mem 0x49d000000-0x49dffffff 64bit pref]
May 29 19:28:55.552893 kernel: pci 0000:03:03.4: PCI bridge to [bus 20]
May 29 19:28:55.552946 kernel: pci 0000:03:03.4:   bridge window [mem 0xc7b00000-0xc7cfffff]
May 29 19:28:55.553006 kernel: pci 0000:03:03.4:   bridge window [mem 0x49e000000-0x49effffff 64bit pref]
May 29 19:28:55.553060 kernel: pci 0000:03:03.5: PCI bridge to [bus 21]
May 29 19:28:55.553113 kernel: pci 0000:03:03.5:   bridge window [mem 0xc7d00000-0xc7efffff]
May 29 19:28:55.553166 kernel: pci 0000:03:03.5:   bridge window [mem 0x49f000000-0x49fffffff 64bit pref]
May 29 19:28:55.553219 kernel: pci 0000:03:03.6: PCI bridge to [bus 22]
May 29 19:28:55.553273 kernel: pci 0000:03:03.6:   bridge window [mem 0xc7f00000-0xc80fffff]
May 29 19:28:55.553326 kernel: pci 0000:03:03.6:   bridge window [mem 0x4a0000000-0x4a0ffffff 64bit pref]
May 29 19:28:55.553379 kernel: pci 0000:03:03.7: PCI bridge to [bus 23]
May 29 19:28:55.553431 kernel: pci 0000:03:03.7:   bridge window [mem 0xc8100000-0xc82fffff]
May 29 19:28:55.553484 kernel: pci 0000:03:03.7:   bridge window [mem 0x4a1000000-0x4a1ffffff 64bit pref]
May 29 19:28:55.553535 kernel: pci 0000:02:00.0: PCI bridge to [bus 03-23]
May 29 19:28:55.553586 kernel: pci 0000:02:00.0:   bridge window [mem 0xc4200000-0xc82fffff]
May 29 19:28:55.553637 kernel: pci 0000:02:00.0:   bridge window [mem 0x482000000-0x4a1ffffff 64bit pref]
May 29 19:28:55.553685 kernel: pci 0000:01:00.0: PCI bridge to [bus 02-23]
May 29 19:28:55.553734 kernel: pci 0000:01:00.0:   bridge window [mem 0xc4100000-0xc82fffff]
May 29 19:28:55.553782 kernel: pci 0000:01:00.0:   bridge window [mem 0x482000000-0x4a1ffffff 64bit pref]
May 29 19:28:55.553828 kernel: pci_bus 0000:01: resource 4 [mem 0xc4000000-0xc82fffff window]
May 29 19:28:55.553873 kernel: pci_bus 0000:01: resource 5 [mem 0x482000000-0x4a1ffffff window]
May 29 19:28:55.553926 kernel: pci_bus 0000:02: resource 1 [mem 0xc4100000-0xc82fffff]
May 29 19:28:55.553974 kernel: pci_bus 0000:02: resource 2 [mem 0x482000000-0x4a1ffffff 64bit pref]
May 29 19:28:55.554033 kernel: pci_bus 0000:03: resource 1 [mem 0xc4200000-0xc82fffff]
May 29 19:28:55.554083 kernel: pci_bus 0000:03: resource 2 [mem 0x482000000-0x4a1ffffff 64bit pref]
May 29 19:28:55.554140 kernel: pci_bus 0000:04: resource 1 [mem 0xc4300000-0xc44fffff]
May 29 19:28:55.554191 kernel: pci_bus 0000:04: resource 2 [mem 0x482000000-0x482ffffff 64bit pref]
May 29 19:28:55.554246 kernel: pci_bus 0000:05: resource 1 [mem 0xc4500000-0xc46fffff]
May 29 19:28:55.554297 kernel: pci_bus 0000:05: resource 2 [mem 0x483000000-0x483ffffff 64bit pref]
May 29 19:28:55.554354 kernel: pci_bus 0000:06: resource 1 [mem 0xc4700000-0xc48fffff]
May 29 19:28:55.554405 kernel: pci_bus 0000:06: resource 2 [mem 0x484000000-0x484ffffff 64bit pref]
May 29 19:28:55.554461 kernel: pci_bus 0000:07: resource 1 [mem 0xc4900000-0xc4afffff]
May 29 19:28:55.554512 kernel: pci_bus 0000:07: resource 2 [mem 0x485000000-0x485ffffff 64bit pref]
May 29 19:28:55.554568 kernel: pci_bus 0000:08: resource 1 [mem 0xc4b00000-0xc4cfffff]
May 29 19:28:55.554618 kernel: pci_bus 0000:08: resource 2 [mem 0x486000000-0x486ffffff 64bit pref]
May 29 19:28:55.554674 kernel: pci_bus 0000:09: resource 1 [mem 0xc4d00000-0xc4efffff]
May 29 19:28:55.554725 kernel: pci_bus 0000:09: resource 2 [mem 0x487000000-0x487ffffff 64bit pref]
May 29 19:28:55.554781 kernel: pci_bus 0000:0a: resource 1 [mem 0xc4f00000-0xc50fffff]
May 29 19:28:55.554832 kernel: pci_bus 0000:0a: resource 2 [mem 0x488000000-0x488ffffff 64bit pref]
May 29 19:28:55.554889 kernel: pci_bus 0000:0b: resource 1 [mem 0xc5100000-0xc52fffff]
May 29 19:28:55.554940 kernel: pci_bus 0000:0b: resource 2 [mem 0x489000000-0x489ffffff 64bit pref]
May 29 19:28:55.555002 kernel: pci_bus 0000:0c: resource 1 [mem 0xc5300000-0xc54fffff]
May 29 19:28:55.555054 kernel: pci_bus 0000:0c: resource 2 [mem 0x48a000000-0x48affffff 64bit pref]
May 29 19:28:55.555109 kernel: pci_bus 0000:0d: resource 1 [mem 0xc5500000-0xc56fffff]
May 29 19:28:55.555161 kernel: pci_bus 0000:0d: resource 2 [mem 0x48b000000-0x48bffffff 64bit pref]
May 29 19:28:55.555218 kernel: pci_bus 0000:0e: resource 1 [mem 0xc5700000-0xc58fffff]
May 29 19:28:55.555268 kernel: pci_bus 0000:0e: resource 2 [mem 0x48c000000-0x48cffffff 64bit pref]
May 29 19:28:55.555323 kernel: pci_bus 0000:0f: resource 1 [mem 0xc5900000-0xc5afffff]
May 29 19:28:55.555374 kernel: pci_bus 0000:0f: resource 2 [mem 0x48d000000-0x48dffffff 64bit pref]
May 29 19:28:55.555432 kernel: pci_bus 0000:10: resource 1 [mem 0xc5b00000-0xc5cfffff]
May 29 19:28:55.555483 kernel: pci_bus 0000:10: resource 2 [mem 0x48e000000-0x48effffff 64bit pref]
May 29 19:28:55.555539 kernel: pci_bus 0000:11: resource 1 [mem 0xc5d00000-0xc5efffff]
May 29 19:28:55.559366 kernel: pci_bus 0000:11: resource 2 [mem 0x48f000000-0x48fffffff 64bit pref]
May 29 19:28:55.560138 kernel: pci_bus 0000:12: resource 1 [mem 0xc5f00000-0xc60fffff]
May 29 19:28:55.560279 kernel: pci_bus 0000:12: resource 2 [mem 0x490000000-0x490ffffff 64bit pref]
May 29 19:28:55.560335 kernel: pci_bus 0000:13: resource 1 [mem 0xc6100000-0xc62fffff]
May 29 19:28:55.560385 kernel: pci_bus 0000:13: resource 2 [mem 0x491000000-0x491ffffff 64bit pref]
May 29 19:28:55.560442 kernel: pci_bus 0000:14: resource 1 [mem 0xc6300000-0xc64fffff]
May 29 19:28:55.560493 kernel: pci_bus 0000:14: resource 2 [mem 0x492000000-0x492ffffff 64bit pref]
May 29 19:28:55.560549 kernel: pci_bus 0000:15: resource 1 [mem 0xc6500000-0xc66fffff]
May 29 19:28:55.560599 kernel: pci_bus 0000:15: resource 2 [mem 0x493000000-0x493ffffff 64bit pref]
May 29 19:28:55.560655 kernel: pci_bus 0000:16: resource 1 [mem 0xc6700000-0xc68fffff]
May 29 19:28:55.560706 kernel: pci_bus 0000:16: resource 2 [mem 0x494000000-0x494ffffff 64bit pref]
May 29 19:28:55.560761 kernel: pci_bus 0000:17: resource 1 [mem 0xc6900000-0xc6afffff]
May 29 19:28:55.560812 kernel: pci_bus 0000:17: resource 2 [mem 0x495000000-0x495ffffff 64bit pref]
May 29 19:28:55.560869 kernel: pci_bus 0000:18: resource 1 [mem 0xc6b00000-0xc6cfffff]
May 29 19:28:55.560920 kernel: pci_bus 0000:18: resource 2 [mem 0x496000000-0x496ffffff 64bit pref]
May 29 19:28:55.560976 kernel: pci_bus 0000:19: resource 1 [mem 0xc6d00000-0xc6efffff]
May 29 19:28:55.561033 kernel: pci_bus 0000:19: resource 2 [mem 0x497000000-0x497ffffff 64bit pref]
May 29 19:28:55.561090 kernel: pci_bus 0000:1a: resource 1 [mem 0xc6f00000-0xc70fffff]
May 29 19:28:55.561141 kernel: pci_bus 0000:1a: resource 2 [mem 0x498000000-0x498ffffff 64bit pref]
May 29 19:28:55.561201 kernel: pci_bus 0000:1b: resource 1 [mem 0xc7100000-0xc72fffff]
May 29 19:28:55.561252 kernel: pci_bus 0000:1b: resource 2 [mem 0x499000000-0x499ffffff 64bit pref]
May 29 19:28:55.561309 kernel: pci_bus 0000:1c: resource 1 [mem 0xc7300000-0xc74fffff]
May 29 19:28:55.561359 kernel: pci_bus 0000:1c: resource 2 [mem 0x49a000000-0x49affffff 64bit pref]
May 29 19:28:55.561415 kernel: pci_bus 0000:1d: resource 1 [mem 0xc7500000-0xc76fffff]
May 29 19:28:55.561465 kernel: pci_bus 0000:1d: resource 2 [mem 0x49b000000-0x49bffffff 64bit pref]
May 29 19:28:55.561521 kernel: pci_bus 0000:1e: resource 1 [mem 0xc7700000-0xc78fffff]
May 29 19:28:55.561572 kernel: pci_bus 0000:1e: resource 2 [mem 0x49c000000-0x49cffffff 64bit pref]
May 29 19:28:55.561628 kernel: pci_bus 0000:1f: resource 1 [mem 0xc7900000-0xc7afffff]
May 29 19:28:55.561679 kernel: pci_bus 0000:1f: resource 2 [mem 0x49d000000-0x49dffffff 64bit pref]
May 29 19:28:55.561737 kernel: pci_bus 0000:20: resource 1 [mem 0xc7b00000-0xc7cfffff]
May 29 19:28:55.561788 kernel: pci_bus 0000:20: resource 2 [mem 0x49e000000-0x49effffff 64bit pref]
May 29 19:28:55.561844 kernel: pci_bus 0000:21: resource 1 [mem 0xc7d00000-0xc7efffff]
May 29 19:28:55.561895 kernel: pci_bus 0000:21: resource 2 [mem 0x49f000000-0x49fffffff 64bit pref]
May 29 19:28:55.561951 kernel: pci_bus 0000:22: resource 1 [mem 0xc7f00000-0xc80fffff]
May 29 19:28:55.562010 kernel: pci_bus 0000:22: resource 2 [mem 0x4a0000000-0x4a0ffffff 64bit pref]
May 29 19:28:55.562067 kernel: pci_bus 0000:23: resource 1 [mem 0xc8100000-0xc82fffff]
May 29 19:28:55.562118 kernel: pci_bus 0000:23: resource 2 [mem 0x4a1000000-0x4a1ffffff 64bit pref]
May 29 19:28:55.562173 kernel: pci 0000:26:00.0: PCI bridge to [bus 27]
May 29 19:28:55.562227 kernel: pci 0000:26:00.0:   bridge window [mem 0xc8700000-0xc88fffff]
May 29 19:28:55.562281 kernel: pci 0000:26:00.0:   bridge window [mem 0x4a2000000-0x4a2ffffff 64bit pref]
May 29 19:28:55.562334 kernel: pci 0000:26:00.1: PCI bridge to [bus 28]
May 29 19:28:55.562387 kernel: pci 0000:26:00.1:   bridge window [mem 0xc8900000-0xc8afffff]
May 29 19:28:55.562440 kernel: pci 0000:26:00.1:   bridge window [mem 0x4a3000000-0x4a3ffffff 64bit pref]
May 29 19:28:55.562494 kernel: pci 0000:26:00.2: PCI bridge to [bus 29]
May 29 19:28:55.562547 kernel: pci 0000:26:00.2:   bridge window [mem 0xc8b00000-0xc8cfffff]
May 29 19:28:55.562600 kernel: pci 0000:26:00.2:   bridge window [mem 0x4a4000000-0x4a4ffffff 64bit pref]
May 29 19:28:55.562654 kernel: pci 0000:26:00.3: PCI bridge to [bus 2a]
May 29 19:28:55.562707 kernel: pci 0000:26:00.3:   bridge window [mem 0xc8d00000-0xc8efffff]
May 29 19:28:55.562760 kernel: pci 0000:26:00.3:   bridge window [mem 0x4a5000000-0x4a5ffffff 64bit pref]
May 29 19:28:55.562813 kernel: pci 0000:26:00.4: PCI bridge to [bus 2b]
May 29 19:28:55.562868 kernel: pci 0000:26:00.4:   bridge window [mem 0xc8f00000-0xc90fffff]
May 29 19:28:55.562922 kernel: pci 0000:26:00.4:   bridge window [mem 0x4a6000000-0x4a6ffffff 64bit pref]
May 29 19:28:55.562974 kernel: pci 0000:25:00.0: PCI bridge to [bus 26-2b]
May 29 19:28:55.564231 kernel: pci 0000:25:00.0:   bridge window [mem 0xc8600000-0xc90fffff]
May 29 19:28:55.564283 kernel: pci 0000:25:00.0:   bridge window [mem 0x4a2000000-0x4a6ffffff 64bit pref]
May 29 19:28:55.564333 kernel: pci 0000:24:00.0: PCI bridge to [bus 25-2b]
May 29 19:28:55.564382 kernel: pci 0000:24:00.0:   bridge window [mem 0xc8500000-0xc90fffff]
May 29 19:28:55.564439 kernel: pci 0000:24:00.0:   bridge window [mem 0x4a2000000-0x4a6ffffff 64bit pref]
May 29 19:28:55.564485 kernel: pci_bus 0000:24: resource 4 [mem 0xc8400000-0xc90fffff window]
May 29 19:28:55.564530 kernel: pci_bus 0000:24: resource 5 [mem 0x4a2000000-0x4a6ffffff window]
May 29 19:28:55.564582 kernel: pci_bus 0000:25: resource 1 [mem 0xc8500000-0xc90fffff]
May 29 19:28:55.564631 kernel: pci_bus 0000:25: resource 2 [mem 0x4a2000000-0x4a6ffffff 64bit pref]
May 29 19:28:55.564686 kernel: pci_bus 0000:26: resource 1 [mem 0xc8600000-0xc90fffff]
May 29 19:28:55.564736 kernel: pci_bus 0000:26: resource 2 [mem 0x4a2000000-0x4a6ffffff 64bit pref]
May 29 19:28:55.564792 kernel: pci_bus 0000:27: resource 1 [mem 0xc8700000-0xc88fffff]
May 29 19:28:55.564844 kernel: pci_bus 0000:27: resource 2 [mem 0x4a2000000-0x4a2ffffff 64bit pref]
May 29 19:28:55.564900 kernel: pci_bus 0000:28: resource 1 [mem 0xc8900000-0xc8afffff]
May 29 19:28:55.564951 kernel: pci_bus 0000:28: resource 2 [mem 0x4a3000000-0x4a3ffffff 64bit pref]
May 29 19:28:55.565013 kernel: pci_bus 0000:29: resource 1 [mem 0xc8b00000-0xc8cfffff]
May 29 19:28:55.565064 kernel: pci_bus 0000:29: resource 2 [mem 0x4a4000000-0x4a4ffffff 64bit pref]
May 29 19:28:55.565120 kernel: pci_bus 0000:2a: resource 1 [mem 0xc8d00000-0xc8efffff]
May 29 19:28:55.565171 kernel: pci_bus 0000:2a: resource 2 [mem 0x4a5000000-0x4a5ffffff 64bit pref]
May 29 19:28:55.565228 kernel: pci_bus 0000:2b: resource 1 [mem 0xc8f00000-0xc90fffff]
May 29 19:28:55.565278 kernel: pci_bus 0000:2b: resource 2 [mem 0x4a6000000-0x4a6ffffff 64bit pref]
May 29 19:28:55.565331 kernel: pci 0000:00:00.0: Limiting direct PCI/PCI transfers
May 29 19:28:55.565335 kernel: PCI: CLS 0 bytes, default 64
May 29 19:28:55.565338 kernel: PCI-DMA: Using software bounce buffering for IO (SWIOTLB)
May 29 19:28:55.565342 kernel: Trying to unpack rootfs image as initramfs...
May 29 19:28:55.565345 kernel: software IO TLB: mapped [mem 0x00000000add4b000-0x00000000b1d4b000] (64MB)
May 29 19:28:55.565348 kernel: clocksource: tsc: mask: 0xffffffffffffffff max_cycles: 0x257a386c905, max_idle_ns: 440795250529 ns
May 29 19:28:55.565351 kernel: clocksource: Switched to clocksource tsc
May 29 19:28:55.565354 kernel: Initialise system trusted keyrings
May 29 19:28:55.565358 kernel: Key type blacklist registered
May 29 19:28:55.565361 kernel: workingset: timestamp_bits=36 max_order=22 bucket_order=0
May 29 19:28:55.565364 kernel: integrity: Platform Keyring initialized
May 29 19:28:55.565367 kernel: integrity: Machine keyring initialized
May 29 19:28:55.565370 kernel: cryptd: max_cpu_qlen set to 1000
May 29 19:28:55.565373 kernel: NET: Registered PF_ALG protocol family
May 29 19:28:55.565376 kernel: xor: automatically using best checksumming function   avx       
May 29 19:28:55.565379 kernel: Key type asymmetric registered
May 29 19:28:55.565382 kernel: Asymmetric key parser 'x509' registered
May 29 19:28:55.565386 kernel: Block layer SCSI generic (bsg) driver version 0.4 loaded (major 244)
May 29 19:28:55.565389 kernel: io scheduler mq-deadline registered
May 29 19:28:55.565392 kernel: io scheduler kyber registered
May 29 19:28:55.565395 kernel: io scheduler bfq registered
May 29 19:28:55.565398 kernel: atomic64_test: passed for x86-64 platform with CX8 and with SSE
May 29 19:28:55.565448 kernel: pcieport 0000:01:00.0: PME: Signaling with IRQ 24
May 29 19:28:55.565497 kernel: pcieport 0000:01:00.0: pciehp: Slot #0 AttnBtn+ PwrCtrl+ MRL- AttnInd+ PwrInd+ HotPlug+ Surprise- Interlock- NoCompl+ IbPresDis- LLActRep+
May 29 19:28:55.565550 kernel: pcieport 0000:03:00.0: pciehp: Slot #2 AttnBtn+ PwrCtrl+ MRL- AttnInd+ PwrInd+ HotPlug+ Surprise- Interlock- NoCompl+ IbPresDis- LLActRep+
May 29 19:28:55.565606 kernel: pcieport 0000:03:00.1: pciehp: Slot #3 AttnBtn+ PwrCtrl+ MRL- AttnInd+ PwrInd+ HotPlug+ Surprise- Interlock- NoCompl+ IbPresDis- LLActRep+
May 29 19:28:55.565659 kernel: pcieport 0000:03:00.2: pciehp: Slot #4 AttnBtn+ PwrCtrl+ MRL- AttnInd+ PwrInd+ HotPlug+ Surprise- Interlock- NoCompl+ IbPresDis- LLActRep+
May 29 19:28:55.566962 kernel: pcieport 0000:03:00.3: pciehp: Slot #5 AttnBtn+ PwrCtrl+ MRL- AttnInd+ PwrInd+ HotPlug+ Surprise- Interlock- NoCompl+ IbPresDis- LLActRep+
May 29 19:28:55.567023 kernel: pcieport 0000:03:00.4: pciehp: Slot #6 AttnBtn+ PwrCtrl+ MRL- AttnInd+ PwrInd+ HotPlug+ Surprise- Interlock- NoCompl+ IbPresDis- LLActRep+
May 29 19:28:55.567076 kernel: pcieport 0000:03:00.5: pciehp: Slot #7 AttnBtn+ PwrCtrl+ MRL- AttnInd+ PwrInd+ HotPlug+ Surprise- Interlock- NoCompl+ IbPresDis- LLActRep+
May 29 19:28:55.567129 kernel: pcieport 0000:03:00.6: pciehp: Slot #8 AttnBtn+ PwrCtrl+ MRL- AttnInd+ PwrInd+ HotPlug+ Surprise- Interlock- NoCompl+ IbPresDis- LLActRep+
May 29 19:28:55.567187 kernel: pcieport 0000:03:00.7: pciehp: Slot #9 AttnBtn+ PwrCtrl+ MRL- AttnInd+ PwrInd+ HotPlug+ Surprise- Interlock- NoCompl+ IbPresDis- LLActRep+
May 29 19:28:55.567242 kernel: pcieport 0000:03:01.0: pciehp: Slot #10 AttnBtn+ PwrCtrl+ MRL- AttnInd+ PwrInd+ HotPlug+ Surprise- Interlock- NoCompl+ IbPresDis- LLActRep+
May 29 19:28:55.567295 kernel: pcieport 0000:03:01.1: pciehp: Slot #11 AttnBtn+ PwrCtrl+ MRL- AttnInd+ PwrInd+ HotPlug+ Surprise- Interlock- NoCompl+ IbPresDis- LLActRep+
May 29 19:28:55.567348 kernel: pcieport 0000:03:01.2: pciehp: Slot #12 AttnBtn+ PwrCtrl+ MRL- AttnInd+ PwrInd+ HotPlug+ Surprise- Interlock- NoCompl+ IbPresDis- LLActRep+
May 29 19:28:55.567401 kernel: pcieport 0000:03:01.3: pciehp: Slot #13 AttnBtn+ PwrCtrl+ MRL- AttnInd+ PwrInd+ HotPlug+ Surprise- Interlock- NoCompl+ IbPresDis- LLActRep+
May 29 19:28:55.567453 kernel: pcieport 0000:03:01.4: pciehp: Slot #14 AttnBtn+ PwrCtrl+ MRL- AttnInd+ PwrInd+ HotPlug+ Surprise- Interlock- NoCompl+ IbPresDis- LLActRep+
May 29 19:28:55.567506 kernel: pcieport 0000:03:01.5: pciehp: Slot #15 AttnBtn+ PwrCtrl+ MRL- AttnInd+ PwrInd+ HotPlug+ Surprise- Interlock- NoCompl+ IbPresDis- LLActRep+
May 29 19:28:55.567558 kernel: pcieport 0000:03:01.6: pciehp: Slot #16 AttnBtn+ PwrCtrl+ MRL- AttnInd+ PwrInd+ HotPlug+ Surprise- Interlock- NoCompl+ IbPresDis- LLActRep+
May 29 19:28:55.567616 kernel: pcieport 0000:03:01.7: pciehp: Slot #17 AttnBtn+ PwrCtrl+ MRL- AttnInd+ PwrInd+ HotPlug+ Surprise- Interlock- NoCompl+ IbPresDis- LLActRep+
May 29 19:28:55.567670 kernel: pcieport 0000:03:02.0: pciehp: Slot #18 AttnBtn+ PwrCtrl+ MRL- AttnInd+ PwrInd+ HotPlug+ Surprise- Interlock- NoCompl+ IbPresDis- LLActRep+
May 29 19:28:55.567723 kernel: pcieport 0000:03:02.1: pciehp: Slot #19 AttnBtn+ PwrCtrl+ MRL- AttnInd+ PwrInd+ HotPlug+ Surprise- Interlock- NoCompl+ IbPresDis- LLActRep+
May 29 19:28:55.567776 kernel: pcieport 0000:03:02.2: pciehp: Slot #20 AttnBtn+ PwrCtrl+ MRL- AttnInd+ PwrInd+ HotPlug+ Surprise- Interlock- NoCompl+ IbPresDis- LLActRep+
May 29 19:28:55.567828 kernel: pcieport 0000:03:02.3: pciehp: Slot #21 AttnBtn+ PwrCtrl+ MRL- AttnInd+ PwrInd+ HotPlug+ Surprise- Interlock- NoCompl+ IbPresDis- LLActRep+
May 29 19:28:55.567881 kernel: pcieport 0000:03:02.4: pciehp: Slot #22 AttnBtn+ PwrCtrl+ MRL- AttnInd+ PwrInd+ HotPlug+ Surprise- Interlock- NoCompl+ IbPresDis- LLActRep+
May 29 19:28:55.567936 kernel: pcieport 0000:03:02.5: pciehp: Slot #23 AttnBtn+ PwrCtrl+ MRL- AttnInd+ PwrInd+ HotPlug+ Surprise- Interlock- NoCompl+ IbPresDis- LLActRep+
May 29 19:28:55.567996 kernel: pcieport 0000:03:02.6: pciehp: Slot #24 AttnBtn+ PwrCtrl+ MRL- AttnInd+ PwrInd+ HotPlug+ Surprise- Interlock- NoCompl+ IbPresDis- LLActRep+
May 29 19:28:55.568050 kernel: pcieport 0000:03:02.7: pciehp: Slot #25 AttnBtn+ PwrCtrl+ MRL- AttnInd+ PwrInd+ HotPlug+ Surprise- Interlock- NoCompl+ IbPresDis- LLActRep+
May 29 19:28:55.568103 kernel: pcieport 0000:03:03.0: pciehp: Slot #26 AttnBtn+ PwrCtrl+ MRL- AttnInd+ PwrInd+ HotPlug+ Surprise- Interlock- NoCompl+ IbPresDis- LLActRep+
May 29 19:28:55.568156 kernel: pcieport 0000:03:03.1: pciehp: Slot #27 AttnBtn+ PwrCtrl+ MRL- AttnInd+ PwrInd+ HotPlug+ Surprise- Interlock- NoCompl+ IbPresDis- LLActRep+
May 29 19:28:55.568209 kernel: pcieport 0000:03:03.2: pciehp: Slot #28 AttnBtn+ PwrCtrl+ MRL- AttnInd+ PwrInd+ HotPlug+ Surprise- Interlock- NoCompl+ IbPresDis- LLActRep+
May 29 19:28:55.569404 kernel: pcieport 0000:03:03.3: pciehp: Slot #29 AttnBtn+ PwrCtrl+ MRL- AttnInd+ PwrInd+ HotPlug+ Surprise- Interlock- NoCompl+ IbPresDis- LLActRep+
May 29 19:28:55.569459 kernel: pcieport 0000:03:03.4: pciehp: Slot #30 AttnBtn+ PwrCtrl+ MRL- AttnInd+ PwrInd+ HotPlug+ Surprise- Interlock- NoCompl+ IbPresDis- LLActRep+
May 29 19:28:55.569512 kernel: pcieport 0000:03:03.5: pciehp: Slot #31 AttnBtn+ PwrCtrl+ MRL- AttnInd+ PwrInd+ HotPlug+ Surprise- Interlock- NoCompl+ IbPresDis- LLActRep+
May 29 19:28:55.569566 kernel: pcieport 0000:03:03.6: pciehp: Slot #32 AttnBtn+ PwrCtrl+ MRL- AttnInd+ PwrInd+ HotPlug+ Surprise- Interlock- NoCompl+ IbPresDis- LLActRep+
May 29 19:28:55.569620 kernel: pcieport 0000:03:03.7: pciehp: Slot #33 AttnBtn+ PwrCtrl+ MRL- AttnInd+ PwrInd+ HotPlug+ Surprise- Interlock- NoCompl+ IbPresDis- LLActRep+
May 29 19:28:55.569669 kernel: pcieport 0000:24:00.0: PME: Signaling with IRQ 57
May 29 19:28:55.569718 kernel: pcieport 0000:24:00.0: pciehp: Slot #1 AttnBtn+ PwrCtrl+ MRL- AttnInd+ PwrInd+ HotPlug+ Surprise- Interlock- NoCompl+ IbPresDis- LLActRep+
May 29 19:28:55.569772 kernel: pcieport 0000:26:00.0: pciehp: Slot #34 AttnBtn+ PwrCtrl+ MRL- AttnInd+ PwrInd+ HotPlug+ Surprise- Interlock- NoCompl+ IbPresDis- LLActRep+
May 29 19:28:55.569825 kernel: pcieport 0000:26:00.1: pciehp: Slot #35 AttnBtn+ PwrCtrl+ MRL- AttnInd+ PwrInd+ HotPlug+ Surprise- Interlock- NoCompl+ IbPresDis- LLActRep+
May 29 19:28:55.569880 kernel: pcieport 0000:26:00.2: pciehp: Slot #36 AttnBtn+ PwrCtrl+ MRL- AttnInd+ PwrInd+ HotPlug+ Surprise- Interlock- NoCompl+ IbPresDis- LLActRep+
May 29 19:28:55.569934 kernel: pcieport 0000:26:00.3: pciehp: Slot #37 AttnBtn+ PwrCtrl+ MRL- AttnInd+ PwrInd+ HotPlug+ Surprise- Interlock- NoCompl+ IbPresDis- LLActRep+
May 29 19:28:55.569994 kernel: pcieport 0000:26:00.4: pciehp: Slot #38 AttnBtn+ PwrCtrl+ MRL- AttnInd+ PwrInd+ HotPlug+ Surprise- Interlock- NoCompl+ IbPresDis- LLActRep+
May 29 19:28:55.569998 kernel: input: Power Button as /devices/LNXSYSTM:00/LNXPWRBN:00/input/input0
May 29 19:28:55.570002 kernel: ACPI: button: Power Button [PWRF]
May 29 19:28:55.570005 kernel: input: Sleep Button as /devices/LNXSYSTM:00/LNXSLPBN:00/input/input1
May 29 19:28:55.570008 kernel: ACPI: button: Sleep Button [SLPF]
May 29 19:28:55.570011 kernel: Monitor-Mwait will be used to enter C-1 state
May 29 19:28:55.570015 kernel: Could not retrieve perf counters (-19)
May 29 19:28:55.570018 kernel: Serial: 8250/16550 driver, 32 ports, IRQ sharing enabled
May 29 19:28:55.570021 kernel: 00:04: ttyS0 at I/O 0x3f8 (irq = 4, base_baud = 115200) is a 16550A
May 29 19:28:55.570024 kernel: Non-volatile memory driver v1.3
May 29 19:28:55.570027 kernel: Linux agpgart interface v0.103
May 29 19:28:55.570031 kernel: ACPI: bus type drm_connector registered
May 29 19:28:55.570034 kernel: usbcore: registered new interface driver usbserial_generic
May 29 19:28:55.570037 kernel: usbserial: USB Serial support registered for generic
May 29 19:28:55.570040 kernel: i8042: PNP: PS/2 Controller [PNP0303:KBD,PNP0f13:MOU] at 0x60,0x64 irq 1,12
May 29 19:28:55.570043 kernel: i8042: Warning: Keylock active
May 29 19:28:55.570047 kernel: serio: i8042 KBD port at 0x60,0x64 irq 1
May 29 19:28:55.570050 kernel: serio: i8042 AUX port at 0x60,0x64 irq 12
May 29 19:28:55.570053 kernel: mousedev: PS/2 mouse device common for all mice
May 29 19:28:55.570109 kernel: rtc_cmos 00:00: RTC can wake from S4
May 29 19:28:55.570156 kernel: rtc_cmos 00:00: registered as rtc0
May 29 19:28:55.570201 kernel: rtc_cmos 00:00: setting system clock to 2026-05-29T19:28:54 UTC (1780082934)
May 29 19:28:55.570246 kernel: rtc_cmos 00:00: alarms up to one day, 114 bytes nvram
May 29 19:28:55.570249 kernel: device-mapper: core: CONFIG_IMA_DISABLE_HTABLE is disabled. Duplicate IMA measurements will not be recorded in the IMA log.
May 29 19:28:55.570253 kernel: device-mapper: uevent: version 1.0.3
May 29 19:28:55.570256 kernel: device-mapper: ioctl: 4.50.0-ioctl (2025-04-28) initialised: dm-devel@lists.linux.dev
May 29 19:28:55.570260 kernel: amd_pstate: The CPPC feature is supported but currently disabled by the BIOS.
                               Please enable it if your BIOS has the CPPC option.
May 29 19:28:55.570263 kernel: amd_pstate: the _CPC object is not present in SBIOS or ACPI disabled
May 29 19:28:55.570321 kernel: simple-framebuffer simple-framebuffer.0: [drm] Registered 1 planes with drm panic
May 29 19:28:55.570325 kernel: [drm] Initialized simpledrm 1.0.0 for simple-framebuffer.0 on minor 0
May 29 19:28:55.570328 kernel: Console: switching to colour frame buffer device 100x37
May 29 19:28:55.570376 kernel: simple-framebuffer simple-framebuffer.0: [drm] fb0: simpledrmdrmfb frame buffer device
May 29 19:28:55.570381 kernel: hid: raw HID events driver (C) Jiri Kosina
May 29 19:28:55.570384 kernel: usbcore: registered new interface driver usbhid
May 29 19:28:55.570387 kernel: usbhid: USB HID core driver
May 29 19:28:55.570390 kernel: drop_monitor: Initializing network drop monitor service
May 29 19:28:55.570393 kernel: Initializing XFRM netlink socket
May 29 19:28:55.570396 kernel: NET: Registered PF_INET6 protocol family
May 29 19:28:55.570399 kernel: Segment Routing with IPv6
May 29 19:28:55.570402 kernel: RPL Segment Routing with IPv6
May 29 19:28:55.570406 kernel: In-situ OAM (IOAM) with IPv6
May 29 19:28:55.570409 kernel: mip6: Mobile IPv6
May 29 19:28:55.570412 kernel: NET: Registered PF_PACKET protocol family
May 29 19:28:55.570416 kernel: IPI shorthand broadcast: enabled
May 29 19:28:55.570418 kernel: sched_clock: Marking stable (989004525, 140588189)->(1133357117, -3764403)
May 29 19:28:55.570422 kernel: registered taskstats version 1
May 29 19:28:55.570425 kernel: Loading compiled-in X.509 certificates
May 29 19:28:55.570428 kernel: Loaded X.509 cert 'Fedora kernel signing key: 759beb8e2b525990936366fc8cf469ec4b1e8a51'
May 29 19:28:55.570431 kernel: Freeing initrd memory: 121172K
May 29 19:28:55.570435 kernel: Loaded X.509 cert 'Fedora IMA CA: a8a00c31663f853f9c6ff2564872e378af026b28'
May 29 19:28:55.570438 kernel: Demotion targets for Node 0: null
May 29 19:28:55.570441 kernel: page_owner is disabled
May 29 19:28:55.570444 kernel: Key type .fscrypt registered
May 29 19:28:55.570447 kernel: Key type fscrypt-provisioning registered
May 29 19:28:55.570450 kernel: Btrfs loaded, zoned=yes, fsverity=yes
May 29 19:28:55.570453 kernel: Key type big_key registered
May 29 19:28:55.570456 kernel: Key type encrypted registered
May 29 19:28:55.570459 kernel: ima: No TPM chip found, activating TPM-bypass!
May 29 19:28:55.570462 kernel: Loading compiled-in module X.509 certificates
May 29 19:28:55.570466 kernel: Loaded X.509 cert 'Fedora kernel signing key: 759beb8e2b525990936366fc8cf469ec4b1e8a51'
May 29 19:28:55.570469 kernel: ima: Allocated hash algorithm: sha256
May 29 19:28:55.570472 kernel: ima: No architecture policies found
May 29 19:28:55.570475 kernel: evm: Initialising EVM extended attributes:
May 29 19:28:55.570478 kernel: evm: security.selinux
May 29 19:28:55.570481 kernel: evm: security.SMACK64 (disabled)
May 29 19:28:55.570484 kernel: evm: security.SMACK64EXEC (disabled)
May 29 19:28:55.570487 kernel: evm: security.SMACK64TRANSMUTE (disabled)
May 29 19:28:55.570491 kernel: evm: security.SMACK64MMAP (disabled)
May 29 19:28:55.570494 kernel: evm: security.apparmor (disabled)
May 29 19:28:55.570496 kernel: evm: security.ima
May 29 19:28:55.570499 kernel: evm: security.capability
May 29 19:28:55.570502 kernel: evm: HMAC attrs: 0x1
May 29 19:28:55.570505 kernel: alg: No test for 842 (842-scomp)
May 29 19:28:55.570508 kernel: PM:   Magic number: 10:117:497
May 29 19:28:55.570511 kernel: RAS: Correctable Errors collector initialized.
May 29 19:28:55.570514 kernel: clk: Disabling unused clocks
May 29 19:28:55.570518 kernel: PM: genpd: Disabling unused power domains
May 29 19:28:55.570521 kernel: Freeing unused decrypted memory: 2028K
May 29 19:28:55.570529 kernel: Freeing unused kernel image (initmem) memory: 5116K
May 29 19:28:55.570533 kernel: Write protecting the kernel read-only data: 40960k
May 29 19:28:55.570536 kernel: Freeing unused kernel image (text/rodata gap) memory: 508K
May 29 19:28:55.570539 kernel: Freeing unused kernel image (rodata/data gap) memory: 452K
May 29 19:28:55.570542 kernel: x86/mm: Checked W+X mappings: passed, no W+X pages found.
May 29 19:28:55.570545 kernel: Run /init as init process
May 29 19:28:55.570548 kernel:   with arguments:
May 29 19:28:55.570551 kernel:     /init
May 29 19:28:55.570554 kernel:   with environment:
May 29 19:28:55.570557 kernel:     HOME=/
May 29 19:28:55.570560 kernel:     TERM=linux
May 29 19:28:55.570563 kernel:     BOOT_IMAGE=(hd0,gpt3)/boot/ostree/fedora-coreos-5088f34c4256ec3d32d31a79920f5c3be2cae45090b7e32b57a2ae2f8a7bc59b/vmlinuz-6.17.1-300.fc43.x86_64
May 29 19:28:55.570567 kernel:     ostree=/ostree/boot.1/fedora-coreos/5088f34c4256ec3d32d31a79920f5c3be2cae45090b7e32b57a2ae2f8a7bc59b/0
May 29 19:28:55.570575 systemd-journald.service[305]: Missed 1 kernel messages
May 29 19:28:55.570585 kernel: input: AT Translated Set 2 keyboard as /devices/platform/i8042/serio0/input/input2
May 29 19:28:55.570597 systemd-journald.service[305]: Missed 25 kernel messages
May 29 19:28:55.570603 kernel: input: ImPS/2 Generic Wheel Mouse as /devices/platform/i8042/serio1/input/input4
May 29 19:28:55.570613 systemd-journald.service[305]: Missed 20 kernel messages
May 29 19:28:55.570617 kernel: fuse: init (API version 7.44)
May 29 19:28:55.570620 kernel: i2c_dev: i2c /dev entries driver
May 29 19:28:55.570623 kernel: alua: device handler registered
May 29 19:28:55.570627 systemd-journald.service[305]: Missed 1 kernel messages
May 29 19:28:55.570631 kernel: emc: device handler registered
May 29 19:28:55.570634 kernel: rdac: device handler registered
May 29 19:28:55.570641 systemd-journald.service[305]: Journal started
May 29 19:28:55.570657 systemd-journald.service[305]: Runtime Journal (/run/log/journal/ec24496331b56508601b6ffd40256b98) is 8M, max 312.9M, 304.9M free.
May 29 19:28:55.529632 systemd-modules-load[308]: Inserted module 'fuse'
May 29 19:28:55.532022 systemd-modules-load[308]: Inserted module 'i2c_dev'
May 29 19:28:55.532035 systemd-modules-load[308]: Module 'msr' is built in
May 29 19:28:55.534354 systemd-modules-load[308]: Inserted module 'scsi_dh_alua'
May 29 19:28:55.536678 systemd-modules-load[308]: Inserted module 'scsi_dh_emc'
May 29 19:28:55.538700 systemd-modules-load[308]: Inserted module 'scsi_dh_rdac'
May 29 19:28:55.587117 init.scope[1]: Finished systemd-tmpfiles-setup-dev-early.service - Create Static Device Nodes in /dev gracefully.
May 29 19:28:55.589644 init.scope[1]: Starting systemd-sysusers.service - Create System Users...
May 29 19:28:55.593162 init.scope[1]: Finished systemd-sysusers.service - Create System Users.
May 29 19:28:55.603142 init.scope[1]: Finished dracut-cmdline-ask.service - dracut ask for additional cmdline parameters.
May 29 19:28:55.608422 init.scope[1]: Starting dracut-cmdline.service - dracut cmdline hook...
May 29 19:28:55.624108 init.scope[1]: Starting systemd-tmpfiles-setup-dev.service - Create Static Device Nodes in /dev...
May 29 19:28:55.626858 init.scope[1]: Starting systemd-tmpfiles-setup.service - Create System Files and Directories...
May 29 19:28:55.628912 dracut-cmdline.service[345]: dracut-107-8.fc43
May 29 19:28:55.631309 dracut-cmdline.service[345]: Using kernel command line parameters:  rd.driver.pre=btrfs ip=auto   BOOT_IMAGE=(hd0,gpt3)/boot/ostree/fedora-coreos-5088f34c4256ec3d32d31a79920f5c3be2cae45090b7e32b57a2ae2f8a7bc59b/vmlinuz-6.17.1-300.fc43.x86_64 rw ignition.firstboot mitigations=auto,nosmt ostree=/ostree/boot.1/fedora-coreos/5088f34c4256ec3d32d31a79920f5c3be2cae45090b7e32b57a2ae2f8a7bc59b/0 ignition.platform.id=aws console=tty0 console=ttyS0,115200n8
May 29 19:28:55.640772 systemd-tmpfiles-setup.service[349]: /usr/lib/tmpfiles.d/var.conf:14: Duplicate line for path "/var/log", ignoring.
May 29 19:28:55.642529 init.scope[1]: Finished systemd-tmpfiles-setup-dev.service - Create Static Device Nodes in /dev.
May 29 19:28:55.646165 init.scope[1]: Reached target local-fs-pre.target - Preparation for Local File Systems.
May 29 19:28:55.652564 init.scope[1]: Reached target local-fs.target - Local File Systems.
May 29 19:28:55.663297 init.scope[1]: Finished systemd-tmpfiles-setup.service - Create System Files and Directories.
May 29 19:28:55.666998 systemd-journald.service[305]: Missed 33 kernel messages
May 29 19:28:55.666998 kernel: Loading iSCSI transport class v2.0-870.
May 29 19:28:55.677995 kernel: iscsi: registered transport (tcp)
May 29 19:28:55.695054 kernel: iscsi: registered transport (qla4xxx)
May 29 19:28:55.695059 kernel: QLogic iSCSI HBA Driver
May 29 19:28:55.705996 kernel: libcxgbi:libcxgbi_init_module: Chelsio iSCSI driver library libcxgbi v0.9.1-ko (Apr. 2015)
May 29 19:28:55.721232 kernel: Chelsio T3 iSCSI Driver cxgb3i v2.0.1-ko (Apr. 2015)
May 29 19:28:55.721237 kernel: iscsi: registered transport (cxgb3i)
May 29 19:28:55.760267 kernel: Chelsio T4-T6 iSCSI Driver cxgb4i v0.9.5-ko (Apr. 2015)
May 29 19:28:55.760274 kernel: iscsi: registered transport (cxgb4i)
May 29 19:28:55.760279 kernel: cxgb4i:cxgb4i_init_module: cxgb4i dcb enabled.
May 29 19:28:55.769998 kernel: cnic: QLogic cnicDriver v2.5.22 (July 20, 2015)
May 29 19:28:55.775307 kernel: QLogic NetXtreme II iSCSI Driver bnx2i v2.7.10.1 (Jul 16, 2014)
May 29 19:28:55.775312 kernel: iscsi: registered transport (bnx2i)
May 29 19:28:55.785248 kernel: iscsi: registered transport (be2iscsi)
