May 29 20:31:29.917179 kernel: Linux version 5.14.0-570.55.1.el9_6.x86_64 (mockbuild@x86-64-04.build.eng.rdu2.redhat.com) (gcc (GCC) 11.5.0 20240719 (Red Hat 11.5.0-5), GNU ld version 2.35.2-63.el9) #1 SMP PREEMPT_DYNAMIC Tue Oct 14 01:03:55 EDT 2025
May 29 20:31:29.917201 kernel: The list of certified hardware and cloud instances for Red Hat Enterprise Linux 9 can be viewed at the Red Hat Ecosystem Catalog, https://catalog.redhat.com.
May 29 20:31:29.917205 kernel: Command line: BOOT_IMAGE=(hd0,gpt3)/boot/ostree/rhcos-617b0e78715ed36bc2244f65434be3f79c4e5cc41b856cce9de411575dfca7bd/vmlinuz-5.14.0-570.55.1.el9_6.x86_64 rw ignition.firstboot ostree=/ostree/boot.1/rhcos/617b0e78715ed36bc2244f65434be3f79c4e5cc41b856cce9de411575dfca7bd/0 ignition.platform.id=aws console=tty0 console=ttyS0,115200n8
May 29 20:31:29.917208 kernel: BIOS-provided physical RAM map:
May 29 20:31:29.917211 kernel: BIOS-e820: [mem 0x0000000000000000-0x000000000009fbff] usable
May 29 20:31:29.917213 kernel: BIOS-e820: [mem 0x000000000009fc00-0x000000000009ffff] reserved
May 29 20:31:29.917216 kernel: BIOS-e820: [mem 0x00000000000f0000-0x00000000000fffff] reserved
May 29 20:31:29.917218 kernel: BIOS-e820: [mem 0x0000000000100000-0x00000000bffe7fff] usable
May 29 20:31:29.917221 kernel: BIOS-e820: [mem 0x00000000bffe8000-0x00000000bfffffff] reserved
May 29 20:31:29.917223 kernel: BIOS-e820: [mem 0x00000000e0000000-0x00000000e03fffff] reserved
May 29 20:31:29.917226 kernel: BIOS-e820: [mem 0x00000000fffc0000-0x00000000ffffffff] reserved
May 29 20:31:29.917228 kernel: BIOS-e820: [mem 0x0000000100000000-0x000000042b3fffff] usable
May 29 20:31:29.917230 kernel: BIOS-e820: [mem 0x000000042b400000-0x000000043fffffff] reserved
May 29 20:31:29.917232 kernel: BIOS-e820: [mem 0x0000000440100000-0x0000000442bfffff] reserved
May 29 20:31:29.917235 kernel: NX (Execute Disable) protection: active
May 29 20:31:29.917237 kernel: APIC: Static calls initialized
May 29 20:31:29.917239 kernel: SMBIOS 2.7 present.
May 29 20:31:29.917241 kernel: DMI: Amazon EC2 m8a.xlarge/, BIOS 1.0 10/16/2017
May 29 20:31:29.917243 kernel: Hypervisor detected: KVM
May 29 20:31:29.917246 kernel: kvm-clock: Using msrs 4b564d01 and 4b564d00
May 29 20:31:29.917249 kernel: kvm-clock: using sched offset of 25979516237 cycles
May 29 20:31:29.917251 kernel: clocksource: kvm-clock: mask: 0xffffffffffffffff max_cycles: 0x1cd42e4dffb, max_idle_ns: 881590591483 ns
May 29 20:31:29.917253 kernel: tsc: Detected 2600.000 MHz processor
May 29 20:31:29.917256 kernel: e820: update [mem 0x00000000-0x00000fff] usable ==> reserved
May 29 20:31:29.917258 kernel: e820: remove [mem 0x000a0000-0x000fffff] usable
May 29 20:31:29.917260 kernel: last_pfn = 0x42b400 max_arch_pfn = 0x400000000
May 29 20:31:29.917263 kernel: MTRR map: 4 entries (3 fixed + 1 variable; max 19), built from 8 variable MTRRs
May 29 20:31:29.917265 kernel: x86/PAT: Configuration [0-7]: WB  WC  UC- UC  WB  WP  UC- WT  
May 29 20:31:29.917267 kernel: last_pfn = 0xbffe8 max_arch_pfn = 0x400000000
May 29 20:31:29.917270 kernel: Using GB pages for direct mapping
May 29 20:31:29.917272 kernel: RAMDISK: [mem 0x2b47b000-0x31a35fff]
May 29 20:31:29.917274 kernel: ACPI: Early table checksum verification disabled
May 29 20:31:29.917277 kernel: ACPI: RSDP 0x00000000000F8F00 000014 (v00 AMAZON)
May 29 20:31:29.917280 kernel: ACPI: RSDT 0x00000000BFFECC40 000048 (v01 AMAZON AMZNRSDT 00000001 AMZN 00000001)
May 29 20:31:29.917282 kernel: ACPI: WAET 0x00000000BFFEFFC0 000028 (v01 AMAZON AMZNWAET 00000001 AMZN 00000001)
May 29 20:31:29.917284 kernel: ACPI: SLIT 0x00000000BFFEFF40 00006C (v01 AMAZON AMZNSLIT 00000001 AMZN 00000001)
May 29 20:31:29.917286 kernel: ACPI: APIC 0x00000000BFFEFE80 000086 (v01 AMAZON AMZNAPIC 00000001 AMZN 00000001)
May 29 20:31:29.917289 kernel: ACPI: SRAT 0x00000000BFFEFDC0 0000C0 (v01 AMAZON AMZNSRAT 00000001 AMZN 00000001)
May 29 20:31:29.917291 kernel: ACPI: FACP 0x00000000BFFEFC80 000114 (v01 AMAZON AMZNFACP 00000001 AMZN 00000001)
May 29 20:31:29.917293 kernel: ACPI: DSDT 0x00000000BFFEE5C0 00165D (v01 AMAZON AMZNDSDT 00000001 AMZN 00000001)
May 29 20:31:29.917297 kernel: ACPI: FACS 0x00000000000F8EC0 000040
May 29 20:31:29.917299 kernel: ACPI: HPET 0x00000000BFFEFC40 000038 (v01 AMAZON AMZNHPET 00000001 AMZN 00000001)
May 29 20:31:29.917301 kernel: ACPI: SSDT 0x00000000BFFECE40 001756 (v01 AMAZON AMZNSSDT 00000001 AMZN 00000001)
May 29 20:31:29.917303 kernel: ACPI: SSDT 0x00000000BFFECD40 0000D1 (v01 AMAZON AMZNSSDT 00000001 AMZN 00000001)
May 29 20:31:29.917314 kernel: ACPI: MCFG 0x00000000BFFECCC0 00004C (v01 AMAZON AMZNMCFG 00000001 AMZN 00000001)
May 29 20:31:29.917317 kernel: ACPI: Reserving WAET table memory at [mem 0xbffeffc0-0xbffeffe7]
May 29 20:31:29.917326 kernel: ACPI: Reserving SLIT table memory at [mem 0xbffeff40-0xbffeffab]
May 29 20:31:29.917328 kernel: ACPI: Reserving APIC table memory at [mem 0xbffefe80-0xbffeff05]
May 29 20:31:29.917330 kernel: ACPI: Reserving SRAT table memory at [mem 0xbffefdc0-0xbffefe7f]
May 29 20:31:29.917333 kernel: ACPI: Reserving FACP table memory at [mem 0xbffefc80-0xbffefd93]
May 29 20:31:29.917358 kernel: ACPI: Reserving DSDT table memory at [mem 0xbffee5c0-0xbffefc1c]
May 29 20:31:29.917366 kernel: ACPI: Reserving FACS table memory at [mem 0xf8ec0-0xf8eff]
May 29 20:31:29.917369 kernel: ACPI: Reserving HPET table memory at [mem 0xbffefc40-0xbffefc77]
May 29 20:31:29.917371 kernel: ACPI: Reserving SSDT table memory at [mem 0xbffece40-0xbffee595]
May 29 20:31:29.917373 kernel: ACPI: Reserving SSDT table memory at [mem 0xbffecd40-0xbffece10]
May 29 20:31:29.917375 kernel: ACPI: Reserving MCFG table memory at [mem 0xbffeccc0-0xbffecd0b]
May 29 20:31:29.917377 kernel: SRAT: PXM 0 -> APIC 0x00 -> Node 0
May 29 20:31:29.917380 kernel: SRAT: PXM 0 -> APIC 0x01 -> Node 0
May 29 20:31:29.917382 kernel: SRAT: PXM 0 -> APIC 0x02 -> Node 0
May 29 20:31:29.917385 kernel: SRAT: PXM 0 -> APIC 0x03 -> Node 0
May 29 20:31:29.917387 kernel: ACPI: SRAT: Node 0 PXM 0 [mem 0x00000000-0xbfffffff]
May 29 20:31:29.917389 kernel: ACPI: SRAT: Node 0 PXM 0 [mem 0x100000000-0x43fffffff]
May 29 20:31:29.917391 kernel: NUMA: Initialized distance table, cnt=1
May 29 20:31:29.917394 kernel: NUMA: Node 0 [mem 0x00000000-0xbfffffff] + [mem 0x100000000-0x42b3fffff] -> [mem 0x00000000-0x42b3fffff]
May 29 20:31:29.917396 kernel: NODE_DATA(0) allocated [mem 0x42b3d4000-0x42b3fefff]
May 29 20:31:29.917398 kernel: Zone ranges:
May 29 20:31:29.917400 kernel:   DMA      [mem 0x0000000000001000-0x0000000000ffffff]
May 29 20:31:29.917403 kernel:   DMA32    [mem 0x0000000001000000-0x00000000ffffffff]
May 29 20:31:29.917405 kernel:   Normal   [mem 0x0000000100000000-0x000000042b3fffff]
May 29 20:31:29.917407 kernel:   Device   empty
May 29 20:31:29.917409 kernel: Movable zone start for each node
May 29 20:31:29.917411 kernel: Early memory node ranges
May 29 20:31:29.917414 kernel:   node   0: [mem 0x0000000000001000-0x000000000009efff]
May 29 20:31:29.917416 kernel:   node   0: [mem 0x0000000000100000-0x00000000bffe7fff]
May 29 20:31:29.917419 kernel:   node   0: [mem 0x0000000100000000-0x000000042b3fffff]
May 29 20:31:29.917421 kernel: Initmem setup node 0 [mem 0x0000000000001000-0x000000042b3fffff]
May 29 20:31:29.917423 kernel: On node 0, zone DMA: 1 pages in unavailable ranges
May 29 20:31:29.917425 kernel: On node 0, zone DMA: 97 pages in unavailable ranges
May 29 20:31:29.917428 kernel: On node 0, zone Normal: 24 pages in unavailable ranges
May 29 20:31:29.917430 kernel: On node 0, zone Normal: 19456 pages in unavailable ranges
May 29 20:31:29.917432 kernel: ACPI: PM-Timer IO Port: 0xb008
May 29 20:31:29.917434 kernel: ACPI: LAPIC_NMI (acpi_id[0xff] dfl dfl lint[0x1])
May 29 20:31:29.917437 kernel: IOAPIC[0]: apic_id 0, version 32, address 0xfec00000, GSI 0-23
May 29 20:31:29.917439 kernel: ACPI: INT_SRC_OVR (bus 0 bus_irq 5 global_irq 5 high level)
May 29 20:31:29.917442 kernel: ACPI: INT_SRC_OVR (bus 0 bus_irq 9 global_irq 9 high level)
May 29 20:31:29.917444 kernel: ACPI: INT_SRC_OVR (bus 0 bus_irq 10 global_irq 10 high level)
May 29 20:31:29.917446 kernel: ACPI: INT_SRC_OVR (bus 0 bus_irq 11 global_irq 11 high level)
May 29 20:31:29.917448 kernel: ACPI: Using ACPI (MADT) for SMP configuration information
May 29 20:31:29.917451 kernel: ACPI: HPET id: 0x8086a201 base: 0xfed00000
May 29 20:31:29.917453 kernel: CPU topo: Max. logical packages:   1
May 29 20:31:29.917455 kernel: CPU topo: Max. logical dies:       1
May 29 20:31:29.917457 kernel: CPU topo: Max. dies per package:   1
May 29 20:31:29.917459 kernel: CPU topo: Max. threads per core:   1
May 29 20:31:29.917462 kernel: CPU topo: Num. cores per package:     4
May 29 20:31:29.917464 kernel: CPU topo: Num. threads per package:   4
May 29 20:31:29.917466 kernel: CPU topo: Allowing 4 present CPUs plus 0 hotplug CPUs
May 29 20:31:29.917468 kernel: kvm-guest: APIC: eoi() replaced with kvm_guest_apic_eoi_write()
May 29 20:31:29.917471 kernel: PM: hibernation: Registered nosave memory: [mem 0x00000000-0x00000fff]
May 29 20:31:29.917474 kernel: PM: hibernation: Registered nosave memory: [mem 0x0009f000-0x0009ffff]
May 29 20:31:29.917476 kernel: PM: hibernation: Registered nosave memory: [mem 0x000a0000-0x000effff]
May 29 20:31:29.917478 kernel: PM: hibernation: Registered nosave memory: [mem 0x000f0000-0x000fffff]
May 29 20:31:29.917480 kernel: PM: hibernation: Registered nosave memory: [mem 0xbffe8000-0xbfffffff]
May 29 20:31:29.917482 kernel: PM: hibernation: Registered nosave memory: [mem 0xc0000000-0xdfffffff]
May 29 20:31:29.917485 kernel: PM: hibernation: Registered nosave memory: [mem 0xe0000000-0xe03fffff]
May 29 20:31:29.917487 kernel: PM: hibernation: Registered nosave memory: [mem 0xe0400000-0xfffbffff]
May 29 20:31:29.917489 kernel: PM: hibernation: Registered nosave memory: [mem 0xfffc0000-0xffffffff]
May 29 20:31:29.917491 kernel: [mem 0xc0000000-0xdfffffff] available for PCI devices
May 29 20:31:29.917493 kernel: Booting paravirtualized kernel on KVM
May 29 20:31:29.917496 kernel: clocksource: refined-jiffies: mask: 0xffffffff max_cycles: 0xffffffff, max_idle_ns: 1910969940391419 ns
May 29 20:31:29.917506 kernel: setup_percpu: NR_CPUS:8192 nr_cpumask_bits:4 nr_cpu_ids:4 nr_node_ids:1
May 29 20:31:29.917510 kernel: percpu: Embedded 64 pages/cpu s225280 r8192 d28672 u524288
May 29 20:31:29.917512 kernel: pcpu-alloc: s225280 r8192 d28672 u524288 alloc=1*2097152
May 29 20:31:29.917522 kernel: pcpu-alloc: [0] 0 1 2 3 
May 29 20:31:29.917524 kernel: kvm-guest: PV spinlocks enabled
May 29 20:31:29.917545 kernel: PV qspinlock hash table entries: 256 (order: 0, 4096 bytes, linear)
May 29 20:31:29.917558 kernel: Kernel command line: BOOT_IMAGE=(hd0,gpt3)/boot/ostree/rhcos-617b0e78715ed36bc2244f65434be3f79c4e5cc41b856cce9de411575dfca7bd/vmlinuz-5.14.0-570.55.1.el9_6.x86_64 rw ignition.firstboot ostree=/ostree/boot.1/rhcos/617b0e78715ed36bc2244f65434be3f79c4e5cc41b856cce9de411575dfca7bd/0 ignition.platform.id=aws console=tty0 console=ttyS0,115200n8
May 29 20:31:29.917560 kernel: Unknown kernel command line parameters "BOOT_IMAGE=(hd0,gpt3)/boot/ostree/rhcos-617b0e78715ed36bc2244f65434be3f79c4e5cc41b856cce9de411575dfca7bd/vmlinuz-5.14.0-570.55.1.el9_6.x86_64 ostree=/ostree/boot.1/rhcos/617b0e78715ed36bc2244f65434be3f79c4e5cc41b856cce9de411575dfca7bd/0", will be passed to user space.
May 29 20:31:29.917563 kernel: random: crng init done
May 29 20:31:29.917567 kernel: Dentry cache hash table entries: 2097152 (order: 12, 16777216 bytes, linear)
May 29 20:31:29.917569 kernel: Inode-cache hash table entries: 1048576 (order: 11, 8388608 bytes, linear)
May 29 20:31:29.917572 kernel: Fallback order for Node 0: 0 
May 29 20:31:29.917574 kernel: Built 1 zonelists, mobility grouping on.  Total pages: 4044824
May 29 20:31:29.917577 kernel: Policy zone: Normal
May 29 20:31:29.917579 kernel: mem auto-init: stack:off, heap alloc:off, heap free:off
May 29 20:31:29.917581 kernel: software IO TLB: area num 4.
May 29 20:31:29.917584 kernel: Memory: 3105712K/16436760K available (16384K kernel code, 5766K rwdata, 13628K rodata, 4044K init, 7384K bss, 510692K reserved, 0K cma-reserved)
May 29 20:31:29.917586 kernel: SLUB: HWalign=64, Order=0-3, MinObjects=0, CPUs=4, Nodes=1
May 29 20:31:29.917588 kernel: ftrace: allocating 49069 entries in 192 pages
May 29 20:31:29.917591 kernel: ftrace: allocated 192 pages with 2 groups
May 29 20:31:29.917593 kernel: Dynamic Preempt: voluntary
May 29 20:31:29.917595 kernel: rcu: Preemptible hierarchical RCU implementation.
May 29 20:31:29.917599 kernel: rcu:         RCU event tracing is enabled.
May 29 20:31:29.917601 kernel: rcu:         RCU restricting CPUs from NR_CPUS=8192 to nr_cpu_ids=4.
May 29 20:31:29.917603 kernel:         Trampoline variant of Tasks RCU enabled.
May 29 20:31:29.917606 kernel:         Rude variant of Tasks RCU enabled.
May 29 20:31:29.917608 kernel:         Tracing variant of Tasks RCU enabled.
May 29 20:31:29.917610 kernel: rcu: RCU calculated value of scheduler-enlistment delay is 100 jiffies.
May 29 20:31:29.917612 kernel: rcu: Adjusting geometry for rcu_fanout_leaf=16, nr_cpu_ids=4
May 29 20:31:29.917614 kernel: RCU Tasks: Setting shift to 2 and lim to 1 rcu_task_cb_adjust=1.
May 29 20:31:29.917617 kernel: RCU Tasks Rude: Setting shift to 2 and lim to 1 rcu_task_cb_adjust=1.
May 29 20:31:29.917619 kernel: RCU Tasks Trace: Setting shift to 2 and lim to 1 rcu_task_cb_adjust=1.
May 29 20:31:29.917621 kernel: NR_IRQS: 524544, nr_irqs: 456, preallocated irqs: 16
May 29 20:31:29.917624 kernel: rcu: srcu_init: Setting srcu_struct sizes based on contention.
May 29 20:31:29.917627 kernel: kfence: initialized - using 2097152 bytes for 255 objects at 0x(____ptrval____)-0x(____ptrval____)
May 29 20:31:29.917629 kernel: Console: colour VGA+ 80x25
May 29 20:31:29.917631 kernel: printk: legacy console [tty0] enabled
May 29 20:31:29.917633 kernel: printk: console [ttyS0] enabled
May 29 20:31:29.917636 kernel: ACPI: Core revision 20230331
May 29 20:31:29.917638 kernel: clocksource: hpet: mask: 0xffffffff max_cycles: 0xffffffff, max_idle_ns: 30580167144 ns
May 29 20:31:29.917640 kernel: APIC: Switch to symmetric I/O mode setup
May 29 20:31:29.917642 kernel: x2apic enabled
May 29 20:31:29.917645 kernel: APIC: Switched APIC routing to: physical x2apic
May 29 20:31:29.917647 kernel: kvm-guest: APIC: send_IPI_mask() replaced with kvm_send_ipi_mask()
May 29 20:31:29.917649 kernel: kvm-guest: APIC: send_IPI_mask_allbutself() replaced with kvm_send_ipi_mask_allbutself()
May 29 20:31:29.917652 kernel: kvm-guest: setup PV IPIs
May 29 20:31:29.917654 kernel: ..TIMER: vector=0x30 apic1=0 pin1=0 apic2=-1 pin2=-1
May 29 20:31:29.917657 kernel: clocksource: tsc-early: mask: 0xffffffffffffffff max_cycles: 0x257a3c3232d, max_idle_ns: 440795236700 ns
May 29 20:31:29.917659 kernel: Calibrating delay loop (skipped) preset value.. 5200.00 BogoMIPS (lpj=2600000)
May 29 20:31:29.917661 kernel: process: using mwait in idle threads
May 29 20:31:29.917664 kernel: Last level iTLB entries: 4KB 64, 2MB 64, 4MB 32
May 29 20:31:29.917666 kernel: Last level dTLB entries: 4KB 128, 2MB 128, 4MB 64, 1GB 0
May 29 20:31:29.917668 kernel: Spectre V1 : Mitigation: usercopy/swapgs barriers and __user pointer sanitization
May 29 20:31:29.917670 kernel: Spectre V2 : Mitigation: Enhanced / Automatic IBRS
May 29 20:31:29.917673 kernel: Spectre V2 : Spectre v2 / SpectreRSB mitigation: Filling RSB on context switch
May 29 20:31:29.917675 kernel: Spectre V2 : mitigation: Enabling conditional Indirect Branch Prediction Barrier
May 29 20:31:29.917677 kernel: Speculative Store Bypass: Mitigation: Speculative Store Bypass disabled via prctl
May 29 20:31:29.917680 kernel: x86/fpu: Supporting XSAVE feature 0x001: 'x87 floating point registers'
May 29 20:31:29.917682 kernel: x86/fpu: Supporting XSAVE feature 0x002: 'SSE registers'
May 29 20:31:29.917685 kernel: x86/fpu: Supporting XSAVE feature 0x004: 'AVX registers'
May 29 20:31:29.917687 kernel: x86/fpu: Supporting XSAVE feature 0x020: 'AVX-512 opmask'
May 29 20:31:29.917689 kernel: x86/fpu: Supporting XSAVE feature 0x040: 'AVX-512 Hi256'
May 29 20:31:29.917691 kernel: x86/fpu: Supporting XSAVE feature 0x080: 'AVX-512 ZMM_Hi256'
May 29 20:31:29.917693 kernel: x86/fpu: Supporting XSAVE feature 0x200: 'Protection Keys User registers'
May 29 20:31:29.917696 kernel: x86/fpu: xstate_offset[2]:  576, xstate_sizes[2]:  256
May 29 20:31:29.917698 kernel: x86/fpu: xstate_offset[5]:  832, xstate_sizes[5]:   64
May 29 20:31:29.917700 kernel: x86/fpu: xstate_offset[6]:  896, xstate_sizes[6]:  512
May 29 20:31:29.917702 kernel: x86/fpu: xstate_offset[7]: 1408, xstate_sizes[7]: 1024
May 29 20:31:29.917705 kernel: x86/fpu: xstate_offset[9]: 2432, xstate_sizes[9]:    8
May 29 20:31:29.917707 kernel: x86/fpu: Enabled xstate features 0x2e7, context size is 2440 bytes, using 'compacted' format.
May 29 20:31:29.917710 kernel: Freeing SMP alternatives memory: 40K
May 29 20:31:29.917712 kernel: pid_max: default: 32768 minimum: 301
May 29 20:31:29.917714 kernel: LSM: initializing lsm=lockdown,capability,landlock,yama,integrity,selinux,bpf
May 29 20:31:29.917717 kernel: landlock: Up and running.
May 29 20:31:29.917719 kernel: Yama: becoming mindful.
May 29 20:31:29.917721 kernel: SELinux:  Initializing.
May 29 20:31:29.917723 kernel: LSM support for eBPF active
May 29 20:31:29.917726 kernel: Mount-cache hash table entries: 32768 (order: 6, 262144 bytes, linear)
May 29 20:31:29.917728 kernel: Mountpoint-cache hash table entries: 32768 (order: 6, 262144 bytes, linear)
May 29 20:31:29.917730 kernel: smpboot: CPU0: AMD EPYC 9R45 (family: 0x1a, model: 0x2, stepping: 0x1)
May 29 20:31:29.917733 kernel: Performance Events: Fam17h+ core perfctr, AMD PMU driver.
May 29 20:31:29.917736 kernel: ... version:                2
May 29 20:31:29.917738 kernel: ... bit width:              48
May 29 20:31:29.917740 kernel: ... generic registers:      5
May 29 20:31:29.917742 kernel: ... value mask:             0000ffffffffffff
May 29 20:31:29.917744 kernel: ... max period:             00007fffffffffff
May 29 20:31:29.917747 kernel: ... fixed-purpose events:   0
May 29 20:31:29.917749 kernel: ... event mask:             000000000000001f
May 29 20:31:29.917751 kernel: signal: max sigframe size: 3376
May 29 20:31:29.917753 kernel: rcu: Hierarchical SRCU implementation.
May 29 20:31:29.917756 kernel: rcu:         Max phase no-delay instances is 400.
May 29 20:31:29.917758 kernel: smp: Bringing up secondary CPUs ...
May 29 20:31:29.917761 kernel: smpboot: x86: Booting SMP configuration:
May 29 20:31:29.917763 kernel: .... node  #0, CPUs:      #1 #2 #3
May 29 20:31:29.917765 kernel: smp: Brought up 1 node, 4 CPUs
May 29 20:31:29.917767 kernel: smpboot: Total of 4 processors activated (20800.00 BogoMIPS)
May 29 20:31:29.917770 kernel: node 0 deferred pages initialised in 8ms
May 29 20:31:29.917772 kernel: devtmpfs: initialized
May 29 20:31:29.917774 kernel: x86/mm: Memory block size: 128MB
May 29 20:31:29.917776 kernel: clocksource: jiffies: mask: 0xffffffff max_cycles: 0xffffffff, max_idle_ns: 1911260446275000 ns
May 29 20:31:29.917779 kernel: futex hash table entries: 1024 (order: 4, 65536 bytes, linear)
May 29 20:31:29.917781 kernel: pinctrl core: initialized pinctrl subsystem
May 29 20:31:29.917783 kernel: NET: Registered PF_NETLINK/PF_ROUTE protocol family
May 29 20:31:29.917785 kernel: DMA: preallocated 2048 KiB GFP_KERNEL pool for atomic allocations
May 29 20:31:29.917788 kernel: DMA: preallocated 2048 KiB GFP_KERNEL|GFP_DMA pool for atomic allocations
May 29 20:31:29.917790 kernel: DMA: preallocated 2048 KiB GFP_KERNEL|GFP_DMA32 pool for atomic allocations
May 29 20:31:29.917793 kernel: audit: initializing netlink subsys (disabled)
May 29 20:31:29.917795 kernel: audit: type=2000 audit(1780086686.794:1): state=initialized audit_enabled=0 res=1
May 29 20:31:29.917797 kernel: thermal_sys: Registered thermal governor 'fair_share'
May 29 20:31:29.917800 kernel: thermal_sys: Registered thermal governor 'step_wise'
May 29 20:31:29.917802 kernel: thermal_sys: Registered thermal governor 'user_space'
May 29 20:31:29.917804 kernel: cpuidle: using governor menu
May 29 20:31:29.917806 kernel: acpiphp: ACPI Hot Plug PCI Controller Driver version: 0.5
May 29 20:31:29.917809 kernel: PCI: ECAM [mem 0x440100000-0x4423fffff] (base 0x440000000) for domain 0000 [bus 01-23]
May 29 20:31:29.917811 kernel: PCI: ECAM [mem 0x442400000-0x442bfffff] (base 0x440000000) for domain 0000 [bus 24-2b]
May 29 20:31:29.917814 kernel: PCI: Using configuration type 1 for base access
May 29 20:31:29.917816 kernel: kprobes: kprobe jump-optimization is enabled. All kprobes are optimized if possible.
May 29 20:31:29.917818 kernel: HugeTLB: registered 1.00 GiB page size, pre-allocated 0 pages
May 29 20:31:29.917820 kernel: HugeTLB: 16380 KiB vmemmap can be freed for a 1.00 GiB page
May 29 20:31:29.917823 kernel: HugeTLB: registered 2.00 MiB page size, pre-allocated 0 pages
May 29 20:31:29.917825 kernel: HugeTLB: 28 KiB vmemmap can be freed for a 2.00 MiB page
May 29 20:31:29.917827 kernel: Demotion targets for Node 0: null
May 29 20:31:29.917829 kernel: cryptd: max_cpu_qlen set to 1000
May 29 20:31:29.917832 kernel: ACPI: Added _OSI(Module Device)
May 29 20:31:29.917834 kernel: ACPI: Added _OSI(Processor Device)
May 29 20:31:29.917836 kernel: ACPI: Added _OSI(3.0 _SCP Extensions)
May 29 20:31:29.917838 kernel: ACPI: Added _OSI(Processor Aggregator Device)
May 29 20:31:29.917841 kernel: ACPI: 3 ACPI AML tables successfully acquired and loaded
May 29 20:31:29.917843 kernel: ACPI: _OSC evaluation for CPUs failed, trying _PDC
May 29 20:31:29.917846 kernel: ACPI: Interpreter enabled
May 29 20:31:29.917848 kernel: ACPI: PM: (supports S0 S4 S5)
May 29 20:31:29.917850 kernel: ACPI: Using IOAPIC for interrupt routing
May 29 20:31:29.917852 kernel: PCI: Using host bridge windows from ACPI; if necessary, use "pci=nocrs" and report a bug
May 29 20:31:29.917855 kernel: PCI: Using E820 reservations for host bridge windows
May 29 20:31:29.917857 kernel: ACPI: Enabled 2 GPEs in block 00 to 0F
May 29 20:31:29.917859 kernel: ACPI: PCI Root Bridge [PCI0] (domain 0000 [bus 00])
May 29 20:31:29.917920 kernel: acpi PNP0A03:00: _OSC: OS supports [ExtendedConfig ASPM ClockPM Segments MSI EDR HPX-Type3]
May 29 20:31:29.917948 kernel: acpi PNP0A03:00: fail to add MMCONFIG information, can't access extended configuration space under this bridge
May 29 20:31:29.917952 kernel: acpiphp: Slot [3] registered
May 29 20:31:29.917954 kernel: acpiphp: Slot [4] registered
May 29 20:31:29.917956 kernel: acpiphp: Slot [5] registered
May 29 20:31:29.917958 kernel: acpiphp: Slot [6] registered
May 29 20:31:29.917960 kernel: acpiphp: Slot [7] registered
May 29 20:31:29.917963 kernel: acpiphp: Slot [8] registered
May 29 20:31:29.917965 kernel: acpiphp: Slot [9] registered
May 29 20:31:29.917967 kernel: acpiphp: Slot [10] registered
May 29 20:31:29.917969 kernel: acpiphp: Slot [11] registered
May 29 20:31:29.917971 kernel: acpiphp: Slot [12] registered
May 29 20:31:29.917974 kernel: acpiphp: Slot [13] registered
May 29 20:31:29.917976 kernel: acpiphp: Slot [14] registered
May 29 20:31:29.917979 kernel: acpiphp: Slot [15] registered
May 29 20:31:29.917981 kernel: acpiphp: Slot [16] registered
May 29 20:31:29.917983 kernel: acpiphp: Slot [17] registered
May 29 20:31:29.917985 kernel: acpiphp: Slot [18] registered
May 29 20:31:29.917987 kernel: acpiphp: Slot [19] registered
May 29 20:31:29.917990 kernel: acpiphp: Slot [20] registered
May 29 20:31:29.917992 kernel: acpiphp: Slot [21] registered
May 29 20:31:29.917994 kernel: acpiphp: Slot [22] registered
May 29 20:31:29.917996 kernel: acpiphp: Slot [23] registered
May 29 20:31:29.917998 kernel: acpiphp: Slot [24] registered
May 29 20:31:29.918000 kernel: acpiphp: Slot [25] registered
May 29 20:31:29.918002 kernel: acpiphp: Slot [26] registered
May 29 20:31:29.918005 kernel: acpiphp: Slot [27] registered
May 29 20:31:29.918008 kernel: acpiphp: Slot [28] registered
May 29 20:31:29.918010 kernel: acpiphp: Slot [29] registered
May 29 20:31:29.918012 kernel: acpiphp: Slot [30] registered
May 29 20:31:29.918014 kernel: acpiphp: Slot [31] registered
May 29 20:31:29.918016 kernel: PCI host bridge to bus 0000:00
May 29 20:31:29.918049 kernel: pci_bus 0000:00: root bus resource [io  0x0000-0x0cf7 window]
May 29 20:31:29.918072 kernel: pci_bus 0000:00: root bus resource [io  0x0d00-0xffff window]
May 29 20:31:29.918094 kernel: pci_bus 0000:00: root bus resource [mem 0x000a0000-0x000bffff window]
May 29 20:31:29.918116 kernel: pci_bus 0000:00: root bus resource [mem 0xc0000000-0xc3ffffff window]
May 29 20:31:29.918138 kernel: pci_bus 0000:00: root bus resource [mem 0x480000000-0x481ffffff window]
May 29 20:31:29.918160 kernel: pci_bus 0000:00: root bus resource [bus 00]
May 29 20:31:29.918233 kernel: pci 0000:00:00.0: [8086:1237] type 00 class 0x060000 conventional PCI endpoint
May 29 20:31:29.918269 kernel: pci 0000:00:01.0: [8086:7000] type 00 class 0x060100 conventional PCI endpoint
May 29 20:31:29.918299 kernel: pci 0000:00:01.3: [8086:7113] type 00 class 0x000000 conventional PCI endpoint
May 29 20:31:29.918323 kernel: pci 0000:00:01.3: quirk: [io  0xb000-0xb03f] claimed by PIIX4 ACPI
May 29 20:31:29.918348 kernel: pci 0000:00:01.3: quirk: [io  0xb100-0xb10f] claimed by PIIX4 SMB
May 29 20:31:29.918372 kernel: pci 0000:00:01.3: PIIX4 devres E PIO at fff0-ffff
May 29 20:31:29.918397 kernel: pci 0000:00:01.3: PIIX4 devres F MMIO at ffc00000-ffffffff
May 29 20:31:29.918421 kernel: pci 0000:00:01.3: PIIX4 devres G PIO at fff0-ffff
May 29 20:31:29.918445 kernel: pci 0000:00:01.3: PIIX4 devres H MMIO at ffc00000-ffffffff
May 29 20:31:29.918469 kernel: pci 0000:00:01.3: PIIX4 devres I PIO at fff0-ffff
May 29 20:31:29.918493 kernel: pci 0000:00:01.3: PIIX4 devres J PIO at fff0-ffff
May 29 20:31:29.918516 kernel: pci 0000:00:01.3: quirk_piix4_acpi+0x0/0x170 took 14648 usecs
May 29 20:31:29.918545 kernel: pci 0000:00:03.0: [1d0f:1111] type 00 class 0x030000 conventional PCI endpoint
May 29 20:31:29.918569 kernel: pci 0000:00:03.0: BAR 0 [mem 0xc2000000-0xc23fffff pref]
May 29 20:31:29.918593 kernel: pci 0000:00:03.0: ROM [mem 0xc0000000-0xc000ffff pref]
May 29 20:31:29.918620 kernel: pci 0000:00:03.0: Video device with shadowed ROM at [mem 0x000c0000-0x000dffff]
May 29 20:31:29.918650 kernel: pci 0000:00:04.0: [1d0f:8061] type 00 class 0x010802 PCIe Endpoint
May 29 20:31:29.918674 kernel: pci 0000:00:04.0: BAR 0 [mem 0xc0010000-0xc0013fff]
May 29 20:31:29.918698 kernel: pci 0000:00:04.0: enabling Extended Tags
May 29 20:31:29.918721 kernel: pci_bus 0000:00: on NUMA node 0
May 29 20:31:29.918724 kernel: ACPI: PCI Root Bridge [PC01] (domain 0000 [bus 01-23])
May 29 20:31:29.918755 kernel: acpi PNP0A08:00: _OSC: OS supports [ExtendedConfig ASPM ClockPM Segments MSI EDR HPX-Type3]
May 29 20:31:29.918779 kernel: acpi PNP0A08:00: _OSC: platform does not support [SHPCHotplug AER LTR DPC]
May 29 20:31:29.918803 kernel: acpi PNP0A08:00: _OSC: OS now controls [PCIeHotplug PME PCIeCapability]
May 29 20:31:29.918806 kernel: acpiphp: Slot [32] registered
May 29 20:31:29.918809 kernel: acpiphp: Slot [33] registered
May 29 20:31:29.918811 kernel: acpiphp: Slot [34] registered
May 29 20:31:29.918813 kernel: acpiphp: Slot [35] registered
May 29 20:31:29.918815 kernel: acpiphp: Slot [36] registered
May 29 20:31:29.918818 kernel: acpiphp: Slot [37] registered
May 29 20:31:29.918820 kernel: acpiphp: Slot [38] registered
May 29 20:31:29.918822 kernel: acpiphp: Slot [39] registered
May 29 20:31:29.918824 kernel: acpiphp: Slot [40] registered
May 29 20:31:29.918826 kernel: acpiphp: Slot [41] registered
May 29 20:31:29.918829 kernel: acpiphp: Slot [42] registered
May 29 20:31:29.918831 kernel: acpiphp: Slot [43] registered
May 29 20:31:29.918833 kernel: acpiphp: Slot [44] registered
May 29 20:31:29.918836 kernel: acpiphp: Slot [45] registered
May 29 20:31:29.918838 kernel: acpiphp: Slot [46] registered
May 29 20:31:29.918840 kernel: acpiphp: Slot [47] registered
May 29 20:31:29.918842 kernel: acpiphp: Slot [48] registered
May 29 20:31:29.918844 kernel: acpiphp: Slot [49] registered
May 29 20:31:29.918847 kernel: acpiphp: Slot [50] registered
May 29 20:31:29.918849 kernel: acpiphp: Slot [51] registered
May 29 20:31:29.918851 kernel: acpiphp: Slot [52] registered
May 29 20:31:29.918853 kernel: acpiphp: Slot [53] registered
May 29 20:31:29.918855 kernel: acpiphp: Slot [54] registered
May 29 20:31:29.918857 kernel: acpiphp: Slot [55] registered
May 29 20:31:29.918859 kernel: acpiphp: Slot [56] registered
May 29 20:31:29.918862 kernel: acpiphp: Slot [57] registered
May 29 20:31:29.918864 kernel: acpiphp: Slot [58] registered
May 29 20:31:29.918867 kernel: acpiphp: Slot [59] registered
May 29 20:31:29.918869 kernel: acpiphp: Slot [60] registered
May 29 20:31:29.918871 kernel: acpiphp: Slot [61] registered
May 29 20:31:29.918873 kernel: acpiphp: Slot [62] registered
May 29 20:31:29.918875 kernel: acpiphp: Slot [63] registered
May 29 20:31:29.918878 kernel: PCI host bridge to bus 0000:01
May 29 20:31:29.918904 kernel: pci_bus 0000:01: root bus resource [mem 0xc4000000-0xc82fffff window]
May 29 20:31:29.918925 kernel: pci_bus 0000:01: root bus resource [mem 0x482000000-0x4a1ffffff window]
May 29 20:31:29.918947 kernel: pci_bus 0000:01: root bus resource [bus 01-23]
May 29 20:31:29.918981 kernel: pci 0000:01:00.0: [1d0f:0200] type 01 class 0x060400 PCIe Root Port
May 29 20:31:29.919007 kernel: pci 0000:01:00.0: BAR 0 [mem 0xc4000000-0xc40003ff]
May 29 20:31:29.919031 kernel: pci 0000:01:00.0: PCI bridge to [bus 02-23]
May 29 20:31:29.919055 kernel: pci 0000:01:00.0:   bridge window [mem 0xc4100000-0xc82fffff]
May 29 20:31:29.919079 kernel: pci 0000:01:00.0:   bridge window [mem 0x482000000-0x4a1ffffff 64bit pref]
May 29 20:31:29.919110 kernel: pci 0000:02:00.0: [1d0f:0200] type 01 class 0x060400 PCIe Switch Upstream Port
May 29 20:31:29.919136 kernel: pci 0000:02:00.0: BAR 0 [mem 0xc4100000-0xc41003ff]
May 29 20:31:29.919161 kernel: pci 0000:02:00.0: PCI bridge to [bus 03-23]
May 29 20:31:29.919187 kernel: pci 0000:02:00.0:   bridge window [mem 0xc4200000-0xc82fffff]
May 29 20:31:29.919224 kernel: pci 0000:02:00.0:   bridge window [mem 0x482000000-0x4a1ffffff 64bit pref]
May 29 20:31:29.919249 kernel: pci 0000:01:00.0: PCI bridge to [bus 02-23]
May 29 20:31:29.919283 kernel: pci 0000:03:00.0: [1d0f:0200] type 01 class 0x060400 PCIe Switch Downstream Port
May 29 20:31:29.919310 kernel: pci 0000:03:00.0: BAR 0 [mem 0xc4200000-0xc42003ff]
May 29 20:31:29.919338 kernel: pci 0000:03:00.0: PCI bridge to [bus 04]
May 29 20:31:29.919365 kernel: pci 0000:03:00.0:   bridge window [mem 0xc4300000-0xc44fffff]
May 29 20:31:29.919392 kernel: pci 0000:03:00.0:   bridge window [mem 0x482000000-0x482ffffff 64bit pref]
May 29 20:31:29.919425 kernel: pci 0000:03:00.1: [1d0f:0200] type 01 class 0x060400 PCIe Switch Downstream Port
May 29 20:31:29.919453 kernel: pci 0000:03:00.1: BAR 0 [mem 0xc4200400-0xc42007ff]
May 29 20:31:29.919480 kernel: pci 0000:03:00.1: PCI bridge to [bus 05]
May 29 20:31:29.919507 kernel: pci 0000:03:00.1:   bridge window [mem 0xc4500000-0xc46fffff]
May 29 20:31:29.919533 kernel: pci 0000:03:00.1:   bridge window [mem 0x483000000-0x483ffffff 64bit pref]
May 29 20:31:29.919565 kernel: pci 0000:03:00.2: [1d0f:0200] type 01 class 0x060400 PCIe Switch Downstream Port
May 29 20:31:29.919592 kernel: pci 0000:03:00.2: BAR 0 [mem 0xc4200800-0xc4200bff]
May 29 20:31:29.919619 kernel: pci 0000:03:00.2: PCI bridge to [bus 06]
May 29 20:31:29.919646 kernel: pci 0000:03:00.2:   bridge window [mem 0xc4700000-0xc48fffff]
May 29 20:31:29.919673 kernel: pci 0000:03:00.2:   bridge window [mem 0x484000000-0x484ffffff 64bit pref]
May 29 20:31:29.919704 kernel: pci 0000:03:00.3: [1d0f:0200] type 01 class 0x060400 PCIe Switch Downstream Port
May 29 20:31:29.919732 kernel: pci 0000:03:00.3: BAR 0 [mem 0xc4200c00-0xc4200fff]
May 29 20:31:29.919758 kernel: pci 0000:03:00.3: PCI bridge to [bus 07]
May 29 20:31:29.919785 kernel: pci 0000:03:00.3:   bridge window [mem 0xc4900000-0xc4afffff]
May 29 20:31:29.919813 kernel: pci 0000:03:00.3:   bridge window [mem 0x485000000-0x485ffffff 64bit pref]
May 29 20:31:29.919846 kernel: pci 0000:03:00.4: [1d0f:0200] type 01 class 0x060400 PCIe Switch Downstream Port
May 29 20:31:29.919872 kernel: pci 0000:03:00.4: BAR 0 [mem 0xc4201000-0xc42013ff]
May 29 20:31:29.919899 kernel: pci 0000:03:00.4: PCI bridge to [bus 08]
May 29 20:31:29.919925 kernel: pci 0000:03:00.4:   bridge window [mem 0xc4b00000-0xc4cfffff]
May 29 20:31:29.919952 kernel: pci 0000:03:00.4:   bridge window [mem 0x486000000-0x486ffffff 64bit pref]
May 29 20:31:29.919984 kernel: pci 0000:03:00.5: [1d0f:0200] type 01 class 0x060400 PCIe Switch Downstream Port
May 29 20:31:29.920012 kernel: pci 0000:03:00.5: BAR 0 [mem 0xc4201400-0xc42017ff]
May 29 20:31:29.920039 kernel: pci 0000:03:00.5: PCI bridge to [bus 09]
May 29 20:31:29.920067 kernel: pci 0000:03:00.5:   bridge window [mem 0xc4d00000-0xc4efffff]
May 29 20:31:29.920094 kernel: pci 0000:03:00.5:   bridge window [mem 0x487000000-0x487ffffff 64bit pref]
May 29 20:31:29.920126 kernel: pci 0000:03:00.6: [1d0f:0200] type 01 class 0x060400 PCIe Switch Downstream Port
May 29 20:31:29.920154 kernel: pci 0000:03:00.6: BAR 0 [mem 0xc4201800-0xc4201bff]
May 29 20:31:29.920180 kernel: pci 0000:03:00.6: PCI bridge to [bus 0a]
May 29 20:31:29.920212 kernel: pci 0000:03:00.6:   bridge window [mem 0xc4f00000-0xc50fffff]
May 29 20:31:29.920240 kernel: pci 0000:03:00.6:   bridge window [mem 0x488000000-0x488ffffff 64bit pref]
May 29 20:31:29.920273 kernel: pci 0000:03:00.7: [1d0f:0200] type 01 class 0x060400 PCIe Switch Downstream Port
May 29 20:31:29.920300 kernel: pci 0000:03:00.7: BAR 0 [mem 0xc4201c00-0xc4201fff]
May 29 20:31:29.920326 kernel: pci 0000:03:00.7: PCI bridge to [bus 0b]
May 29 20:31:29.920353 kernel: pci 0000:03:00.7:   bridge window [mem 0xc5100000-0xc52fffff]
May 29 20:31:29.920379 kernel: pci 0000:03:00.7:   bridge window [mem 0x489000000-0x489ffffff 64bit pref]
May 29 20:31:29.920411 kernel: pci 0000:03:01.0: [1d0f:0200] type 01 class 0x060400 PCIe Switch Downstream Port
May 29 20:31:29.920438 kernel: pci 0000:03:01.0: BAR 0 [mem 0xc4202000-0xc42023ff]
May 29 20:31:29.920464 kernel: pci 0000:03:01.0: PCI bridge to [bus 0c]
May 29 20:31:29.920490 kernel: pci 0000:03:01.0:   bridge window [mem 0xc5300000-0xc54fffff]
May 29 20:31:29.920517 kernel: pci 0000:03:01.0:   bridge window [mem 0x48a000000-0x48affffff 64bit pref]
May 29 20:31:29.920549 kernel: pci 0000:03:01.1: [1d0f:0200] type 01 class 0x060400 PCIe Switch Downstream Port
May 29 20:31:29.920575 kernel: pci 0000:03:01.1: BAR 0 [mem 0xc4202400-0xc42027ff]
May 29 20:31:29.920603 kernel: pci 0000:03:01.1: PCI bridge to [bus 0d]
May 29 20:31:29.921465 kernel: pci 0000:03:01.1:   bridge window [mem 0xc5500000-0xc56fffff]
May 29 20:31:29.921506 kernel: pci 0000:03:01.1:   bridge window [mem 0x48b000000-0x48bffffff 64bit pref]
May 29 20:31:29.921544 kernel: pci 0000:03:01.2: [1d0f:0200] type 01 class 0x060400 PCIe Switch Downstream Port
May 29 20:31:29.921572 kernel: pci 0000:03:01.2: BAR 0 [mem 0xc4202800-0xc4202bff]
May 29 20:31:29.921599 kernel: pci 0000:03:01.2: PCI bridge to [bus 0e]
May 29 20:31:29.921630 kernel: pci 0000:03:01.2:   bridge window [mem 0xc5700000-0xc58fffff]
May 29 20:31:29.921658 kernel: pci 0000:03:01.2:   bridge window [mem 0x48c000000-0x48cffffff 64bit pref]
May 29 20:31:29.921692 kernel: pci 0000:03:01.3: [1d0f:0200] type 01 class 0x060400 PCIe Switch Downstream Port
May 29 20:31:29.921721 kernel: pci 0000:03:01.3: BAR 0 [mem 0xc4202c00-0xc4202fff]
May 29 20:31:29.921749 kernel: pci 0000:03:01.3: PCI bridge to [bus 0f]
May 29 20:31:29.921777 kernel: pci 0000:03:01.3:   bridge window [mem 0xc5900000-0xc5afffff]
May 29 20:31:29.921805 kernel: pci 0000:03:01.3:   bridge window [mem 0x48d000000-0x48dffffff 64bit pref]
May 29 20:31:29.921840 kernel: pci 0000:03:01.4: [1d0f:0200] type 01 class 0x060400 PCIe Switch Downstream Port
May 29 20:31:29.921868 kernel: pci 0000:03:01.4: BAR 0 [mem 0xc4203000-0xc42033ff]
May 29 20:31:29.921897 kernel: pci 0000:03:01.4: PCI bridge to [bus 10]
May 29 20:31:29.921925 kernel: pci 0000:03:01.4:   bridge window [mem 0xc5b00000-0xc5cfffff]
May 29 20:31:29.921953 kernel: pci 0000:03:01.4:   bridge window [mem 0x48e000000-0x48effffff 64bit pref]
May 29 20:31:29.921986 kernel: pci 0000:03:01.5: [1d0f:0200] type 01 class 0x060400 PCIe Switch Downstream Port
May 29 20:31:29.922014 kernel: pci 0000:03:01.5: BAR 0 [mem 0xc4203400-0xc42037ff]
May 29 20:31:29.922042 kernel: pci 0000:03:01.5: PCI bridge to [bus 11]
May 29 20:31:29.922073 kernel: pci 0000:03:01.5:   bridge window [mem 0xc5d00000-0xc5efffff]
May 29 20:31:29.922101 kernel: pci 0000:03:01.5:   bridge window [mem 0x48f000000-0x48fffffff 64bit pref]
May 29 20:31:29.922137 kernel: pci 0000:03:01.6: [1d0f:0200] type 01 class 0x060400 PCIe Switch Downstream Port
May 29 20:31:29.922166 kernel: pci 0000:03:01.6: BAR 0 [mem 0xc4203800-0xc4203bff]
May 29 20:31:29.922202 kernel: pci 0000:03:01.6: PCI bridge to [bus 12]
May 29 20:31:29.922229 kernel: pci 0000:03:01.6:   bridge window [mem 0xc5f00000-0xc60fffff]
May 29 20:31:29.922255 kernel: pci 0000:03:01.6:   bridge window [mem 0x490000000-0x490ffffff 64bit pref]
May 29 20:31:29.922288 kernel: pci 0000:03:01.7: [1d0f:0200] type 01 class 0x060400 PCIe Switch Downstream Port
May 29 20:31:29.922315 kernel: pci 0000:03:01.7: BAR 0 [mem 0xc4203c00-0xc4203fff]
May 29 20:31:29.922344 kernel: pci 0000:03:01.7: PCI bridge to [bus 13]
May 29 20:31:29.922371 kernel: pci 0000:03:01.7:   bridge window [mem 0xc6100000-0xc62fffff]
May 29 20:31:29.922397 kernel: pci 0000:03:01.7:   bridge window [mem 0x491000000-0x491ffffff 64bit pref]
May 29 20:31:29.922428 kernel: pci 0000:03:02.0: [1d0f:0200] type 01 class 0x060400 PCIe Switch Downstream Port
May 29 20:31:29.922456 kernel: pci 0000:03:02.0: BAR 0 [mem 0xc4204000-0xc42043ff]
May 29 20:31:29.922483 kernel: pci 0000:03:02.0: PCI bridge to [bus 14]
May 29 20:31:29.922509 kernel: pci 0000:03:02.0:   bridge window [mem 0xc6300000-0xc64fffff]
May 29 20:31:29.922536 kernel: pci 0000:03:02.0:   bridge window [mem 0x492000000-0x492ffffff 64bit pref]
May 29 20:31:29.922568 kernel: pci 0000:03:02.1: [1d0f:0200] type 01 class 0x060400 PCIe Switch Downstream Port
May 29 20:31:29.922606 kernel: pci 0000:03:02.1: BAR 0 [mem 0xc4204400-0xc42047ff]
May 29 20:31:29.922637 kernel: pci 0000:03:02.1: PCI bridge to [bus 15]
May 29 20:31:29.922664 kernel: pci 0000:03:02.1:   bridge window [mem 0xc6500000-0xc66fffff]
May 29 20:31:29.922691 kernel: pci 0000:03:02.1:   bridge window [mem 0x493000000-0x493ffffff 64bit pref]
May 29 20:31:29.922725 kernel: pci 0000:03:02.2: [1d0f:0200] type 01 class 0x060400 PCIe Switch Downstream Port
May 29 20:31:29.922754 kernel: pci 0000:03:02.2: BAR 0 [mem 0xc4204800-0xc4204bff]
May 29 20:31:29.922780 kernel: pci 0000:03:02.2: PCI bridge to [bus 16]
May 29 20:31:29.922807 kernel: pci 0000:03:02.2:   bridge window [mem 0xc6700000-0xc68fffff]
May 29 20:31:29.922833 kernel: pci 0000:03:02.2:   bridge window [mem 0x494000000-0x494ffffff 64bit pref]
May 29 20:31:29.922864 kernel: pci 0000:03:02.3: [1d0f:0200] type 01 class 0x060400 PCIe Switch Downstream Port
May 29 20:31:29.922891 kernel: pci 0000:03:02.3: BAR 0 [mem 0xc4204c00-0xc4204fff]
May 29 20:31:29.922917 kernel: pci 0000:03:02.3: PCI bridge to [bus 17]
May 29 20:31:29.922944 kernel: pci 0000:03:02.3:   bridge window [mem 0xc6900000-0xc6afffff]
May 29 20:31:29.922971 kernel: pci 0000:03:02.3:   bridge window [mem 0x495000000-0x495ffffff 64bit pref]
May 29 20:31:29.923002 kernel: pci 0000:03:02.4: [1d0f:0200] type 01 class 0x060400 PCIe Switch Downstream Port
May 29 20:31:29.923029 kernel: pci 0000:03:02.4: BAR 0 [mem 0xc4205000-0xc42053ff]
May 29 20:31:29.923055 kernel: pci 0000:03:02.4: PCI bridge to [bus 18]
May 29 20:31:29.923082 kernel: pci 0000:03:02.4:   bridge window [mem 0xc6b00000-0xc6cfffff]
May 29 20:31:29.923108 kernel: pci 0000:03:02.4:   bridge window [mem 0x496000000-0x496ffffff 64bit pref]
May 29 20:31:29.923140 kernel: pci 0000:03:02.5: [1d0f:0200] type 01 class 0x060400 PCIe Switch Downstream Port
May 29 20:31:29.923167 kernel: pci 0000:03:02.5: BAR 0 [mem 0xc4205400-0xc42057ff]
May 29 20:31:29.923200 kernel: pci 0000:03:02.5: PCI bridge to [bus 19]
May 29 20:31:29.923261 kernel: pci 0000:03:02.5:   bridge window [mem 0xc6d00000-0xc6efffff]
May 29 20:31:29.923322 kernel: pci 0000:03:02.5:   bridge window [mem 0x497000000-0x497ffffff 64bit pref]
May 29 20:31:29.923394 kernel: pci 0000:03:02.6: [1d0f:0200] type 01 class 0x060400 PCIe Switch Downstream Port
May 29 20:31:29.923434 kernel: pci 0000:03:02.6: BAR 0 [mem 0xc4205800-0xc4205bff]
May 29 20:31:29.923461 kernel: pci 0000:03:02.6: PCI bridge to [bus 1a]
May 29 20:31:29.923514 kernel: pci 0000:03:02.6:   bridge window [mem 0xc6f00000-0xc70fffff]
May 29 20:31:29.923568 kernel: pci 0000:03:02.6:   bridge window [mem 0x498000000-0x498ffffff 64bit pref]
May 29 20:31:29.923606 kernel: pci 0000:03:02.7: [1d0f:0200] type 01 class 0x060400 PCIe Switch Downstream Port
May 29 20:31:29.923635 kernel: pci 0000:03:02.7: BAR 0 [mem 0xc4205c00-0xc4205fff]
May 29 20:31:29.923665 kernel: pci 0000:03:02.7: PCI bridge to [bus 1b]
May 29 20:31:29.923692 kernel: pci 0000:03:02.7:   bridge window [mem 0xc7100000-0xc72fffff]
May 29 20:31:29.923719 kernel: pci 0000:03:02.7:   bridge window [mem 0x499000000-0x499ffffff 64bit pref]
May 29 20:31:29.923750 kernel: pci 0000:03:03.0: [1d0f:0200] type 01 class 0x060400 PCIe Switch Downstream Port
May 29 20:31:29.923777 kernel: pci 0000:03:03.0: BAR 0 [mem 0xc4206000-0xc42063ff]
May 29 20:31:29.923804 kernel: pci 0000:03:03.0: PCI bridge to [bus 1c]
May 29 20:31:29.923830 kernel: pci 0000:03:03.0:   bridge window [mem 0xc7300000-0xc74fffff]
May 29 20:31:29.923858 kernel: pci 0000:03:03.0:   bridge window [mem 0x49a000000-0x49affffff 64bit pref]
May 29 20:31:29.923890 kernel: pci 0000:03:03.1: [1d0f:0200] type 01 class 0x060400 PCIe Switch Downstream Port
May 29 20:31:29.923919 kernel: pci 0000:03:03.1: BAR 0 [mem 0xc4206400-0xc42067ff]
May 29 20:31:29.923946 kernel: pci 0000:03:03.1: PCI bridge to [bus 1d]
May 29 20:31:29.923973 kernel: pci 0000:03:03.1:   bridge window [mem 0xc7500000-0xc76fffff]
May 29 20:31:29.924000 kernel: pci 0000:03:03.1:   bridge window [mem 0x49b000000-0x49bffffff 64bit pref]
May 29 20:31:29.924033 kernel: pci 0000:03:03.2: [1d0f:0200] type 01 class 0x060400 PCIe Switch Downstream Port
May 29 20:31:29.924060 kernel: pci 0000:03:03.2: BAR 0 [mem 0xc4206800-0xc4206bff]
May 29 20:31:29.924087 kernel: pci 0000:03:03.2: PCI bridge to [bus 1e]
May 29 20:31:29.924115 kernel: pci 0000:03:03.2:   bridge window [mem 0xc7700000-0xc78fffff]
May 29 20:31:29.924142 kernel: pci 0000:03:03.2:   bridge window [mem 0x49c000000-0x49cffffff 64bit pref]
May 29 20:31:29.924174 kernel: pci 0000:03:03.3: [1d0f:0200] type 01 class 0x060400 PCIe Switch Downstream Port
May 29 20:31:29.924209 kernel: pci 0000:03:03.3: BAR 0 [mem 0xc4206c00-0xc4206fff]
May 29 20:31:29.924236 kernel: pci 0000:03:03.3: PCI bridge to [bus 1f]
May 29 20:31:29.924263 kernel: pci 0000:03:03.3:   bridge window [mem 0xc7900000-0xc7afffff]
May 29 20:31:29.924291 kernel: pci 0000:03:03.3:   bridge window [mem 0x49d000000-0x49dffffff 64bit pref]
May 29 20:31:29.924322 kernel: pci 0000:03:03.4: [1d0f:0200] type 01 class 0x060400 PCIe Switch Downstream Port
May 29 20:31:29.924350 kernel: pci 0000:03:03.4: BAR 0 [mem 0xc4207000-0xc42073ff]
May 29 20:31:29.924378 kernel: pci 0000:03:03.4: PCI bridge to [bus 20]
May 29 20:31:29.924406 kernel: pci 0000:03:03.4:   bridge window [mem 0xc7b00000-0xc7cfffff]
May 29 20:31:29.924433 kernel: pci 0000:03:03.4:   bridge window [mem 0x49e000000-0x49effffff 64bit pref]
May 29 20:31:29.924468 kernel: pci 0000:03:03.5: [1d0f:0200] type 01 class 0x060400 PCIe Switch Downstream Port
May 29 20:31:29.924496 kernel: pci 0000:03:03.5: BAR 0 [mem 0xc4207400-0xc42077ff]
May 29 20:31:29.924523 kernel: pci 0000:03:03.5: PCI bridge to [bus 21]
May 29 20:31:29.924551 kernel: pci 0000:03:03.5:   bridge window [mem 0xc7d00000-0xc7efffff]
May 29 20:31:29.924578 kernel: pci 0000:03:03.5:   bridge window [mem 0x49f000000-0x49fffffff 64bit pref]
May 29 20:31:29.924611 kernel: pci 0000:03:03.6: [1d0f:0200] type 01 class 0x060400 PCIe Switch Downstream Port
May 29 20:31:29.924638 kernel: pci 0000:03:03.6: BAR 0 [mem 0xc4207800-0xc4207bff]
May 29 20:31:29.924666 kernel: pci 0000:03:03.6: PCI bridge to [bus 22]
May 29 20:31:29.924693 kernel: pci 0000:03:03.6:   bridge window [mem 0xc7f00000-0xc80fffff]
May 29 20:31:29.924720 kernel: pci 0000:03:03.6:   bridge window [mem 0x4a0000000-0x4a0ffffff 64bit pref]
May 29 20:31:29.924754 kernel: pci 0000:03:03.7: [1d0f:0200] type 01 class 0x060400 PCIe Switch Downstream Port
May 29 20:31:29.924782 kernel: pci 0000:03:03.7: BAR 0 [mem 0xc4207c00-0xc4207fff]
May 29 20:31:29.924809 kernel: pci 0000:03:03.7: PCI bridge to [bus 23]
May 29 20:31:29.924836 kernel: pci 0000:03:03.7:   bridge window [mem 0xc8100000-0xc82fffff]
May 29 20:31:29.924864 kernel: pci 0000:03:03.7:   bridge window [mem 0x4a1000000-0x4a1ffffff 64bit pref]
May 29 20:31:29.924891 kernel: pci 0000:02:00.0: PCI bridge to [bus 03-23]
May 29 20:31:29.924919 kernel: pci 0000:03:00.0: PCI bridge to [bus 04]
May 29 20:31:29.924948 kernel: pci 0000:03:00.1: PCI bridge to [bus 05]
May 29 20:31:29.924976 kernel: pci 0000:03:00.2: PCI bridge to [bus 06]
May 29 20:31:29.925004 kernel: pci 0000:03:00.3: PCI bridge to [bus 07]
May 29 20:31:29.925033 kernel: pci 0000:03:00.4: PCI bridge to [bus 08]
May 29 20:31:29.925062 kernel: pci 0000:03:00.5: PCI bridge to [bus 09]
May 29 20:31:29.925090 kernel: pci 0000:03:00.6: PCI bridge to [bus 0a]
May 29 20:31:29.925118 kernel: pci 0000:03:00.7: PCI bridge to [bus 0b]
May 29 20:31:29.925145 kernel: pci 0000:03:01.0: PCI bridge to [bus 0c]
May 29 20:31:29.925173 kernel: pci 0000:03:01.1: PCI bridge to [bus 0d]
May 29 20:31:29.925206 kernel: pci 0000:03:01.2: PCI bridge to [bus 0e]
May 29 20:31:29.925234 kernel: pci 0000:03:01.3: PCI bridge to [bus 0f]
May 29 20:31:29.925261 kernel: pci 0000:03:01.4: PCI bridge to [bus 10]
May 29 20:31:29.925290 kernel: pci 0000:03:01.5: PCI bridge to [bus 11]
May 29 20:31:29.925318 kernel: pci 0000:03:01.6: PCI bridge to [bus 12]
May 29 20:31:29.925347 kernel: pci 0000:03:01.7: PCI bridge to [bus 13]
May 29 20:31:29.925374 kernel: pci 0000:03:02.0: PCI bridge to [bus 14]
May 29 20:31:29.925402 kernel: pci 0000:03:02.1: PCI bridge to [bus 15]
May 29 20:31:29.925431 kernel: pci 0000:03:02.2: PCI bridge to [bus 16]
May 29 20:31:29.925459 kernel: pci 0000:03:02.3: PCI bridge to [bus 17]
May 29 20:31:29.925487 kernel: pci 0000:03:02.4: PCI bridge to [bus 18]
May 29 20:31:29.925515 kernel: pci 0000:03:02.5: PCI bridge to [bus 19]
May 29 20:31:29.925542 kernel: pci 0000:03:02.6: PCI bridge to [bus 1a]
May 29 20:31:29.925569 kernel: pci 0000:03:02.7: PCI bridge to [bus 1b]
May 29 20:31:29.925596 kernel: pci 0000:03:03.0: PCI bridge to [bus 1c]
May 29 20:31:29.925625 kernel: pci 0000:03:03.1: PCI bridge to [bus 1d]
May 29 20:31:29.925652 kernel: pci 0000:03:03.2: PCI bridge to [bus 1e]
May 29 20:31:29.925679 kernel: pci 0000:03:03.3: PCI bridge to [bus 1f]
May 29 20:31:29.925706 kernel: pci 0000:03:03.4: PCI bridge to [bus 20]
May 29 20:31:29.925734 kernel: pci 0000:03:03.5: PCI bridge to [bus 21]
May 29 20:31:29.925762 kernel: pci 0000:03:03.6: PCI bridge to [bus 22]
May 29 20:31:29.925790 kernel: pci 0000:03:03.7: PCI bridge to [bus 23]
May 29 20:31:29.925816 kernel: pci_bus 0000:01: on NUMA node 0
May 29 20:31:29.925820 kernel: ACPI: PCI Root Bridge [PC02] (domain 0000 [bus 24-2b])
May 29 20:31:29.925852 kernel: acpi PNP0A08:01: _OSC: OS supports [ExtendedConfig ASPM ClockPM Segments MSI EDR HPX-Type3]
May 29 20:31:29.925879 kernel: acpi PNP0A08:01: _OSC: platform does not support [SHPCHotplug AER LTR DPC]
May 29 20:31:29.925903 kernel: acpi PNP0A08:01: _OSC: OS now controls [PCIeHotplug PME PCIeCapability]
May 29 20:31:29.925906 kernel: acpiphp: Slot [64] registered
May 29 20:31:29.925908 kernel: acpiphp: Slot [65] registered
May 29 20:31:29.925910 kernel: acpiphp: Slot [66] registered
May 29 20:31:29.925913 kernel: acpiphp: Slot [67] registered
May 29 20:31:29.925915 kernel: acpiphp: Slot [68] registered
May 29 20:31:29.925918 kernel: acpiphp: Slot [69] registered
May 29 20:31:29.925920 kernel: acpiphp: Slot [70] registered
May 29 20:31:29.925922 kernel: acpiphp: Slot [71] registered
May 29 20:31:29.925925 kernel: acpiphp: Slot [72] registered
May 29 20:31:29.925927 kernel: acpiphp: Slot [73] registered
May 29 20:31:29.925930 kernel: acpiphp: Slot [74] registered
May 29 20:31:29.925932 kernel: acpiphp: Slot [75] registered
May 29 20:31:29.925934 kernel: acpiphp: Slot [76] registered
May 29 20:31:29.925937 kernel: acpiphp: Slot [77] registered
May 29 20:31:29.925939 kernel: acpiphp: Slot [78] registered
May 29 20:31:29.925941 kernel: acpiphp: Slot [79] registered
May 29 20:31:29.925943 kernel: acpiphp: Slot [80] registered
May 29 20:31:29.925946 kernel: acpiphp: Slot [81] registered
May 29 20:31:29.925948 kernel: acpiphp: Slot [82] registered
May 29 20:31:29.925950 kernel: acpiphp: Slot [83] registered
May 29 20:31:29.925952 kernel: acpiphp: Slot [84] registered
May 29 20:31:29.925955 kernel: acpiphp: Slot [85] registered
May 29 20:31:29.925957 kernel: acpiphp: Slot [86] registered
May 29 20:31:29.925960 kernel: acpiphp: Slot [87] registered
May 29 20:31:29.925962 kernel: acpiphp: Slot [88] registered
May 29 20:31:29.925964 kernel: acpiphp: Slot [89] registered
May 29 20:31:29.925967 kernel: acpiphp: Slot [90] registered
May 29 20:31:29.925969 kernel: acpiphp: Slot [91] registered
May 29 20:31:29.925971 kernel: acpiphp: Slot [92] registered
May 29 20:31:29.925973 kernel: acpiphp: Slot [93] registered
May 29 20:31:29.925976 kernel: acpiphp: Slot [94] registered
May 29 20:31:29.925978 kernel: acpiphp: Slot [95] registered
May 29 20:31:29.925980 kernel: PCI host bridge to bus 0000:24
May 29 20:31:29.926010 kernel: pci_bus 0000:24: root bus resource [mem 0xc8400000-0xc90fffff window]
May 29 20:31:29.926034 kernel: pci_bus 0000:24: root bus resource [mem 0x4a2000000-0x4a6ffffff window]
May 29 20:31:29.926057 kernel: pci_bus 0000:24: root bus resource [bus 24-2b]
May 29 20:31:29.926092 kernel: pci 0000:24:00.0: [1d0f:0200] type 01 class 0x060400 PCIe Root Port
May 29 20:31:29.926118 kernel: pci 0000:24:00.0: BAR 0 [mem 0xc8400000-0xc84003ff]
May 29 20:31:29.926142 kernel: pci 0000:24:00.0: PCI bridge to [bus 25-2b]
May 29 20:31:29.926167 kernel: pci 0000:24:00.0:   bridge window [mem 0xc8500000-0xc90fffff]
May 29 20:31:29.926197 kernel: pci 0000:24:00.0:   bridge window [mem 0x4a2000000-0x4a6ffffff 64bit pref]
May 29 20:31:29.926239 kernel: pci 0000:25:00.0: [1d0f:0200] type 01 class 0x060400 PCIe Switch Upstream Port
May 29 20:31:29.926279 kernel: pci 0000:25:00.0: BAR 0 [mem 0xc8500000-0xc85003ff]
May 29 20:31:29.926311 kernel: pci 0000:25:00.0: PCI bridge to [bus 26-2b]
May 29 20:31:29.926338 kernel: pci 0000:25:00.0:   bridge window [mem 0xc8600000-0xc90fffff]
May 29 20:31:29.926364 kernel: pci 0000:25:00.0:   bridge window [mem 0x4a2000000-0x4a6ffffff 64bit pref]
May 29 20:31:29.926389 kernel: pci 0000:24:00.0: PCI bridge to [bus 25-2b]
May 29 20:31:29.926422 kernel: pci 0000:26:00.0: [1d0f:0200] type 01 class 0x060400 PCIe Switch Downstream Port
May 29 20:31:29.926450 kernel: pci 0000:26:00.0: BAR 0 [mem 0xc8600000-0xc86003ff]
May 29 20:31:29.926478 kernel: pci 0000:26:00.0: PCI bridge to [bus 27]
May 29 20:31:29.926506 kernel: pci 0000:26:00.0:   bridge window [mem 0xc8700000-0xc88fffff]
May 29 20:31:29.926533 kernel: pci 0000:26:00.0:   bridge window [mem 0x4a2000000-0x4a2ffffff 64bit pref]
May 29 20:31:29.926565 kernel: pci 0000:26:00.1: [1d0f:0200] type 01 class 0x060400 PCIe Switch Downstream Port
May 29 20:31:29.926593 kernel: pci 0000:26:00.1: BAR 0 [mem 0xc8600400-0xc86007ff]
May 29 20:31:29.926624 kernel: pci 0000:26:00.1: PCI bridge to [bus 28]
May 29 20:31:29.926652 kernel: pci 0000:26:00.1:   bridge window [mem 0xc8900000-0xc8afffff]
May 29 20:31:29.926680 kernel: pci 0000:26:00.1:   bridge window [mem 0x4a3000000-0x4a3ffffff 64bit pref]
May 29 20:31:29.926723 kernel: pci 0000:26:00.2: [1d0f:0200] type 01 class 0x060400 PCIe Switch Downstream Port
May 29 20:31:29.926759 kernel: pci 0000:26:00.2: BAR 0 [mem 0xc8600800-0xc8600bff]
May 29 20:31:29.926794 kernel: pci 0000:26:00.2: PCI bridge to [bus 29]
May 29 20:31:29.926828 kernel: pci 0000:26:00.2:   bridge window [mem 0xc8b00000-0xc8cfffff]
May 29 20:31:29.926862 kernel: pci 0000:26:00.2:   bridge window [mem 0x4a4000000-0x4a4ffffff 64bit pref]
May 29 20:31:29.926902 kernel: pci 0000:26:00.3: [1d0f:0200] type 01 class 0x060400 PCIe Switch Downstream Port
May 29 20:31:29.926940 kernel: pci 0000:26:00.3: BAR 0 [mem 0xc8600c00-0xc8600fff]
May 29 20:31:29.926974 kernel: pci 0000:26:00.3: PCI bridge to [bus 2a]
May 29 20:31:29.927010 kernel: pci 0000:26:00.3:   bridge window [mem 0xc8d00000-0xc8efffff]
May 29 20:31:29.927045 kernel: pci 0000:26:00.3:   bridge window [mem 0x4a5000000-0x4a5ffffff 64bit pref]
May 29 20:31:29.927092 kernel: pci 0000:26:00.4: [1d0f:0200] type 01 class 0x060400 PCIe Switch Downstream Port
May 29 20:31:29.927128 kernel: pci 0000:26:00.4: BAR 0 [mem 0xc8601000-0xc86013ff]
May 29 20:31:29.927163 kernel: pci 0000:26:00.4: PCI bridge to [bus 2b]
May 29 20:31:29.927203 kernel: pci 0000:26:00.4:   bridge window [mem 0xc8f00000-0xc90fffff]
May 29 20:31:29.927240 kernel: pci 0000:26:00.4:   bridge window [mem 0x4a6000000-0x4a6ffffff 64bit pref]
May 29 20:31:29.927273 kernel: pci 0000:25:00.0: PCI bridge to [bus 26-2b]
May 29 20:31:29.927316 kernel: pci 0000:27:00.0: [1d0f:ec20] type 00 class 0x020000 PCIe Endpoint
May 29 20:31:29.927352 kernel: pci 0000:27:00.0: BAR 0 [mem 0xc8700000-0xc8701fff]
May 29 20:31:29.927388 kernel: pci 0000:27:00.0: BAR 1 [mem 0xc8702000-0xc8703fff]
May 29 20:31:29.927424 kernel: pci 0000:27:00.0: BAR 2 [mem 0x4a2000000-0x4a20fffff 64bit pref]
May 29 20:31:29.927459 kernel: pci 0000:27:00.0: enabling Extended Tags
May 29 20:31:29.927494 kernel: pci 0000:26:00.0: PCI bridge to [bus 27]
May 29 20:31:29.927530 kernel: pci 0000:26:00.1: PCI bridge to [bus 28]
May 29 20:31:29.927568 kernel: pci 0000:26:00.2: PCI bridge to [bus 29]
May 29 20:31:29.927604 kernel: pci 0000:26:00.3: PCI bridge to [bus 2a]
May 29 20:31:29.927638 kernel: pci 0000:26:00.4: PCI bridge to [bus 2b]
May 29 20:31:29.927667 kernel: pci_bus 0000:24: on NUMA node 0
May 29 20:31:29.927672 kernel: ACPI: PCI: Interrupt link LNKA configured for IRQ 10
May 29 20:31:29.927674 kernel: ACPI: PCI: Interrupt link LNKB configured for IRQ 10
May 29 20:31:29.927678 kernel: ACPI: PCI: Interrupt link LNKC configured for IRQ 11
May 29 20:31:29.927681 kernel: ACPI: PCI: Interrupt link LNKD configured for IRQ 11
May 29 20:31:29.927685 kernel: ACPI: PCI: Interrupt link LNKS configured for IRQ 9
May 29 20:31:29.927688 kernel: iommu: Default domain type: Translated
May 29 20:31:29.927691 kernel: iommu: DMA domain TLB invalidation policy: lazy mode
May 29 20:31:29.927694 kernel: SCSI subsystem initialized
May 29 20:31:29.927698 kernel: ACPI: bus type USB registered
May 29 20:31:29.927700 kernel: usbcore: registered new interface driver usbfs
May 29 20:31:29.927704 kernel: usbcore: registered new interface driver hub
May 29 20:31:29.927708 kernel: usbcore: registered new device driver usb
May 29 20:31:29.927710 kernel: pps_core: LinuxPPS API ver. 1 registered
May 29 20:31:29.927714 kernel: pps_core: Software ver. 5.3.6 - Copyright 2005-2007 Rodolfo Giometti <giometti@linux.it>
May 29 20:31:29.927717 kernel: PTP clock support registered
May 29 20:31:29.927720 kernel: EDAC MC: Ver: 3.0.0
May 29 20:31:29.927723 kernel: NetLabel: Initializing
May 29 20:31:29.927727 kernel: NetLabel:  domain hash size = 128
May 29 20:31:29.927729 kernel: NetLabel:  protocols = UNLABELED CIPSOv4 CALIPSO
May 29 20:31:29.927732 kernel: NetLabel:  unlabeled traffic allowed by default
May 29 20:31:29.927736 kernel: PCI: Using ACPI for IRQ routing
May 29 20:31:29.927738 kernel: PCI: pci_cache_line_size set to 64 bytes
May 29 20:31:29.927743 kernel: e820: reserve RAM buffer [mem 0x0009fc00-0x0009ffff]
May 29 20:31:29.927745 kernel: e820: reserve RAM buffer [mem 0xbffe8000-0xbfffffff]
May 29 20:31:29.927747 kernel: e820: reserve RAM buffer [mem 0x42b400000-0x42bffffff]
May 29 20:31:29.927782 kernel: pci 0000:00:03.0: vgaarb: setting as boot VGA device
May 29 20:31:29.927815 kernel: pci 0000:00:03.0: vgaarb: bridge control possible
May 29 20:31:29.927845 kernel: pci 0000:00:03.0: vgaarb: VGA device added: decodes=io+mem,owns=io+mem,locks=none
May 29 20:31:29.927848 kernel: vgaarb: loaded
May 29 20:31:29.927852 kernel: hpet0: at MMIO 0xfed00000, IRQs 2, 8, 0, 0, 0, 0, 0, 0
May 29 20:31:29.927854 kernel: hpet0: 8 comparators, 32-bit 62.500000 MHz counter
May 29 20:31:29.927858 kernel: clocksource: Switched to clocksource kvm-clock
May 29 20:31:29.927861 kernel: VFS: Disk quotas dquot_6.6.0
May 29 20:31:29.927863 kernel: VFS: Dquot-cache hash table entries: 512 (order 0, 4096 bytes)
May 29 20:31:29.927868 kernel: pnp: PnP ACPI init
May 29 20:31:29.927870 kernel: pnp: PnP ACPI: found 5 devices
May 29 20:31:29.927874 kernel: clocksource: acpi_pm: mask: 0xffffff max_cycles: 0xffffff, max_idle_ns: 2085701024 ns
May 29 20:31:29.927877 kernel: NET: Registered PF_INET protocol family
May 29 20:31:29.927880 kernel: IP idents hash table entries: 262144 (order: 9, 2097152 bytes, linear)
May 29 20:31:29.927883 kernel: tcp_listen_portaddr_hash hash table entries: 8192 (order: 5, 131072 bytes, linear)
May 29 20:31:29.927887 kernel: Table-perturb hash table entries: 65536 (order: 6, 262144 bytes, linear)
May 29 20:31:29.927889 kernel: TCP established hash table entries: 131072 (order: 8, 1048576 bytes, linear)
May 29 20:31:29.927891 kernel: TCP bind hash table entries: 65536 (order: 8, 1048576 bytes, linear)
May 29 20:31:29.927895 kernel: TCP: Hash tables configured (established 131072 bind 65536)
May 29 20:31:29.927898 kernel: MPTCP token hash table entries: 16384 (order: 6, 393216 bytes, linear)
May 29 20:31:29.927903 kernel: UDP hash table entries: 8192 (order: 6, 262144 bytes, linear)
May 29 20:31:29.927905 kernel: UDP-Lite hash table entries: 8192 (order: 6, 262144 bytes, linear)
May 29 20:31:29.927907 kernel: NET: Registered PF_UNIX/PF_LOCAL protocol family
May 29 20:31:29.927911 kernel: NET: Registered PF_XDP protocol family
May 29 20:31:29.927941 kernel: pci_bus 0000:00: resource 4 [io  0x0000-0x0cf7 window]
May 29 20:31:29.927970 kernel: pci_bus 0000:00: resource 5 [io  0x0d00-0xffff window]
May 29 20:31:29.927999 kernel: pci_bus 0000:00: resource 6 [mem 0x000a0000-0x000bffff window]
May 29 20:31:29.928025 kernel: pci_bus 0000:00: resource 7 [mem 0xc0000000-0xc3ffffff window]
May 29 20:31:29.928053 kernel: pci_bus 0000:00: resource 8 [mem 0x480000000-0x481ffffff window]
May 29 20:31:29.928088 kernel: pci 0000:03:00.0: PCI bridge to [bus 04]
May 29 20:31:29.928124 kernel: pci 0000:03:00.0:   bridge window [mem 0xc4300000-0xc44fffff]
May 29 20:31:29.928159 kernel: pci 0000:03:00.0:   bridge window [mem 0x482000000-0x482ffffff 64bit pref]
May 29 20:31:29.928187 kernel: pci 0000:03:00.1: PCI bridge to [bus 05]
May 29 20:31:29.928219 kernel: pci 0000:03:00.1:   bridge window [mem 0xc4500000-0xc46fffff]
May 29 20:31:29.928247 kernel: pci 0000:03:00.1:   bridge window [mem 0x483000000-0x483ffffff 64bit pref]
May 29 20:31:29.928275 kernel: pci 0000:03:00.2: PCI bridge to [bus 06]
May 29 20:31:29.928302 kernel: pci 0000:03:00.2:   bridge window [mem 0xc4700000-0xc48fffff]
May 29 20:31:29.928328 kernel: pci 0000:03:00.2:   bridge window [mem 0x484000000-0x484ffffff 64bit pref]
May 29 20:31:29.928355 kernel: pci 0000:03:00.3: PCI bridge to [bus 07]
May 29 20:31:29.928382 kernel: pci 0000:03:00.3:   bridge window [mem 0xc4900000-0xc4afffff]
May 29 20:31:29.928409 kernel: pci 0000:03:00.3:   bridge window [mem 0x485000000-0x485ffffff 64bit pref]
May 29 20:31:29.928436 kernel: pci 0000:03:00.4: PCI bridge to [bus 08]
May 29 20:31:29.928463 kernel: pci 0000:03:00.4:   bridge window [mem 0xc4b00000-0xc4cfffff]
May 29 20:31:29.928490 kernel: pci 0000:03:00.4:   bridge window [mem 0x486000000-0x486ffffff 64bit pref]
May 29 20:31:29.928517 kernel: pci 0000:03:00.5: PCI bridge to [bus 09]
May 29 20:31:29.928545 kernel: pci 0000:03:00.5:   bridge window [mem 0xc4d00000-0xc4efffff]
May 29 20:31:29.928572 kernel: pci 0000:03:00.5:   bridge window [mem 0x487000000-0x487ffffff 64bit pref]
May 29 20:31:29.928600 kernel: pci 0000:03:00.6: PCI bridge to [bus 0a]
May 29 20:31:29.928627 kernel: pci 0000:03:00.6:   bridge window [mem 0xc4f00000-0xc50fffff]
May 29 20:31:29.928655 kernel: pci 0000:03:00.6:   bridge window [mem 0x488000000-0x488ffffff 64bit pref]
May 29 20:31:29.928682 kernel: pci 0000:03:00.7: PCI bridge to [bus 0b]
May 29 20:31:29.928710 kernel: pci 0000:03:00.7:   bridge window [mem 0xc5100000-0xc52fffff]
May 29 20:31:29.928737 kernel: pci 0000:03:00.7:   bridge window [mem 0x489000000-0x489ffffff 64bit pref]
May 29 20:31:29.928765 kernel: pci 0000:03:01.0: PCI bridge to [bus 0c]
May 29 20:31:29.928793 kernel: pci 0000:03:01.0:   bridge window [mem 0xc5300000-0xc54fffff]
May 29 20:31:29.928820 kernel: pci 0000:03:01.0:   bridge window [mem 0x48a000000-0x48affffff 64bit pref]
May 29 20:31:29.928848 kernel: pci 0000:03:01.1: PCI bridge to [bus 0d]
May 29 20:31:29.928876 kernel: pci 0000:03:01.1:   bridge window [mem 0xc5500000-0xc56fffff]
May 29 20:31:29.928903 kernel: pci 0000:03:01.1:   bridge window [mem 0x48b000000-0x48bffffff 64bit pref]
May 29 20:31:29.928930 kernel: pci 0000:03:01.2: PCI bridge to [bus 0e]
May 29 20:31:29.928957 kernel: pci 0000:03:01.2:   bridge window [mem 0xc5700000-0xc58fffff]
May 29 20:31:29.928985 kernel: pci 0000:03:01.2:   bridge window [mem 0x48c000000-0x48cffffff 64bit pref]
May 29 20:31:29.929012 kernel: pci 0000:03:01.3: PCI bridge to [bus 0f]
May 29 20:31:29.929039 kernel: pci 0000:03:01.3:   bridge window [mem 0xc5900000-0xc5afffff]
May 29 20:31:29.929067 kernel: pci 0000:03:01.3:   bridge window [mem 0x48d000000-0x48dffffff 64bit pref]
May 29 20:31:29.929094 kernel: pci 0000:03:01.4: PCI bridge to [bus 10]
May 29 20:31:29.929121 kernel: pci 0000:03:01.4:   bridge window [mem 0xc5b00000-0xc5cfffff]
May 29 20:31:29.929148 kernel: pci 0000:03:01.4:   bridge window [mem 0x48e000000-0x48effffff 64bit pref]
May 29 20:31:29.929175 kernel: pci 0000:03:01.5: PCI bridge to [bus 11]
May 29 20:31:29.929209 kernel: pci 0000:03:01.5:   bridge window [mem 0xc5d00000-0xc5efffff]
May 29 20:31:29.929236 kernel: pci 0000:03:01.5:   bridge window [mem 0x48f000000-0x48fffffff 64bit pref]
May 29 20:31:29.929263 kernel: pci 0000:03:01.6: PCI bridge to [bus 12]
May 29 20:31:29.929291 kernel: pci 0000:03:01.6:   bridge window [mem 0xc5f00000-0xc60fffff]
May 29 20:31:29.929318 kernel: pci 0000:03:01.6:   bridge window [mem 0x490000000-0x490ffffff 64bit pref]
May 29 20:31:29.929345 kernel: pci 0000:03:01.7: PCI bridge to [bus 13]
May 29 20:31:29.929372 kernel: pci 0000:03:01.7:   bridge window [mem 0xc6100000-0xc62fffff]
May 29 20:31:29.929399 kernel: pci 0000:03:01.7:   bridge window [mem 0x491000000-0x491ffffff 64bit pref]
May 29 20:31:29.929426 kernel: pci 0000:03:02.0: PCI bridge to [bus 14]
May 29 20:31:29.929454 kernel: pci 0000:03:02.0:   bridge window [mem 0xc6300000-0xc64fffff]
May 29 20:31:29.929481 kernel: pci 0000:03:02.0:   bridge window [mem 0x492000000-0x492ffffff 64bit pref]
May 29 20:31:29.930095 kernel: pci 0000:03:02.1: PCI bridge to [bus 15]
May 29 20:31:29.930143 kernel: pci 0000:03:02.1:   bridge window [mem 0xc6500000-0xc66fffff]
May 29 20:31:29.930221 kernel: pci 0000:03:02.1:   bridge window [mem 0x493000000-0x493ffffff 64bit pref]
May 29 20:31:29.930275 kernel: pci 0000:03:02.2: PCI bridge to [bus 16]
May 29 20:31:29.930307 kernel: pci 0000:03:02.2:   bridge window [mem 0xc6700000-0xc68fffff]
May 29 20:31:29.930334 kernel: pci 0000:03:02.2:   bridge window [mem 0x494000000-0x494ffffff 64bit pref]
May 29 20:31:29.930363 kernel: pci 0000:03:02.3: PCI bridge to [bus 17]
May 29 20:31:29.930395 kernel: pci 0000:03:02.3:   bridge window [mem 0xc6900000-0xc6afffff]
May 29 20:31:29.930423 kernel: pci 0000:03:02.3:   bridge window [mem 0x495000000-0x495ffffff 64bit pref]
May 29 20:31:29.930450 kernel: pci 0000:03:02.4: PCI bridge to [bus 18]
May 29 20:31:29.930477 kernel: pci 0000:03:02.4:   bridge window [mem 0xc6b00000-0xc6cfffff]
May 29 20:31:29.930505 kernel: pci 0000:03:02.4:   bridge window [mem 0x496000000-0x496ffffff 64bit pref]
May 29 20:31:29.930532 kernel: pci 0000:03:02.5: PCI bridge to [bus 19]
May 29 20:31:29.930559 kernel: pci 0000:03:02.5:   bridge window [mem 0xc6d00000-0xc6efffff]
May 29 20:31:29.930585 kernel: pci 0000:03:02.5:   bridge window [mem 0x497000000-0x497ffffff 64bit pref]
May 29 20:31:29.930619 kernel: pci 0000:03:02.6: PCI bridge to [bus 1a]
May 29 20:31:29.930645 kernel: pci 0000:03:02.6:   bridge window [mem 0xc6f00000-0xc70fffff]
May 29 20:31:29.930672 kernel: pci 0000:03:02.6:   bridge window [mem 0x498000000-0x498ffffff 64bit pref]
May 29 20:31:29.930700 kernel: pci 0000:03:02.7: PCI bridge to [bus 1b]
May 29 20:31:29.930726 kernel: pci 0000:03:02.7:   bridge window [mem 0xc7100000-0xc72fffff]
May 29 20:31:29.930752 kernel: pci 0000:03:02.7:   bridge window [mem 0x499000000-0x499ffffff 64bit pref]
May 29 20:31:29.930779 kernel: pci 0000:03:03.0: PCI bridge to [bus 1c]
May 29 20:31:29.930806 kernel: pci 0000:03:03.0:   bridge window [mem 0xc7300000-0xc74fffff]
May 29 20:31:29.930833 kernel: pci 0000:03:03.0:   bridge window [mem 0x49a000000-0x49affffff 64bit pref]
May 29 20:31:29.930860 kernel: pci 0000:03:03.1: PCI bridge to [bus 1d]
May 29 20:31:29.930887 kernel: pci 0000:03:03.1:   bridge window [mem 0xc7500000-0xc76fffff]
May 29 20:31:29.930913 kernel: pci 0000:03:03.1:   bridge window [mem 0x49b000000-0x49bffffff 64bit pref]
May 29 20:31:29.930940 kernel: pci 0000:03:03.2: PCI bridge to [bus 1e]
May 29 20:31:29.930967 kernel: pci 0000:03:03.2:   bridge window [mem 0xc7700000-0xc78fffff]
May 29 20:31:29.930995 kernel: pci 0000:03:03.2:   bridge window [mem 0x49c000000-0x49cffffff 64bit pref]
May 29 20:31:29.931022 kernel: pci 0000:03:03.3: PCI bridge to [bus 1f]
May 29 20:31:29.931048 kernel: pci 0000:03:03.3:   bridge window [mem 0xc7900000-0xc7afffff]
May 29 20:31:29.931074 kernel: pci 0000:03:03.3:   bridge window [mem 0x49d000000-0x49dffffff 64bit pref]
May 29 20:31:29.931101 kernel: pci 0000:03:03.4: PCI bridge to [bus 20]
May 29 20:31:29.931127 kernel: pci 0000:03:03.4:   bridge window [mem 0xc7b00000-0xc7cfffff]
May 29 20:31:29.931160 kernel: pci 0000:03:03.4:   bridge window [mem 0x49e000000-0x49effffff 64bit pref]
May 29 20:31:29.931188 kernel: pci 0000:03:03.5: PCI bridge to [bus 21]
May 29 20:31:29.931295 kernel: pci 0000:03:03.5:   bridge window [mem 0xc7d00000-0xc7efffff]
May 29 20:31:29.931321 kernel: pci 0000:03:03.5:   bridge window [mem 0x49f000000-0x49fffffff 64bit pref]
May 29 20:31:29.931347 kernel: pci 0000:03:03.6: PCI bridge to [bus 22]
May 29 20:31:29.931374 kernel: pci 0000:03:03.6:   bridge window [mem 0xc7f00000-0xc80fffff]
May 29 20:31:29.931400 kernel: pci 0000:03:03.6:   bridge window [mem 0x4a0000000-0x4a0ffffff 64bit pref]
May 29 20:31:29.931426 kernel: pci 0000:03:03.7: PCI bridge to [bus 23]
May 29 20:31:29.931452 kernel: pci 0000:03:03.7:   bridge window [mem 0xc8100000-0xc82fffff]
May 29 20:31:29.931478 kernel: pci 0000:03:03.7:   bridge window [mem 0x4a1000000-0x4a1ffffff 64bit pref]
May 29 20:31:29.931504 kernel: pci 0000:02:00.0: PCI bridge to [bus 03-23]
May 29 20:31:29.931530 kernel: pci 0000:02:00.0:   bridge window [mem 0xc4200000-0xc82fffff]
May 29 20:31:29.931555 kernel: pci 0000:02:00.0:   bridge window [mem 0x482000000-0x4a1ffffff 64bit pref]
May 29 20:31:29.931581 kernel: pci 0000:01:00.0: PCI bridge to [bus 02-23]
May 29 20:31:29.931605 kernel: pci 0000:01:00.0:   bridge window [mem 0xc4100000-0xc82fffff]
May 29 20:31:29.931629 kernel: pci 0000:01:00.0:   bridge window [mem 0x482000000-0x4a1ffffff 64bit pref]
May 29 20:31:29.931652 kernel: pci_bus 0000:01: resource 4 [mem 0xc4000000-0xc82fffff window]
May 29 20:31:29.931675 kernel: pci_bus 0000:01: resource 5 [mem 0x482000000-0x4a1ffffff window]
May 29 20:31:29.931707 kernel: pci_bus 0000:02: resource 1 [mem 0xc4100000-0xc82fffff]
May 29 20:31:29.931730 kernel: pci_bus 0000:02: resource 2 [mem 0x482000000-0x4a1ffffff 64bit pref]
May 29 20:31:29.931760 kernel: pci_bus 0000:03: resource 1 [mem 0xc4200000-0xc82fffff]
May 29 20:31:29.931785 kernel: pci_bus 0000:03: resource 2 [mem 0x482000000-0x4a1ffffff 64bit pref]
May 29 20:31:29.931818 kernel: pci_bus 0000:04: resource 1 [mem 0xc4300000-0xc44fffff]
May 29 20:31:29.931843 kernel: pci_bus 0000:04: resource 2 [mem 0x482000000-0x482ffffff 64bit pref]
May 29 20:31:29.931877 kernel: pci_bus 0000:05: resource 1 [mem 0xc4500000-0xc46fffff]
May 29 20:31:29.931904 kernel: pci_bus 0000:05: resource 2 [mem 0x483000000-0x483ffffff 64bit pref]
May 29 20:31:29.931935 kernel: pci_bus 0000:06: resource 1 [mem 0xc4700000-0xc48fffff]
May 29 20:31:29.931961 kernel: pci_bus 0000:06: resource 2 [mem 0x484000000-0x484ffffff 64bit pref]
May 29 20:31:29.931992 kernel: pci_bus 0000:07: resource 1 [mem 0xc4900000-0xc4afffff]
May 29 20:31:29.932017 kernel: pci_bus 0000:07: resource 2 [mem 0x485000000-0x485ffffff 64bit pref]
May 29 20:31:29.932047 kernel: pci_bus 0000:08: resource 1 [mem 0xc4b00000-0xc4cfffff]
May 29 20:31:29.932073 kernel: pci_bus 0000:08: resource 2 [mem 0x486000000-0x486ffffff 64bit pref]
May 29 20:31:29.932104 kernel: pci_bus 0000:09: resource 1 [mem 0xc4d00000-0xc4efffff]
May 29 20:31:29.932130 kernel: pci_bus 0000:09: resource 2 [mem 0x487000000-0x487ffffff 64bit pref]
May 29 20:31:29.932164 kernel: pci_bus 0000:0a: resource 1 [mem 0xc4f00000-0xc50fffff]
May 29 20:31:29.932189 kernel: pci_bus 0000:0a: resource 2 [mem 0x488000000-0x488ffffff 64bit pref]
May 29 20:31:29.932225 kernel: pci_bus 0000:0b: resource 1 [mem 0xc5100000-0xc52fffff]
May 29 20:31:29.932251 kernel: pci_bus 0000:0b: resource 2 [mem 0x489000000-0x489ffffff 64bit pref]
May 29 20:31:29.932282 kernel: pci_bus 0000:0c: resource 1 [mem 0xc5300000-0xc54fffff]
May 29 20:31:29.932308 kernel: pci_bus 0000:0c: resource 2 [mem 0x48a000000-0x48affffff 64bit pref]
May 29 20:31:29.932338 kernel: pci_bus 0000:0d: resource 1 [mem 0xc5500000-0xc56fffff]
May 29 20:31:29.932364 kernel: pci_bus 0000:0d: resource 2 [mem 0x48b000000-0x48bffffff 64bit pref]
May 29 20:31:29.932402 kernel: pci_bus 0000:0e: resource 1 [mem 0xc5700000-0xc58fffff]
May 29 20:31:29.932439 kernel: pci_bus 0000:0e: resource 2 [mem 0x48c000000-0x48cffffff 64bit pref]
May 29 20:31:29.932472 kernel: pci_bus 0000:0f: resource 1 [mem 0xc5900000-0xc5afffff]
May 29 20:31:29.932498 kernel: pci_bus 0000:0f: resource 2 [mem 0x48d000000-0x48dffffff 64bit pref]
May 29 20:31:29.932529 kernel: pci_bus 0000:10: resource 1 [mem 0xc5b00000-0xc5cfffff]
May 29 20:31:29.932563 kernel: pci_bus 0000:10: resource 2 [mem 0x48e000000-0x48effffff 64bit pref]
May 29 20:31:29.932600 kernel: pci_bus 0000:11: resource 1 [mem 0xc5d00000-0xc5efffff]
May 29 20:31:29.932631 kernel: pci_bus 0000:11: resource 2 [mem 0x48f000000-0x48fffffff 64bit pref]
May 29 20:31:29.932666 kernel: pci_bus 0000:12: resource 1 [mem 0xc5f00000-0xc60fffff]
May 29 20:31:29.932692 kernel: pci_bus 0000:12: resource 2 [mem 0x490000000-0x490ffffff 64bit pref]
May 29 20:31:29.932725 kernel: pci_bus 0000:13: resource 1 [mem 0xc6100000-0xc62fffff]
May 29 20:31:29.932751 kernel: pci_bus 0000:13: resource 2 [mem 0x491000000-0x491ffffff 64bit pref]
May 29 20:31:29.932780 kernel: pci_bus 0000:14: resource 1 [mem 0xc6300000-0xc64fffff]
May 29 20:31:29.932806 kernel: pci_bus 0000:14: resource 2 [mem 0x492000000-0x492ffffff 64bit pref]
May 29 20:31:29.932837 kernel: pci_bus 0000:15: resource 1 [mem 0xc6500000-0xc66fffff]
May 29 20:31:29.932863 kernel: pci_bus 0000:15: resource 2 [mem 0x493000000-0x493ffffff 64bit pref]
May 29 20:31:29.932894 kernel: pci_bus 0000:16: resource 1 [mem 0xc6700000-0xc68fffff]
May 29 20:31:29.932920 kernel: pci_bus 0000:16: resource 2 [mem 0x494000000-0x494ffffff 64bit pref]
May 29 20:31:29.932951 kernel: pci_bus 0000:17: resource 1 [mem 0xc6900000-0xc6afffff]
May 29 20:31:29.932977 kernel: pci_bus 0000:17: resource 2 [mem 0x495000000-0x495ffffff 64bit pref]
May 29 20:31:29.933011 kernel: pci_bus 0000:18: resource 1 [mem 0xc6b00000-0xc6cfffff]
May 29 20:31:29.933037 kernel: pci_bus 0000:18: resource 2 [mem 0x496000000-0x496ffffff 64bit pref]
May 29 20:31:29.933069 kernel: pci_bus 0000:19: resource 1 [mem 0xc6d00000-0xc6efffff]
May 29 20:31:29.933094 kernel: pci_bus 0000:19: resource 2 [mem 0x497000000-0x497ffffff 64bit pref]
May 29 20:31:29.933125 kernel: pci_bus 0000:1a: resource 1 [mem 0xc6f00000-0xc70fffff]
May 29 20:31:29.933151 kernel: pci_bus 0000:1a: resource 2 [mem 0x498000000-0x498ffffff 64bit pref]
May 29 20:31:29.933181 kernel: pci_bus 0000:1b: resource 1 [mem 0xc7100000-0xc72fffff]
May 29 20:31:29.933228 kernel: pci_bus 0000:1b: resource 2 [mem 0x499000000-0x499ffffff 64bit pref]
May 29 20:31:29.933259 kernel: pci_bus 0000:1c: resource 1 [mem 0xc7300000-0xc74fffff]
May 29 20:31:29.933284 kernel: pci_bus 0000:1c: resource 2 [mem 0x49a000000-0x49affffff 64bit pref]
May 29 20:31:29.933318 kernel: pci_bus 0000:1d: resource 1 [mem 0xc7500000-0xc76fffff]
May 29 20:31:29.933344 kernel: pci_bus 0000:1d: resource 2 [mem 0x49b000000-0x49bffffff 64bit pref]
May 29 20:31:29.933374 kernel: pci_bus 0000:1e: resource 1 [mem 0xc7700000-0xc78fffff]
May 29 20:31:29.933400 kernel: pci_bus 0000:1e: resource 2 [mem 0x49c000000-0x49cffffff 64bit pref]
May 29 20:31:29.933431 kernel: pci_bus 0000:1f: resource 1 [mem 0xc7900000-0xc7afffff]
May 29 20:31:29.933456 kernel: pci_bus 0000:1f: resource 2 [mem 0x49d000000-0x49dffffff 64bit pref]
May 29 20:31:29.933486 kernel: pci_bus 0000:20: resource 1 [mem 0xc7b00000-0xc7cfffff]
May 29 20:31:29.933512 kernel: pci_bus 0000:20: resource 2 [mem 0x49e000000-0x49effffff 64bit pref]
May 29 20:31:29.933543 kernel: pci_bus 0000:21: resource 1 [mem 0xc7d00000-0xc7efffff]
May 29 20:31:29.933568 kernel: pci_bus 0000:21: resource 2 [mem 0x49f000000-0x49fffffff 64bit pref]
May 29 20:31:29.933601 kernel: pci_bus 0000:22: resource 1 [mem 0xc7f00000-0xc80fffff]
May 29 20:31:29.933628 kernel: pci_bus 0000:22: resource 2 [mem 0x4a0000000-0x4a0ffffff 64bit pref]
May 29 20:31:29.933659 kernel: pci_bus 0000:23: resource 1 [mem 0xc8100000-0xc82fffff]
May 29 20:31:29.933685 kernel: pci_bus 0000:23: resource 2 [mem 0x4a1000000-0x4a1ffffff 64bit pref]
May 29 20:31:29.933714 kernel: pci 0000:26:00.0: PCI bridge to [bus 27]
May 29 20:31:29.933742 kernel: pci 0000:26:00.0:   bridge window [mem 0xc8700000-0xc88fffff]
May 29 20:31:29.933769 kernel: pci 0000:26:00.0:   bridge window [mem 0x4a2000000-0x4a2ffffff 64bit pref]
May 29 20:31:29.933797 kernel: pci 0000:26:00.1: PCI bridge to [bus 28]
May 29 20:31:29.933824 kernel: pci 0000:26:00.1:   bridge window [mem 0xc8900000-0xc8afffff]
May 29 20:31:29.933850 kernel: pci 0000:26:00.1:   bridge window [mem 0x4a3000000-0x4a3ffffff 64bit pref]
May 29 20:31:29.933877 kernel: pci 0000:26:00.2: PCI bridge to [bus 29]
May 29 20:31:29.933904 kernel: pci 0000:26:00.2:   bridge window [mem 0xc8b00000-0xc8cfffff]
May 29 20:31:29.933930 kernel: pci 0000:26:00.2:   bridge window [mem 0x4a4000000-0x4a4ffffff 64bit pref]
May 29 20:31:29.933958 kernel: pci 0000:26:00.3: PCI bridge to [bus 2a]
May 29 20:31:29.933984 kernel: pci 0000:26:00.3:   bridge window [mem 0xc8d00000-0xc8efffff]
May 29 20:31:29.934011 kernel: pci 0000:26:00.3:   bridge window [mem 0x4a5000000-0x4a5ffffff 64bit pref]
May 29 20:31:29.934037 kernel: pci 0000:26:00.4: PCI bridge to [bus 2b]
May 29 20:31:29.934063 kernel: pci 0000:26:00.4:   bridge window [mem 0xc8f00000-0xc90fffff]
May 29 20:31:29.934090 kernel: pci 0000:26:00.4:   bridge window [mem 0x4a6000000-0x4a6ffffff 64bit pref]
May 29 20:31:29.934115 kernel: pci 0000:25:00.0: PCI bridge to [bus 26-2b]
May 29 20:31:29.934141 kernel: pci 0000:25:00.0:   bridge window [mem 0xc8600000-0xc90fffff]
May 29 20:31:29.934166 kernel: pci 0000:25:00.0:   bridge window [mem 0x4a2000000-0x4a6ffffff 64bit pref]
May 29 20:31:29.934197 kernel: pci 0000:24:00.0: PCI bridge to [bus 25-2b]
May 29 20:31:29.934222 kernel: pci 0000:24:00.0:   bridge window [mem 0xc8500000-0xc90fffff]
May 29 20:31:29.934245 kernel: pci 0000:24:00.0:   bridge window [mem 0x4a2000000-0x4a6ffffff 64bit pref]
May 29 20:31:29.934267 kernel: pci_bus 0000:24: resource 4 [mem 0xc8400000-0xc90fffff window]
May 29 20:31:29.934289 kernel: pci_bus 0000:24: resource 5 [mem 0x4a2000000-0x4a6ffffff window]
May 29 20:31:29.934317 kernel: pci_bus 0000:25: resource 1 [mem 0xc8500000-0xc90fffff]
May 29 20:31:29.934341 kernel: pci_bus 0000:25: resource 2 [mem 0x4a2000000-0x4a6ffffff 64bit pref]
May 29 20:31:29.934371 kernel: pci_bus 0000:26: resource 1 [mem 0xc8600000-0xc90fffff]
May 29 20:31:29.934396 kernel: pci_bus 0000:26: resource 2 [mem 0x4a2000000-0x4a6ffffff 64bit pref]
May 29 20:31:29.934429 kernel: pci_bus 0000:27: resource 1 [mem 0xc8700000-0xc88fffff]
May 29 20:31:29.934456 kernel: pci_bus 0000:27: resource 2 [mem 0x4a2000000-0x4a2ffffff 64bit pref]
May 29 20:31:29.934487 kernel: pci_bus 0000:28: resource 1 [mem 0xc8900000-0xc8afffff]
May 29 20:31:29.934513 kernel: pci_bus 0000:28: resource 2 [mem 0x4a3000000-0x4a3ffffff 64bit pref]
May 29 20:31:29.934544 kernel: pci_bus 0000:29: resource 1 [mem 0xc8b00000-0xc8cfffff]
May 29 20:31:29.934570 kernel: pci_bus 0000:29: resource 2 [mem 0x4a4000000-0x4a4ffffff 64bit pref]
May 29 20:31:29.934605 kernel: pci_bus 0000:2a: resource 1 [mem 0xc8d00000-0xc8efffff]
May 29 20:31:29.934631 kernel: pci_bus 0000:2a: resource 2 [mem 0x4a5000000-0x4a5ffffff 64bit pref]
May 29 20:31:29.934661 kernel: pci_bus 0000:2b: resource 1 [mem 0xc8f00000-0xc90fffff]
May 29 20:31:29.934688 kernel: pci_bus 0000:2b: resource 2 [mem 0x4a6000000-0x4a6ffffff 64bit pref]
May 29 20:31:29.934715 kernel: pci 0000:00:00.0: Limiting direct PCI/PCI transfers
May 29 20:31:29.934718 kernel: PCI: CLS 0 bytes, default 64
May 29 20:31:29.934721 kernel: PCI-DMA: Using software bounce buffering for IO (SWIOTLB)
May 29 20:31:29.934724 kernel: Trying to unpack rootfs image as initramfs...
May 29 20:31:29.934727 kernel: software IO TLB: mapped [mem 0x00000000bbfe8000-0x00000000bffe8000] (64MB)
May 29 20:31:29.934729 kernel: ACPI: bus type thunderbolt registered
May 29 20:31:29.934732 kernel: clocksource: tsc: mask: 0xffffffffffffffff max_cycles: 0x257a3c3232d, max_idle_ns: 440795236700 ns
May 29 20:31:29.934734 kernel: clocksource: Switched to clocksource tsc
May 29 20:31:29.934737 kernel: Initialise system trusted keyrings
May 29 20:31:29.934739 kernel: Key type blacklist registered
May 29 20:31:29.934743 kernel: workingset: timestamp_bits=36 max_order=22 bucket_order=0
May 29 20:31:29.934745 kernel: zbud: loaded
May 29 20:31:29.934748 kernel: integrity: Platform Keyring initialized
May 29 20:31:29.934750 kernel: integrity: Machine keyring initialized
May 29 20:31:29.934753 kernel: NET: Registered PF_ALG protocol family
May 29 20:31:29.934755 kernel: xor: automatically using best checksumming function   avx       
May 29 20:31:29.934758 kernel: Key type asymmetric registered
May 29 20:31:29.934760 kernel: Asymmetric key parser 'x509' registered
May 29 20:31:29.934763 kernel: Block layer SCSI generic (bsg) driver version 0.4 loaded (major 246)
May 29 20:31:29.934765 kernel: io scheduler mq-deadline registered
May 29 20:31:29.934767 kernel: io scheduler kyber registered
May 29 20:31:29.934770 kernel: io scheduler bfq registered
May 29 20:31:29.934772 kernel: atomic64_test: passed for x86-64 platform with CX8 and with SSE
May 29 20:31:29.934797 kernel: pcieport 0000:01:00.0: PME: Signaling with IRQ 24
May 29 20:31:29.934822 kernel: pcieport 0000:01:00.0: pciehp: Slot #0 AttnBtn+ PwrCtrl+ MRL- AttnInd+ PwrInd+ HotPlug+ Surprise- Interlock- NoCompl+ IbPresDis- LLActRep+
May 29 20:31:29.934850 kernel: pcieport 0000:03:00.0: pciehp: Slot #2 AttnBtn+ PwrCtrl+ MRL- AttnInd+ PwrInd+ HotPlug+ Surprise- Interlock- NoCompl+ IbPresDis- LLActRep+
May 29 20:31:29.934877 kernel: pcieport 0000:03:00.1: pciehp: Slot #3 AttnBtn+ PwrCtrl+ MRL- AttnInd+ PwrInd+ HotPlug+ Surprise- Interlock- NoCompl+ IbPresDis- LLActRep+
May 29 20:31:29.934904 kernel: pcieport 0000:03:00.2: pciehp: Slot #4 AttnBtn+ PwrCtrl+ MRL- AttnInd+ PwrInd+ HotPlug+ Surprise- Interlock- NoCompl+ IbPresDis- LLActRep+
May 29 20:31:29.934932 kernel: pcieport 0000:03:00.3: pciehp: Slot #5 AttnBtn+ PwrCtrl+ MRL- AttnInd+ PwrInd+ HotPlug+ Surprise- Interlock- NoCompl+ IbPresDis- LLActRep+
May 29 20:31:29.934958 kernel: pcieport 0000:03:00.4: pciehp: Slot #6 AttnBtn+ PwrCtrl+ MRL- AttnInd+ PwrInd+ HotPlug+ Surprise- Interlock- NoCompl+ IbPresDis- LLActRep+
May 29 20:31:29.934985 kernel: pcieport 0000:03:00.5: pciehp: Slot #7 AttnBtn+ PwrCtrl+ MRL- AttnInd+ PwrInd+ HotPlug+ Surprise- Interlock- NoCompl+ IbPresDis- LLActRep+
May 29 20:31:29.935012 kernel: pcieport 0000:03:00.6: pciehp: Slot #8 AttnBtn+ PwrCtrl+ MRL- AttnInd+ PwrInd+ HotPlug+ Surprise- Interlock- NoCompl+ IbPresDis- LLActRep+
May 29 20:31:29.935040 kernel: pcieport 0000:03:00.7: pciehp: Slot #9 AttnBtn+ PwrCtrl+ MRL- AttnInd+ PwrInd+ HotPlug+ Surprise- Interlock- NoCompl+ IbPresDis- LLActRep+
May 29 20:31:29.935066 kernel: pcieport 0000:03:01.0: pciehp: Slot #10 AttnBtn+ PwrCtrl+ MRL- AttnInd+ PwrInd+ HotPlug+ Surprise- Interlock- NoCompl+ IbPresDis- LLActRep+
May 29 20:31:29.935093 kernel: pcieport 0000:03:01.1: pciehp: Slot #11 AttnBtn+ PwrCtrl+ MRL- AttnInd+ PwrInd+ HotPlug+ Surprise- Interlock- NoCompl+ IbPresDis- LLActRep+
May 29 20:31:29.935120 kernel: pcieport 0000:03:01.2: pciehp: Slot #12 AttnBtn+ PwrCtrl+ MRL- AttnInd+ PwrInd+ HotPlug+ Surprise- Interlock- NoCompl+ IbPresDis- LLActRep+
May 29 20:31:29.935146 kernel: pcieport 0000:03:01.3: pciehp: Slot #13 AttnBtn+ PwrCtrl+ MRL- AttnInd+ PwrInd+ HotPlug+ Surprise- Interlock- NoCompl+ IbPresDis- LLActRep+
May 29 20:31:29.935173 kernel: pcieport 0000:03:01.4: pciehp: Slot #14 AttnBtn+ PwrCtrl+ MRL- AttnInd+ PwrInd+ HotPlug+ Surprise- Interlock- NoCompl+ IbPresDis- LLActRep+
May 29 20:31:29.935206 kernel: pcieport 0000:03:01.5: pciehp: Slot #15 AttnBtn+ PwrCtrl+ MRL- AttnInd+ PwrInd+ HotPlug+ Surprise- Interlock- NoCompl+ IbPresDis- LLActRep+
May 29 20:31:29.935232 kernel: pcieport 0000:03:01.6: pciehp: Slot #16 AttnBtn+ PwrCtrl+ MRL- AttnInd+ PwrInd+ HotPlug+ Surprise- Interlock- NoCompl+ IbPresDis- LLActRep+
May 29 20:31:29.935259 kernel: pcieport 0000:03:01.7: pciehp: Slot #17 AttnBtn+ PwrCtrl+ MRL- AttnInd+ PwrInd+ HotPlug+ Surprise- Interlock- NoCompl+ IbPresDis- LLActRep+
May 29 20:31:29.935286 kernel: pcieport 0000:03:02.0: pciehp: Slot #18 AttnBtn+ PwrCtrl+ MRL- AttnInd+ PwrInd+ HotPlug+ Surprise- Interlock- NoCompl+ IbPresDis- LLActRep+
May 29 20:31:29.935313 kernel: pcieport 0000:03:02.1: pciehp: Slot #19 AttnBtn+ PwrCtrl+ MRL- AttnInd+ PwrInd+ HotPlug+ Surprise- Interlock- NoCompl+ IbPresDis- LLActRep+
May 29 20:31:29.935339 kernel: pcieport 0000:03:02.2: pciehp: Slot #20 AttnBtn+ PwrCtrl+ MRL- AttnInd+ PwrInd+ HotPlug+ Surprise- Interlock- NoCompl+ IbPresDis- LLActRep+
May 29 20:31:29.935366 kernel: pcieport 0000:03:02.3: pciehp: Slot #21 AttnBtn+ PwrCtrl+ MRL- AttnInd+ PwrInd+ HotPlug+ Surprise- Interlock- NoCompl+ IbPresDis- LLActRep+
May 29 20:31:29.935393 kernel: pcieport 0000:03:02.4: pciehp: Slot #22 AttnBtn+ PwrCtrl+ MRL- AttnInd+ PwrInd+ HotPlug+ Surprise- Interlock- NoCompl+ IbPresDis- LLActRep+
May 29 20:31:29.935419 kernel: pcieport 0000:03:02.5: pciehp: Slot #23 AttnBtn+ PwrCtrl+ MRL- AttnInd+ PwrInd+ HotPlug+ Surprise- Interlock- NoCompl+ IbPresDis- LLActRep+
May 29 20:31:29.935446 kernel: pcieport 0000:03:02.6: pciehp: Slot #24 AttnBtn+ PwrCtrl+ MRL- AttnInd+ PwrInd+ HotPlug+ Surprise- Interlock- NoCompl+ IbPresDis- LLActRep+
May 29 20:31:29.935473 kernel: pcieport 0000:03:02.7: pciehp: Slot #25 AttnBtn+ PwrCtrl+ MRL- AttnInd+ PwrInd+ HotPlug+ Surprise- Interlock- NoCompl+ IbPresDis- LLActRep+
May 29 20:31:29.935500 kernel: pcieport 0000:03:03.0: pciehp: Slot #26 AttnBtn+ PwrCtrl+ MRL- AttnInd+ PwrInd+ HotPlug+ Surprise- Interlock- NoCompl+ IbPresDis- LLActRep+
May 29 20:31:29.935527 kernel: pcieport 0000:03:03.1: pciehp: Slot #27 AttnBtn+ PwrCtrl+ MRL- AttnInd+ PwrInd+ HotPlug+ Surprise- Interlock- NoCompl+ IbPresDis- LLActRep+
May 29 20:31:29.935553 kernel: pcieport 0000:03:03.2: pciehp: Slot #28 AttnBtn+ PwrCtrl+ MRL- AttnInd+ PwrInd+ HotPlug+ Surprise- Interlock- NoCompl+ IbPresDis- LLActRep+
May 29 20:31:29.935580 kernel: pcieport 0000:03:03.3: pciehp: Slot #29 AttnBtn+ PwrCtrl+ MRL- AttnInd+ PwrInd+ HotPlug+ Surprise- Interlock- NoCompl+ IbPresDis- LLActRep+
May 29 20:31:29.935607 kernel: pcieport 0000:03:03.4: pciehp: Slot #30 AttnBtn+ PwrCtrl+ MRL- AttnInd+ PwrInd+ HotPlug+ Surprise- Interlock- NoCompl+ IbPresDis- LLActRep+
May 29 20:31:29.935634 kernel: pcieport 0000:03:03.5: pciehp: Slot #31 AttnBtn+ PwrCtrl+ MRL- AttnInd+ PwrInd+ HotPlug+ Surprise- Interlock- NoCompl+ IbPresDis- LLActRep+
May 29 20:31:29.935661 kernel: pcieport 0000:03:03.6: pciehp: Slot #32 AttnBtn+ PwrCtrl+ MRL- AttnInd+ PwrInd+ HotPlug+ Surprise- Interlock- NoCompl+ IbPresDis- LLActRep+
May 29 20:31:29.935687 kernel: pcieport 0000:03:03.7: pciehp: Slot #33 AttnBtn+ PwrCtrl+ MRL- AttnInd+ PwrInd+ HotPlug+ Surprise- Interlock- NoCompl+ IbPresDis- LLActRep+
May 29 20:31:29.935711 kernel: pcieport 0000:24:00.0: PME: Signaling with IRQ 57
May 29 20:31:29.935736 kernel: pcieport 0000:24:00.0: pciehp: Slot #1 AttnBtn+ PwrCtrl+ MRL- AttnInd+ PwrInd+ HotPlug+ Surprise- Interlock- NoCompl+ IbPresDis- LLActRep+
May 29 20:31:29.935764 kernel: pcieport 0000:26:00.0: pciehp: Slot #34 AttnBtn+ PwrCtrl+ MRL- AttnInd+ PwrInd+ HotPlug+ Surprise- Interlock- NoCompl+ IbPresDis- LLActRep+
May 29 20:31:29.935790 kernel: pcieport 0000:26:00.1: pciehp: Slot #35 AttnBtn+ PwrCtrl+ MRL- AttnInd+ PwrInd+ HotPlug+ Surprise- Interlock- NoCompl+ IbPresDis- LLActRep+
May 29 20:31:29.935817 kernel: pcieport 0000:26:00.2: pciehp: Slot #36 AttnBtn+ PwrCtrl+ MRL- AttnInd+ PwrInd+ HotPlug+ Surprise- Interlock- NoCompl+ IbPresDis- LLActRep+
May 29 20:31:29.935844 kernel: pcieport 0000:26:00.3: pciehp: Slot #37 AttnBtn+ PwrCtrl+ MRL- AttnInd+ PwrInd+ HotPlug+ Surprise- Interlock- NoCompl+ IbPresDis- LLActRep+
May 29 20:31:29.935871 kernel: pcieport 0000:26:00.4: pciehp: Slot #38 AttnBtn+ PwrCtrl+ MRL- AttnInd+ PwrInd+ HotPlug+ Surprise- Interlock- NoCompl+ IbPresDis- LLActRep+
May 29 20:31:29.935874 kernel: shpchp: Standard Hot Plug PCI Controller Driver version: 0.4
May 29 20:31:29.935877 kernel: input: Power Button as /devices/LNXSYSTM:00/LNXPWRBN:00/input/input0
May 29 20:31:29.935879 kernel: ACPI: button: Power Button [PWRF]
May 29 20:31:29.935882 kernel: Freeing initrd memory: 104172K
May 29 20:31:29.935884 kernel: input: Sleep Button as /devices/LNXSYSTM:00/LNXSLPBN:00/input/input1
May 29 20:31:29.935887 kernel: ACPI: button: Sleep Button [SLPF]
May 29 20:31:29.935890 kernel: Monitor-Mwait will be used to enter C-1 state
May 29 20:31:29.935892 kernel: ACPI: \_SB_.CP00: Found 2 idle states
May 29 20:31:29.935895 kernel: ACPI: \_SB_.CP01: Found 2 idle states
May 29 20:31:29.935898 kernel: ACPI: \_SB_.CP02: Found 2 idle states
May 29 20:31:29.935900 kernel: ACPI: \_SB_.CP03: Found 2 idle states
May 29 20:31:29.935902 kernel: Serial: 8250/16550 driver, 4 ports, IRQ sharing enabled
May 29 20:31:29.935905 kernel: 00:04: ttyS0 at I/O 0x3f8 (irq = 4, base_baud = 115200) is a 16550A
May 29 20:31:29.935907 kernel: Non-volatile memory driver v1.3
May 29 20:31:29.935910 kernel: rdac: device handler registered
May 29 20:31:29.935912 kernel: hp_sw: device handler registered
May 29 20:31:29.935914 kernel: emc: device handler registered
May 29 20:31:29.935917 kernel: alua: device handler registered
May 29 20:31:29.935920 kernel: usbcore: registered new interface driver usbserial_generic
May 29 20:31:29.935922 kernel: usbserial: USB Serial support registered for generic
May 29 20:31:29.935925 kernel: i8042: PNP: PS/2 Controller [PNP0303:KBD,PNP0f13:MOU] at 0x60,0x64 irq 1,12
May 29 20:31:29.935927 kernel: i8042: Warning: Keylock active
May 29 20:31:29.935929 kernel: serio: i8042 KBD port at 0x60,0x64 irq 1
May 29 20:31:29.935932 kernel: serio: i8042 AUX port at 0x60,0x64 irq 12
May 29 20:31:29.935934 kernel: mousedev: PS/2 mouse device common for all mice
May 29 20:31:29.935967 kernel: rtc_cmos 00:00: RTC can wake from S4
May 29 20:31:29.935990 kernel: rtc_cmos 00:00: registered as rtc0
May 29 20:31:29.936014 kernel: rtc_cmos 00:00: setting system clock to 2026-05-29T20:31:29 UTC (1780086689)
May 29 20:31:29.936035 kernel: rtc_cmos 00:00: alarms up to one day, 114 bytes nvram
May 29 20:31:29.936039 kernel: amd_pstate: The CPPC feature is supported but currently disabled by the BIOS.
                               Please enable it if your BIOS has the CPPC option.
May 29 20:31:29.936042 kernel: amd_pstate: the _CPC object is not present in SBIOS or ACPI disabled
May 29 20:31:29.936044 kernel: hid: raw HID events driver (C) Jiri Kosina
May 29 20:31:29.936047 kernel: usbcore: registered new interface driver usbhid
May 29 20:31:29.936049 kernel: usbhid: USB HID core driver
May 29 20:31:29.936051 kernel: drop_monitor: Initializing network drop monitor service
May 29 20:31:29.936054 kernel: Initializing XFRM netlink socket
May 29 20:31:29.936056 kernel: NET: Registered PF_INET6 protocol family
May 29 20:31:29.936059 kernel: Segment Routing with IPv6
May 29 20:31:29.936061 kernel: NET: Registered PF_PACKET protocol family
May 29 20:31:29.936064 kernel: mpls_gso: MPLS GSO support
May 29 20:31:29.936067 kernel: IPI shorthand broadcast: enabled
May 29 20:31:29.936069 kernel: AVX2 version of gcm_enc/dec engaged.
May 29 20:31:29.936072 kernel: AES CTR mode by8 optimization enabled
May 29 20:31:29.936074 kernel: sched_clock: Marking stable (2223940420, 523034675)->(2808727933, -61752838)
May 29 20:31:29.936077 kernel: registered taskstats version 1
May 29 20:31:29.936079 kernel: Loading compiled-in X.509 certificates
May 29 20:31:29.936082 kernel: Loaded X.509 cert 'Red Hat Enterprise Linux kernel signing key: 300cbdfacc279a7dbb14021e37e33aa77fe6a2a1'
May 29 20:31:29.936085 kernel: Loaded X.509 cert 'Red Hat Enterprise Linux Driver Update Program (key 3): bf57f3e87362bc7229d9f465321773dfd1f77a80'
May 29 20:31:29.936088 kernel: Loaded X.509 cert 'Red Hat Enterprise Linux kpatch signing key: 4d38fd864ebe18c5f0b72e3852e2014c3a676fc8'
May 29 20:31:29.936090 kernel: Loaded X.509 cert 'RH-IMA-CA: Red Hat IMA CA: fb31825dd0e073685b264e3038963673f753959a'
May 29 20:31:29.936093 kernel: Loaded X.509 cert 'Nvidia GPU OOT signing 001: 55e1cef88193e60419f0b0ec379c49f77545acf0'
May 29 20:31:29.936096 kernel: Demotion targets for Node 0: null
May 29 20:31:29.936098 kernel: page_owner is disabled
May 29 20:31:29.936101 kernel: Key type .fscrypt registered
May 29 20:31:29.936103 kernel: Key type fscrypt-provisioning registered
May 29 20:31:29.936106 kernel: Key type big_key registered
May 29 20:31:29.936108 kernel: Key type encrypted registered
May 29 20:31:29.936110 kernel: ima: No TPM chip found, activating TPM-bypass!
May 29 20:31:29.936113 kernel: Loading compiled-in module X.509 certificates
May 29 20:31:29.936115 kernel: Loaded X.509 cert 'Red Hat Enterprise Linux kernel signing key: 300cbdfacc279a7dbb14021e37e33aa77fe6a2a1'
May 29 20:31:29.936118 kernel: ima: Allocated hash algorithm: sha256
May 29 20:31:29.936120 kernel: ima: No architecture policies found
May 29 20:31:29.936123 kernel: evm: Initialising EVM extended attributes:
May 29 20:31:29.936126 kernel: evm: security.selinux
May 29 20:31:29.936128 kernel: evm: security.SMACK64 (disabled)
May 29 20:31:29.936130 kernel: evm: security.SMACK64EXEC (disabled)
May 29 20:31:29.936133 kernel: evm: security.SMACK64TRANSMUTE (disabled)
May 29 20:31:29.936135 kernel: evm: security.SMACK64MMAP (disabled)
May 29 20:31:29.936138 kernel: evm: security.apparmor (disabled)
May 29 20:31:29.936140 kernel: evm: security.ima
May 29 20:31:29.936142 kernel: evm: security.capability
May 29 20:31:29.936145 kernel: evm: HMAC attrs: 0x1
May 29 20:31:29.936147 kernel: Running certificate verification RSA selftest
May 29 20:31:29.936150 kernel: Loaded X.509 cert 'Certificate verification self-testing key: f58703bb33ce1b73ee02eccdee5b8817518fe3db'
May 29 20:31:29.936152 kernel: Running certificate verification ECDSA selftest
May 29 20:31:29.936156 kernel: Loaded X.509 cert 'Certificate verification ECDSA self-testing key: 2900bcea1deb7bc8479a84a23d758efdfdd2b2d3'
May 29 20:31:29.936158 kernel: clk: Disabling unused clocks
May 29 20:31:29.936160 kernel: Freeing unused decrypted memory: 2028K
May 29 20:31:29.936163 kernel: Freeing unused kernel image (initmem) memory: 4044K
May 29 20:31:29.936165 kernel: Write protecting the kernel read-only data: 30720k
May 29 20:31:29.936167 kernel: Freeing unused kernel image (rodata/data gap) memory: 708K
May 29 20:31:29.936170 kernel: x86/mm: Checked W+X mappings: passed, no W+X pages found.
May 29 20:31:29.936172 kernel: Run /init as init process
May 29 20:31:29.936174 kernel:   with arguments:
May 29 20:31:29.936177 kernel:     /init
May 29 20:31:29.936179 kernel:   with environment:
May 29 20:31:29.936182 kernel:     HOME=/
May 29 20:31:29.936185 kernel:     TERM=linux
May 29 20:31:29.936187 kernel:     BOOT_IMAGE=(hd0,gpt3)/boot/ostree/rhcos-617b0e78715ed36bc2244f65434be3f79c4e5cc41b856cce9de411575dfca7bd/vmlinuz-5.14.0-570.55.1.el9_6.x86_64
May 29 20:31:29.936189 kernel:     ostree=/ostree/boot.1/rhcos/617b0e78715ed36bc2244f65434be3f79c4e5cc41b856cce9de411575dfca7bd/0
May 29 20:31:29.936211 systemd-journald.service[371]: Missed 38 kernel messages
May 29 20:31:29.936224 kernel: fuse: init (API version 7.37)
May 29 20:31:29.936229 systemd-journald.service[371]: Journal started
May 29 20:31:29.936246 systemd-journald.service[371]: Runtime Journal (/run/log/journal/ec282088033de5e822b8f695a2182d54) is 8.0M, max 313.2M, 305.2M free.
May 29 20:31:29.930385 systemd-modules-load.service[372]: Inserted module 'fuse'
May 29 20:31:29.930417 systemd-modules-load.service[372]: Module 'msr' is built in
May 29 20:31:29.939865 rdma-load-modules@infiniband.service[367]: Inserted module 'ib_ipoib'
May 29 20:31:29.942309 rdma-load-modules@infiniband.service[367]: Inserted module 'ib_umad'
May 29 20:31:29.946201 systemd-journald.service[371]: Missed 5 kernel messages
May 29 20:31:29.946201 kernel: Loading iSCSI transport class v2.0-870.
May 29 20:31:29.951875 rdma-load-modules@rdma.service[368]: Inserted module 'ib_iser'
May 29 20:31:29.952197 kernel: iscsi: registered transport (iser)
May 29 20:31:29.969198 systemd-journald.service[371]: Missed 1 kernel messages
May 29 20:31:29.969198 kernel: Rounding down aligned max_sectors from 4294967295 to 4294967288
May 29 20:31:29.969206 kernel: db_root: cannot open: /etc/target
May 29 20:31:29.986097 rdma-load-modules@rdma.service[368]: Inserted module 'ib_isert'
May 29 20:31:30.000053 rdma-load-modules@rdma.service[368]: Inserted module 'ib_srpt'
May 29 20:31:30.011526 systemd-journald.service[371]: Missed 2 kernel messages
May 29 20:31:30.011526 kernel: input: AT Translated Set 2 keyboard as /devices/platform/i8042/serio0/input/input2
May 29 20:31:30.013175 rdma-load-modules@rdma.service[368]: Inserted module 'ib_uverbs'
May 29 20:31:30.015630 rdma-load-modules@rdma.service[368]: Inserted module 'rdma_ucm'
May 29 20:31:30.018400 init.scope[1]: Finished CoreOS: Touch /run/agetty.reload.
May 29 20:31:30.020515 init.scope[1]: Finished Create List of Static Device Nodes.
May 29 20:31:30.026337 init.scope[1]: Finished Load RDMA modules from /etc/rdma/modules/infiniband.conf.
May 29 20:31:30.028744 init.scope[1]: Finished Load RDMA modules from /etc/rdma/modules/roce.conf.
May 29 20:31:30.034299 init.scope[1]: Finished Load Kernel Modules.
May 29 20:31:30.038281 init.scope[1]: Finished Setup Virtual Console.
May 29 20:31:30.048804 systemd-journald.service[371]: Missed 9 kernel messages
May 29 20:31:30.048804 kernel: RPC: Registered named UNIX socket transport module.
May 29 20:31:30.048815 kernel: RPC: Registered udp transport module.
May 29 20:31:30.050317 kernel: RPC: Registered tcp transport module.
May 29 20:31:30.051963 kernel: RPC: Registered tcp-with-tls transport module.
May 29 20:31:30.053615 kernel: RPC: Registered tcp NFSv4.1 backchannel transport module.
May 29 20:31:30.058293 init.scope[1]: Starting dracut ask for additional cmdline parameters...
May 29 20:31:30.058714 init.scope[1]: Starting Apply Kernel Variables...
May 29 20:31:30.061416 systemd-sysusers[376]: Creating group 'root' with GID 991.
May 29 20:31:30.062114 init.scope[1]: Finished Create System Users.
May 29 20:31:30.063273 init.scope[1]: Starting Create Static Device Nodes in /dev...
May 29 20:31:30.063540 init.scope[1]: Starting Create Volatile Files and Directories...
May 29 20:31:30.065768 init.scope[1]: Finished Apply Kernel Variables.
May 29 20:31:30.073224 init.scope[1]: Finished dracut ask for additional cmdline parameters.
May 29 20:31:30.076475 init.scope[1]: Starting dracut cmdline hook...
May 29 20:31:30.082770 dracut-cmdline.service[410]: dracut-9.6.20251015-1 (Plow) dracut-057-88.git20250311.el9_6
May 29 20:31:30.085783 dracut-cmdline.service[410]: Using kernel command line parameters:  ip=auto   BOOT_IMAGE=(hd0,gpt3)/boot/ostree/rhcos-617b0e78715ed36bc2244f65434be3f79c4e5cc41b856cce9de411575dfca7bd/vmlinuz-5.14.0-570.55.1.el9_6.x86_64 rw ignition.firstboot ostree=/ostree/boot.1/rhcos/617b0e78715ed36bc2244f65434be3f79c4e5cc41b856cce9de411575dfca7bd/0 ignition.platform.id=aws console=tty0 console=ttyS0,115200n8
May 29 20:31:30.083620 init.scope[1]: Finished Create Static Device Nodes in /dev.
May 29 20:31:30.151266 init.scope[1]: Finished Create Volatile Files and Directories.
May 29 20:31:30.154029 systemd-journald.service[371]: Missed 13 kernel messages
May 29 20:31:30.154029 kernel: RPC: Registered rdma transport module.
May 29 20:31:30.154813 kernel: RPC: Registered rdma backchannel transport module.
May 29 20:31:30.156541 rdma-load-modules@rdma.service[368]: Inserted module 'rpcrdma'
May 29 20:31:30.156966 init.scope[1]: Finished Load RDMA modules from /etc/rdma/modules/rdma.conf.
May 29 20:31:30.162292 init.scope[1]: Reached target Preparation for Network.
May 29 20:31:30.179202 systemd-journald.service[371]: Missed 3 kernel messages
May 29 20:31:30.179202 kernel: iscsi: registered transport (tcp)
May 29 20:31:30.192200 kernel: Warning: Deprecated Driver is detected: qla4xxx will not be maintained in a future major release and may be disabled
May 29 20:31:30.195659 kernel: iscsi: registered transport (qla4xxx)
May 29 20:31:30.195664 kernel: QLogic iSCSI HBA Driver
May 29 20:31:30.205199 kernel: libcxgbi:libcxgbi_init_module: Chelsio iSCSI driver library libcxgbi v0.9.1-ko (Apr. 2015)
May 29 20:31:30.233879 kernel: Chelsio T4-T6 iSCSI Driver cxgb4i v0.9.5-ko (Apr. 2015)
May 29 20:31:30.233883 kernel: iscsi: registered transport (cxgb4i)
May 29 20:31:30.243199 kernel: Warning: Deprecated Driver is detected: cnic will not be maintained in a future major release and may be disabled
May 29 20:31:30.246198 kernel: cnic: QLogic cnicDriver v2.5.22 (July 20, 2015)
May 29 20:31:30.251818 kernel: Warning: Deprecated Driver is detected: bnx2i will not be maintained in a future major release and may be disabled
May 29 20:31:30.251824 kernel: QLogic NetXtreme II iSCSI Driver bnx2i v2.7.10.1 (Jul 16, 2014)
May 29 20:31:30.253653 kernel: iscsi: registered transport (bnx2i)
