May 29 20:57:13.944131 kernel: Linux version 5.14.0-570.55.1.el9_6.x86_64 (mockbuild@x86-64-04.build.eng.rdu2.redhat.com) (gcc (GCC) 11.5.0 20240719 (Red Hat 11.5.0-5), GNU ld version 2.35.2-63.el9) #1 SMP PREEMPT_DYNAMIC Tue Oct 14 01:03:55 EDT 2025
May 29 20:57:13.944144 kernel: The list of certified hardware and cloud instances for Red Hat Enterprise Linux 9 can be viewed at the Red Hat Ecosystem Catalog, https://catalog.redhat.com.
May 29 20:57:13.944151 kernel: Command line: BOOT_IMAGE=(hd0,gpt3)/boot/ostree/rhcos-617b0e78715ed36bc2244f65434be3f79c4e5cc41b856cce9de411575dfca7bd/vmlinuz-5.14.0-570.55.1.el9_6.x86_64 rw ignition.firstboot ostree=/ostree/boot.1/rhcos/617b0e78715ed36bc2244f65434be3f79c4e5cc41b856cce9de411575dfca7bd/0 ignition.platform.id=aws console=tty0 console=ttyS0,115200n8
May 29 20:57:13.944154 kernel: BIOS-provided physical RAM map:
May 29 20:57:13.944157 kernel: BIOS-e820: [mem 0x0000000000000000-0x000000000009fbff] usable
May 29 20:57:13.944159 kernel: BIOS-e820: [mem 0x000000000009fc00-0x000000000009ffff] reserved
May 29 20:57:13.944162 kernel: BIOS-e820: [mem 0x00000000000f0000-0x00000000000fffff] reserved
May 29 20:57:13.944164 kernel: BIOS-e820: [mem 0x0000000000100000-0x00000000bffe7fff] usable
May 29 20:57:13.944167 kernel: BIOS-e820: [mem 0x00000000bffe8000-0x00000000bfffffff] reserved
May 29 20:57:13.944170 kernel: BIOS-e820: [mem 0x00000000e0000000-0x00000000e03fffff] reserved
May 29 20:57:13.944172 kernel: BIOS-e820: [mem 0x00000000fffc0000-0x00000000ffffffff] reserved
May 29 20:57:13.944174 kernel: BIOS-e820: [mem 0x0000000100000000-0x000000042b3fffff] usable
May 29 20:57:13.944176 kernel: BIOS-e820: [mem 0x000000042b400000-0x000000043fffffff] reserved
May 29 20:57:13.944179 kernel: BIOS-e820: [mem 0x0000000440100000-0x0000000442bfffff] reserved
May 29 20:57:13.944181 kernel: NX (Execute Disable) protection: active
May 29 20:57:13.944183 kernel: APIC: Static calls initialized
May 29 20:57:13.944186 kernel: SMBIOS 2.7 present.
May 29 20:57:13.944188 kernel: DMI: Amazon EC2 m8a.xlarge/, BIOS 1.0 10/16/2017
May 29 20:57:13.944190 kernel: Hypervisor detected: KVM
May 29 20:57:13.944192 kernel: kvm-clock: Using msrs 4b564d01 and 4b564d00
May 29 20:57:13.944195 kernel: kvm-clock: using sched offset of 20078305988 cycles
May 29 20:57:13.944198 kernel: clocksource: kvm-clock: mask: 0xffffffffffffffff max_cycles: 0x1cd42e4dffb, max_idle_ns: 881590591483 ns
May 29 20:57:13.944200 kernel: tsc: Detected 2599.998 MHz processor
May 29 20:57:13.944203 kernel: e820: update [mem 0x00000000-0x00000fff] usable ==> reserved
May 29 20:57:13.944205 kernel: e820: remove [mem 0x000a0000-0x000fffff] usable
May 29 20:57:13.944208 kernel: last_pfn = 0x42b400 max_arch_pfn = 0x400000000
May 29 20:57:13.944210 kernel: MTRR map: 4 entries (3 fixed + 1 variable; max 19), built from 8 variable MTRRs
May 29 20:57:13.944213 kernel: x86/PAT: Configuration [0-7]: WB  WC  UC- UC  WB  WP  UC- WT  
May 29 20:57:13.944215 kernel: last_pfn = 0xbffe8 max_arch_pfn = 0x400000000
May 29 20:57:13.944217 kernel: Using GB pages for direct mapping
May 29 20:57:13.944220 kernel: RAMDISK: [mem 0x2b47b000-0x31a35fff]
May 29 20:57:13.944222 kernel: ACPI: Early table checksum verification disabled
May 29 20:57:13.944225 kernel: ACPI: RSDP 0x00000000000F8F00 000014 (v00 AMAZON)
May 29 20:57:13.944227 kernel: ACPI: RSDT 0x00000000BFFECC40 000048 (v01 AMAZON AMZNRSDT 00000001 AMZN 00000001)
May 29 20:57:13.944230 kernel: ACPI: WAET 0x00000000BFFEFFC0 000028 (v01 AMAZON AMZNWAET 00000001 AMZN 00000001)
May 29 20:57:13.944232 kernel: ACPI: SLIT 0x00000000BFFEFF40 00006C (v01 AMAZON AMZNSLIT 00000001 AMZN 00000001)
May 29 20:57:13.944234 kernel: ACPI: APIC 0x00000000BFFEFE80 000086 (v01 AMAZON AMZNAPIC 00000001 AMZN 00000001)
May 29 20:57:13.944237 kernel: ACPI: SRAT 0x00000000BFFEFDC0 0000C0 (v01 AMAZON AMZNSRAT 00000001 AMZN 00000001)
May 29 20:57:13.944239 kernel: ACPI: FACP 0x00000000BFFEFC80 000114 (v01 AMAZON AMZNFACP 00000001 AMZN 00000001)
May 29 20:57:13.944241 kernel: ACPI: DSDT 0x00000000BFFEE5C0 00165D (v01 AMAZON AMZNDSDT 00000001 AMZN 00000001)
May 29 20:57:13.944245 kernel: ACPI: FACS 0x00000000000F8EC0 000040
May 29 20:57:13.944247 kernel: ACPI: HPET 0x00000000BFFEFC40 000038 (v01 AMAZON AMZNHPET 00000001 AMZN 00000001)
May 29 20:57:13.944250 kernel: ACPI: SSDT 0x00000000BFFECE40 001756 (v01 AMAZON AMZNSSDT 00000001 AMZN 00000001)
May 29 20:57:13.944252 kernel: ACPI: SSDT 0x00000000BFFECD40 0000D1 (v01 AMAZON AMZNSSDT 00000001 AMZN 00000001)
May 29 20:57:13.944254 kernel: ACPI: MCFG 0x00000000BFFECCC0 00004C (v01 AMAZON AMZNMCFG 00000001 AMZN 00000001)
May 29 20:57:13.944257 kernel: ACPI: Reserving WAET table memory at [mem 0xbffeffc0-0xbffeffe7]
May 29 20:57:13.944259 kernel: ACPI: Reserving SLIT table memory at [mem 0xbffeff40-0xbffeffab]
May 29 20:57:13.944262 kernel: ACPI: Reserving APIC table memory at [mem 0xbffefe80-0xbffeff05]
May 29 20:57:13.944264 kernel: ACPI: Reserving SRAT table memory at [mem 0xbffefdc0-0xbffefe7f]
May 29 20:57:13.944266 kernel: ACPI: Reserving FACP table memory at [mem 0xbffefc80-0xbffefd93]
May 29 20:57:13.944269 kernel: ACPI: Reserving DSDT table memory at [mem 0xbffee5c0-0xbffefc1c]
May 29 20:57:13.944271 kernel: ACPI: Reserving FACS table memory at [mem 0xf8ec0-0xf8eff]
May 29 20:57:13.944273 kernel: ACPI: Reserving HPET table memory at [mem 0xbffefc40-0xbffefc77]
May 29 20:57:13.944275 kernel: ACPI: Reserving SSDT table memory at [mem 0xbffece40-0xbffee595]
May 29 20:57:13.944278 kernel: ACPI: Reserving SSDT table memory at [mem 0xbffecd40-0xbffece10]
May 29 20:57:13.944280 kernel: ACPI: Reserving MCFG table memory at [mem 0xbffeccc0-0xbffecd0b]
May 29 20:57:13.944282 kernel: SRAT: PXM 0 -> APIC 0x00 -> Node 0
May 29 20:57:13.944284 kernel: SRAT: PXM 0 -> APIC 0x01 -> Node 0
May 29 20:57:13.944286 kernel: SRAT: PXM 0 -> APIC 0x02 -> Node 0
May 29 20:57:13.944289 kernel: SRAT: PXM 0 -> APIC 0x03 -> Node 0
May 29 20:57:13.944292 kernel: ACPI: SRAT: Node 0 PXM 0 [mem 0x00000000-0xbfffffff]
May 29 20:57:13.944294 kernel: ACPI: SRAT: Node 0 PXM 0 [mem 0x100000000-0x43fffffff]
May 29 20:57:13.944296 kernel: NUMA: Initialized distance table, cnt=1
May 29 20:57:13.944299 kernel: NUMA: Node 0 [mem 0x00000000-0xbfffffff] + [mem 0x100000000-0x42b3fffff] -> [mem 0x00000000-0x42b3fffff]
May 29 20:57:13.944301 kernel: NODE_DATA(0) allocated [mem 0x42b3d4000-0x42b3fefff]
May 29 20:57:13.944303 kernel: Zone ranges:
May 29 20:57:13.944306 kernel:   DMA      [mem 0x0000000000001000-0x0000000000ffffff]
May 29 20:57:13.944308 kernel:   DMA32    [mem 0x0000000001000000-0x00000000ffffffff]
May 29 20:57:13.944310 kernel:   Normal   [mem 0x0000000100000000-0x000000042b3fffff]
May 29 20:57:13.944312 kernel:   Device   empty
May 29 20:57:13.944315 kernel: Movable zone start for each node
May 29 20:57:13.944317 kernel: Early memory node ranges
May 29 20:57:13.944320 kernel:   node   0: [mem 0x0000000000001000-0x000000000009efff]
May 29 20:57:13.944322 kernel:   node   0: [mem 0x0000000000100000-0x00000000bffe7fff]
May 29 20:57:13.944325 kernel:   node   0: [mem 0x0000000100000000-0x000000042b3fffff]
May 29 20:57:13.944327 kernel: Initmem setup node 0 [mem 0x0000000000001000-0x000000042b3fffff]
May 29 20:57:13.944329 kernel: On node 0, zone DMA: 1 pages in unavailable ranges
May 29 20:57:13.944331 kernel: On node 0, zone DMA: 97 pages in unavailable ranges
May 29 20:57:13.944334 kernel: On node 0, zone Normal: 24 pages in unavailable ranges
May 29 20:57:13.944336 kernel: On node 0, zone Normal: 19456 pages in unavailable ranges
May 29 20:57:13.944338 kernel: ACPI: PM-Timer IO Port: 0xb008
May 29 20:57:13.944341 kernel: ACPI: LAPIC_NMI (acpi_id[0xff] dfl dfl lint[0x1])
May 29 20:57:13.944343 kernel: IOAPIC[0]: apic_id 0, version 32, address 0xfec00000, GSI 0-23
May 29 20:57:13.944345 kernel: ACPI: INT_SRC_OVR (bus 0 bus_irq 5 global_irq 5 high level)
May 29 20:57:13.944348 kernel: ACPI: INT_SRC_OVR (bus 0 bus_irq 9 global_irq 9 high level)
May 29 20:57:13.944351 kernel: ACPI: INT_SRC_OVR (bus 0 bus_irq 10 global_irq 10 high level)
May 29 20:57:13.944353 kernel: ACPI: INT_SRC_OVR (bus 0 bus_irq 11 global_irq 11 high level)
May 29 20:57:13.944356 kernel: ACPI: Using ACPI (MADT) for SMP configuration information
May 29 20:57:13.944358 kernel: ACPI: HPET id: 0x8086a201 base: 0xfed00000
May 29 20:57:13.944360 kernel: CPU topo: Max. logical packages:   1
May 29 20:57:13.944362 kernel: CPU topo: Max. logical dies:       1
May 29 20:57:13.944365 kernel: CPU topo: Max. dies per package:   1
May 29 20:57:13.944367 kernel: CPU topo: Max. threads per core:   1
May 29 20:57:13.944369 kernel: CPU topo: Num. cores per package:     4
May 29 20:57:13.944371 kernel: CPU topo: Num. threads per package:   4
May 29 20:57:13.944374 kernel: CPU topo: Allowing 4 present CPUs plus 0 hotplug CPUs
May 29 20:57:13.944376 kernel: kvm-guest: APIC: eoi() replaced with kvm_guest_apic_eoi_write()
May 29 20:57:13.944379 kernel: PM: hibernation: Registered nosave memory: [mem 0x00000000-0x00000fff]
May 29 20:57:13.944381 kernel: PM: hibernation: Registered nosave memory: [mem 0x0009f000-0x0009ffff]
May 29 20:57:13.944384 kernel: PM: hibernation: Registered nosave memory: [mem 0x000a0000-0x000effff]
May 29 20:57:13.944386 kernel: PM: hibernation: Registered nosave memory: [mem 0x000f0000-0x000fffff]
May 29 20:57:13.944388 kernel: PM: hibernation: Registered nosave memory: [mem 0xbffe8000-0xbfffffff]
May 29 20:57:13.944391 kernel: PM: hibernation: Registered nosave memory: [mem 0xc0000000-0xdfffffff]
May 29 20:57:13.944393 kernel: PM: hibernation: Registered nosave memory: [mem 0xe0000000-0xe03fffff]
May 29 20:57:13.944395 kernel: PM: hibernation: Registered nosave memory: [mem 0xe0400000-0xfffbffff]
May 29 20:57:13.944397 kernel: PM: hibernation: Registered nosave memory: [mem 0xfffc0000-0xffffffff]
May 29 20:57:13.944399 kernel: [mem 0xc0000000-0xdfffffff] available for PCI devices
May 29 20:57:13.944402 kernel: Booting paravirtualized kernel on KVM
May 29 20:57:13.944404 kernel: clocksource: refined-jiffies: mask: 0xffffffff max_cycles: 0xffffffff, max_idle_ns: 1910969940391419 ns
May 29 20:57:13.944407 kernel: setup_percpu: NR_CPUS:8192 nr_cpumask_bits:4 nr_cpu_ids:4 nr_node_ids:1
May 29 20:57:13.944410 kernel: percpu: Embedded 64 pages/cpu s225280 r8192 d28672 u524288
May 29 20:57:13.944412 kernel: pcpu-alloc: s225280 r8192 d28672 u524288 alloc=1*2097152
May 29 20:57:13.944414 kernel: pcpu-alloc: [0] 0 1 2 3 
May 29 20:57:13.944416 kernel: kvm-guest: PV spinlocks enabled
May 29 20:57:13.944419 kernel: PV qspinlock hash table entries: 256 (order: 0, 4096 bytes, linear)
May 29 20:57:13.944421 kernel: Kernel command line: BOOT_IMAGE=(hd0,gpt3)/boot/ostree/rhcos-617b0e78715ed36bc2244f65434be3f79c4e5cc41b856cce9de411575dfca7bd/vmlinuz-5.14.0-570.55.1.el9_6.x86_64 rw ignition.firstboot ostree=/ostree/boot.1/rhcos/617b0e78715ed36bc2244f65434be3f79c4e5cc41b856cce9de411575dfca7bd/0 ignition.platform.id=aws console=tty0 console=ttyS0,115200n8
May 29 20:57:13.944424 kernel: Unknown kernel command line parameters "BOOT_IMAGE=(hd0,gpt3)/boot/ostree/rhcos-617b0e78715ed36bc2244f65434be3f79c4e5cc41b856cce9de411575dfca7bd/vmlinuz-5.14.0-570.55.1.el9_6.x86_64 ostree=/ostree/boot.1/rhcos/617b0e78715ed36bc2244f65434be3f79c4e5cc41b856cce9de411575dfca7bd/0", will be passed to user space.
May 29 20:57:13.944427 kernel: random: crng init done
May 29 20:57:13.944431 kernel: Dentry cache hash table entries: 2097152 (order: 12, 16777216 bytes, linear)
May 29 20:57:13.944434 kernel: Inode-cache hash table entries: 1048576 (order: 11, 8388608 bytes, linear)
May 29 20:57:13.944436 kernel: Fallback order for Node 0: 0 
May 29 20:57:13.944439 kernel: Built 1 zonelists, mobility grouping on.  Total pages: 4044824
May 29 20:57:13.944442 kernel: Policy zone: Normal
May 29 20:57:13.944444 kernel: mem auto-init: stack:off, heap alloc:off, heap free:off
May 29 20:57:13.944446 kernel: software IO TLB: area num 4.
May 29 20:57:13.944449 kernel: Memory: 3105712K/16436760K available (16384K kernel code, 5766K rwdata, 13628K rodata, 4044K init, 7384K bss, 510692K reserved, 0K cma-reserved)
May 29 20:57:13.944451 kernel: SLUB: HWalign=64, Order=0-3, MinObjects=0, CPUs=4, Nodes=1
May 29 20:57:13.944454 kernel: ftrace: allocating 49069 entries in 192 pages
May 29 20:57:13.944456 kernel: ftrace: allocated 192 pages with 2 groups
May 29 20:57:13.944458 kernel: Dynamic Preempt: voluntary
May 29 20:57:13.944461 kernel: rcu: Preemptible hierarchical RCU implementation.
May 29 20:57:13.944464 kernel: rcu:         RCU event tracing is enabled.
May 29 20:57:13.944467 kernel: rcu:         RCU restricting CPUs from NR_CPUS=8192 to nr_cpu_ids=4.
May 29 20:57:13.944469 kernel:         Trampoline variant of Tasks RCU enabled.
May 29 20:57:13.944471 kernel:         Rude variant of Tasks RCU enabled.
May 29 20:57:13.944474 kernel:         Tracing variant of Tasks RCU enabled.
May 29 20:57:13.944476 kernel: rcu: RCU calculated value of scheduler-enlistment delay is 100 jiffies.
May 29 20:57:13.944479 kernel: rcu: Adjusting geometry for rcu_fanout_leaf=16, nr_cpu_ids=4
May 29 20:57:13.944481 kernel: RCU Tasks: Setting shift to 2 and lim to 1 rcu_task_cb_adjust=1.
May 29 20:57:13.944483 kernel: RCU Tasks Rude: Setting shift to 2 and lim to 1 rcu_task_cb_adjust=1.
May 29 20:57:13.944486 kernel: RCU Tasks Trace: Setting shift to 2 and lim to 1 rcu_task_cb_adjust=1.
May 29 20:57:13.944488 kernel: NR_IRQS: 524544, nr_irqs: 456, preallocated irqs: 16
May 29 20:57:13.944490 kernel: rcu: srcu_init: Setting srcu_struct sizes based on contention.
May 29 20:57:13.944493 kernel: kfence: initialized - using 2097152 bytes for 255 objects at 0x(____ptrval____)-0x(____ptrval____)
May 29 20:57:13.944496 kernel: Console: colour VGA+ 80x25
May 29 20:57:13.944498 kernel: printk: legacy console [tty0] enabled
May 29 20:57:13.944500 kernel: printk: console [ttyS0] enabled
May 29 20:57:13.944503 kernel: ACPI: Core revision 20230331
May 29 20:57:13.944505 kernel: clocksource: hpet: mask: 0xffffffff max_cycles: 0xffffffff, max_idle_ns: 30580167144 ns
May 29 20:57:13.944507 kernel: APIC: Switch to symmetric I/O mode setup
May 29 20:57:13.944510 kernel: x2apic enabled
May 29 20:57:13.944512 kernel: APIC: Switched APIC routing to: physical x2apic
May 29 20:57:13.944520 kernel: kvm-guest: APIC: send_IPI_mask() replaced with kvm_send_ipi_mask()
May 29 20:57:13.944522 kernel: kvm-guest: APIC: send_IPI_mask_allbutself() replaced with kvm_send_ipi_mask_allbutself()
May 29 20:57:13.944524 kernel: kvm-guest: setup PV IPIs
May 29 20:57:13.944527 kernel: ..TIMER: vector=0x30 apic1=0 pin1=0 apic2=-1 pin2=-1
May 29 20:57:13.944530 kernel: clocksource: tsc-early: mask: 0xffffffffffffffff max_cycles: 0x257a3a7b45f, max_idle_ns: 440795312762 ns
May 29 20:57:13.944532 kernel: Calibrating delay loop (skipped) preset value.. 5199.99 BogoMIPS (lpj=2599998)
May 29 20:57:13.944535 kernel: process: using mwait in idle threads
May 29 20:57:13.944537 kernel: Last level iTLB entries: 4KB 64, 2MB 64, 4MB 32
May 29 20:57:13.944539 kernel: Last level dTLB entries: 4KB 128, 2MB 128, 4MB 64, 1GB 0
May 29 20:57:13.944542 kernel: Spectre V1 : Mitigation: usercopy/swapgs barriers and __user pointer sanitization
May 29 20:57:13.944544 kernel: Spectre V2 : Mitigation: Enhanced / Automatic IBRS
May 29 20:57:13.944546 kernel: Spectre V2 : Spectre v2 / SpectreRSB mitigation: Filling RSB on context switch
May 29 20:57:13.944549 kernel: Spectre V2 : mitigation: Enabling conditional Indirect Branch Prediction Barrier
May 29 20:57:13.944551 kernel: Speculative Store Bypass: Mitigation: Speculative Store Bypass disabled via prctl
May 29 20:57:13.944554 kernel: x86/fpu: Supporting XSAVE feature 0x001: 'x87 floating point registers'
May 29 20:57:13.944557 kernel: x86/fpu: Supporting XSAVE feature 0x002: 'SSE registers'
May 29 20:57:13.944559 kernel: x86/fpu: Supporting XSAVE feature 0x004: 'AVX registers'
May 29 20:57:13.944561 kernel: x86/fpu: Supporting XSAVE feature 0x020: 'AVX-512 opmask'
May 29 20:57:13.944563 kernel: x86/fpu: Supporting XSAVE feature 0x040: 'AVX-512 Hi256'
May 29 20:57:13.944566 kernel: x86/fpu: Supporting XSAVE feature 0x080: 'AVX-512 ZMM_Hi256'
May 29 20:57:13.944568 kernel: x86/fpu: Supporting XSAVE feature 0x200: 'Protection Keys User registers'
May 29 20:57:13.944570 kernel: x86/fpu: xstate_offset[2]:  576, xstate_sizes[2]:  256
May 29 20:57:13.944573 kernel: x86/fpu: xstate_offset[5]:  832, xstate_sizes[5]:   64
May 29 20:57:13.944575 kernel: x86/fpu: xstate_offset[6]:  896, xstate_sizes[6]:  512
May 29 20:57:13.944577 kernel: x86/fpu: xstate_offset[7]: 1408, xstate_sizes[7]: 1024
May 29 20:57:13.944580 kernel: x86/fpu: xstate_offset[9]: 2432, xstate_sizes[9]:    8
May 29 20:57:13.944583 kernel: x86/fpu: Enabled xstate features 0x2e7, context size is 2440 bytes, using 'compacted' format.
May 29 20:57:13.944585 kernel: Freeing SMP alternatives memory: 40K
May 29 20:57:13.944588 kernel: pid_max: default: 32768 minimum: 301
May 29 20:57:13.944590 kernel: LSM: initializing lsm=lockdown,capability,landlock,yama,integrity,selinux,bpf
May 29 20:57:13.944593 kernel: landlock: Up and running.
May 29 20:57:13.944595 kernel: Yama: becoming mindful.
May 29 20:57:13.944597 kernel: SELinux:  Initializing.
May 29 20:57:13.944600 kernel: LSM support for eBPF active
May 29 20:57:13.944602 kernel: Mount-cache hash table entries: 32768 (order: 6, 262144 bytes, linear)
May 29 20:57:13.944604 kernel: Mountpoint-cache hash table entries: 32768 (order: 6, 262144 bytes, linear)
May 29 20:57:13.944607 kernel: smpboot: CPU0: AMD EPYC 9R45 (family: 0x1a, model: 0x2, stepping: 0x1)
May 29 20:57:13.944610 kernel: Performance Events: Fam17h+ core perfctr, AMD PMU driver.
May 29 20:57:13.944613 kernel: ... version:                2
May 29 20:57:13.944615 kernel: ... bit width:              48
May 29 20:57:13.944617 kernel: ... generic registers:      5
May 29 20:57:13.944619 kernel: ... value mask:             0000ffffffffffff
May 29 20:57:13.944622 kernel: ... max period:             00007fffffffffff
May 29 20:57:13.944624 kernel: ... fixed-purpose events:   0
May 29 20:57:13.944626 kernel: ... event mask:             000000000000001f
May 29 20:57:13.944629 kernel: signal: max sigframe size: 3376
May 29 20:57:13.944631 kernel: rcu: Hierarchical SRCU implementation.
May 29 20:57:13.944633 kernel: rcu:         Max phase no-delay instances is 400.
May 29 20:57:13.944636 kernel: smp: Bringing up secondary CPUs ...
May 29 20:57:13.944639 kernel: smpboot: x86: Booting SMP configuration:
May 29 20:57:13.944641 kernel: .... node  #0, CPUs:      #1 #2 #3
May 29 20:57:13.944643 kernel: smp: Brought up 1 node, 4 CPUs
May 29 20:57:13.944646 kernel: smpboot: Total of 4 processors activated (20799.98 BogoMIPS)
May 29 20:57:13.944648 kernel: node 0 deferred pages initialised in 8ms
May 29 20:57:13.944650 kernel: devtmpfs: initialized
May 29 20:57:13.944652 kernel: x86/mm: Memory block size: 128MB
May 29 20:57:13.944655 kernel: clocksource: jiffies: mask: 0xffffffff max_cycles: 0xffffffff, max_idle_ns: 1911260446275000 ns
May 29 20:57:13.944657 kernel: futex hash table entries: 1024 (order: 4, 65536 bytes, linear)
May 29 20:57:13.944659 kernel: pinctrl core: initialized pinctrl subsystem
May 29 20:57:13.944662 kernel: NET: Registered PF_NETLINK/PF_ROUTE protocol family
May 29 20:57:13.944664 kernel: DMA: preallocated 2048 KiB GFP_KERNEL pool for atomic allocations
May 29 20:57:13.944667 kernel: DMA: preallocated 2048 KiB GFP_KERNEL|GFP_DMA pool for atomic allocations
May 29 20:57:13.944669 kernel: DMA: preallocated 2048 KiB GFP_KERNEL|GFP_DMA32 pool for atomic allocations
May 29 20:57:13.944672 kernel: audit: initializing netlink subsys (disabled)
May 29 20:57:13.944674 kernel: audit: type=2000 audit(1780088231.946:1): state=initialized audit_enabled=0 res=1
May 29 20:57:13.944677 kernel: thermal_sys: Registered thermal governor 'fair_share'
May 29 20:57:13.944679 kernel: thermal_sys: Registered thermal governor 'step_wise'
May 29 20:57:13.944681 kernel: thermal_sys: Registered thermal governor 'user_space'
May 29 20:57:13.944684 kernel: cpuidle: using governor menu
May 29 20:57:13.944686 kernel: acpiphp: ACPI Hot Plug PCI Controller Driver version: 0.5
May 29 20:57:13.944688 kernel: PCI: ECAM [mem 0x440100000-0x4423fffff] (base 0x440000000) for domain 0000 [bus 01-23]
May 29 20:57:13.944691 kernel: PCI: ECAM [mem 0x442400000-0x442bfffff] (base 0x440000000) for domain 0000 [bus 24-2b]
May 29 20:57:13.944694 kernel: PCI: Using configuration type 1 for base access
May 29 20:57:13.944696 kernel: kprobes: kprobe jump-optimization is enabled. All kprobes are optimized if possible.
May 29 20:57:13.944698 kernel: HugeTLB: registered 1.00 GiB page size, pre-allocated 0 pages
May 29 20:57:13.944701 kernel: HugeTLB: 16380 KiB vmemmap can be freed for a 1.00 GiB page
May 29 20:57:13.944703 kernel: HugeTLB: registered 2.00 MiB page size, pre-allocated 0 pages
May 29 20:57:13.944705 kernel: HugeTLB: 28 KiB vmemmap can be freed for a 2.00 MiB page
May 29 20:57:13.944708 kernel: Demotion targets for Node 0: null
May 29 20:57:13.944710 kernel: cryptd: max_cpu_qlen set to 1000
May 29 20:57:13.944712 kernel: ACPI: Added _OSI(Module Device)
May 29 20:57:13.944715 kernel: ACPI: Added _OSI(Processor Device)
May 29 20:57:13.944717 kernel: ACPI: Added _OSI(3.0 _SCP Extensions)
May 29 20:57:13.944719 kernel: ACPI: Added _OSI(Processor Aggregator Device)
May 29 20:57:13.944722 kernel: ACPI: 3 ACPI AML tables successfully acquired and loaded
May 29 20:57:13.944725 kernel: ACPI: _OSC evaluation for CPUs failed, trying _PDC
May 29 20:57:13.944727 kernel: ACPI: Interpreter enabled
May 29 20:57:13.944729 kernel: ACPI: PM: (supports S0 S4 S5)
May 29 20:57:13.944732 kernel: ACPI: Using IOAPIC for interrupt routing
May 29 20:57:13.944734 kernel: PCI: Using host bridge windows from ACPI; if necessary, use "pci=nocrs" and report a bug
May 29 20:57:13.944737 kernel: PCI: Using E820 reservations for host bridge windows
May 29 20:57:13.944739 kernel: ACPI: Enabled 2 GPEs in block 00 to 0F
May 29 20:57:13.944741 kernel: ACPI: PCI Root Bridge [PCI0] (domain 0000 [bus 00])
May 29 20:57:13.944810 kernel: acpi PNP0A03:00: _OSC: OS supports [ExtendedConfig ASPM ClockPM Segments MSI EDR HPX-Type3]
May 29 20:57:13.944862 kernel: acpi PNP0A03:00: fail to add MMCONFIG information, can't access extended configuration space under this bridge
May 29 20:57:13.944866 kernel: acpiphp: Slot [3] registered
May 29 20:57:13.944868 kernel: acpiphp: Slot [4] registered
May 29 20:57:13.944871 kernel: acpiphp: Slot [5] registered
May 29 20:57:13.944873 kernel: acpiphp: Slot [6] registered
May 29 20:57:13.944875 kernel: acpiphp: Slot [7] registered
May 29 20:57:13.944877 kernel: acpiphp: Slot [8] registered
May 29 20:57:13.944880 kernel: acpiphp: Slot [9] registered
May 29 20:57:13.944882 kernel: acpiphp: Slot [10] registered
May 29 20:57:13.944884 kernel: acpiphp: Slot [11] registered
May 29 20:57:13.944887 kernel: acpiphp: Slot [12] registered
May 29 20:57:13.944889 kernel: acpiphp: Slot [13] registered
May 29 20:57:13.944892 kernel: acpiphp: Slot [14] registered
May 29 20:57:13.944894 kernel: acpiphp: Slot [15] registered
May 29 20:57:13.944897 kernel: acpiphp: Slot [16] registered
May 29 20:57:13.944899 kernel: acpiphp: Slot [17] registered
May 29 20:57:13.944901 kernel: acpiphp: Slot [18] registered
May 29 20:57:13.944903 kernel: acpiphp: Slot [19] registered
May 29 20:57:13.944906 kernel: acpiphp: Slot [20] registered
May 29 20:57:13.944908 kernel: acpiphp: Slot [21] registered
May 29 20:57:13.944910 kernel: acpiphp: Slot [22] registered
May 29 20:57:13.944913 kernel: acpiphp: Slot [23] registered
May 29 20:57:13.944915 kernel: acpiphp: Slot [24] registered
May 29 20:57:13.944917 kernel: acpiphp: Slot [25] registered
May 29 20:57:13.944920 kernel: acpiphp: Slot [26] registered
May 29 20:57:13.944922 kernel: acpiphp: Slot [27] registered
May 29 20:57:13.944925 kernel: acpiphp: Slot [28] registered
May 29 20:57:13.944927 kernel: acpiphp: Slot [29] registered
May 29 20:57:13.944929 kernel: acpiphp: Slot [30] registered
May 29 20:57:13.944931 kernel: acpiphp: Slot [31] registered
May 29 20:57:13.944934 kernel: PCI host bridge to bus 0000:00
May 29 20:57:13.944968 kernel: pci_bus 0000:00: root bus resource [io  0x0000-0x0cf7 window]
May 29 20:57:13.944993 kernel: pci_bus 0000:00: root bus resource [io  0x0d00-0xffff window]
May 29 20:57:13.945017 kernel: pci_bus 0000:00: root bus resource [mem 0x000a0000-0x000bffff window]
May 29 20:57:13.945040 kernel: pci_bus 0000:00: root bus resource [mem 0xc0000000-0xc3ffffff window]
May 29 20:57:13.945063 kernel: pci_bus 0000:00: root bus resource [mem 0x480000000-0x481ffffff window]
May 29 20:57:13.945085 kernel: pci_bus 0000:00: root bus resource [bus 00]
May 29 20:57:13.945126 kernel: pci 0000:00:00.0: [8086:1237] type 00 class 0x060000 conventional PCI endpoint
May 29 20:57:13.945158 kernel: pci 0000:00:01.0: [8086:7000] type 00 class 0x060100 conventional PCI endpoint
May 29 20:57:13.945192 kernel: pci 0000:00:01.3: [8086:7113] type 00 class 0x000000 conventional PCI endpoint
May 29 20:57:13.945219 kernel: pci 0000:00:01.3: quirk: [io  0xb000-0xb03f] claimed by PIIX4 ACPI
May 29 20:57:13.945246 kernel: pci 0000:00:01.3: quirk: [io  0xb100-0xb10f] claimed by PIIX4 SMB
May 29 20:57:13.945271 kernel: pci 0000:00:01.3: PIIX4 devres E PIO at fff0-ffff
May 29 20:57:13.945296 kernel: pci 0000:00:01.3: PIIX4 devres F MMIO at ffc00000-ffffffff
May 29 20:57:13.945322 kernel: pci 0000:00:01.3: PIIX4 devres G PIO at fff0-ffff
May 29 20:57:13.945348 kernel: pci 0000:00:01.3: PIIX4 devres H MMIO at ffc00000-ffffffff
May 29 20:57:13.945372 kernel: pci 0000:00:01.3: PIIX4 devres I PIO at fff0-ffff
May 29 20:57:13.945397 kernel: pci 0000:00:01.3: PIIX4 devres J PIO at fff0-ffff
May 29 20:57:13.945423 kernel: pci 0000:00:01.3: quirk_piix4_acpi+0x0/0x170 took 14648 usecs
May 29 20:57:13.945454 kernel: pci 0000:00:03.0: [1d0f:1111] type 00 class 0x030000 conventional PCI endpoint
May 29 20:57:13.945480 kernel: pci 0000:00:03.0: BAR 0 [mem 0xc2000000-0xc23fffff pref]
May 29 20:57:13.945505 kernel: pci 0000:00:03.0: ROM [mem 0xc0000000-0xc000ffff pref]
May 29 20:57:13.945530 kernel: pci 0000:00:03.0: Video device with shadowed ROM at [mem 0x000c0000-0x000dffff]
May 29 20:57:13.945561 kernel: pci 0000:00:04.0: [1d0f:8061] type 00 class 0x010802 PCIe Endpoint
May 29 20:57:13.945600 kernel: pci 0000:00:04.0: BAR 0 [mem 0xc0010000-0xc0013fff]
May 29 20:57:13.945650 kernel: pci 0000:00:04.0: enabling Extended Tags
May 29 20:57:13.945889 kernel: pci_bus 0000:00: on NUMA node 0
May 29 20:57:13.945892 kernel: ACPI: PCI Root Bridge [PC01] (domain 0000 [bus 01-23])
May 29 20:57:13.945945 kernel: acpi PNP0A08:00: _OSC: OS supports [ExtendedConfig ASPM ClockPM Segments MSI EDR HPX-Type3]
May 29 20:57:13.945973 kernel: acpi PNP0A08:00: _OSC: platform does not support [SHPCHotplug AER LTR DPC]
May 29 20:57:13.946013 kernel: acpi PNP0A08:00: _OSC: OS now controls [PCIeHotplug PME PCIeCapability]
May 29 20:57:13.946019 kernel: acpiphp: Slot [32] registered
May 29 20:57:13.946027 kernel: acpiphp: Slot [33] registered
May 29 20:57:13.946033 kernel: acpiphp: Slot [34] registered
May 29 20:57:13.946038 kernel: acpiphp: Slot [35] registered
May 29 20:57:13.946043 kernel: acpiphp: Slot [36] registered
May 29 20:57:13.946049 kernel: acpiphp: Slot [37] registered
May 29 20:57:13.946056 kernel: acpiphp: Slot [38] registered
May 29 20:57:13.946070 kernel: acpiphp: Slot [39] registered
May 29 20:57:13.946074 kernel: acpiphp: Slot [40] registered
May 29 20:57:13.946083 kernel: acpiphp: Slot [41] registered
May 29 20:57:13.946085 kernel: acpiphp: Slot [42] registered
May 29 20:57:13.946088 kernel: acpiphp: Slot [43] registered
May 29 20:57:13.946115 kernel: acpiphp: Slot [44] registered
May 29 20:57:13.946119 kernel: acpiphp: Slot [45] registered
May 29 20:57:13.946121 kernel: acpiphp: Slot [46] registered
May 29 20:57:13.946124 kernel: acpiphp: Slot [47] registered
May 29 20:57:13.946126 kernel: acpiphp: Slot [48] registered
May 29 20:57:13.946129 kernel: acpiphp: Slot [49] registered
May 29 20:57:13.946134 kernel: acpiphp: Slot [50] registered
May 29 20:57:13.946136 kernel: acpiphp: Slot [51] registered
May 29 20:57:13.946139 kernel: acpiphp: Slot [52] registered
May 29 20:57:13.946143 kernel: acpiphp: Slot [53] registered
May 29 20:57:13.946147 kernel: acpiphp: Slot [54] registered
May 29 20:57:13.946149 kernel: acpiphp: Slot [55] registered
May 29 20:57:13.946154 kernel: acpiphp: Slot [56] registered
May 29 20:57:13.946158 kernel: acpiphp: Slot [57] registered
May 29 20:57:13.946166 kernel: acpiphp: Slot [58] registered
May 29 20:57:13.946171 kernel: acpiphp: Slot [59] registered
May 29 20:57:13.946177 kernel: acpiphp: Slot [60] registered
May 29 20:57:13.946182 kernel: acpiphp: Slot [61] registered
May 29 20:57:13.946189 kernel: acpiphp: Slot [62] registered
May 29 20:57:13.946194 kernel: acpiphp: Slot [63] registered
May 29 20:57:13.946200 kernel: PCI host bridge to bus 0000:01
May 29 20:57:13.946271 kernel: pci_bus 0000:01: root bus resource [mem 0xc4000000-0xc82fffff window]
May 29 20:57:13.946325 kernel: pci_bus 0000:01: root bus resource [mem 0x482000000-0x4a1ffffff window]
May 29 20:57:13.946379 kernel: pci_bus 0000:01: root bus resource [bus 01-23]
May 29 20:57:13.946456 kernel: pci 0000:01:00.0: [1d0f:0200] type 01 class 0x060400 PCIe Root Port
May 29 20:57:13.946523 kernel: pci 0000:01:00.0: BAR 0 [mem 0xc4000000-0xc40003ff]
May 29 20:57:13.946550 kernel: pci 0000:01:00.0: PCI bridge to [bus 02-23]
May 29 20:57:13.946576 kernel: pci 0000:01:00.0:   bridge window [mem 0xc4100000-0xc82fffff]
May 29 20:57:13.946602 kernel: pci 0000:01:00.0:   bridge window [mem 0x482000000-0x4a1ffffff 64bit pref]
May 29 20:57:13.946635 kernel: pci 0000:02:00.0: [1d0f:0200] type 01 class 0x060400 PCIe Switch Upstream Port
May 29 20:57:13.946662 kernel: pci 0000:02:00.0: BAR 0 [mem 0xc4100000-0xc41003ff]
May 29 20:57:13.946689 kernel: pci 0000:02:00.0: PCI bridge to [bus 03-23]
May 29 20:57:13.946716 kernel: pci 0000:02:00.0:   bridge window [mem 0xc4200000-0xc82fffff]
May 29 20:57:13.946745 kernel: pci 0000:02:00.0:   bridge window [mem 0x482000000-0x4a1ffffff 64bit pref]
May 29 20:57:13.946772 kernel: pci 0000:01:00.0: PCI bridge to [bus 02-23]
May 29 20:57:13.946807 kernel: pci 0000:03:00.0: [1d0f:0200] type 01 class 0x060400 PCIe Switch Downstream Port
May 29 20:57:13.946842 kernel: pci 0000:03:00.0: BAR 0 [mem 0xc4200000-0xc42003ff]
May 29 20:57:13.946872 kernel: pci 0000:03:00.0: PCI bridge to [bus 04]
May 29 20:57:13.946900 kernel: pci 0000:03:00.0:   bridge window [mem 0xc4300000-0xc44fffff]
May 29 20:57:13.946929 kernel: pci 0000:03:00.0:   bridge window [mem 0x482000000-0x482ffffff 64bit pref]
May 29 20:57:13.946963 kernel: pci 0000:03:00.1: [1d0f:0200] type 01 class 0x060400 PCIe Switch Downstream Port
May 29 20:57:13.946993 kernel: pci 0000:03:00.1: BAR 0 [mem 0xc4200400-0xc42007ff]
May 29 20:57:13.947021 kernel: pci 0000:03:00.1: PCI bridge to [bus 05]
May 29 20:57:13.947049 kernel: pci 0000:03:00.1:   bridge window [mem 0xc4500000-0xc46fffff]
May 29 20:57:13.947077 kernel: pci 0000:03:00.1:   bridge window [mem 0x483000000-0x483ffffff 64bit pref]
May 29 20:57:13.947111 kernel: pci 0000:03:00.2: [1d0f:0200] type 01 class 0x060400 PCIe Switch Downstream Port
May 29 20:57:13.947139 kernel: pci 0000:03:00.2: BAR 0 [mem 0xc4200800-0xc4200bff]
May 29 20:57:13.947167 kernel: pci 0000:03:00.2: PCI bridge to [bus 06]
May 29 20:57:13.947196 kernel: pci 0000:03:00.2:   bridge window [mem 0xc4700000-0xc48fffff]
May 29 20:57:13.947223 kernel: pci 0000:03:00.2:   bridge window [mem 0x484000000-0x484ffffff 64bit pref]
May 29 20:57:13.947260 kernel: pci 0000:03:00.3: [1d0f:0200] type 01 class 0x060400 PCIe Switch Downstream Port
May 29 20:57:13.947288 kernel: pci 0000:03:00.3: BAR 0 [mem 0xc4200c00-0xc4200fff]
May 29 20:57:13.947316 kernel: pci 0000:03:00.3: PCI bridge to [bus 07]
May 29 20:57:13.947345 kernel: pci 0000:03:00.3:   bridge window [mem 0xc4900000-0xc4afffff]
May 29 20:57:13.947372 kernel: pci 0000:03:00.3:   bridge window [mem 0x485000000-0x485ffffff 64bit pref]
May 29 20:57:13.947405 kernel: pci 0000:03:00.4: [1d0f:0200] type 01 class 0x060400 PCIe Switch Downstream Port
May 29 20:57:13.947433 kernel: pci 0000:03:00.4: BAR 0 [mem 0xc4201000-0xc42013ff]
May 29 20:57:13.947462 kernel: pci 0000:03:00.4: PCI bridge to [bus 08]
May 29 20:57:13.947491 kernel: pci 0000:03:00.4:   bridge window [mem 0xc4b00000-0xc4cfffff]
May 29 20:57:13.947518 kernel: pci 0000:03:00.4:   bridge window [mem 0x486000000-0x486ffffff 64bit pref]
May 29 20:57:13.947553 kernel: pci 0000:03:00.5: [1d0f:0200] type 01 class 0x060400 PCIe Switch Downstream Port
May 29 20:57:13.947582 kernel: pci 0000:03:00.5: BAR 0 [mem 0xc4201400-0xc42017ff]
May 29 20:57:13.947610 kernel: pci 0000:03:00.5: PCI bridge to [bus 09]
May 29 20:57:13.947638 kernel: pci 0000:03:00.5:   bridge window [mem 0xc4d00000-0xc4efffff]
May 29 20:57:13.947666 kernel: pci 0000:03:00.5:   bridge window [mem 0x487000000-0x487ffffff 64bit pref]
May 29 20:57:13.947699 kernel: pci 0000:03:00.6: [1d0f:0200] type 01 class 0x060400 PCIe Switch Downstream Port
May 29 20:57:13.947728 kernel: pci 0000:03:00.6: BAR 0 [mem 0xc4201800-0xc4201bff]
May 29 20:57:13.947756 kernel: pci 0000:03:00.6: PCI bridge to [bus 0a]
May 29 20:57:13.947784 kernel: pci 0000:03:00.6:   bridge window [mem 0xc4f00000-0xc50fffff]
May 29 20:57:13.947813 kernel: pci 0000:03:00.6:   bridge window [mem 0x488000000-0x488ffffff 64bit pref]
May 29 20:57:13.947944 kernel: pci 0000:03:00.7: [1d0f:0200] type 01 class 0x060400 PCIe Switch Downstream Port
May 29 20:57:13.947972 kernel: pci 0000:03:00.7: BAR 0 [mem 0xc4201c00-0xc4201fff]
May 29 20:57:13.948000 kernel: pci 0000:03:00.7: PCI bridge to [bus 0b]
May 29 20:57:13.948027 kernel: pci 0000:03:00.7:   bridge window [mem 0xc5100000-0xc52fffff]
May 29 20:57:13.948054 kernel: pci 0000:03:00.7:   bridge window [mem 0x489000000-0x489ffffff 64bit pref]
May 29 20:57:13.948087 kernel: pci 0000:03:01.0: [1d0f:0200] type 01 class 0x060400 PCIe Switch Downstream Port
May 29 20:57:13.948115 kernel: pci 0000:03:01.0: BAR 0 [mem 0xc4202000-0xc42023ff]
May 29 20:57:13.948467 kernel: pci 0000:03:01.0: PCI bridge to [bus 0c]
May 29 20:57:13.948504 kernel: pci 0000:03:01.0:   bridge window [mem 0xc5300000-0xc54fffff]
May 29 20:57:13.948539 kernel: pci 0000:03:01.0:   bridge window [mem 0x48a000000-0x48affffff 64bit pref]
May 29 20:57:13.948577 kernel: pci 0000:03:01.1: [1d0f:0200] type 01 class 0x060400 PCIe Switch Downstream Port
May 29 20:57:13.948606 kernel: pci 0000:03:01.1: BAR 0 [mem 0xc4202400-0xc42027ff]
May 29 20:57:13.948634 kernel: pci 0000:03:01.1: PCI bridge to [bus 0d]
May 29 20:57:13.948661 kernel: pci 0000:03:01.1:   bridge window [mem 0xc5500000-0xc56fffff]
May 29 20:57:13.948689 kernel: pci 0000:03:01.1:   bridge window [mem 0x48b000000-0x48bffffff 64bit pref]
May 29 20:57:13.950116 kernel: pci 0000:03:01.2: [1d0f:0200] type 01 class 0x060400 PCIe Switch Downstream Port
May 29 20:57:13.950155 kernel: pci 0000:03:01.2: BAR 0 [mem 0xc4202800-0xc4202bff]
May 29 20:57:13.950184 kernel: pci 0000:03:01.2: PCI bridge to [bus 0e]
May 29 20:57:13.950213 kernel: pci 0000:03:01.2:   bridge window [mem 0xc5700000-0xc58fffff]
May 29 20:57:13.950241 kernel: pci 0000:03:01.2:   bridge window [mem 0x48c000000-0x48cffffff 64bit pref]
May 29 20:57:13.950274 kernel: pci 0000:03:01.3: [1d0f:0200] type 01 class 0x060400 PCIe Switch Downstream Port
May 29 20:57:13.950302 kernel: pci 0000:03:01.3: BAR 0 [mem 0xc4202c00-0xc4202fff]
May 29 20:57:13.950330 kernel: pci 0000:03:01.3: PCI bridge to [bus 0f]
May 29 20:57:13.950357 kernel: pci 0000:03:01.3:   bridge window [mem 0xc5900000-0xc5afffff]
May 29 20:57:13.950385 kernel: pci 0000:03:01.3:   bridge window [mem 0x48d000000-0x48dffffff 64bit pref]
May 29 20:57:13.950418 kernel: pci 0000:03:01.4: [1d0f:0200] type 01 class 0x060400 PCIe Switch Downstream Port
May 29 20:57:13.950447 kernel: pci 0000:03:01.4: BAR 0 [mem 0xc4203000-0xc42033ff]
May 29 20:57:13.950475 kernel: pci 0000:03:01.4: PCI bridge to [bus 10]
May 29 20:57:13.950502 kernel: pci 0000:03:01.4:   bridge window [mem 0xc5b00000-0xc5cfffff]
May 29 20:57:13.950529 kernel: pci 0000:03:01.4:   bridge window [mem 0x48e000000-0x48effffff 64bit pref]
May 29 20:57:13.950562 kernel: pci 0000:03:01.5: [1d0f:0200] type 01 class 0x060400 PCIe Switch Downstream Port
May 29 20:57:13.950590 kernel: pci 0000:03:01.5: BAR 0 [mem 0xc4203400-0xc42037ff]
May 29 20:57:13.950617 kernel: pci 0000:03:01.5: PCI bridge to [bus 11]
May 29 20:57:13.950644 kernel: pci 0000:03:01.5:   bridge window [mem 0xc5d00000-0xc5efffff]
May 29 20:57:13.950688 kernel: pci 0000:03:01.5:   bridge window [mem 0x48f000000-0x48fffffff 64bit pref]
May 29 20:57:13.950722 kernel: pci 0000:03:01.6: [1d0f:0200] type 01 class 0x060400 PCIe Switch Downstream Port
May 29 20:57:13.950750 kernel: pci 0000:03:01.6: BAR 0 [mem 0xc4203800-0xc4203bff]
May 29 20:57:13.950781 kernel: pci 0000:03:01.6: PCI bridge to [bus 12]
May 29 20:57:13.950808 kernel: pci 0000:03:01.6:   bridge window [mem 0xc5f00000-0xc60fffff]
May 29 20:57:13.950850 kernel: pci 0000:03:01.6:   bridge window [mem 0x490000000-0x490ffffff 64bit pref]
May 29 20:57:13.950882 kernel: pci 0000:03:01.7: [1d0f:0200] type 01 class 0x060400 PCIe Switch Downstream Port
May 29 20:57:13.950937 kernel: pci 0000:03:01.7: BAR 0 [mem 0xc4203c00-0xc4203fff]
May 29 20:57:13.950964 kernel: pci 0000:03:01.7: PCI bridge to [bus 13]
May 29 20:57:13.950992 kernel: pci 0000:03:01.7:   bridge window [mem 0xc6100000-0xc62fffff]
May 29 20:57:13.951020 kernel: pci 0000:03:01.7:   bridge window [mem 0x491000000-0x491ffffff 64bit pref]
May 29 20:57:13.951056 kernel: pci 0000:03:02.0: [1d0f:0200] type 01 class 0x060400 PCIe Switch Downstream Port
May 29 20:57:13.951085 kernel: pci 0000:03:02.0: BAR 0 [mem 0xc4204000-0xc42043ff]
May 29 20:57:13.951113 kernel: pci 0000:03:02.0: PCI bridge to [bus 14]
May 29 20:57:13.951142 kernel: pci 0000:03:02.0:   bridge window [mem 0xc6300000-0xc64fffff]
May 29 20:57:13.951170 kernel: pci 0000:03:02.0:   bridge window [mem 0x492000000-0x492ffffff 64bit pref]
May 29 20:57:13.951204 kernel: pci 0000:03:02.1: [1d0f:0200] type 01 class 0x060400 PCIe Switch Downstream Port
May 29 20:57:13.951232 kernel: pci 0000:03:02.1: BAR 0 [mem 0xc4204400-0xc42047ff]
May 29 20:57:13.951260 kernel: pci 0000:03:02.1: PCI bridge to [bus 15]
May 29 20:57:13.951288 kernel: pci 0000:03:02.1:   bridge window [mem 0xc6500000-0xc66fffff]
May 29 20:57:13.951316 kernel: pci 0000:03:02.1:   bridge window [mem 0x493000000-0x493ffffff 64bit pref]
May 29 20:57:13.951349 kernel: pci 0000:03:02.2: [1d0f:0200] type 01 class 0x060400 PCIe Switch Downstream Port
May 29 20:57:13.951377 kernel: pci 0000:03:02.2: BAR 0 [mem 0xc4204800-0xc4204bff]
May 29 20:57:13.951405 kernel: pci 0000:03:02.2: PCI bridge to [bus 16]
May 29 20:57:13.951433 kernel: pci 0000:03:02.2:   bridge window [mem 0xc6700000-0xc68fffff]
May 29 20:57:13.951460 kernel: pci 0000:03:02.2:   bridge window [mem 0x494000000-0x494ffffff 64bit pref]
May 29 20:57:13.951494 kernel: pci 0000:03:02.3: [1d0f:0200] type 01 class 0x060400 PCIe Switch Downstream Port
May 29 20:57:13.951522 kernel: pci 0000:03:02.3: BAR 0 [mem 0xc4204c00-0xc4204fff]
May 29 20:57:13.951549 kernel: pci 0000:03:02.3: PCI bridge to [bus 17]
May 29 20:57:13.951577 kernel: pci 0000:03:02.3:   bridge window [mem 0xc6900000-0xc6afffff]
May 29 20:57:13.951605 kernel: pci 0000:03:02.3:   bridge window [mem 0x495000000-0x495ffffff 64bit pref]
May 29 20:57:13.951639 kernel: pci 0000:03:02.4: [1d0f:0200] type 01 class 0x060400 PCIe Switch Downstream Port
May 29 20:57:13.951667 kernel: pci 0000:03:02.4: BAR 0 [mem 0xc4205000-0xc42053ff]
May 29 20:57:13.951694 kernel: pci 0000:03:02.4: PCI bridge to [bus 18]
May 29 20:57:13.951722 kernel: pci 0000:03:02.4:   bridge window [mem 0xc6b00000-0xc6cfffff]
May 29 20:57:13.951750 kernel: pci 0000:03:02.4:   bridge window [mem 0x496000000-0x496ffffff 64bit pref]
May 29 20:57:13.951782 kernel: pci 0000:03:02.5: [1d0f:0200] type 01 class 0x060400 PCIe Switch Downstream Port
May 29 20:57:13.951811 kernel: pci 0000:03:02.5: BAR 0 [mem 0xc4205400-0xc42057ff]
May 29 20:57:13.951845 kernel: pci 0000:03:02.5: PCI bridge to [bus 19]
May 29 20:57:13.951874 kernel: pci 0000:03:02.5:   bridge window [mem 0xc6d00000-0xc6efffff]
May 29 20:57:13.951902 kernel: pci 0000:03:02.5:   bridge window [mem 0x497000000-0x497ffffff 64bit pref]
May 29 20:57:13.951937 kernel: pci 0000:03:02.6: [1d0f:0200] type 01 class 0x060400 PCIe Switch Downstream Port
May 29 20:57:13.951965 kernel: pci 0000:03:02.6: BAR 0 [mem 0xc4205800-0xc4205bff]
May 29 20:57:13.951993 kernel: pci 0000:03:02.6: PCI bridge to [bus 1a]
May 29 20:57:13.952020 kernel: pci 0000:03:02.6:   bridge window [mem 0xc6f00000-0xc70fffff]
May 29 20:57:13.952048 kernel: pci 0000:03:02.6:   bridge window [mem 0x498000000-0x498ffffff 64bit pref]
May 29 20:57:13.952080 kernel: pci 0000:03:02.7: [1d0f:0200] type 01 class 0x060400 PCIe Switch Downstream Port
May 29 20:57:13.952109 kernel: pci 0000:03:02.7: BAR 0 [mem 0xc4205c00-0xc4205fff]
May 29 20:57:13.952137 kernel: pci 0000:03:02.7: PCI bridge to [bus 1b]
May 29 20:57:13.952164 kernel: pci 0000:03:02.7:   bridge window [mem 0xc7100000-0xc72fffff]
May 29 20:57:13.952192 kernel: pci 0000:03:02.7:   bridge window [mem 0x499000000-0x499ffffff 64bit pref]
May 29 20:57:13.952224 kernel: pci 0000:03:03.0: [1d0f:0200] type 01 class 0x060400 PCIe Switch Downstream Port
May 29 20:57:13.952252 kernel: pci 0000:03:03.0: BAR 0 [mem 0xc4206000-0xc42063ff]
May 29 20:57:13.952279 kernel: pci 0000:03:03.0: PCI bridge to [bus 1c]
May 29 20:57:13.952307 kernel: pci 0000:03:03.0:   bridge window [mem 0xc7300000-0xc74fffff]
May 29 20:57:13.952335 kernel: pci 0000:03:03.0:   bridge window [mem 0x49a000000-0x49affffff 64bit pref]
May 29 20:57:13.952367 kernel: pci 0000:03:03.1: [1d0f:0200] type 01 class 0x060400 PCIe Switch Downstream Port
May 29 20:57:13.952396 kernel: pci 0000:03:03.1: BAR 0 [mem 0xc4206400-0xc42067ff]
May 29 20:57:13.952424 kernel: pci 0000:03:03.1: PCI bridge to [bus 1d]
May 29 20:57:13.952452 kernel: pci 0000:03:03.1:   bridge window [mem 0xc7500000-0xc76fffff]
May 29 20:57:13.952479 kernel: pci 0000:03:03.1:   bridge window [mem 0x49b000000-0x49bffffff 64bit pref]
May 29 20:57:13.952513 kernel: pci 0000:03:03.2: [1d0f:0200] type 01 class 0x060400 PCIe Switch Downstream Port
May 29 20:57:13.952546 kernel: pci 0000:03:03.2: BAR 0 [mem 0xc4206800-0xc4206bff]
May 29 20:57:13.952573 kernel: pci 0000:03:03.2: PCI bridge to [bus 1e]
May 29 20:57:13.952601 kernel: pci 0000:03:03.2:   bridge window [mem 0xc7700000-0xc78fffff]
May 29 20:57:13.952629 kernel: pci 0000:03:03.2:   bridge window [mem 0x49c000000-0x49cffffff 64bit pref]
May 29 20:57:13.952661 kernel: pci 0000:03:03.3: [1d0f:0200] type 01 class 0x060400 PCIe Switch Downstream Port
May 29 20:57:13.952690 kernel: pci 0000:03:03.3: BAR 0 [mem 0xc4206c00-0xc4206fff]
May 29 20:57:13.952717 kernel: pci 0000:03:03.3: PCI bridge to [bus 1f]
May 29 20:57:13.952745 kernel: pci 0000:03:03.3:   bridge window [mem 0xc7900000-0xc7afffff]
May 29 20:57:13.952773 kernel: pci 0000:03:03.3:   bridge window [mem 0x49d000000-0x49dffffff 64bit pref]
May 29 20:57:13.952808 kernel: pci 0000:03:03.4: [1d0f:0200] type 01 class 0x060400 PCIe Switch Downstream Port
May 29 20:57:13.952841 kernel: pci 0000:03:03.4: BAR 0 [mem 0xc4207000-0xc42073ff]
May 29 20:57:13.952869 kernel: pci 0000:03:03.4: PCI bridge to [bus 20]
May 29 20:57:13.952896 kernel: pci 0000:03:03.4:   bridge window [mem 0xc7b00000-0xc7cfffff]
May 29 20:57:13.952923 kernel: pci 0000:03:03.4:   bridge window [mem 0x49e000000-0x49effffff 64bit pref]
May 29 20:57:13.952956 kernel: pci 0000:03:03.5: [1d0f:0200] type 01 class 0x060400 PCIe Switch Downstream Port
May 29 20:57:13.952985 kernel: pci 0000:03:03.5: BAR 0 [mem 0xc4207400-0xc42077ff]
May 29 20:57:13.953012 kernel: pci 0000:03:03.5: PCI bridge to [bus 21]
May 29 20:57:13.953039 kernel: pci 0000:03:03.5:   bridge window [mem 0xc7d00000-0xc7efffff]
May 29 20:57:13.953067 kernel: pci 0000:03:03.5:   bridge window [mem 0x49f000000-0x49fffffff 64bit pref]
May 29 20:57:13.953100 kernel: pci 0000:03:03.6: [1d0f:0200] type 01 class 0x060400 PCIe Switch Downstream Port
May 29 20:57:13.953128 kernel: pci 0000:03:03.6: BAR 0 [mem 0xc4207800-0xc4207bff]
May 29 20:57:13.953156 kernel: pci 0000:03:03.6: PCI bridge to [bus 22]
May 29 20:57:13.953183 kernel: pci 0000:03:03.6:   bridge window [mem 0xc7f00000-0xc80fffff]
May 29 20:57:13.953210 kernel: pci 0000:03:03.6:   bridge window [mem 0x4a0000000-0x4a0ffffff 64bit pref]
May 29 20:57:13.953244 kernel: pci 0000:03:03.7: [1d0f:0200] type 01 class 0x060400 PCIe Switch Downstream Port
May 29 20:57:13.953272 kernel: pci 0000:03:03.7: BAR 0 [mem 0xc4207c00-0xc4207fff]
May 29 20:57:13.953299 kernel: pci 0000:03:03.7: PCI bridge to [bus 23]
May 29 20:57:13.953327 kernel: pci 0000:03:03.7:   bridge window [mem 0xc8100000-0xc82fffff]
May 29 20:57:13.953355 kernel: pci 0000:03:03.7:   bridge window [mem 0x4a1000000-0x4a1ffffff 64bit pref]
May 29 20:57:13.953384 kernel: pci 0000:02:00.0: PCI bridge to [bus 03-23]
May 29 20:57:13.953416 kernel: pci 0000:03:00.0: PCI bridge to [bus 04]
May 29 20:57:13.953447 kernel: pci 0000:03:00.1: PCI bridge to [bus 05]
May 29 20:57:13.953478 kernel: pci 0000:03:00.2: PCI bridge to [bus 06]
May 29 20:57:13.953510 kernel: pci 0000:03:00.3: PCI bridge to [bus 07]
May 29 20:57:13.953543 kernel: pci 0000:03:00.4: PCI bridge to [bus 08]
May 29 20:57:13.953574 kernel: pci 0000:03:00.5: PCI bridge to [bus 09]
May 29 20:57:13.953605 kernel: pci 0000:03:00.6: PCI bridge to [bus 0a]
May 29 20:57:13.953636 kernel: pci 0000:03:00.7: PCI bridge to [bus 0b]
May 29 20:57:13.953674 kernel: pci 0000:03:01.0: PCI bridge to [bus 0c]
May 29 20:57:13.953714 kernel: pci 0000:03:01.1: PCI bridge to [bus 0d]
May 29 20:57:13.953745 kernel: pci 0000:03:01.2: PCI bridge to [bus 0e]
May 29 20:57:13.953774 kernel: pci 0000:03:01.3: PCI bridge to [bus 0f]
May 29 20:57:13.953803 kernel: pci 0000:03:01.4: PCI bridge to [bus 10]
May 29 20:57:13.953832 kernel: pci 0000:03:01.5: PCI bridge to [bus 11]
May 29 20:57:13.953867 kernel: pci 0000:03:01.6: PCI bridge to [bus 12]
May 29 20:57:13.953896 kernel: pci 0000:03:01.7: PCI bridge to [bus 13]
May 29 20:57:13.953924 kernel: pci 0000:03:02.0: PCI bridge to [bus 14]
May 29 20:57:13.953953 kernel: pci 0000:03:02.1: PCI bridge to [bus 15]
May 29 20:57:13.953981 kernel: pci 0000:03:02.2: PCI bridge to [bus 16]
May 29 20:57:13.954010 kernel: pci 0000:03:02.3: PCI bridge to [bus 17]
May 29 20:57:13.954038 kernel: pci 0000:03:02.4: PCI bridge to [bus 18]
May 29 20:57:13.954066 kernel: pci 0000:03:02.5: PCI bridge to [bus 19]
May 29 20:57:13.954093 kernel: pci 0000:03:02.6: PCI bridge to [bus 1a]
May 29 20:57:13.954121 kernel: pci 0000:03:02.7: PCI bridge to [bus 1b]
May 29 20:57:13.954150 kernel: pci 0000:03:03.0: PCI bridge to [bus 1c]
May 29 20:57:13.954178 kernel: pci 0000:03:03.1: PCI bridge to [bus 1d]
May 29 20:57:13.954206 kernel: pci 0000:03:03.2: PCI bridge to [bus 1e]
May 29 20:57:13.954234 kernel: pci 0000:03:03.3: PCI bridge to [bus 1f]
May 29 20:57:13.954262 kernel: pci 0000:03:03.4: PCI bridge to [bus 20]
May 29 20:57:13.954296 kernel: pci 0000:03:03.5: PCI bridge to [bus 21]
May 29 20:57:13.954324 kernel: pci 0000:03:03.6: PCI bridge to [bus 22]
May 29 20:57:13.954352 kernel: pci 0000:03:03.7: PCI bridge to [bus 23]
May 29 20:57:13.954381 kernel: pci_bus 0000:01: on NUMA node 0
May 29 20:57:13.954385 kernel: ACPI: PCI Root Bridge [PC02] (domain 0000 [bus 24-2b])
May 29 20:57:13.954422 kernel: acpi PNP0A08:01: _OSC: OS supports [ExtendedConfig ASPM ClockPM Segments MSI EDR HPX-Type3]
May 29 20:57:13.954450 kernel: acpi PNP0A08:01: _OSC: platform does not support [SHPCHotplug AER LTR DPC]
May 29 20:57:13.954475 kernel: acpi PNP0A08:01: _OSC: OS now controls [PCIeHotplug PME PCIeCapability]
May 29 20:57:13.954478 kernel: acpiphp: Slot [64] registered
May 29 20:57:13.954481 kernel: acpiphp: Slot [65] registered
May 29 20:57:13.954483 kernel: acpiphp: Slot [66] registered
May 29 20:57:13.954486 kernel: acpiphp: Slot [67] registered
May 29 20:57:13.954488 kernel: acpiphp: Slot [68] registered
May 29 20:57:13.954491 kernel: acpiphp: Slot [69] registered
May 29 20:57:13.954494 kernel: acpiphp: Slot [70] registered
May 29 20:57:13.954496 kernel: acpiphp: Slot [71] registered
May 29 20:57:13.954499 kernel: acpiphp: Slot [72] registered
May 29 20:57:13.954501 kernel: acpiphp: Slot [73] registered
May 29 20:57:13.954505 kernel: acpiphp: Slot [74] registered
May 29 20:57:13.954507 kernel: acpiphp: Slot [75] registered
May 29 20:57:13.954510 kernel: acpiphp: Slot [76] registered
May 29 20:57:13.954512 kernel: acpiphp: Slot [77] registered
May 29 20:57:13.954515 kernel: acpiphp: Slot [78] registered
May 29 20:57:13.954517 kernel: acpiphp: Slot [79] registered
May 29 20:57:13.954520 kernel: acpiphp: Slot [80] registered
May 29 20:57:13.954522 kernel: acpiphp: Slot [81] registered
May 29 20:57:13.954525 kernel: acpiphp: Slot [82] registered
May 29 20:57:13.954527 kernel: acpiphp: Slot [83] registered
May 29 20:57:13.954530 kernel: acpiphp: Slot [84] registered
May 29 20:57:13.954532 kernel: acpiphp: Slot [85] registered
May 29 20:57:13.954535 kernel: acpiphp: Slot [86] registered
May 29 20:57:13.954538 kernel: acpiphp: Slot [87] registered
May 29 20:57:13.954540 kernel: acpiphp: Slot [88] registered
May 29 20:57:13.954543 kernel: acpiphp: Slot [89] registered
May 29 20:57:13.954545 kernel: acpiphp: Slot [90] registered
May 29 20:57:13.954548 kernel: acpiphp: Slot [91] registered
May 29 20:57:13.954550 kernel: acpiphp: Slot [92] registered
May 29 20:57:13.954553 kernel: acpiphp: Slot [93] registered
May 29 20:57:13.954555 kernel: acpiphp: Slot [94] registered
May 29 20:57:13.954558 kernel: acpiphp: Slot [95] registered
May 29 20:57:13.954560 kernel: PCI host bridge to bus 0000:24
May 29 20:57:13.954594 kernel: pci_bus 0000:24: root bus resource [mem 0xc8400000-0xc90fffff window]
May 29 20:57:13.954618 kernel: pci_bus 0000:24: root bus resource [mem 0x4a2000000-0x4a6ffffff window]
May 29 20:57:13.954640 kernel: pci_bus 0000:24: root bus resource [bus 24-2b]
May 29 20:57:13.954672 kernel: pci 0000:24:00.0: [1d0f:0200] type 01 class 0x060400 PCIe Root Port
May 29 20:57:13.954698 kernel: pci 0000:24:00.0: BAR 0 [mem 0xc8400000-0xc84003ff]
May 29 20:57:13.954724 kernel: pci 0000:24:00.0: PCI bridge to [bus 25-2b]
May 29 20:57:13.954750 kernel: pci 0000:24:00.0:   bridge window [mem 0xc8500000-0xc90fffff]
May 29 20:57:13.954775 kernel: pci 0000:24:00.0:   bridge window [mem 0x4a2000000-0x4a6ffffff 64bit pref]
May 29 20:57:13.954808 kernel: pci 0000:25:00.0: [1d0f:0200] type 01 class 0x060400 PCIe Switch Upstream Port
May 29 20:57:13.954841 kernel: pci 0000:25:00.0: BAR 0 [mem 0xc8500000-0xc85003ff]
May 29 20:57:13.954869 kernel: pci 0000:25:00.0: PCI bridge to [bus 26-2b]
May 29 20:57:13.954896 kernel: pci 0000:25:00.0:   bridge window [mem 0xc8600000-0xc90fffff]
May 29 20:57:13.954923 kernel: pci 0000:25:00.0:   bridge window [mem 0x4a2000000-0x4a6ffffff 64bit pref]
May 29 20:57:13.954949 kernel: pci 0000:24:00.0: PCI bridge to [bus 25-2b]
May 29 20:57:13.954982 kernel: pci 0000:26:00.0: [1d0f:0200] type 01 class 0x060400 PCIe Switch Downstream Port
May 29 20:57:13.955011 kernel: pci 0000:26:00.0: BAR 0 [mem 0xc8600000-0xc86003ff]
May 29 20:57:13.955039 kernel: pci 0000:26:00.0: PCI bridge to [bus 27]
May 29 20:57:13.955067 kernel: pci 0000:26:00.0:   bridge window [mem 0xc8700000-0xc88fffff]
May 29 20:57:13.955095 kernel: pci 0000:26:00.0:   bridge window [mem 0x4a2000000-0x4a2ffffff 64bit pref]
May 29 20:57:13.955127 kernel: pci 0000:26:00.1: [1d0f:0200] type 01 class 0x060400 PCIe Switch Downstream Port
May 29 20:57:13.955157 kernel: pci 0000:26:00.1: BAR 0 [mem 0xc8600400-0xc86007ff]
May 29 20:57:13.955184 kernel: pci 0000:26:00.1: PCI bridge to [bus 28]
May 29 20:57:13.955212 kernel: pci 0000:26:00.1:   bridge window [mem 0xc8900000-0xc8afffff]
May 29 20:57:13.955239 kernel: pci 0000:26:00.1:   bridge window [mem 0x4a3000000-0x4a3ffffff 64bit pref]
May 29 20:57:13.955273 kernel: pci 0000:26:00.2: [1d0f:0200] type 01 class 0x060400 PCIe Switch Downstream Port
May 29 20:57:13.955301 kernel: pci 0000:26:00.2: BAR 0 [mem 0xc8600800-0xc8600bff]
May 29 20:57:13.955329 kernel: pci 0000:26:00.2: PCI bridge to [bus 29]
May 29 20:57:13.955357 kernel: pci 0000:26:00.2:   bridge window [mem 0xc8b00000-0xc8cfffff]
May 29 20:57:13.955385 kernel: pci 0000:26:00.2:   bridge window [mem 0x4a4000000-0x4a4ffffff 64bit pref]
May 29 20:57:13.955437 kernel: pci 0000:26:00.3: [1d0f:0200] type 01 class 0x060400 PCIe Switch Downstream Port
May 29 20:57:13.955466 kernel: pci 0000:26:00.3: BAR 0 [mem 0xc8600c00-0xc8600fff]
May 29 20:57:13.955494 kernel: pci 0000:26:00.3: PCI bridge to [bus 2a]
May 29 20:57:13.955522 kernel: pci 0000:26:00.3:   bridge window [mem 0xc8d00000-0xc8efffff]
May 29 20:57:13.955549 kernel: pci 0000:26:00.3:   bridge window [mem 0x4a5000000-0x4a5ffffff 64bit pref]
May 29 20:57:13.955583 kernel: pci 0000:26:00.4: [1d0f:0200] type 01 class 0x060400 PCIe Switch Downstream Port
May 29 20:57:13.955611 kernel: pci 0000:26:00.4: BAR 0 [mem 0xc8601000-0xc86013ff]
May 29 20:57:13.955639 kernel: pci 0000:26:00.4: PCI bridge to [bus 2b]
May 29 20:57:13.955666 kernel: pci 0000:26:00.4:   bridge window [mem 0xc8f00000-0xc90fffff]
May 29 20:57:13.955694 kernel: pci 0000:26:00.4:   bridge window [mem 0x4a6000000-0x4a6ffffff 64bit pref]
May 29 20:57:13.955721 kernel: pci 0000:25:00.0: PCI bridge to [bus 26-2b]
May 29 20:57:13.955755 kernel: pci 0000:27:00.0: [1d0f:ec20] type 00 class 0x020000 PCIe Endpoint
May 29 20:57:13.955785 kernel: pci 0000:27:00.0: BAR 0 [mem 0xc8700000-0xc8701fff]
May 29 20:57:13.955813 kernel: pci 0000:27:00.0: BAR 1 [mem 0xc8702000-0xc8703fff]
May 29 20:57:13.955848 kernel: pci 0000:27:00.0: BAR 2 [mem 0x4a2000000-0x4a20fffff 64bit pref]
May 29 20:57:13.955876 kernel: pci 0000:27:00.0: enabling Extended Tags
May 29 20:57:13.955904 kernel: pci 0000:26:00.0: PCI bridge to [bus 27]
May 29 20:57:13.955932 kernel: pci 0000:26:00.1: PCI bridge to [bus 28]
May 29 20:57:13.955960 kernel: pci 0000:26:00.2: PCI bridge to [bus 29]
May 29 20:57:13.955988 kernel: pci 0000:26:00.3: PCI bridge to [bus 2a]
May 29 20:57:13.956017 kernel: pci 0000:26:00.4: PCI bridge to [bus 2b]
May 29 20:57:13.956061 kernel: pci_bus 0000:24: on NUMA node 0
May 29 20:57:13.956069 kernel: ACPI: PCI: Interrupt link LNKA configured for IRQ 10
May 29 20:57:13.956076 kernel: ACPI: PCI: Interrupt link LNKB configured for IRQ 10
May 29 20:57:13.956082 kernel: ACPI: PCI: Interrupt link LNKC configured for IRQ 11
May 29 20:57:13.956089 kernel: ACPI: PCI: Interrupt link LNKD configured for IRQ 11
May 29 20:57:13.956094 kernel: ACPI: PCI: Interrupt link LNKS configured for IRQ 9
May 29 20:57:13.956100 kernel: iommu: Default domain type: Translated
May 29 20:57:13.956106 kernel: iommu: DMA domain TLB invalidation policy: lazy mode
May 29 20:57:13.956111 kernel: SCSI subsystem initialized
May 29 20:57:13.956117 kernel: ACPI: bus type USB registered
May 29 20:57:13.956124 kernel: usbcore: registered new interface driver usbfs
May 29 20:57:13.956129 kernel: usbcore: registered new interface driver hub
May 29 20:57:13.956133 kernel: usbcore: registered new device driver usb
May 29 20:57:13.956139 kernel: pps_core: LinuxPPS API ver. 1 registered
May 29 20:57:13.956143 kernel: pps_core: Software ver. 5.3.6 - Copyright 2005-2007 Rodolfo Giometti <giometti@linux.it>
May 29 20:57:13.956148 kernel: PTP clock support registered
May 29 20:57:13.956154 kernel: EDAC MC: Ver: 3.0.0
May 29 20:57:13.956161 kernel: NetLabel: Initializing
May 29 20:57:13.956165 kernel: NetLabel:  domain hash size = 128
May 29 20:57:13.956171 kernel: NetLabel:  protocols = UNLABELED CIPSOv4 CALIPSO
May 29 20:57:13.956175 kernel: NetLabel:  unlabeled traffic allowed by default
May 29 20:57:13.956179 kernel: PCI: Using ACPI for IRQ routing
May 29 20:57:13.956181 kernel: PCI: pci_cache_line_size set to 64 bytes
May 29 20:57:13.956185 kernel: e820: reserve RAM buffer [mem 0x0009fc00-0x0009ffff]
May 29 20:57:13.956188 kernel: e820: reserve RAM buffer [mem 0xbffe8000-0xbfffffff]
May 29 20:57:13.956192 kernel: e820: reserve RAM buffer [mem 0x42b400000-0x42bffffff]
May 29 20:57:13.956228 kernel: pci 0000:00:03.0: vgaarb: setting as boot VGA device
May 29 20:57:13.956262 kernel: pci 0000:00:03.0: vgaarb: bridge control possible
May 29 20:57:13.956294 kernel: pci 0000:00:03.0: vgaarb: VGA device added: decodes=io+mem,owns=io+mem,locks=none
May 29 20:57:13.956299 kernel: vgaarb: loaded
May 29 20:57:13.956301 kernel: hpet0: at MMIO 0xfed00000, IRQs 2, 8, 0, 0, 0, 0, 0, 0
May 29 20:57:13.956304 kernel: hpet0: 8 comparators, 32-bit 62.500000 MHz counter
May 29 20:57:13.956308 kernel: clocksource: Switched to clocksource kvm-clock
May 29 20:57:13.956311 kernel: VFS: Disk quotas dquot_6.6.0
May 29 20:57:13.956315 kernel: VFS: Dquot-cache hash table entries: 512 (order 0, 4096 bytes)
May 29 20:57:13.956318 kernel: pnp: PnP ACPI init
May 29 20:57:13.956322 kernel: pnp: PnP ACPI: found 5 devices
May 29 20:57:13.956325 kernel: clocksource: acpi_pm: mask: 0xffffff max_cycles: 0xffffff, max_idle_ns: 2085701024 ns
May 29 20:57:13.956327 kernel: NET: Registered PF_INET protocol family
May 29 20:57:13.956331 kernel: IP idents hash table entries: 262144 (order: 9, 2097152 bytes, linear)
May 29 20:57:13.956334 kernel: tcp_listen_portaddr_hash hash table entries: 8192 (order: 5, 131072 bytes, linear)
May 29 20:57:13.956338 kernel: Table-perturb hash table entries: 65536 (order: 6, 262144 bytes, linear)
May 29 20:57:13.956341 kernel: TCP established hash table entries: 131072 (order: 8, 1048576 bytes, linear)
May 29 20:57:13.956345 kernel: TCP bind hash table entries: 65536 (order: 8, 1048576 bytes, linear)
May 29 20:57:13.956348 kernel: TCP: Hash tables configured (established 131072 bind 65536)
May 29 20:57:13.956352 kernel: MPTCP token hash table entries: 16384 (order: 6, 393216 bytes, linear)
May 29 20:57:13.956356 kernel: UDP hash table entries: 8192 (order: 6, 262144 bytes, linear)
May 29 20:57:13.956358 kernel: UDP-Lite hash table entries: 8192 (order: 6, 262144 bytes, linear)
May 29 20:57:13.956363 kernel: NET: Registered PF_UNIX/PF_LOCAL protocol family
May 29 20:57:13.956365 kernel: NET: Registered PF_XDP protocol family
May 29 20:57:13.956399 kernel: pci_bus 0000:00: resource 4 [io  0x0000-0x0cf7 window]
May 29 20:57:13.956429 kernel: pci_bus 0000:00: resource 5 [io  0x0d00-0xffff window]
May 29 20:57:13.956459 kernel: pci_bus 0000:00: resource 6 [mem 0x000a0000-0x000bffff window]
May 29 20:57:13.956488 kernel: pci_bus 0000:00: resource 7 [mem 0xc0000000-0xc3ffffff window]
May 29 20:57:13.956520 kernel: pci_bus 0000:00: resource 8 [mem 0x480000000-0x481ffffff window]
May 29 20:57:13.956568 kernel: pci 0000:03:00.0: PCI bridge to [bus 04]
May 29 20:57:13.956619 kernel: pci 0000:03:00.0:   bridge window [mem 0xc4300000-0xc44fffff]
May 29 20:57:13.956673 kernel: pci 0000:03:00.0:   bridge window [mem 0x482000000-0x482ffffff 64bit pref]
May 29 20:57:13.956704 kernel: pci 0000:03:00.1: PCI bridge to [bus 05]
May 29 20:57:13.956734 kernel: pci 0000:03:00.1:   bridge window [mem 0xc4500000-0xc46fffff]
May 29 20:57:13.956762 kernel: pci 0000:03:00.1:   bridge window [mem 0x483000000-0x483ffffff 64bit pref]
May 29 20:57:13.956791 kernel: pci 0000:03:00.2: PCI bridge to [bus 06]
May 29 20:57:13.956820 kernel: pci 0000:03:00.2:   bridge window [mem 0xc4700000-0xc48fffff]
May 29 20:57:13.956975 kernel: pci 0000:03:00.2:   bridge window [mem 0x484000000-0x484ffffff 64bit pref]
May 29 20:57:13.957004 kernel: pci 0000:03:00.3: PCI bridge to [bus 07]
May 29 20:57:13.957043 kernel: pci 0000:03:00.3:   bridge window [mem 0xc4900000-0xc4afffff]
May 29 20:57:13.957078 kernel: pci 0000:03:00.3:   bridge window [mem 0x485000000-0x485ffffff 64bit pref]
May 29 20:57:13.957114 kernel: pci 0000:03:00.4: PCI bridge to [bus 08]
May 29 20:57:13.957142 kernel: pci 0000:03:00.4:   bridge window [mem 0xc4b00000-0xc4cfffff]
May 29 20:57:13.957170 kernel: pci 0000:03:00.4:   bridge window [mem 0x486000000-0x486ffffff 64bit pref]
May 29 20:57:13.957199 kernel: pci 0000:03:00.5: PCI bridge to [bus 09]
May 29 20:57:13.957227 kernel: pci 0000:03:00.5:   bridge window [mem 0xc4d00000-0xc4efffff]
May 29 20:57:13.957254 kernel: pci 0000:03:00.5:   bridge window [mem 0x487000000-0x487ffffff 64bit pref]
May 29 20:57:13.957283 kernel: pci 0000:03:00.6: PCI bridge to [bus 0a]
May 29 20:57:13.957311 kernel: pci 0000:03:00.6:   bridge window [mem 0xc4f00000-0xc50fffff]
May 29 20:57:13.957339 kernel: pci 0000:03:00.6:   bridge window [mem 0x488000000-0x488ffffff 64bit pref]
May 29 20:57:13.957368 kernel: pci 0000:03:00.7: PCI bridge to [bus 0b]
May 29 20:57:13.957396 kernel: pci 0000:03:00.7:   bridge window [mem 0xc5100000-0xc52fffff]
May 29 20:57:13.957426 kernel: pci 0000:03:00.7:   bridge window [mem 0x489000000-0x489ffffff 64bit pref]
May 29 20:57:13.957455 kernel: pci 0000:03:01.0: PCI bridge to [bus 0c]
May 29 20:57:13.957482 kernel: pci 0000:03:01.0:   bridge window [mem 0xc5300000-0xc54fffff]
May 29 20:57:13.957509 kernel: pci 0000:03:01.0:   bridge window [mem 0x48a000000-0x48affffff 64bit pref]
May 29 20:57:13.957539 kernel: pci 0000:03:01.1: PCI bridge to [bus 0d]
May 29 20:57:13.957565 kernel: pci 0000:03:01.1:   bridge window [mem 0xc5500000-0xc56fffff]
May 29 20:57:13.957592 kernel: pci 0000:03:01.1:   bridge window [mem 0x48b000000-0x48bffffff 64bit pref]
May 29 20:57:13.957621 kernel: pci 0000:03:01.2: PCI bridge to [bus 0e]
May 29 20:57:13.957647 kernel: pci 0000:03:01.2:   bridge window [mem 0xc5700000-0xc58fffff]
May 29 20:57:13.957674 kernel: pci 0000:03:01.2:   bridge window [mem 0x48c000000-0x48cffffff 64bit pref]
May 29 20:57:13.957702 kernel: pci 0000:03:01.3: PCI bridge to [bus 0f]
May 29 20:57:13.957730 kernel: pci 0000:03:01.3:   bridge window [mem 0xc5900000-0xc5afffff]
May 29 20:57:13.957757 kernel: pci 0000:03:01.3:   bridge window [mem 0x48d000000-0x48dffffff 64bit pref]
May 29 20:57:13.957785 kernel: pci 0000:03:01.4: PCI bridge to [bus 10]
May 29 20:57:13.957813 kernel: pci 0000:03:01.4:   bridge window [mem 0xc5b00000-0xc5cfffff]
May 29 20:57:13.957846 kernel: pci 0000:03:01.4:   bridge window [mem 0x48e000000-0x48effffff 64bit pref]
May 29 20:57:13.957874 kernel: pci 0000:03:01.5: PCI bridge to [bus 11]
May 29 20:57:13.957901 kernel: pci 0000:03:01.5:   bridge window [mem 0xc5d00000-0xc5efffff]
May 29 20:57:13.957928 kernel: pci 0000:03:01.5:   bridge window [mem 0x48f000000-0x48fffffff 64bit pref]
May 29 20:57:13.957956 kernel: pci 0000:03:01.6: PCI bridge to [bus 12]
May 29 20:57:13.957983 kernel: pci 0000:03:01.6:   bridge window [mem 0xc5f00000-0xc60fffff]
May 29 20:57:13.958011 kernel: pci 0000:03:01.6:   bridge window [mem 0x490000000-0x490ffffff 64bit pref]
May 29 20:57:13.958039 kernel: pci 0000:03:01.7: PCI bridge to [bus 13]
May 29 20:57:13.958066 kernel: pci 0000:03:01.7:   bridge window [mem 0xc6100000-0xc62fffff]
May 29 20:57:13.958093 kernel: pci 0000:03:01.7:   bridge window [mem 0x491000000-0x491ffffff 64bit pref]
May 29 20:57:13.958121 kernel: pci 0000:03:02.0: PCI bridge to [bus 14]
May 29 20:57:13.958149 kernel: pci 0000:03:02.0:   bridge window [mem 0xc6300000-0xc64fffff]
May 29 20:57:13.958177 kernel: pci 0000:03:02.0:   bridge window [mem 0x492000000-0x492ffffff 64bit pref]
May 29 20:57:13.958204 kernel: pci 0000:03:02.1: PCI bridge to [bus 15]
May 29 20:57:13.958231 kernel: pci 0000:03:02.1:   bridge window [mem 0xc6500000-0xc66fffff]
May 29 20:57:13.958258 kernel: pci 0000:03:02.1:   bridge window [mem 0x493000000-0x493ffffff 64bit pref]
May 29 20:57:13.958286 kernel: pci 0000:03:02.2: PCI bridge to [bus 16]
May 29 20:57:13.958313 kernel: pci 0000:03:02.2:   bridge window [mem 0xc6700000-0xc68fffff]
May 29 20:57:13.958341 kernel: pci 0000:03:02.2:   bridge window [mem 0x494000000-0x494ffffff 64bit pref]
May 29 20:57:13.958369 kernel: pci 0000:03:02.3: PCI bridge to [bus 17]
May 29 20:57:13.958396 kernel: pci 0000:03:02.3:   bridge window [mem 0xc6900000-0xc6afffff]
May 29 20:57:13.958423 kernel: pci 0000:03:02.3:   bridge window [mem 0x495000000-0x495ffffff 64bit pref]
May 29 20:57:13.958451 kernel: pci 0000:03:02.4: PCI bridge to [bus 18]
May 29 20:57:13.958479 kernel: pci 0000:03:02.4:   bridge window [mem 0xc6b00000-0xc6cfffff]
May 29 20:57:13.958508 kernel: pci 0000:03:02.4:   bridge window [mem 0x496000000-0x496ffffff 64bit pref]
May 29 20:57:13.958537 kernel: pci 0000:03:02.5: PCI bridge to [bus 19]
May 29 20:57:13.958565 kernel: pci 0000:03:02.5:   bridge window [mem 0xc6d00000-0xc6efffff]
May 29 20:57:13.958593 kernel: pci 0000:03:02.5:   bridge window [mem 0x497000000-0x497ffffff 64bit pref]
May 29 20:57:13.958626 kernel: pci 0000:03:02.6: PCI bridge to [bus 1a]
May 29 20:57:13.958653 kernel: pci 0000:03:02.6:   bridge window [mem 0xc6f00000-0xc70fffff]
May 29 20:57:13.958681 kernel: pci 0000:03:02.6:   bridge window [mem 0x498000000-0x498ffffff 64bit pref]
May 29 20:57:13.958712 kernel: pci 0000:03:02.7: PCI bridge to [bus 1b]
May 29 20:57:13.958740 kernel: pci 0000:03:02.7:   bridge window [mem 0xc7100000-0xc72fffff]
May 29 20:57:13.958769 kernel: pci 0000:03:02.7:   bridge window [mem 0x499000000-0x499ffffff 64bit pref]
May 29 20:57:13.958798 kernel: pci 0000:03:03.0: PCI bridge to [bus 1c]
May 29 20:57:13.958826 kernel: pci 0000:03:03.0:   bridge window [mem 0xc7300000-0xc74fffff]
May 29 20:57:13.958859 kernel: pci 0000:03:03.0:   bridge window [mem 0x49a000000-0x49affffff 64bit pref]
May 29 20:57:13.958888 kernel: pci 0000:03:03.1: PCI bridge to [bus 1d]
May 29 20:57:13.958917 kernel: pci 0000:03:03.1:   bridge window [mem 0xc7500000-0xc76fffff]
May 29 20:57:13.958945 kernel: pci 0000:03:03.1:   bridge window [mem 0x49b000000-0x49bffffff 64bit pref]
May 29 20:57:13.958975 kernel: pci 0000:03:03.2: PCI bridge to [bus 1e]
May 29 20:57:13.959004 kernel: pci 0000:03:03.2:   bridge window [mem 0xc7700000-0xc78fffff]
May 29 20:57:13.959032 kernel: pci 0000:03:03.2:   bridge window [mem 0x49c000000-0x49cffffff 64bit pref]
May 29 20:57:13.959061 kernel: pci 0000:03:03.3: PCI bridge to [bus 1f]
May 29 20:57:13.959089 kernel: pci 0000:03:03.3:   bridge window [mem 0xc7900000-0xc7afffff]
May 29 20:57:13.959117 kernel: pci 0000:03:03.3:   bridge window [mem 0x49d000000-0x49dffffff 64bit pref]
May 29 20:57:13.959148 kernel: pci 0000:03:03.4: PCI bridge to [bus 20]
May 29 20:57:13.959177 kernel: pci 0000:03:03.4:   bridge window [mem 0xc7b00000-0xc7cfffff]
May 29 20:57:13.959206 kernel: pci 0000:03:03.4:   bridge window [mem 0x49e000000-0x49effffff 64bit pref]
May 29 20:57:13.959238 kernel: pci 0000:03:03.5: PCI bridge to [bus 21]
May 29 20:57:13.959267 kernel: pci 0000:03:03.5:   bridge window [mem 0xc7d00000-0xc7efffff]
May 29 20:57:13.959295 kernel: pci 0000:03:03.5:   bridge window [mem 0x49f000000-0x49fffffff 64bit pref]
May 29 20:57:13.959326 kernel: pci 0000:03:03.6: PCI bridge to [bus 22]
May 29 20:57:13.959355 kernel: pci 0000:03:03.6:   bridge window [mem 0xc7f00000-0xc80fffff]
May 29 20:57:13.959383 kernel: pci 0000:03:03.6:   bridge window [mem 0x4a0000000-0x4a0ffffff 64bit pref]
May 29 20:57:13.959414 kernel: pci 0000:03:03.7: PCI bridge to [bus 23]
May 29 20:57:13.959442 kernel: pci 0000:03:03.7:   bridge window [mem 0xc8100000-0xc82fffff]
May 29 20:57:13.959470 kernel: pci 0000:03:03.7:   bridge window [mem 0x4a1000000-0x4a1ffffff 64bit pref]
May 29 20:57:13.959499 kernel: pci 0000:02:00.0: PCI bridge to [bus 03-23]
May 29 20:57:13.959525 kernel: pci 0000:02:00.0:   bridge window [mem 0xc4200000-0xc82fffff]
May 29 20:57:13.959552 kernel: pci 0000:02:00.0:   bridge window [mem 0x482000000-0x4a1ffffff 64bit pref]
May 29 20:57:13.959580 kernel: pci 0000:01:00.0: PCI bridge to [bus 02-23]
May 29 20:57:13.959606 kernel: pci 0000:01:00.0:   bridge window [mem 0xc4100000-0xc82fffff]
May 29 20:57:13.959630 kernel: pci 0000:01:00.0:   bridge window [mem 0x482000000-0x4a1ffffff 64bit pref]
May 29 20:57:13.959658 kernel: pci_bus 0000:01: resource 4 [mem 0xc4000000-0xc82fffff window]
May 29 20:57:13.959682 kernel: pci_bus 0000:01: resource 5 [mem 0x482000000-0x4a1ffffff window]
May 29 20:57:13.959715 kernel: pci_bus 0000:02: resource 1 [mem 0xc4100000-0xc82fffff]
May 29 20:57:13.959740 kernel: pci_bus 0000:02: resource 2 [mem 0x482000000-0x4a1ffffff 64bit pref]
May 29 20:57:13.959773 kernel: pci_bus 0000:03: resource 1 [mem 0xc4200000-0xc82fffff]
May 29 20:57:13.959799 kernel: pci_bus 0000:03: resource 2 [mem 0x482000000-0x4a1ffffff 64bit pref]
May 29 20:57:13.959981 kernel: pci_bus 0000:04: resource 1 [mem 0xc4300000-0xc44fffff]
May 29 20:57:13.960009 kernel: pci_bus 0000:04: resource 2 [mem 0x482000000-0x482ffffff 64bit pref]
May 29 20:57:13.960041 kernel: pci_bus 0000:05: resource 1 [mem 0xc4500000-0xc46fffff]
May 29 20:57:13.960068 kernel: pci_bus 0000:05: resource 2 [mem 0x483000000-0x483ffffff 64bit pref]
May 29 20:57:13.960101 kernel: pci_bus 0000:06: resource 1 [mem 0xc4700000-0xc48fffff]
May 29 20:57:13.960127 kernel: pci_bus 0000:06: resource 2 [mem 0x484000000-0x484ffffff 64bit pref]
May 29 20:57:13.960158 kernel: pci_bus 0000:07: resource 1 [mem 0xc4900000-0xc4afffff]
May 29 20:57:13.960185 kernel: pci_bus 0000:07: resource 2 [mem 0x485000000-0x485ffffff 64bit pref]
May 29 20:57:13.960217 kernel: pci_bus 0000:08: resource 1 [mem 0xc4b00000-0xc4cfffff]
May 29 20:57:13.960243 kernel: pci_bus 0000:08: resource 2 [mem 0x486000000-0x486ffffff 64bit pref]
May 29 20:57:13.960277 kernel: pci_bus 0000:09: resource 1 [mem 0xc4d00000-0xc4efffff]
May 29 20:57:13.960304 kernel: pci_bus 0000:09: resource 2 [mem 0x487000000-0x487ffffff 64bit pref]
May 29 20:57:13.960337 kernel: pci_bus 0000:0a: resource 1 [mem 0xc4f00000-0xc50fffff]
May 29 20:57:13.960364 kernel: pci_bus 0000:0a: resource 2 [mem 0x488000000-0x488ffffff 64bit pref]
May 29 20:57:13.960397 kernel: pci_bus 0000:0b: resource 1 [mem 0xc5100000-0xc52fffff]
May 29 20:57:13.960424 kernel: pci_bus 0000:0b: resource 2 [mem 0x489000000-0x489ffffff 64bit pref]
May 29 20:57:13.960456 kernel: pci_bus 0000:0c: resource 1 [mem 0xc5300000-0xc54fffff]
May 29 20:57:13.960482 kernel: pci_bus 0000:0c: resource 2 [mem 0x48a000000-0x48affffff 64bit pref]
May 29 20:57:13.960519 kernel: pci_bus 0000:0d: resource 1 [mem 0xc5500000-0xc56fffff]
May 29 20:57:13.960545 kernel: pci_bus 0000:0d: resource 2 [mem 0x48b000000-0x48bffffff 64bit pref]
May 29 20:57:13.960579 kernel: pci_bus 0000:0e: resource 1 [mem 0xc5700000-0xc58fffff]
May 29 20:57:13.960605 kernel: pci_bus 0000:0e: resource 2 [mem 0x48c000000-0x48cffffff 64bit pref]
May 29 20:57:13.960638 kernel: pci_bus 0000:0f: resource 1 [mem 0xc5900000-0xc5afffff]
May 29 20:57:13.960664 kernel: pci_bus 0000:0f: resource 2 [mem 0x48d000000-0x48dffffff 64bit pref]
May 29 20:57:13.960696 kernel: pci_bus 0000:10: resource 1 [mem 0xc5b00000-0xc5cfffff]
May 29 20:57:13.960723 kernel: pci_bus 0000:10: resource 2 [mem 0x48e000000-0x48effffff 64bit pref]
May 29 20:57:13.960755 kernel: pci_bus 0000:11: resource 1 [mem 0xc5d00000-0xc5efffff]
May 29 20:57:13.960783 kernel: pci_bus 0000:11: resource 2 [mem 0x48f000000-0x48fffffff 64bit pref]
May 29 20:57:13.960815 kernel: pci_bus 0000:12: resource 1 [mem 0xc5f00000-0xc60fffff]
May 29 20:57:13.960848 kernel: pci_bus 0000:12: resource 2 [mem 0x490000000-0x490ffffff 64bit pref]
May 29 20:57:13.960883 kernel: pci_bus 0000:13: resource 1 [mem 0xc6100000-0xc62fffff]
May 29 20:57:13.960911 kernel: pci_bus 0000:13: resource 2 [mem 0x491000000-0x491ffffff 64bit pref]
May 29 20:57:13.960944 kernel: pci_bus 0000:14: resource 1 [mem 0xc6300000-0xc64fffff]
May 29 20:57:13.960971 kernel: pci_bus 0000:14: resource 2 [mem 0x492000000-0x492ffffff 64bit pref]
May 29 20:57:13.961005 kernel: pci_bus 0000:15: resource 1 [mem 0xc6500000-0xc66fffff]
May 29 20:57:13.961033 kernel: pci_bus 0000:15: resource 2 [mem 0x493000000-0x493ffffff 64bit pref]
May 29 20:57:13.961066 kernel: pci_bus 0000:16: resource 1 [mem 0xc6700000-0xc68fffff]
May 29 20:57:13.961093 kernel: pci_bus 0000:16: resource 2 [mem 0x494000000-0x494ffffff 64bit pref]
May 29 20:57:13.961126 kernel: pci_bus 0000:17: resource 1 [mem 0xc6900000-0xc6afffff]
May 29 20:57:13.961154 kernel: pci_bus 0000:17: resource 2 [mem 0x495000000-0x495ffffff 64bit pref]
May 29 20:57:13.961190 kernel: pci_bus 0000:18: resource 1 [mem 0xc6b00000-0xc6cfffff]
May 29 20:57:13.961218 kernel: pci_bus 0000:18: resource 2 [mem 0x496000000-0x496ffffff 64bit pref]
May 29 20:57:13.961252 kernel: pci_bus 0000:19: resource 1 [mem 0xc6d00000-0xc6efffff]
May 29 20:57:13.961279 kernel: pci_bus 0000:19: resource 2 [mem 0x497000000-0x497ffffff 64bit pref]
May 29 20:57:13.961312 kernel: pci_bus 0000:1a: resource 1 [mem 0xc6f00000-0xc70fffff]
May 29 20:57:13.961339 kernel: pci_bus 0000:1a: resource 2 [mem 0x498000000-0x498ffffff 64bit pref]
May 29 20:57:13.961373 kernel: pci_bus 0000:1b: resource 1 [mem 0xc7100000-0xc72fffff]
May 29 20:57:13.961399 kernel: pci_bus 0000:1b: resource 2 [mem 0x499000000-0x499ffffff 64bit pref]
May 29 20:57:13.961433 kernel: pci_bus 0000:1c: resource 1 [mem 0xc7300000-0xc74fffff]
May 29 20:57:13.961460 kernel: pci_bus 0000:1c: resource 2 [mem 0x49a000000-0x49affffff 64bit pref]
May 29 20:57:13.961493 kernel: pci_bus 0000:1d: resource 1 [mem 0xc7500000-0xc76fffff]
May 29 20:57:13.961521 kernel: pci_bus 0000:1d: resource 2 [mem 0x49b000000-0x49bffffff 64bit pref]
May 29 20:57:13.961554 kernel: pci_bus 0000:1e: resource 1 [mem 0xc7700000-0xc78fffff]
May 29 20:57:13.961582 kernel: pci_bus 0000:1e: resource 2 [mem 0x49c000000-0x49cffffff 64bit pref]
May 29 20:57:13.961615 kernel: pci_bus 0000:1f: resource 1 [mem 0xc7900000-0xc7afffff]
May 29 20:57:13.961643 kernel: pci_bus 0000:1f: resource 2 [mem 0x49d000000-0x49dffffff 64bit pref]
May 29 20:57:13.961687 kernel: pci_bus 0000:20: resource 1 [mem 0xc7b00000-0xc7cfffff]
May 29 20:57:13.961716 kernel: pci_bus 0000:20: resource 2 [mem 0x49e000000-0x49effffff 64bit pref]
May 29 20:57:13.961752 kernel: pci_bus 0000:21: resource 1 [mem 0xc7d00000-0xc7efffff]
May 29 20:57:13.961779 kernel: pci_bus 0000:21: resource 2 [mem 0x49f000000-0x49fffffff 64bit pref]
May 29 20:57:13.961812 kernel: pci_bus 0000:22: resource 1 [mem 0xc7f00000-0xc80fffff]
May 29 20:57:13.961847 kernel: pci_bus 0000:22: resource 2 [mem 0x4a0000000-0x4a0ffffff 64bit pref]
May 29 20:57:13.961880 kernel: pci_bus 0000:23: resource 1 [mem 0xc8100000-0xc82fffff]
May 29 20:57:13.961908 kernel: pci_bus 0000:23: resource 2 [mem 0x4a1000000-0x4a1ffffff 64bit pref]
May 29 20:57:13.961943 kernel: pci 0000:26:00.0: PCI bridge to [bus 27]
May 29 20:57:13.961973 kernel: pci 0000:26:00.0:   bridge window [mem 0xc8700000-0xc88fffff]
May 29 20:57:13.962002 kernel: pci 0000:26:00.0:   bridge window [mem 0x4a2000000-0x4a2ffffff 64bit pref]
May 29 20:57:13.962036 kernel: pci 0000:26:00.1: PCI bridge to [bus 28]
May 29 20:57:13.962065 kernel: pci 0000:26:00.1:   bridge window [mem 0xc8900000-0xc8afffff]
May 29 20:57:13.962094 kernel: pci 0000:26:00.1:   bridge window [mem 0x4a3000000-0x4a3ffffff 64bit pref]
May 29 20:57:13.962125 kernel: pci 0000:26:00.2: PCI bridge to [bus 29]
May 29 20:57:13.962155 kernel: pci 0000:26:00.2:   bridge window [mem 0xc8b00000-0xc8cfffff]
May 29 20:57:13.962192 kernel: pci 0000:26:00.2:   bridge window [mem 0x4a4000000-0x4a4ffffff 64bit pref]
May 29 20:57:13.962231 kernel: pci 0000:26:00.3: PCI bridge to [bus 2a]
May 29 20:57:13.962268 kernel: pci 0000:26:00.3:   bridge window [mem 0xc8d00000-0xc8efffff]
May 29 20:57:13.962304 kernel: pci 0000:26:00.3:   bridge window [mem 0x4a5000000-0x4a5ffffff 64bit pref]
May 29 20:57:13.962342 kernel: pci 0000:26:00.4: PCI bridge to [bus 2b]
May 29 20:57:13.962377 kernel: pci 0000:26:00.4:   bridge window [mem 0xc8f00000-0xc90fffff]
May 29 20:57:13.962413 kernel: pci 0000:26:00.4:   bridge window [mem 0x4a6000000-0x4a6ffffff 64bit pref]
May 29 20:57:13.962450 kernel: pci 0000:25:00.0: PCI bridge to [bus 26-2b]
May 29 20:57:13.962485 kernel: pci 0000:25:00.0:   bridge window [mem 0xc8600000-0xc90fffff]
May 29 20:57:13.962519 kernel: pci 0000:25:00.0:   bridge window [mem 0x4a2000000-0x4a6ffffff 64bit pref]
May 29 20:57:13.962557 kernel: pci 0000:24:00.0: PCI bridge to [bus 25-2b]
May 29 20:57:13.962590 kernel: pci 0000:24:00.0:   bridge window [mem 0xc8500000-0xc90fffff]
May 29 20:57:13.962623 kernel: pci 0000:24:00.0:   bridge window [mem 0x4a2000000-0x4a6ffffff 64bit pref]
May 29 20:57:13.962657 kernel: pci_bus 0000:24: resource 4 [mem 0xc8400000-0xc90fffff window]
May 29 20:57:13.962687 kernel: pci_bus 0000:24: resource 5 [mem 0x4a2000000-0x4a6ffffff window]
May 29 20:57:13.962723 kernel: pci_bus 0000:25: resource 1 [mem 0xc8500000-0xc90fffff]
May 29 20:57:13.962756 kernel: pci_bus 0000:25: resource 2 [mem 0x4a2000000-0x4a6ffffff 64bit pref]
May 29 20:57:13.962798 kernel: pci_bus 0000:26: resource 1 [mem 0xc8600000-0xc90fffff]
May 29 20:57:13.962830 kernel: pci_bus 0000:26: resource 2 [mem 0x4a2000000-0x4a6ffffff 64bit pref]
May 29 20:57:13.962880 kernel: pci_bus 0000:27: resource 1 [mem 0xc8700000-0xc88fffff]
May 29 20:57:13.962916 kernel: pci_bus 0000:27: resource 2 [mem 0x4a2000000-0x4a2ffffff 64bit pref]
May 29 20:57:13.962959 kernel: pci_bus 0000:28: resource 1 [mem 0xc8900000-0xc8afffff]
May 29 20:57:13.962993 kernel: pci_bus 0000:28: resource 2 [mem 0x4a3000000-0x4a3ffffff 64bit pref]
May 29 20:57:13.963034 kernel: pci_bus 0000:29: resource 1 [mem 0xc8b00000-0xc8cfffff]
May 29 20:57:13.963068 kernel: pci_bus 0000:29: resource 2 [mem 0x4a4000000-0x4a4ffffff 64bit pref]
May 29 20:57:13.963109 kernel: pci_bus 0000:2a: resource 1 [mem 0xc8d00000-0xc8efffff]
May 29 20:57:13.963143 kernel: pci_bus 0000:2a: resource 2 [mem 0x4a5000000-0x4a5ffffff 64bit pref]
May 29 20:57:13.963183 kernel: pci_bus 0000:2b: resource 1 [mem 0xc8f00000-0xc90fffff]
May 29 20:57:13.963218 kernel: pci_bus 0000:2b: resource 2 [mem 0x4a6000000-0x4a6ffffff 64bit pref]
May 29 20:57:13.963251 kernel: pci 0000:00:00.0: Limiting direct PCI/PCI transfers
May 29 20:57:13.963254 kernel: PCI: CLS 0 bytes, default 64
May 29 20:57:13.963257 kernel: PCI-DMA: Using software bounce buffering for IO (SWIOTLB)
May 29 20:57:13.963260 kernel: Trying to unpack rootfs image as initramfs...
May 29 20:57:13.963262 kernel: software IO TLB: mapped [mem 0x00000000bbfe8000-0x00000000bffe8000] (64MB)
May 29 20:57:13.963265 kernel: ACPI: bus type thunderbolt registered
May 29 20:57:13.963268 kernel: clocksource: tsc: mask: 0xffffffffffffffff max_cycles: 0x257a3a7b45f, max_idle_ns: 440795312762 ns
May 29 20:57:13.963271 kernel: clocksource: Switched to clocksource tsc
May 29 20:57:13.963273 kernel: Initialise system trusted keyrings
May 29 20:57:13.963276 kernel: Key type blacklist registered
May 29 20:57:13.963280 kernel: workingset: timestamp_bits=36 max_order=22 bucket_order=0
May 29 20:57:13.963282 kernel: zbud: loaded
May 29 20:57:13.963285 kernel: integrity: Platform Keyring initialized
May 29 20:57:13.963288 kernel: integrity: Machine keyring initialized
May 29 20:57:13.963290 kernel: NET: Registered PF_ALG protocol family
May 29 20:57:13.963293 kernel: xor: automatically using best checksumming function   avx       
May 29 20:57:13.963296 kernel: Key type asymmetric registered
May 29 20:57:13.963298 kernel: Asymmetric key parser 'x509' registered
May 29 20:57:13.963301 kernel: Block layer SCSI generic (bsg) driver version 0.4 loaded (major 246)
May 29 20:57:13.963303 kernel: io scheduler mq-deadline registered
May 29 20:57:13.963306 kernel: io scheduler kyber registered
May 29 20:57:13.963308 kernel: io scheduler bfq registered
May 29 20:57:13.963312 kernel: atomic64_test: passed for x86-64 platform with CX8 and with SSE
May 29 20:57:13.963339 kernel: pcieport 0000:01:00.0: PME: Signaling with IRQ 24
May 29 20:57:13.963366 kernel: pcieport 0000:01:00.0: pciehp: Slot #0 AttnBtn+ PwrCtrl+ MRL- AttnInd+ PwrInd+ HotPlug+ Surprise- Interlock- NoCompl+ IbPresDis- LLActRep+
May 29 20:57:13.963395 kernel: pcieport 0000:03:00.0: pciehp: Slot #2 AttnBtn+ PwrCtrl+ MRL- AttnInd+ PwrInd+ HotPlug+ Surprise- Interlock- NoCompl+ IbPresDis- LLActRep+
May 29 20:57:13.963426 kernel: pcieport 0000:03:00.1: pciehp: Slot #3 AttnBtn+ PwrCtrl+ MRL- AttnInd+ PwrInd+ HotPlug+ Surprise- Interlock- NoCompl+ IbPresDis- LLActRep+
May 29 20:57:13.963457 kernel: pcieport 0000:03:00.2: pciehp: Slot #4 AttnBtn+ PwrCtrl+ MRL- AttnInd+ PwrInd+ HotPlug+ Surprise- Interlock- NoCompl+ IbPresDis- LLActRep+
May 29 20:57:13.963488 kernel: pcieport 0000:03:00.3: pciehp: Slot #5 AttnBtn+ PwrCtrl+ MRL- AttnInd+ PwrInd+ HotPlug+ Surprise- Interlock- NoCompl+ IbPresDis- LLActRep+
May 29 20:57:13.963519 kernel: pcieport 0000:03:00.4: pciehp: Slot #6 AttnBtn+ PwrCtrl+ MRL- AttnInd+ PwrInd+ HotPlug+ Surprise- Interlock- NoCompl+ IbPresDis- LLActRep+
May 29 20:57:13.963549 kernel: pcieport 0000:03:00.5: pciehp: Slot #7 AttnBtn+ PwrCtrl+ MRL- AttnInd+ PwrInd+ HotPlug+ Surprise- Interlock- NoCompl+ IbPresDis- LLActRep+
May 29 20:57:13.963586 kernel: pcieport 0000:03:00.6: pciehp: Slot #8 AttnBtn+ PwrCtrl+ MRL- AttnInd+ PwrInd+ HotPlug+ Surprise- Interlock- NoCompl+ IbPresDis- LLActRep+
May 29 20:57:13.963619 kernel: pcieport 0000:03:00.7: pciehp: Slot #9 AttnBtn+ PwrCtrl+ MRL- AttnInd+ PwrInd+ HotPlug+ Surprise- Interlock- NoCompl+ IbPresDis- LLActRep+
May 29 20:57:13.963649 kernel: pcieport 0000:03:01.0: pciehp: Slot #10 AttnBtn+ PwrCtrl+ MRL- AttnInd+ PwrInd+ HotPlug+ Surprise- Interlock- NoCompl+ IbPresDis- LLActRep+
May 29 20:57:13.963685 kernel: pcieport 0000:03:01.1: pciehp: Slot #11 AttnBtn+ PwrCtrl+ MRL- AttnInd+ PwrInd+ HotPlug+ Surprise- Interlock- NoCompl+ IbPresDis- LLActRep+
May 29 20:57:13.963715 kernel: pcieport 0000:03:01.2: pciehp: Slot #12 AttnBtn+ PwrCtrl+ MRL- AttnInd+ PwrInd+ HotPlug+ Surprise- Interlock- NoCompl+ IbPresDis- LLActRep+
May 29 20:57:13.963744 kernel: pcieport 0000:03:01.3: pciehp: Slot #13 AttnBtn+ PwrCtrl+ MRL- AttnInd+ PwrInd+ HotPlug+ Surprise- Interlock- NoCompl+ IbPresDis- LLActRep+
May 29 20:57:13.963774 kernel: pcieport 0000:03:01.4: pciehp: Slot #14 AttnBtn+ PwrCtrl+ MRL- AttnInd+ PwrInd+ HotPlug+ Surprise- Interlock- NoCompl+ IbPresDis- LLActRep+
May 29 20:57:13.963804 kernel: pcieport 0000:03:01.5: pciehp: Slot #15 AttnBtn+ PwrCtrl+ MRL- AttnInd+ PwrInd+ HotPlug+ Surprise- Interlock- NoCompl+ IbPresDis- LLActRep+
May 29 20:57:13.963833 kernel: pcieport 0000:03:01.6: pciehp: Slot #16 AttnBtn+ PwrCtrl+ MRL- AttnInd+ PwrInd+ HotPlug+ Surprise- Interlock- NoCompl+ IbPresDis- LLActRep+
May 29 20:57:13.963869 kernel: pcieport 0000:03:01.7: pciehp: Slot #17 AttnBtn+ PwrCtrl+ MRL- AttnInd+ PwrInd+ HotPlug+ Surprise- Interlock- NoCompl+ IbPresDis- LLActRep+
May 29 20:57:13.963898 kernel: pcieport 0000:03:02.0: pciehp: Slot #18 AttnBtn+ PwrCtrl+ MRL- AttnInd+ PwrInd+ HotPlug+ Surprise- Interlock- NoCompl+ IbPresDis- LLActRep+
May 29 20:57:13.963927 kernel: pcieport 0000:03:02.1: pciehp: Slot #19 AttnBtn+ PwrCtrl+ MRL- AttnInd+ PwrInd+ HotPlug+ Surprise- Interlock- NoCompl+ IbPresDis- LLActRep+
May 29 20:57:13.963957 kernel: pcieport 0000:03:02.2: pciehp: Slot #20 AttnBtn+ PwrCtrl+ MRL- AttnInd+ PwrInd+ HotPlug+ Surprise- Interlock- NoCompl+ IbPresDis- LLActRep+
May 29 20:57:13.963985 kernel: pcieport 0000:03:02.3: pciehp: Slot #21 AttnBtn+ PwrCtrl+ MRL- AttnInd+ PwrInd+ HotPlug+ Surprise- Interlock- NoCompl+ IbPresDis- LLActRep+
May 29 20:57:13.964014 kernel: pcieport 0000:03:02.4: pciehp: Slot #22 AttnBtn+ PwrCtrl+ MRL- AttnInd+ PwrInd+ HotPlug+ Surprise- Interlock- NoCompl+ IbPresDis- LLActRep+
May 29 20:57:13.964044 kernel: pcieport 0000:03:02.5: pciehp: Slot #23 AttnBtn+ PwrCtrl+ MRL- AttnInd+ PwrInd+ HotPlug+ Surprise- Interlock- NoCompl+ IbPresDis- LLActRep+
May 29 20:57:13.964074 kernel: pcieport 0000:03:02.6: pciehp: Slot #24 AttnBtn+ PwrCtrl+ MRL- AttnInd+ PwrInd+ HotPlug+ Surprise- Interlock- NoCompl+ IbPresDis- LLActRep+
May 29 20:57:13.964104 kernel: pcieport 0000:03:02.7: pciehp: Slot #25 AttnBtn+ PwrCtrl+ MRL- AttnInd+ PwrInd+ HotPlug+ Surprise- Interlock- NoCompl+ IbPresDis- LLActRep+
May 29 20:57:13.964134 kernel: pcieport 0000:03:03.0: pciehp: Slot #26 AttnBtn+ PwrCtrl+ MRL- AttnInd+ PwrInd+ HotPlug+ Surprise- Interlock- NoCompl+ IbPresDis- LLActRep+
May 29 20:57:13.964164 kernel: pcieport 0000:03:03.1: pciehp: Slot #27 AttnBtn+ PwrCtrl+ MRL- AttnInd+ PwrInd+ HotPlug+ Surprise- Interlock- NoCompl+ IbPresDis- LLActRep+
May 29 20:57:13.964194 kernel: pcieport 0000:03:03.2: pciehp: Slot #28 AttnBtn+ PwrCtrl+ MRL- AttnInd+ PwrInd+ HotPlug+ Surprise- Interlock- NoCompl+ IbPresDis- LLActRep+
May 29 20:57:13.964224 kernel: pcieport 0000:03:03.3: pciehp: Slot #29 AttnBtn+ PwrCtrl+ MRL- AttnInd+ PwrInd+ HotPlug+ Surprise- Interlock- NoCompl+ IbPresDis- LLActRep+
May 29 20:57:13.964254 kernel: pcieport 0000:03:03.4: pciehp: Slot #30 AttnBtn+ PwrCtrl+ MRL- AttnInd+ PwrInd+ HotPlug+ Surprise- Interlock- NoCompl+ IbPresDis- LLActRep+
May 29 20:57:13.964285 kernel: pcieport 0000:03:03.5: pciehp: Slot #31 AttnBtn+ PwrCtrl+ MRL- AttnInd+ PwrInd+ HotPlug+ Surprise- Interlock- NoCompl+ IbPresDis- LLActRep+
May 29 20:57:13.964315 kernel: pcieport 0000:03:03.6: pciehp: Slot #32 AttnBtn+ PwrCtrl+ MRL- AttnInd+ PwrInd+ HotPlug+ Surprise- Interlock- NoCompl+ IbPresDis- LLActRep+
May 29 20:57:13.964345 kernel: pcieport 0000:03:03.7: pciehp: Slot #33 AttnBtn+ PwrCtrl+ MRL- AttnInd+ PwrInd+ HotPlug+ Surprise- Interlock- NoCompl+ IbPresDis- LLActRep+
May 29 20:57:13.964371 kernel: pcieport 0000:24:00.0: PME: Signaling with IRQ 57
May 29 20:57:13.964396 kernel: pcieport 0000:24:00.0: pciehp: Slot #1 AttnBtn+ PwrCtrl+ MRL- AttnInd+ PwrInd+ HotPlug+ Surprise- Interlock- NoCompl+ IbPresDis- LLActRep+
May 29 20:57:13.964425 kernel: pcieport 0000:26:00.0: pciehp: Slot #34 AttnBtn+ PwrCtrl+ MRL- AttnInd+ PwrInd+ HotPlug+ Surprise- Interlock- NoCompl+ IbPresDis- LLActRep+
May 29 20:57:13.964454 kernel: pcieport 0000:26:00.1: pciehp: Slot #35 AttnBtn+ PwrCtrl+ MRL- AttnInd+ PwrInd+ HotPlug+ Surprise- Interlock- NoCompl+ IbPresDis- LLActRep+
May 29 20:57:13.964482 kernel: pcieport 0000:26:00.2: pciehp: Slot #36 AttnBtn+ PwrCtrl+ MRL- AttnInd+ PwrInd+ HotPlug+ Surprise- Interlock- NoCompl+ IbPresDis- LLActRep+
May 29 20:57:13.964510 kernel: pcieport 0000:26:00.3: pciehp: Slot #37 AttnBtn+ PwrCtrl+ MRL- AttnInd+ PwrInd+ HotPlug+ Surprise- Interlock- NoCompl+ IbPresDis- LLActRep+
May 29 20:57:13.964543 kernel: pcieport 0000:26:00.4: pciehp: Slot #38 AttnBtn+ PwrCtrl+ MRL- AttnInd+ PwrInd+ HotPlug+ Surprise- Interlock- NoCompl+ IbPresDis- LLActRep+
May 29 20:57:13.964546 kernel: shpchp: Standard Hot Plug PCI Controller Driver version: 0.4
May 29 20:57:13.964549 kernel: input: Power Button as /devices/LNXSYSTM:00/LNXPWRBN:00/input/input0
May 29 20:57:13.964552 kernel: ACPI: button: Power Button [PWRF]
May 29 20:57:13.964555 kernel: input: Sleep Button as /devices/LNXSYSTM:00/LNXSLPBN:00/input/input1
May 29 20:57:13.964558 kernel: ACPI: button: Sleep Button [SLPF]
May 29 20:57:13.964561 kernel: Monitor-Mwait will be used to enter C-1 state
May 29 20:57:13.964564 kernel: ACPI: \_SB_.CP00: Found 2 idle states
May 29 20:57:13.964567 kernel: ACPI: \_SB_.CP01: Found 2 idle states
May 29 20:57:13.964570 kernel: ACPI: \_SB_.CP02: Found 2 idle states
May 29 20:57:13.964573 kernel: ACPI: \_SB_.CP03: Found 2 idle states
May 29 20:57:13.964575 kernel: Serial: 8250/16550 driver, 4 ports, IRQ sharing enabled
May 29 20:57:13.964578 kernel: 00:04: ttyS0 at I/O 0x3f8 (irq = 4, base_baud = 115200) is a 16550A
May 29 20:57:13.964580 kernel: Non-volatile memory driver v1.3
May 29 20:57:13.964583 kernel: Freeing initrd memory: 104172K
May 29 20:57:13.964586 kernel: rdac: device handler registered
May 29 20:57:13.964588 kernel: hp_sw: device handler registered
May 29 20:57:13.964591 kernel: emc: device handler registered
May 29 20:57:13.964594 kernel: alua: device handler registered
May 29 20:57:13.964596 kernel: usbcore: registered new interface driver usbserial_generic
May 29 20:57:13.964599 kernel: usbserial: USB Serial support registered for generic
May 29 20:57:13.964602 kernel: i8042: PNP: PS/2 Controller [PNP0303:KBD,PNP0f13:MOU] at 0x60,0x64 irq 1,12
May 29 20:57:13.964604 kernel: i8042: Warning: Keylock active
May 29 20:57:13.964607 kernel: serio: i8042 KBD port at 0x60,0x64 irq 1
May 29 20:57:13.964610 kernel: serio: i8042 AUX port at 0x60,0x64 irq 12
May 29 20:57:13.964612 kernel: mousedev: PS/2 mouse device common for all mice
May 29 20:57:13.964647 kernel: rtc_cmos 00:00: RTC can wake from S4
May 29 20:57:13.964672 kernel: rtc_cmos 00:00: registered as rtc0
May 29 20:57:13.964697 kernel: rtc_cmos 00:00: setting system clock to 2026-05-29T20:57:13 UTC (1780088233)
May 29 20:57:13.964721 kernel: rtc_cmos 00:00: alarms up to one day, 114 bytes nvram
May 29 20:57:13.964725 kernel: amd_pstate: The CPPC feature is supported but currently disabled by the BIOS.
                               Please enable it if your BIOS has the CPPC option.
May 29 20:57:13.964727 kernel: amd_pstate: the _CPC object is not present in SBIOS or ACPI disabled
May 29 20:57:13.964730 kernel: hid: raw HID events driver (C) Jiri Kosina
May 29 20:57:13.964732 kernel: usbcore: registered new interface driver usbhid
May 29 20:57:13.964735 kernel: usbhid: USB HID core driver
May 29 20:57:13.964738 kernel: drop_monitor: Initializing network drop monitor service
May 29 20:57:13.964740 kernel: Initializing XFRM netlink socket
May 29 20:57:13.964742 kernel: NET: Registered PF_INET6 protocol family
May 29 20:57:13.964745 kernel: Segment Routing with IPv6
May 29 20:57:13.964748 kernel: NET: Registered PF_PACKET protocol family
May 29 20:57:13.964752 kernel: mpls_gso: MPLS GSO support
May 29 20:57:13.964754 kernel: IPI shorthand broadcast: enabled
May 29 20:57:13.964757 kernel: AVX2 version of gcm_enc/dec engaged.
May 29 20:57:13.964759 kernel: AES CTR mode by8 optimization enabled
May 29 20:57:13.964762 kernel: sched_clock: Marking stable (2218532425, 523641212)->(2807756969, -65583332)
May 29 20:57:13.964764 kernel: registered taskstats version 1
May 29 20:57:13.964767 kernel: Loading compiled-in X.509 certificates
May 29 20:57:13.964770 kernel: Loaded X.509 cert 'Red Hat Enterprise Linux kernel signing key: 300cbdfacc279a7dbb14021e37e33aa77fe6a2a1'
May 29 20:57:13.964773 kernel: Loaded X.509 cert 'Red Hat Enterprise Linux Driver Update Program (key 3): bf57f3e87362bc7229d9f465321773dfd1f77a80'
May 29 20:57:13.964775 kernel: Loaded X.509 cert 'Red Hat Enterprise Linux kpatch signing key: 4d38fd864ebe18c5f0b72e3852e2014c3a676fc8'
May 29 20:57:13.964778 kernel: Loaded X.509 cert 'RH-IMA-CA: Red Hat IMA CA: fb31825dd0e073685b264e3038963673f753959a'
May 29 20:57:13.964781 kernel: Loaded X.509 cert 'Nvidia GPU OOT signing 001: 55e1cef88193e60419f0b0ec379c49f77545acf0'
May 29 20:57:13.964784 kernel: Demotion targets for Node 0: null
May 29 20:57:13.964787 kernel: page_owner is disabled
May 29 20:57:13.964789 kernel: Key type .fscrypt registered
May 29 20:57:13.964792 kernel: Key type fscrypt-provisioning registered
May 29 20:57:13.964795 kernel: Key type big_key registered
May 29 20:57:13.964797 kernel: Key type encrypted registered
May 29 20:57:13.964799 kernel: ima: No TPM chip found, activating TPM-bypass!
May 29 20:57:13.964802 kernel: Loading compiled-in module X.509 certificates
May 29 20:57:13.964805 kernel: Loaded X.509 cert 'Red Hat Enterprise Linux kernel signing key: 300cbdfacc279a7dbb14021e37e33aa77fe6a2a1'
May 29 20:57:13.964807 kernel: ima: Allocated hash algorithm: sha256
May 29 20:57:13.964810 kernel: ima: No architecture policies found
May 29 20:57:13.964813 kernel: evm: Initialising EVM extended attributes:
May 29 20:57:13.964816 kernel: evm: security.selinux
May 29 20:57:13.964818 kernel: evm: security.SMACK64 (disabled)
May 29 20:57:13.964821 kernel: evm: security.SMACK64EXEC (disabled)
May 29 20:57:13.964824 kernel: evm: security.SMACK64TRANSMUTE (disabled)
May 29 20:57:13.964826 kernel: evm: security.SMACK64MMAP (disabled)
May 29 20:57:13.964829 kernel: evm: security.apparmor (disabled)
May 29 20:57:13.964832 kernel: evm: security.ima
May 29 20:57:13.964834 kernel: evm: security.capability
May 29 20:57:13.965336 kernel: evm: HMAC attrs: 0x1
May 29 20:57:13.965339 kernel: Running certificate verification RSA selftest
May 29 20:57:13.965341 kernel: Loaded X.509 cert 'Certificate verification self-testing key: f58703bb33ce1b73ee02eccdee5b8817518fe3db'
May 29 20:57:13.965344 kernel: Running certificate verification ECDSA selftest
May 29 20:57:13.965348 kernel: Loaded X.509 cert 'Certificate verification ECDSA self-testing key: 2900bcea1deb7bc8479a84a23d758efdfdd2b2d3'
May 29 20:57:13.965350 kernel: clk: Disabling unused clocks
May 29 20:57:13.965353 kernel: Freeing unused decrypted memory: 2028K
May 29 20:57:13.965355 kernel: Freeing unused kernel image (initmem) memory: 4044K
May 29 20:57:13.965358 kernel: Write protecting the kernel read-only data: 30720k
May 29 20:57:13.965361 kernel: Freeing unused kernel image (rodata/data gap) memory: 708K
May 29 20:57:13.965363 kernel: x86/mm: Checked W+X mappings: passed, no W+X pages found.
May 29 20:57:13.965366 kernel: Run /init as init process
May 29 20:57:13.965368 kernel:   with arguments:
May 29 20:57:13.965371 kernel:     /init
May 29 20:57:13.965373 kernel:   with environment:
May 29 20:57:13.965377 kernel:     HOME=/
May 29 20:57:13.965379 kernel:     TERM=linux
May 29 20:57:13.965382 kernel:     BOOT_IMAGE=(hd0,gpt3)/boot/ostree/rhcos-617b0e78715ed36bc2244f65434be3f79c4e5cc41b856cce9de411575dfca7bd/vmlinuz-5.14.0-570.55.1.el9_6.x86_64
May 29 20:57:13.965385 kernel:     ostree=/ostree/boot.1/rhcos/617b0e78715ed36bc2244f65434be3f79c4e5cc41b856cce9de411575dfca7bd/0
May 29 20:57:13.965405 systemd-journald.service[372]: Missed 38 kernel messages
May 29 20:57:13.965421 kernel: fuse: init (API version 7.37)
May 29 20:57:13.965427 systemd-journald.service[372]: Journal started
May 29 20:57:13.965450 systemd-journald.service[372]: Runtime Journal (/run/log/journal/ec22309ee7de6774fc37b5adc50f4296) is 8.0M, max 313.2M, 305.2M free.
May 29 20:57:13.954315 rdma-load-modules@infiniband.service[368]: Inserted module 'ib_ipoib'
May 29 20:57:13.957053 systemd-modules-load.service[376]: Inserted module 'fuse'
May 29 20:57:13.957100 rdma-load-modules@infiniband.service[368]: Inserted module 'ib_umad'
May 29 20:57:13.957103 systemd-modules-load.service[376]: Module 'msr' is built in
May 29 20:57:13.969841 systemd-journald.service[372]: Missed 4 kernel messages
May 29 20:57:13.969841 kernel: Loading iSCSI transport class v2.0-870.
May 29 20:57:13.975920 rdma-load-modules@rdma.service[369]: Inserted module 'ib_iser'
May 29 20:57:13.976844 kernel: iscsi: registered transport (iser)
May 29 20:57:13.992841 systemd-journald.service[372]: Missed 1 kernel messages
May 29 20:57:13.992841 kernel: Rounding down aligned max_sectors from 4294967295 to 4294967288
May 29 20:57:13.992855 kernel: db_root: cannot open: /etc/target
May 29 20:57:14.004853 kernel: input: AT Translated Set 2 keyboard as /devices/platform/i8042/serio0/input/input2
May 29 20:57:14.011317 rdma-load-modules@rdma.service[369]: Inserted module 'ib_isert'
May 29 20:57:14.017692 rdma-load-modules@rdma.service[369]: Inserted module 'ib_srpt'
May 29 20:57:14.037252 rdma-load-modules@rdma.service[369]: Inserted module 'ib_uverbs'
May 29 20:57:14.039184 rdma-load-modules@rdma.service[369]: Inserted module 'rdma_ucm'
May 29 20:57:14.046124 init.scope[1]: Finished Afterburn Initrd Setup Network Kernel Arguments.
May 29 20:57:14.051006 init.scope[1]: Finished CoreOS: Touch /run/agetty.reload.
May 29 20:57:14.052771 init.scope[1]: Finished Create List of Static Device Nodes.
May 29 20:57:14.057036 init.scope[1]: Finished Load RDMA modules from /etc/rdma/modules/infiniband.conf.
May 29 20:57:14.059342 init.scope[1]: Finished Load RDMA modules from /etc/rdma/modules/roce.conf.
May 29 20:57:14.065033 init.scope[1]: Finished Load Kernel Modules.
May 29 20:57:14.068080 init.scope[1]: Finished Setup Virtual Console.
May 29 20:57:14.080026 init.scope[1]: Starting dracut ask for additional cmdline parameters...
May 29 20:57:14.081947 init.scope[1]: Starting Apply Kernel Variables...
May 29 20:57:14.086104 systemd-journald.service[372]: Missed 13 kernel messages
May 29 20:57:14.086104 kernel: RPC: Registered named UNIX socket transport module.
May 29 20:57:14.086128 systemd-journald.service[372]: Missed 1 kernel messages
May 29 20:57:14.086128 kernel: RPC: Registered udp transport module.
May 29 20:57:14.087595 kernel: RPC: Registered tcp transport module.
May 29 20:57:14.087608 kernel: RPC: Registered tcp-with-tls transport module.
May 29 20:57:14.092076 kernel: RPC: Registered tcp NFSv4.1 backchannel transport module.
May 29 20:57:14.091496 systemd-sysusers.service[377]: Creating group 'root' with GID 991.
May 29 20:57:14.092388 init.scope[1]: Finished Create System Users.
May 29 20:57:14.099111 init.scope[1]: Finished dracut ask for additional cmdline parameters.
May 29 20:57:14.101161 init.scope[1]: Finished Apply Kernel Variables.
May 29 20:57:14.113766 systemd-journald.service[372]: Missed 4 kernel messages
May 29 20:57:14.113766 kernel: RPC: Registered rdma transport module.
May 29 20:57:14.113788 kernel: RPC: Registered rdma backchannel transport module.
May 29 20:57:14.115475 rdma-load-modules@rdma.service[369]: Inserted module 'rpcrdma'
May 29 20:57:14.116430 init.scope[1]: Starting dracut cmdline hook...
May 29 20:57:14.118935 init.scope[1]: Starting Create Static Device Nodes in /dev...
May 29 20:57:14.121153 init.scope[1]: Starting Create Volatile Files and Directories...
May 29 20:57:14.123791 dracut-cmdline.service[405]: dracut-9.6.20251015-1 (Plow) dracut-057-88.git20250311.el9_6
May 29 20:57:14.123791 dracut-cmdline.service[405]: Using kernel command line parameters:  ip=auto   BOOT_IMAGE=(hd0,gpt3)/boot/ostree/rhcos-617b0e78715ed36bc2244f65434be3f79c4e5cc41b856cce9de411575dfca7bd/vmlinuz-5.14.0-570.55.1.el9_6.x86_64 rw ignition.firstboot ostree=/ostree/boot.1/rhcos/617b0e78715ed36bc2244f65434be3f79c4e5cc41b856cce9de411575dfca7bd/0 ignition.platform.id=aws console=tty0 console=ttyS0,115200n8
May 29 20:57:14.123802 init.scope[1]: Finished Load RDMA modules from /etc/rdma/modules/rdma.conf.
May 29 20:57:14.126193 init.scope[1]: Reached target Preparation for Network.
May 29 20:57:14.188322 init.scope[1]: Finished Create Static Device Nodes in /dev.
May 29 20:57:14.193448 init.scope[1]: Finished Create Volatile Files and Directories.
May 29 20:57:14.198844 systemd-journald.service[372]: Missed 10 kernel messages
May 29 20:57:14.198844 kernel: iscsi: registered transport (tcp)
May 29 20:57:14.212846 kernel: Warning: Deprecated Driver is detected: qla4xxx will not be maintained in a future major release and may be disabled
May 29 20:57:14.216709 kernel: iscsi: registered transport (qla4xxx)
May 29 20:57:14.216715 kernel: QLogic iSCSI HBA Driver
May 29 20:57:14.225849 kernel: libcxgbi:libcxgbi_init_module: Chelsio iSCSI driver library libcxgbi v0.9.1-ko (Apr. 2015)
May 29 20:57:14.255844 kernel: Chelsio T4-T6 iSCSI Driver cxgb4i v0.9.5-ko (Apr. 2015)
May 29 20:57:14.255854 kernel: iscsi: registered transport (cxgb4i)
May 29 20:57:14.265843 kernel: Warning: Deprecated Driver is detected: cnic will not be maintained in a future major release and may be disabled
May 29 20:57:14.267843 kernel: cnic: QLogic cnicDriver v2.5.22 (July 20, 2015)
May 29 20:57:14.273843 kernel: Warning: Deprecated Driver is detected: bnx2i will not be maintained in a future major release and may be disabled
