May 29 20:57:13.935253 kernel: Linux version 5.14.0-570.55.1.el9_6.x86_64 (mockbuild@x86-64-04.build.eng.rdu2.redhat.com) (gcc (GCC) 11.5.0 20240719 (Red Hat 11.5.0-5), GNU ld version 2.35.2-63.el9) #1 SMP PREEMPT_DYNAMIC Tue Oct 14 01:03:55 EDT 2025
May 29 20:57:13.935265 kernel: The list of certified hardware and cloud instances for Red Hat Enterprise Linux 9 can be viewed at the Red Hat Ecosystem Catalog, https://catalog.redhat.com.
May 29 20:57:13.935270 kernel: Command line: BOOT_IMAGE=(hd0,gpt3)/boot/ostree/rhcos-617b0e78715ed36bc2244f65434be3f79c4e5cc41b856cce9de411575dfca7bd/vmlinuz-5.14.0-570.55.1.el9_6.x86_64 rw ignition.firstboot ostree=/ostree/boot.1/rhcos/617b0e78715ed36bc2244f65434be3f79c4e5cc41b856cce9de411575dfca7bd/0 ignition.platform.id=aws console=tty0 console=ttyS0,115200n8
May 29 20:57:13.935273 kernel: BIOS-provided physical RAM map:
May 29 20:57:13.935276 kernel: BIOS-e820: [mem 0x0000000000000000-0x000000000009fbff] usable
May 29 20:57:13.935278 kernel: BIOS-e820: [mem 0x000000000009fc00-0x000000000009ffff] reserved
May 29 20:57:13.935281 kernel: BIOS-e820: [mem 0x00000000000f0000-0x00000000000fffff] reserved
May 29 20:57:13.935283 kernel: BIOS-e820: [mem 0x0000000000100000-0x00000000bffe7fff] usable
May 29 20:57:13.935286 kernel: BIOS-e820: [mem 0x00000000bffe8000-0x00000000bfffffff] reserved
May 29 20:57:13.935288 kernel: BIOS-e820: [mem 0x00000000e0000000-0x00000000e03fffff] reserved
May 29 20:57:13.935290 kernel: BIOS-e820: [mem 0x00000000fffc0000-0x00000000ffffffff] reserved
May 29 20:57:13.935292 kernel: BIOS-e820: [mem 0x0000000100000000-0x000000042b3fffff] usable
May 29 20:57:13.935294 kernel: BIOS-e820: [mem 0x000000042b400000-0x000000043fffffff] reserved
May 29 20:57:13.935297 kernel: BIOS-e820: [mem 0x0000000440100000-0x0000000442bfffff] reserved
May 29 20:57:13.935299 kernel: NX (Execute Disable) protection: active
May 29 20:57:13.935302 kernel: APIC: Static calls initialized
May 29 20:57:13.935304 kernel: SMBIOS 2.7 present.
May 29 20:57:13.935306 kernel: DMI: Amazon EC2 m8a.xlarge/, BIOS 1.0 10/16/2017
May 29 20:57:13.935308 kernel: Hypervisor detected: KVM
May 29 20:57:13.935310 kernel: kvm-clock: Using msrs 4b564d01 and 4b564d00
May 29 20:57:13.935313 kernel: kvm-clock: using sched offset of 27365910417 cycles
May 29 20:57:13.935315 kernel: clocksource: kvm-clock: mask: 0xffffffffffffffff max_cycles: 0x1cd42e4dffb, max_idle_ns: 881590591483 ns
May 29 20:57:13.935318 kernel: tsc: Detected 2599.996 MHz processor
May 29 20:57:13.935320 kernel: e820: update [mem 0x00000000-0x00000fff] usable ==> reserved
May 29 20:57:13.935323 kernel: e820: remove [mem 0x000a0000-0x000fffff] usable
May 29 20:57:13.935325 kernel: last_pfn = 0x42b400 max_arch_pfn = 0x400000000
May 29 20:57:13.935328 kernel: MTRR map: 4 entries (3 fixed + 1 variable; max 19), built from 8 variable MTRRs
May 29 20:57:13.935330 kernel: x86/PAT: Configuration [0-7]: WB  WC  UC- UC  WB  WP  UC- WT  
May 29 20:57:13.935332 kernel: last_pfn = 0xbffe8 max_arch_pfn = 0x400000000
May 29 20:57:13.935335 kernel: Using GB pages for direct mapping
May 29 20:57:13.935337 kernel: RAMDISK: [mem 0x2b47b000-0x31a35fff]
May 29 20:57:13.935339 kernel: ACPI: Early table checksum verification disabled
May 29 20:57:13.935342 kernel: ACPI: RSDP 0x00000000000F8F00 000014 (v00 AMAZON)
May 29 20:57:13.935345 kernel: ACPI: RSDT 0x00000000BFFECC40 000048 (v01 AMAZON AMZNRSDT 00000001 AMZN 00000001)
May 29 20:57:13.935347 kernel: ACPI: WAET 0x00000000BFFEFFC0 000028 (v01 AMAZON AMZNWAET 00000001 AMZN 00000001)
May 29 20:57:13.935349 kernel: ACPI: SLIT 0x00000000BFFEFF40 00006C (v01 AMAZON AMZNSLIT 00000001 AMZN 00000001)
May 29 20:57:13.935351 kernel: ACPI: APIC 0x00000000BFFEFE80 000086 (v01 AMAZON AMZNAPIC 00000001 AMZN 00000001)
May 29 20:57:13.935354 kernel: ACPI: SRAT 0x00000000BFFEFDC0 0000C0 (v01 AMAZON AMZNSRAT 00000001 AMZN 00000001)
May 29 20:57:13.935356 kernel: ACPI: FACP 0x00000000BFFEFC80 000114 (v01 AMAZON AMZNFACP 00000001 AMZN 00000001)
May 29 20:57:13.935358 kernel: ACPI: DSDT 0x00000000BFFEE5C0 00165D (v01 AMAZON AMZNDSDT 00000001 AMZN 00000001)
May 29 20:57:13.935362 kernel: ACPI: FACS 0x00000000000F8EC0 000040
May 29 20:57:13.935364 kernel: ACPI: HPET 0x00000000BFFEFC40 000038 (v01 AMAZON AMZNHPET 00000001 AMZN 00000001)
May 29 20:57:13.935366 kernel: ACPI: SSDT 0x00000000BFFECE40 001756 (v01 AMAZON AMZNSSDT 00000001 AMZN 00000001)
May 29 20:57:13.935369 kernel: ACPI: SSDT 0x00000000BFFECD40 0000D1 (v01 AMAZON AMZNSSDT 00000001 AMZN 00000001)
May 29 20:57:13.935371 kernel: ACPI: MCFG 0x00000000BFFECCC0 00004C (v01 AMAZON AMZNMCFG 00000001 AMZN 00000001)
May 29 20:57:13.935373 kernel: ACPI: Reserving WAET table memory at [mem 0xbffeffc0-0xbffeffe7]
May 29 20:57:13.935376 kernel: ACPI: Reserving SLIT table memory at [mem 0xbffeff40-0xbffeffab]
May 29 20:57:13.935378 kernel: ACPI: Reserving APIC table memory at [mem 0xbffefe80-0xbffeff05]
May 29 20:57:13.935381 kernel: ACPI: Reserving SRAT table memory at [mem 0xbffefdc0-0xbffefe7f]
May 29 20:57:13.935383 kernel: ACPI: Reserving FACP table memory at [mem 0xbffefc80-0xbffefd93]
May 29 20:57:13.935385 kernel: ACPI: Reserving DSDT table memory at [mem 0xbffee5c0-0xbffefc1c]
May 29 20:57:13.935387 kernel: ACPI: Reserving FACS table memory at [mem 0xf8ec0-0xf8eff]
May 29 20:57:13.935389 kernel: ACPI: Reserving HPET table memory at [mem 0xbffefc40-0xbffefc77]
May 29 20:57:13.935392 kernel: ACPI: Reserving SSDT table memory at [mem 0xbffece40-0xbffee595]
May 29 20:57:13.935394 kernel: ACPI: Reserving SSDT table memory at [mem 0xbffecd40-0xbffece10]
May 29 20:57:13.935396 kernel: ACPI: Reserving MCFG table memory at [mem 0xbffeccc0-0xbffecd0b]
May 29 20:57:13.935398 kernel: SRAT: PXM 0 -> APIC 0x00 -> Node 0
May 29 20:57:13.935400 kernel: SRAT: PXM 0 -> APIC 0x01 -> Node 0
May 29 20:57:13.935403 kernel: SRAT: PXM 0 -> APIC 0x02 -> Node 0
May 29 20:57:13.935405 kernel: SRAT: PXM 0 -> APIC 0x03 -> Node 0
May 29 20:57:13.935408 kernel: ACPI: SRAT: Node 0 PXM 0 [mem 0x00000000-0xbfffffff]
May 29 20:57:13.935410 kernel: ACPI: SRAT: Node 0 PXM 0 [mem 0x100000000-0x43fffffff]
May 29 20:57:13.935412 kernel: NUMA: Initialized distance table, cnt=1
May 29 20:57:13.935414 kernel: NUMA: Node 0 [mem 0x00000000-0xbfffffff] + [mem 0x100000000-0x42b3fffff] -> [mem 0x00000000-0x42b3fffff]
May 29 20:57:13.935417 kernel: NODE_DATA(0) allocated [mem 0x42b3d4000-0x42b3fefff]
May 29 20:57:13.935419 kernel: Zone ranges:
May 29 20:57:13.935421 kernel:   DMA      [mem 0x0000000000001000-0x0000000000ffffff]
May 29 20:57:13.935424 kernel:   DMA32    [mem 0x0000000001000000-0x00000000ffffffff]
May 29 20:57:13.935426 kernel:   Normal   [mem 0x0000000100000000-0x000000042b3fffff]
May 29 20:57:13.935431 kernel:   Device   empty
May 29 20:57:13.935433 kernel: Movable zone start for each node
May 29 20:57:13.935436 kernel: Early memory node ranges
May 29 20:57:13.935440 kernel:   node   0: [mem 0x0000000000001000-0x000000000009efff]
May 29 20:57:13.935444 kernel:   node   0: [mem 0x0000000000100000-0x00000000bffe7fff]
May 29 20:57:13.935446 kernel:   node   0: [mem 0x0000000100000000-0x000000042b3fffff]
May 29 20:57:13.935448 kernel: Initmem setup node 0 [mem 0x0000000000001000-0x000000042b3fffff]
May 29 20:57:13.935450 kernel: On node 0, zone DMA: 1 pages in unavailable ranges
May 29 20:57:13.935453 kernel: On node 0, zone DMA: 97 pages in unavailable ranges
May 29 20:57:13.935455 kernel: On node 0, zone Normal: 24 pages in unavailable ranges
May 29 20:57:13.935457 kernel: On node 0, zone Normal: 19456 pages in unavailable ranges
May 29 20:57:13.935459 kernel: ACPI: PM-Timer IO Port: 0xb008
May 29 20:57:13.935462 kernel: ACPI: LAPIC_NMI (acpi_id[0xff] dfl dfl lint[0x1])
May 29 20:57:13.935464 kernel: IOAPIC[0]: apic_id 0, version 32, address 0xfec00000, GSI 0-23
May 29 20:57:13.935466 kernel: ACPI: INT_SRC_OVR (bus 0 bus_irq 5 global_irq 5 high level)
May 29 20:57:13.935469 kernel: ACPI: INT_SRC_OVR (bus 0 bus_irq 9 global_irq 9 high level)
May 29 20:57:13.935472 kernel: ACPI: INT_SRC_OVR (bus 0 bus_irq 10 global_irq 10 high level)
May 29 20:57:13.935474 kernel: ACPI: INT_SRC_OVR (bus 0 bus_irq 11 global_irq 11 high level)
May 29 20:57:13.935476 kernel: ACPI: Using ACPI (MADT) for SMP configuration information
May 29 20:57:13.935479 kernel: ACPI: HPET id: 0x8086a201 base: 0xfed00000
May 29 20:57:13.935481 kernel: CPU topo: Max. logical packages:   1
May 29 20:57:13.935483 kernel: CPU topo: Max. logical dies:       1
May 29 20:57:13.935485 kernel: CPU topo: Max. dies per package:   1
May 29 20:57:13.935488 kernel: CPU topo: Max. threads per core:   1
May 29 20:57:13.935490 kernel: CPU topo: Num. cores per package:     4
May 29 20:57:13.935492 kernel: CPU topo: Num. threads per package:   4
May 29 20:57:13.935494 kernel: CPU topo: Allowing 4 present CPUs plus 0 hotplug CPUs
May 29 20:57:13.935497 kernel: kvm-guest: APIC: eoi() replaced with kvm_guest_apic_eoi_write()
May 29 20:57:13.935499 kernel: PM: hibernation: Registered nosave memory: [mem 0x00000000-0x00000fff]
May 29 20:57:13.935502 kernel: PM: hibernation: Registered nosave memory: [mem 0x0009f000-0x0009ffff]
May 29 20:57:13.935504 kernel: PM: hibernation: Registered nosave memory: [mem 0x000a0000-0x000effff]
May 29 20:57:13.935506 kernel: PM: hibernation: Registered nosave memory: [mem 0x000f0000-0x000fffff]
May 29 20:57:13.935509 kernel: PM: hibernation: Registered nosave memory: [mem 0xbffe8000-0xbfffffff]
May 29 20:57:13.935511 kernel: PM: hibernation: Registered nosave memory: [mem 0xc0000000-0xdfffffff]
May 29 20:57:13.935513 kernel: PM: hibernation: Registered nosave memory: [mem 0xe0000000-0xe03fffff]
May 29 20:57:13.935515 kernel: PM: hibernation: Registered nosave memory: [mem 0xe0400000-0xfffbffff]
May 29 20:57:13.935524 kernel: PM: hibernation: Registered nosave memory: [mem 0xfffc0000-0xffffffff]
May 29 20:57:13.935526 kernel: [mem 0xc0000000-0xdfffffff] available for PCI devices
May 29 20:57:13.935528 kernel: Booting paravirtualized kernel on KVM
May 29 20:57:13.935531 kernel: clocksource: refined-jiffies: mask: 0xffffffff max_cycles: 0xffffffff, max_idle_ns: 1910969940391419 ns
May 29 20:57:13.935533 kernel: setup_percpu: NR_CPUS:8192 nr_cpumask_bits:4 nr_cpu_ids:4 nr_node_ids:1
May 29 20:57:13.935535 kernel: percpu: Embedded 64 pages/cpu s225280 r8192 d28672 u524288
May 29 20:57:13.935539 kernel: pcpu-alloc: s225280 r8192 d28672 u524288 alloc=1*2097152
May 29 20:57:13.935541 kernel: pcpu-alloc: [0] 0 1 2 3 
May 29 20:57:13.935543 kernel: kvm-guest: PV spinlocks enabled
May 29 20:57:13.935546 kernel: PV qspinlock hash table entries: 256 (order: 0, 4096 bytes, linear)
May 29 20:57:13.935548 kernel: Kernel command line: BOOT_IMAGE=(hd0,gpt3)/boot/ostree/rhcos-617b0e78715ed36bc2244f65434be3f79c4e5cc41b856cce9de411575dfca7bd/vmlinuz-5.14.0-570.55.1.el9_6.x86_64 rw ignition.firstboot ostree=/ostree/boot.1/rhcos/617b0e78715ed36bc2244f65434be3f79c4e5cc41b856cce9de411575dfca7bd/0 ignition.platform.id=aws console=tty0 console=ttyS0,115200n8
May 29 20:57:13.935551 kernel: Unknown kernel command line parameters "BOOT_IMAGE=(hd0,gpt3)/boot/ostree/rhcos-617b0e78715ed36bc2244f65434be3f79c4e5cc41b856cce9de411575dfca7bd/vmlinuz-5.14.0-570.55.1.el9_6.x86_64 ostree=/ostree/boot.1/rhcos/617b0e78715ed36bc2244f65434be3f79c4e5cc41b856cce9de411575dfca7bd/0", will be passed to user space.
May 29 20:57:13.935554 kernel: random: crng init done
May 29 20:57:13.935558 kernel: Dentry cache hash table entries: 2097152 (order: 12, 16777216 bytes, linear)
May 29 20:57:13.935561 kernel: Inode-cache hash table entries: 1048576 (order: 11, 8388608 bytes, linear)
May 29 20:57:13.935563 kernel: Fallback order for Node 0: 0 
May 29 20:57:13.935565 kernel: Built 1 zonelists, mobility grouping on.  Total pages: 4044824
May 29 20:57:13.935568 kernel: Policy zone: Normal
May 29 20:57:13.935571 kernel: mem auto-init: stack:off, heap alloc:off, heap free:off
May 29 20:57:13.935573 kernel: software IO TLB: area num 4.
May 29 20:57:13.935575 kernel: Memory: 3105712K/16436760K available (16384K kernel code, 5766K rwdata, 13628K rodata, 4044K init, 7384K bss, 510692K reserved, 0K cma-reserved)
May 29 20:57:13.935578 kernel: SLUB: HWalign=64, Order=0-3, MinObjects=0, CPUs=4, Nodes=1
May 29 20:57:13.935580 kernel: ftrace: allocating 49069 entries in 192 pages
May 29 20:57:13.935582 kernel: ftrace: allocated 192 pages with 2 groups
May 29 20:57:13.935585 kernel: Dynamic Preempt: voluntary
May 29 20:57:13.935587 kernel: rcu: Preemptible hierarchical RCU implementation.
May 29 20:57:13.935590 kernel: rcu:         RCU event tracing is enabled.
May 29 20:57:13.935593 kernel: rcu:         RCU restricting CPUs from NR_CPUS=8192 to nr_cpu_ids=4.
May 29 20:57:13.935595 kernel:         Trampoline variant of Tasks RCU enabled.
May 29 20:57:13.935598 kernel:         Rude variant of Tasks RCU enabled.
May 29 20:57:13.935600 kernel:         Tracing variant of Tasks RCU enabled.
May 29 20:57:13.935602 kernel: rcu: RCU calculated value of scheduler-enlistment delay is 100 jiffies.
May 29 20:57:13.935605 kernel: rcu: Adjusting geometry for rcu_fanout_leaf=16, nr_cpu_ids=4
May 29 20:57:13.935607 kernel: RCU Tasks: Setting shift to 2 and lim to 1 rcu_task_cb_adjust=1.
May 29 20:57:13.935609 kernel: RCU Tasks Rude: Setting shift to 2 and lim to 1 rcu_task_cb_adjust=1.
May 29 20:57:13.935612 kernel: RCU Tasks Trace: Setting shift to 2 and lim to 1 rcu_task_cb_adjust=1.
May 29 20:57:13.935614 kernel: NR_IRQS: 524544, nr_irqs: 456, preallocated irqs: 16
May 29 20:57:13.935616 kernel: rcu: srcu_init: Setting srcu_struct sizes based on contention.
May 29 20:57:13.935619 kernel: kfence: initialized - using 2097152 bytes for 255 objects at 0x(____ptrval____)-0x(____ptrval____)
May 29 20:57:13.935622 kernel: Console: colour VGA+ 80x25
May 29 20:57:13.935624 kernel: printk: legacy console [tty0] enabled
May 29 20:57:13.935626 kernel: printk: console [ttyS0] enabled
May 29 20:57:13.935628 kernel: ACPI: Core revision 20230331
May 29 20:57:13.935631 kernel: clocksource: hpet: mask: 0xffffffff max_cycles: 0xffffffff, max_idle_ns: 30580167144 ns
May 29 20:57:13.935633 kernel: APIC: Switch to symmetric I/O mode setup
May 29 20:57:13.935635 kernel: x2apic enabled
May 29 20:57:13.935638 kernel: APIC: Switched APIC routing to: physical x2apic
May 29 20:57:13.935640 kernel: kvm-guest: APIC: send_IPI_mask() replaced with kvm_send_ipi_mask()
May 29 20:57:13.935642 kernel: kvm-guest: APIC: send_IPI_mask_allbutself() replaced with kvm_send_ipi_mask_allbutself()
May 29 20:57:13.935645 kernel: kvm-guest: setup PV IPIs
May 29 20:57:13.935647 kernel: ..TIMER: vector=0x30 apic1=0 pin1=0 apic2=-1 pin2=-1
May 29 20:57:13.935650 kernel: clocksource: tsc-early: mask: 0xffffffffffffffff max_cycles: 0x257a386c905, max_idle_ns: 440795250529 ns
May 29 20:57:13.935652 kernel: Calibrating delay loop (skipped) preset value.. 5199.99 BogoMIPS (lpj=2599996)
May 29 20:57:13.935654 kernel: process: using mwait in idle threads
May 29 20:57:13.935657 kernel: Last level iTLB entries: 4KB 64, 2MB 64, 4MB 32
May 29 20:57:13.935659 kernel: Last level dTLB entries: 4KB 128, 2MB 128, 4MB 64, 1GB 0
May 29 20:57:13.935661 kernel: Spectre V1 : Mitigation: usercopy/swapgs barriers and __user pointer sanitization
May 29 20:57:13.935664 kernel: Spectre V2 : Mitigation: Enhanced / Automatic IBRS
May 29 20:57:13.935666 kernel: Spectre V2 : Spectre v2 / SpectreRSB mitigation: Filling RSB on context switch
May 29 20:57:13.935668 kernel: Spectre V2 : mitigation: Enabling conditional Indirect Branch Prediction Barrier
May 29 20:57:13.935670 kernel: Speculative Store Bypass: Mitigation: Speculative Store Bypass disabled via prctl
May 29 20:57:13.935673 kernel: x86/fpu: Supporting XSAVE feature 0x001: 'x87 floating point registers'
May 29 20:57:13.935676 kernel: x86/fpu: Supporting XSAVE feature 0x002: 'SSE registers'
May 29 20:57:13.935678 kernel: x86/fpu: Supporting XSAVE feature 0x004: 'AVX registers'
May 29 20:57:13.935680 kernel: x86/fpu: Supporting XSAVE feature 0x020: 'AVX-512 opmask'
May 29 20:57:13.935682 kernel: x86/fpu: Supporting XSAVE feature 0x040: 'AVX-512 Hi256'
May 29 20:57:13.935685 kernel: x86/fpu: Supporting XSAVE feature 0x080: 'AVX-512 ZMM_Hi256'
May 29 20:57:13.935687 kernel: x86/fpu: Supporting XSAVE feature 0x200: 'Protection Keys User registers'
May 29 20:57:13.935689 kernel: x86/fpu: xstate_offset[2]:  576, xstate_sizes[2]:  256
May 29 20:57:13.935692 kernel: x86/fpu: xstate_offset[5]:  832, xstate_sizes[5]:   64
May 29 20:57:13.935694 kernel: x86/fpu: xstate_offset[6]:  896, xstate_sizes[6]:  512
May 29 20:57:13.935696 kernel: x86/fpu: xstate_offset[7]: 1408, xstate_sizes[7]: 1024
May 29 20:57:13.935698 kernel: x86/fpu: xstate_offset[9]: 2432, xstate_sizes[9]:    8
May 29 20:57:13.935701 kernel: x86/fpu: Enabled xstate features 0x2e7, context size is 2440 bytes, using 'compacted' format.
May 29 20:57:13.935704 kernel: Freeing SMP alternatives memory: 40K
May 29 20:57:13.935706 kernel: pid_max: default: 32768 minimum: 301
May 29 20:57:13.935708 kernel: LSM: initializing lsm=lockdown,capability,landlock,yama,integrity,selinux,bpf
May 29 20:57:13.935710 kernel: landlock: Up and running.
May 29 20:57:13.935713 kernel: Yama: becoming mindful.
May 29 20:57:13.935715 kernel: SELinux:  Initializing.
May 29 20:57:13.935717 kernel: LSM support for eBPF active
May 29 20:57:13.935720 kernel: Mount-cache hash table entries: 32768 (order: 6, 262144 bytes, linear)
May 29 20:57:13.935722 kernel: Mountpoint-cache hash table entries: 32768 (order: 6, 262144 bytes, linear)
May 29 20:57:13.935724 kernel: smpboot: CPU0: AMD EPYC 9R45 (family: 0x1a, model: 0x2, stepping: 0x1)
May 29 20:57:13.935727 kernel: Performance Events: Fam17h+ core perfctr, AMD PMU driver.
May 29 20:57:13.935730 kernel: ... version:                2
May 29 20:57:13.935732 kernel: ... bit width:              48
May 29 20:57:13.935734 kernel: ... generic registers:      5
May 29 20:57:13.935736 kernel: ... value mask:             0000ffffffffffff
May 29 20:57:13.935739 kernel: ... max period:             00007fffffffffff
May 29 20:57:13.935741 kernel: ... fixed-purpose events:   0
May 29 20:57:13.935743 kernel: ... event mask:             000000000000001f
May 29 20:57:13.935746 kernel: signal: max sigframe size: 3376
May 29 20:57:13.935748 kernel: rcu: Hierarchical SRCU implementation.
May 29 20:57:13.935750 kernel: rcu:         Max phase no-delay instances is 400.
May 29 20:57:13.935752 kernel: smp: Bringing up secondary CPUs ...
May 29 20:57:13.935755 kernel: smpboot: x86: Booting SMP configuration:
May 29 20:57:13.935758 kernel: .... node  #0, CPUs:      #1 #2 #3
May 29 20:57:13.935760 kernel: smp: Brought up 1 node, 4 CPUs
May 29 20:57:13.935762 kernel: smpboot: Total of 4 processors activated (20799.96 BogoMIPS)
May 29 20:57:13.935765 kernel: node 0 deferred pages initialised in 8ms
May 29 20:57:13.935767 kernel: devtmpfs: initialized
May 29 20:57:13.935769 kernel: x86/mm: Memory block size: 128MB
May 29 20:57:13.935771 kernel: clocksource: jiffies: mask: 0xffffffff max_cycles: 0xffffffff, max_idle_ns: 1911260446275000 ns
May 29 20:57:13.935774 kernel: futex hash table entries: 1024 (order: 4, 65536 bytes, linear)
May 29 20:57:13.935776 kernel: pinctrl core: initialized pinctrl subsystem
May 29 20:57:13.935778 kernel: NET: Registered PF_NETLINK/PF_ROUTE protocol family
May 29 20:57:13.935781 kernel: DMA: preallocated 2048 KiB GFP_KERNEL pool for atomic allocations
May 29 20:57:13.935783 kernel: DMA: preallocated 2048 KiB GFP_KERNEL|GFP_DMA pool for atomic allocations
May 29 20:57:13.935786 kernel: DMA: preallocated 2048 KiB GFP_KERNEL|GFP_DMA32 pool for atomic allocations
May 29 20:57:13.935788 kernel: audit: initializing netlink subsys (disabled)
May 29 20:57:13.935790 kernel: audit: type=2000 audit(1780088231.937:1): state=initialized audit_enabled=0 res=1
May 29 20:57:13.935793 kernel: thermal_sys: Registered thermal governor 'fair_share'
May 29 20:57:13.935795 kernel: thermal_sys: Registered thermal governor 'step_wise'
May 29 20:57:13.935798 kernel: thermal_sys: Registered thermal governor 'user_space'
May 29 20:57:13.935800 kernel: cpuidle: using governor menu
May 29 20:57:13.935802 kernel: acpiphp: ACPI Hot Plug PCI Controller Driver version: 0.5
May 29 20:57:13.935804 kernel: PCI: ECAM [mem 0x440100000-0x4423fffff] (base 0x440000000) for domain 0000 [bus 01-23]
May 29 20:57:13.935807 kernel: PCI: ECAM [mem 0x442400000-0x442bfffff] (base 0x440000000) for domain 0000 [bus 24-2b]
May 29 20:57:13.935809 kernel: PCI: Using configuration type 1 for base access
May 29 20:57:13.935812 kernel: kprobes: kprobe jump-optimization is enabled. All kprobes are optimized if possible.
May 29 20:57:13.935814 kernel: HugeTLB: registered 1.00 GiB page size, pre-allocated 0 pages
May 29 20:57:13.935816 kernel: HugeTLB: 16380 KiB vmemmap can be freed for a 1.00 GiB page
May 29 20:57:13.935819 kernel: HugeTLB: registered 2.00 MiB page size, pre-allocated 0 pages
May 29 20:57:13.935821 kernel: HugeTLB: 28 KiB vmemmap can be freed for a 2.00 MiB page
May 29 20:57:13.935823 kernel: Demotion targets for Node 0: null
May 29 20:57:13.935826 kernel: cryptd: max_cpu_qlen set to 1000
May 29 20:57:13.935828 kernel: ACPI: Added _OSI(Module Device)
May 29 20:57:13.935830 kernel: ACPI: Added _OSI(Processor Device)
May 29 20:57:13.935832 kernel: ACPI: Added _OSI(3.0 _SCP Extensions)
May 29 20:57:13.935835 kernel: ACPI: Added _OSI(Processor Aggregator Device)
May 29 20:57:13.935837 kernel: ACPI: 3 ACPI AML tables successfully acquired and loaded
May 29 20:57:13.935840 kernel: ACPI: _OSC evaluation for CPUs failed, trying _PDC
May 29 20:57:13.935842 kernel: ACPI: Interpreter enabled
May 29 20:57:13.935844 kernel: ACPI: PM: (supports S0 S4 S5)
May 29 20:57:13.935846 kernel: ACPI: Using IOAPIC for interrupt routing
May 29 20:57:13.935849 kernel: PCI: Using host bridge windows from ACPI; if necessary, use "pci=nocrs" and report a bug
May 29 20:57:13.935851 kernel: PCI: Using E820 reservations for host bridge windows
May 29 20:57:13.935853 kernel: ACPI: Enabled 2 GPEs in block 00 to 0F
May 29 20:57:13.935856 kernel: ACPI: PCI Root Bridge [PCI0] (domain 0000 [bus 00])
May 29 20:57:13.935919 kernel: acpi PNP0A03:00: _OSC: OS supports [ExtendedConfig ASPM ClockPM Segments MSI EDR HPX-Type3]
May 29 20:57:13.935948 kernel: acpi PNP0A03:00: fail to add MMCONFIG information, can't access extended configuration space under this bridge
May 29 20:57:13.935952 kernel: acpiphp: Slot [3] registered
May 29 20:57:13.935954 kernel: acpiphp: Slot [4] registered
May 29 20:57:13.935957 kernel: acpiphp: Slot [5] registered
May 29 20:57:13.935959 kernel: acpiphp: Slot [6] registered
May 29 20:57:13.935961 kernel: acpiphp: Slot [7] registered
May 29 20:57:13.935963 kernel: acpiphp: Slot [8] registered
May 29 20:57:13.935965 kernel: acpiphp: Slot [9] registered
May 29 20:57:13.935968 kernel: acpiphp: Slot [10] registered
May 29 20:57:13.935970 kernel: acpiphp: Slot [11] registered
May 29 20:57:13.935972 kernel: acpiphp: Slot [12] registered
May 29 20:57:13.935974 kernel: acpiphp: Slot [13] registered
May 29 20:57:13.935977 kernel: acpiphp: Slot [14] registered
May 29 20:57:13.935979 kernel: acpiphp: Slot [15] registered
May 29 20:57:13.935982 kernel: acpiphp: Slot [16] registered
May 29 20:57:13.935984 kernel: acpiphp: Slot [17] registered
May 29 20:57:13.935986 kernel: acpiphp: Slot [18] registered
May 29 20:57:13.935988 kernel: acpiphp: Slot [19] registered
May 29 20:57:13.935990 kernel: acpiphp: Slot [20] registered
May 29 20:57:13.935993 kernel: acpiphp: Slot [21] registered
May 29 20:57:13.935995 kernel: acpiphp: Slot [22] registered
May 29 20:57:13.935997 kernel: acpiphp: Slot [23] registered
May 29 20:57:13.935999 kernel: acpiphp: Slot [24] registered
May 29 20:57:13.936001 kernel: acpiphp: Slot [25] registered
May 29 20:57:13.936004 kernel: acpiphp: Slot [26] registered
May 29 20:57:13.936007 kernel: acpiphp: Slot [27] registered
May 29 20:57:13.936009 kernel: acpiphp: Slot [28] registered
May 29 20:57:13.936011 kernel: acpiphp: Slot [29] registered
May 29 20:57:13.936014 kernel: acpiphp: Slot [30] registered
May 29 20:57:13.936016 kernel: acpiphp: Slot [31] registered
May 29 20:57:13.936018 kernel: PCI host bridge to bus 0000:00
May 29 20:57:13.936052 kernel: pci_bus 0000:00: root bus resource [io  0x0000-0x0cf7 window]
May 29 20:57:13.936077 kernel: pci_bus 0000:00: root bus resource [io  0x0d00-0xffff window]
May 29 20:57:13.936099 kernel: pci_bus 0000:00: root bus resource [mem 0x000a0000-0x000bffff window]
May 29 20:57:13.936122 kernel: pci_bus 0000:00: root bus resource [mem 0xc0000000-0xc3ffffff window]
May 29 20:57:13.936145 kernel: pci_bus 0000:00: root bus resource [mem 0x480000000-0x481ffffff window]
May 29 20:57:13.936167 kernel: pci_bus 0000:00: root bus resource [bus 00]
May 29 20:57:13.936204 kernel: pci 0000:00:00.0: [8086:1237] type 00 class 0x060000 conventional PCI endpoint
May 29 20:57:13.936239 kernel: pci 0000:00:01.0: [8086:7000] type 00 class 0x060100 conventional PCI endpoint
May 29 20:57:13.936270 kernel: pci 0000:00:01.3: [8086:7113] type 00 class 0x000000 conventional PCI endpoint
May 29 20:57:13.936296 kernel: pci 0000:00:01.3: quirk: [io  0xb000-0xb03f] claimed by PIIX4 ACPI
May 29 20:57:13.936322 kernel: pci 0000:00:01.3: quirk: [io  0xb100-0xb10f] claimed by PIIX4 SMB
May 29 20:57:13.936347 kernel: pci 0000:00:01.3: PIIX4 devres E PIO at fff0-ffff
May 29 20:57:13.936373 kernel: pci 0000:00:01.3: PIIX4 devres F MMIO at ffc00000-ffffffff
May 29 20:57:13.936397 kernel: pci 0000:00:01.3: PIIX4 devres G PIO at fff0-ffff
May 29 20:57:13.936422 kernel: pci 0000:00:01.3: PIIX4 devres H MMIO at ffc00000-ffffffff
May 29 20:57:13.936446 kernel: pci 0000:00:01.3: PIIX4 devres I PIO at fff0-ffff
May 29 20:57:13.936471 kernel: pci 0000:00:01.3: PIIX4 devres J PIO at fff0-ffff
May 29 20:57:13.936496 kernel: pci 0000:00:01.3: quirk_piix4_acpi+0x0/0x170 took 13671 usecs
May 29 20:57:13.936533 kernel: pci 0000:00:03.0: [1d0f:1111] type 00 class 0x030000 conventional PCI endpoint
May 29 20:57:13.936558 kernel: pci 0000:00:03.0: BAR 0 [mem 0xc2000000-0xc23fffff pref]
May 29 20:57:13.936583 kernel: pci 0000:00:03.0: ROM [mem 0xc0000000-0xc000ffff pref]
May 29 20:57:13.936607 kernel: pci 0000:00:03.0: Video device with shadowed ROM at [mem 0x000c0000-0x000dffff]
May 29 20:57:13.936637 kernel: pci 0000:00:04.0: [1d0f:8061] type 00 class 0x010802 PCIe Endpoint
May 29 20:57:13.936661 kernel: pci 0000:00:04.0: BAR 0 [mem 0xc0010000-0xc0013fff]
May 29 20:57:13.936685 kernel: pci 0000:00:04.0: enabling Extended Tags
May 29 20:57:13.936709 kernel: pci_bus 0000:00: on NUMA node 0
May 29 20:57:13.936712 kernel: ACPI: PCI Root Bridge [PC01] (domain 0000 [bus 01-23])
May 29 20:57:13.936745 kernel: acpi PNP0A08:00: _OSC: OS supports [ExtendedConfig ASPM ClockPM Segments MSI EDR HPX-Type3]
May 29 20:57:13.936770 kernel: acpi PNP0A08:00: _OSC: platform does not support [SHPCHotplug AER LTR DPC]
May 29 20:57:13.936795 kernel: acpi PNP0A08:00: _OSC: OS now controls [PCIeHotplug PME PCIeCapability]
May 29 20:57:13.936798 kernel: acpiphp: Slot [32] registered
May 29 20:57:13.936801 kernel: acpiphp: Slot [33] registered
May 29 20:57:13.936803 kernel: acpiphp: Slot [34] registered
May 29 20:57:13.936806 kernel: acpiphp: Slot [35] registered
May 29 20:57:13.936808 kernel: acpiphp: Slot [36] registered
May 29 20:57:13.936810 kernel: acpiphp: Slot [37] registered
May 29 20:57:13.936812 kernel: acpiphp: Slot [38] registered
May 29 20:57:13.936815 kernel: acpiphp: Slot [39] registered
May 29 20:57:13.936817 kernel: acpiphp: Slot [40] registered
May 29 20:57:13.936819 kernel: acpiphp: Slot [41] registered
May 29 20:57:13.936821 kernel: acpiphp: Slot [42] registered
May 29 20:57:13.936824 kernel: acpiphp: Slot [43] registered
May 29 20:57:13.936826 kernel: acpiphp: Slot [44] registered
May 29 20:57:13.936828 kernel: acpiphp: Slot [45] registered
May 29 20:57:13.936831 kernel: acpiphp: Slot [46] registered
May 29 20:57:13.936833 kernel: acpiphp: Slot [47] registered
May 29 20:57:13.936835 kernel: acpiphp: Slot [48] registered
May 29 20:57:13.936838 kernel: acpiphp: Slot [49] registered
May 29 20:57:13.936840 kernel: acpiphp: Slot [50] registered
May 29 20:57:13.936842 kernel: acpiphp: Slot [51] registered
May 29 20:57:13.936844 kernel: acpiphp: Slot [52] registered
May 29 20:57:13.936846 kernel: acpiphp: Slot [53] registered
May 29 20:57:13.936849 kernel: acpiphp: Slot [54] registered
May 29 20:57:13.936851 kernel: acpiphp: Slot [55] registered
May 29 20:57:13.936853 kernel: acpiphp: Slot [56] registered
May 29 20:57:13.936855 kernel: acpiphp: Slot [57] registered
May 29 20:57:13.936858 kernel: acpiphp: Slot [58] registered
May 29 20:57:13.936860 kernel: acpiphp: Slot [59] registered
May 29 20:57:13.936863 kernel: acpiphp: Slot [60] registered
May 29 20:57:13.936865 kernel: acpiphp: Slot [61] registered
May 29 20:57:13.936867 kernel: acpiphp: Slot [62] registered
May 29 20:57:13.936869 kernel: acpiphp: Slot [63] registered
May 29 20:57:13.936871 kernel: PCI host bridge to bus 0000:01
May 29 20:57:13.936900 kernel: pci_bus 0000:01: root bus resource [mem 0xc4000000-0xc82fffff window]
May 29 20:57:13.936921 kernel: pci_bus 0000:01: root bus resource [mem 0x482000000-0x4a1ffffff window]
May 29 20:57:13.936943 kernel: pci_bus 0000:01: root bus resource [bus 01-23]
May 29 20:57:13.936979 kernel: pci 0000:01:00.0: [1d0f:0200] type 01 class 0x060400 PCIe Root Port
May 29 20:57:13.937006 kernel: pci 0000:01:00.0: BAR 0 [mem 0xc4000000-0xc40003ff]
May 29 20:57:13.937032 kernel: pci 0000:01:00.0: PCI bridge to [bus 02-23]
May 29 20:57:13.937056 kernel: pci 0000:01:00.0:   bridge window [mem 0xc4100000-0xc82fffff]
May 29 20:57:13.937081 kernel: pci 0000:01:00.0:   bridge window [mem 0x482000000-0x4a1ffffff 64bit pref]
May 29 20:57:13.937113 kernel: pci 0000:02:00.0: [1d0f:0200] type 01 class 0x060400 PCIe Switch Upstream Port
May 29 20:57:13.937140 kernel: pci 0000:02:00.0: BAR 0 [mem 0xc4100000-0xc41003ff]
May 29 20:57:13.937166 kernel: pci 0000:02:00.0: PCI bridge to [bus 03-23]
May 29 20:57:13.937193 kernel: pci 0000:02:00.0:   bridge window [mem 0xc4200000-0xc82fffff]
May 29 20:57:13.937224 kernel: pci 0000:02:00.0:   bridge window [mem 0x482000000-0x4a1ffffff 64bit pref]
May 29 20:57:13.937249 kernel: pci 0000:01:00.0: PCI bridge to [bus 02-23]
May 29 20:57:13.937284 kernel: pci 0000:03:00.0: [1d0f:0200] type 01 class 0x060400 PCIe Switch Downstream Port
May 29 20:57:13.937312 kernel: pci 0000:03:00.0: BAR 0 [mem 0xc4200000-0xc42003ff]
May 29 20:57:13.937341 kernel: pci 0000:03:00.0: PCI bridge to [bus 04]
May 29 20:57:13.937369 kernel: pci 0000:03:00.0:   bridge window [mem 0xc4300000-0xc44fffff]
May 29 20:57:13.937398 kernel: pci 0000:03:00.0:   bridge window [mem 0x482000000-0x482ffffff 64bit pref]
May 29 20:57:13.937431 kernel: pci 0000:03:00.1: [1d0f:0200] type 01 class 0x060400 PCIe Switch Downstream Port
May 29 20:57:13.937459 kernel: pci 0000:03:00.1: BAR 0 [mem 0xc4200400-0xc42007ff]
May 29 20:57:13.937488 kernel: pci 0000:03:00.1: PCI bridge to [bus 05]
May 29 20:57:13.937516 kernel: pci 0000:03:00.1:   bridge window [mem 0xc4500000-0xc46fffff]
May 29 20:57:13.937550 kernel: pci 0000:03:00.1:   bridge window [mem 0x483000000-0x483ffffff 64bit pref]
May 29 20:57:13.937587 kernel: pci 0000:03:00.2: [1d0f:0200] type 01 class 0x060400 PCIe Switch Downstream Port
May 29 20:57:13.937615 kernel: pci 0000:03:00.2: BAR 0 [mem 0xc4200800-0xc4200bff]
May 29 20:57:13.937644 kernel: pci 0000:03:00.2: PCI bridge to [bus 06]
May 29 20:57:13.937670 kernel: pci 0000:03:00.2:   bridge window [mem 0xc4700000-0xc48fffff]
May 29 20:57:13.937698 kernel: pci 0000:03:00.2:   bridge window [mem 0x484000000-0x484ffffff 64bit pref]
May 29 20:57:13.937732 kernel: pci 0000:03:00.3: [1d0f:0200] type 01 class 0x060400 PCIe Switch Downstream Port
May 29 20:57:13.937761 kernel: pci 0000:03:00.3: BAR 0 [mem 0xc4200c00-0xc4200fff]
May 29 20:57:13.937789 kernel: pci 0000:03:00.3: PCI bridge to [bus 07]
May 29 20:57:13.937817 kernel: pci 0000:03:00.3:   bridge window [mem 0xc4900000-0xc4afffff]
May 29 20:57:13.937844 kernel: pci 0000:03:00.3:   bridge window [mem 0x485000000-0x485ffffff 64bit pref]
May 29 20:57:13.937880 kernel: pci 0000:03:00.4: [1d0f:0200] type 01 class 0x060400 PCIe Switch Downstream Port
May 29 20:57:13.937907 kernel: pci 0000:03:00.4: BAR 0 [mem 0xc4201000-0xc42013ff]
May 29 20:57:13.937935 kernel: pci 0000:03:00.4: PCI bridge to [bus 08]
May 29 20:57:13.937962 kernel: pci 0000:03:00.4:   bridge window [mem 0xc4b00000-0xc4cfffff]
May 29 20:57:13.937990 kernel: pci 0000:03:00.4:   bridge window [mem 0x486000000-0x486ffffff 64bit pref]
May 29 20:57:13.938023 kernel: pci 0000:03:00.5: [1d0f:0200] type 01 class 0x060400 PCIe Switch Downstream Port
May 29 20:57:13.938050 kernel: pci 0000:03:00.5: BAR 0 [mem 0xc4201400-0xc42017ff]
May 29 20:57:13.938078 kernel: pci 0000:03:00.5: PCI bridge to [bus 09]
May 29 20:57:13.938106 kernel: pci 0000:03:00.5:   bridge window [mem 0xc4d00000-0xc4efffff]
May 29 20:57:13.938133 kernel: pci 0000:03:00.5:   bridge window [mem 0x487000000-0x487ffffff 64bit pref]
May 29 20:57:13.938166 kernel: pci 0000:03:00.6: [1d0f:0200] type 01 class 0x060400 PCIe Switch Downstream Port
May 29 20:57:13.938193 kernel: pci 0000:03:00.6: BAR 0 [mem 0xc4201800-0xc4201bff]
May 29 20:57:13.938220 kernel: pci 0000:03:00.6: PCI bridge to [bus 0a]
May 29 20:57:13.938247 kernel: pci 0000:03:00.6:   bridge window [mem 0xc4f00000-0xc50fffff]
May 29 20:57:13.938274 kernel: pci 0000:03:00.6:   bridge window [mem 0x488000000-0x488ffffff 64bit pref]
May 29 20:57:13.938308 kernel: pci 0000:03:00.7: [1d0f:0200] type 01 class 0x060400 PCIe Switch Downstream Port
May 29 20:57:13.938334 kernel: pci 0000:03:00.7: BAR 0 [mem 0xc4201c00-0xc4201fff]
May 29 20:57:13.938362 kernel: pci 0000:03:00.7: PCI bridge to [bus 0b]
May 29 20:57:13.938389 kernel: pci 0000:03:00.7:   bridge window [mem 0xc5100000-0xc52fffff]
May 29 20:57:13.938417 kernel: pci 0000:03:00.7:   bridge window [mem 0x489000000-0x489ffffff 64bit pref]
May 29 20:57:13.938449 kernel: pci 0000:03:01.0: [1d0f:0200] type 01 class 0x060400 PCIe Switch Downstream Port
May 29 20:57:13.938476 kernel: pci 0000:03:01.0: BAR 0 [mem 0xc4202000-0xc42023ff]
May 29 20:57:13.938504 kernel: pci 0000:03:01.0: PCI bridge to [bus 0c]
May 29 20:57:13.938537 kernel: pci 0000:03:01.0:   bridge window [mem 0xc5300000-0xc54fffff]
May 29 20:57:13.938565 kernel: pci 0000:03:01.0:   bridge window [mem 0x48a000000-0x48affffff 64bit pref]
May 29 20:57:13.938597 kernel: pci 0000:03:01.1: [1d0f:0200] type 01 class 0x060400 PCIe Switch Downstream Port
May 29 20:57:13.938625 kernel: pci 0000:03:01.1: BAR 0 [mem 0xc4202400-0xc42027ff]
May 29 20:57:13.938653 kernel: pci 0000:03:01.1: PCI bridge to [bus 0d]
May 29 20:57:13.938679 kernel: pci 0000:03:01.1:   bridge window [mem 0xc5500000-0xc56fffff]
May 29 20:57:13.938707 kernel: pci 0000:03:01.1:   bridge window [mem 0x48b000000-0x48bffffff 64bit pref]
May 29 20:57:13.938743 kernel: pci 0000:03:01.2: [1d0f:0200] type 01 class 0x060400 PCIe Switch Downstream Port
May 29 20:57:13.938771 kernel: pci 0000:03:01.2: BAR 0 [mem 0xc4202800-0xc4202bff]
May 29 20:57:13.938799 kernel: pci 0000:03:01.2: PCI bridge to [bus 0e]
May 29 20:57:13.938827 kernel: pci 0000:03:01.2:   bridge window [mem 0xc5700000-0xc58fffff]
May 29 20:57:13.938854 kernel: pci 0000:03:01.2:   bridge window [mem 0x48c000000-0x48cffffff 64bit pref]
May 29 20:57:13.938888 kernel: pci 0000:03:01.3: [1d0f:0200] type 01 class 0x060400 PCIe Switch Downstream Port
May 29 20:57:13.938915 kernel: pci 0000:03:01.3: BAR 0 [mem 0xc4202c00-0xc4202fff]
May 29 20:57:13.938943 kernel: pci 0000:03:01.3: PCI bridge to [bus 0f]
May 29 20:57:13.938971 kernel: pci 0000:03:01.3:   bridge window [mem 0xc5900000-0xc5afffff]
May 29 20:57:13.938999 kernel: pci 0000:03:01.3:   bridge window [mem 0x48d000000-0x48dffffff 64bit pref]
May 29 20:57:13.939032 kernel: pci 0000:03:01.4: [1d0f:0200] type 01 class 0x060400 PCIe Switch Downstream Port
May 29 20:57:13.939296 kernel: pci 0000:03:01.4: BAR 0 [mem 0xc4203000-0xc42033ff]
May 29 20:57:13.939325 kernel: pci 0000:03:01.4: PCI bridge to [bus 10]
May 29 20:57:13.939352 kernel: pci 0000:03:01.4:   bridge window [mem 0xc5b00000-0xc5cfffff]
May 29 20:57:13.939379 kernel: pci 0000:03:01.4:   bridge window [mem 0x48e000000-0x48effffff 64bit pref]
May 29 20:57:13.939414 kernel: pci 0000:03:01.5: [1d0f:0200] type 01 class 0x060400 PCIe Switch Downstream Port
May 29 20:57:13.939441 kernel: pci 0000:03:01.5: BAR 0 [mem 0xc4203400-0xc42037ff]
May 29 20:57:13.939468 kernel: pci 0000:03:01.5: PCI bridge to [bus 11]
May 29 20:57:13.939494 kernel: pci 0000:03:01.5:   bridge window [mem 0xc5d00000-0xc5efffff]
May 29 20:57:13.939574 kernel: pci 0000:03:01.5:   bridge window [mem 0x48f000000-0x48fffffff 64bit pref]
May 29 20:57:13.939605 kernel: pci 0000:03:01.6: [1d0f:0200] type 01 class 0x060400 PCIe Switch Downstream Port
May 29 20:57:13.939632 kernel: pci 0000:03:01.6: BAR 0 [mem 0xc4203800-0xc4203bff]
May 29 20:57:13.939660 kernel: pci 0000:03:01.6: PCI bridge to [bus 12]
May 29 20:57:13.939686 kernel: pci 0000:03:01.6:   bridge window [mem 0xc5f00000-0xc60fffff]
May 29 20:57:13.939712 kernel: pci 0000:03:01.6:   bridge window [mem 0x490000000-0x490ffffff 64bit pref]
May 29 20:57:13.939743 kernel: pci 0000:03:01.7: [1d0f:0200] type 01 class 0x060400 PCIe Switch Downstream Port
May 29 20:57:13.939770 kernel: pci 0000:03:01.7: BAR 0 [mem 0xc4203c00-0xc4203fff]
May 29 20:57:13.939797 kernel: pci 0000:03:01.7: PCI bridge to [bus 13]
May 29 20:57:13.939824 kernel: pci 0000:03:01.7:   bridge window [mem 0xc6100000-0xc62fffff]
May 29 20:57:13.939850 kernel: pci 0000:03:01.7:   bridge window [mem 0x491000000-0x491ffffff 64bit pref]
May 29 20:57:13.939885 kernel: pci 0000:03:02.0: [1d0f:0200] type 01 class 0x060400 PCIe Switch Downstream Port
May 29 20:57:13.939912 kernel: pci 0000:03:02.0: BAR 0 [mem 0xc4204000-0xc42043ff]
May 29 20:57:13.939939 kernel: pci 0000:03:02.0: PCI bridge to [bus 14]
May 29 20:57:13.939965 kernel: pci 0000:03:02.0:   bridge window [mem 0xc6300000-0xc64fffff]
May 29 20:57:13.939991 kernel: pci 0000:03:02.0:   bridge window [mem 0x492000000-0x492ffffff 64bit pref]
May 29 20:57:13.940023 kernel: pci 0000:03:02.1: [1d0f:0200] type 01 class 0x060400 PCIe Switch Downstream Port
May 29 20:57:13.940050 kernel: pci 0000:03:02.1: BAR 0 [mem 0xc4204400-0xc42047ff]
May 29 20:57:13.940076 kernel: pci 0000:03:02.1: PCI bridge to [bus 15]
May 29 20:57:13.940102 kernel: pci 0000:03:02.1:   bridge window [mem 0xc6500000-0xc66fffff]
May 29 20:57:13.940130 kernel: pci 0000:03:02.1:   bridge window [mem 0x493000000-0x493ffffff 64bit pref]
May 29 20:57:13.940160 kernel: pci 0000:03:02.2: [1d0f:0200] type 01 class 0x060400 PCIe Switch Downstream Port
May 29 20:57:13.940187 kernel: pci 0000:03:02.2: BAR 0 [mem 0xc4204800-0xc4204bff]
May 29 20:57:13.940215 kernel: pci 0000:03:02.2: PCI bridge to [bus 16]
May 29 20:57:13.940241 kernel: pci 0000:03:02.2:   bridge window [mem 0xc6700000-0xc68fffff]
May 29 20:57:13.940267 kernel: pci 0000:03:02.2:   bridge window [mem 0x494000000-0x494ffffff 64bit pref]
May 29 20:57:13.940298 kernel: pci 0000:03:02.3: [1d0f:0200] type 01 class 0x060400 PCIe Switch Downstream Port
May 29 20:57:13.940324 kernel: pci 0000:03:02.3: BAR 0 [mem 0xc4204c00-0xc4204fff]
May 29 20:57:13.940350 kernel: pci 0000:03:02.3: PCI bridge to [bus 17]
May 29 20:57:13.940377 kernel: pci 0000:03:02.3:   bridge window [mem 0xc6900000-0xc6afffff]
May 29 20:57:13.940430 kernel: pci 0000:03:02.3:   bridge window [mem 0x495000000-0x495ffffff 64bit pref]
May 29 20:57:13.940462 kernel: pci 0000:03:02.4: [1d0f:0200] type 01 class 0x060400 PCIe Switch Downstream Port
May 29 20:57:13.940489 kernel: pci 0000:03:02.4: BAR 0 [mem 0xc4205000-0xc42053ff]
May 29 20:57:13.940515 kernel: pci 0000:03:02.4: PCI bridge to [bus 18]
May 29 20:57:13.940547 kernel: pci 0000:03:02.4:   bridge window [mem 0xc6b00000-0xc6cfffff]
May 29 20:57:13.940574 kernel: pci 0000:03:02.4:   bridge window [mem 0x496000000-0x496ffffff 64bit pref]
May 29 20:57:13.940608 kernel: pci 0000:03:02.5: [1d0f:0200] type 01 class 0x060400 PCIe Switch Downstream Port
May 29 20:57:13.940636 kernel: pci 0000:03:02.5: BAR 0 [mem 0xc4205400-0xc42057ff]
May 29 20:57:13.940663 kernel: pci 0000:03:02.5: PCI bridge to [bus 19]
May 29 20:57:13.940691 kernel: pci 0000:03:02.5:   bridge window [mem 0xc6d00000-0xc6efffff]
May 29 20:57:13.940719 kernel: pci 0000:03:02.5:   bridge window [mem 0x497000000-0x497ffffff 64bit pref]
May 29 20:57:13.940754 kernel: pci 0000:03:02.6: [1d0f:0200] type 01 class 0x060400 PCIe Switch Downstream Port
May 29 20:57:13.940782 kernel: pci 0000:03:02.6: BAR 0 [mem 0xc4205800-0xc4205bff]
May 29 20:57:13.940810 kernel: pci 0000:03:02.6: PCI bridge to [bus 1a]
May 29 20:57:13.940837 kernel: pci 0000:03:02.6:   bridge window [mem 0xc6f00000-0xc70fffff]
May 29 20:57:13.940865 kernel: pci 0000:03:02.6:   bridge window [mem 0x498000000-0x498ffffff 64bit pref]
May 29 20:57:13.940898 kernel: pci 0000:03:02.7: [1d0f:0200] type 01 class 0x060400 PCIe Switch Downstream Port
May 29 20:57:13.940926 kernel: pci 0000:03:02.7: BAR 0 [mem 0xc4205c00-0xc4205fff]
May 29 20:57:13.940955 kernel: pci 0000:03:02.7: PCI bridge to [bus 1b]
May 29 20:57:13.940982 kernel: pci 0000:03:02.7:   bridge window [mem 0xc7100000-0xc72fffff]
May 29 20:57:13.941009 kernel: pci 0000:03:02.7:   bridge window [mem 0x499000000-0x499ffffff 64bit pref]
May 29 20:57:13.941285 kernel: pci 0000:03:03.0: [1d0f:0200] type 01 class 0x060400 PCIe Switch Downstream Port
May 29 20:57:13.941319 kernel: pci 0000:03:03.0: BAR 0 [mem 0xc4206000-0xc42063ff]
May 29 20:57:13.941452 kernel: pci 0000:03:03.0: PCI bridge to [bus 1c]
May 29 20:57:13.941480 kernel: pci 0000:03:03.0:   bridge window [mem 0xc7300000-0xc74fffff]
May 29 20:57:13.941508 kernel: pci 0000:03:03.0:   bridge window [mem 0x49a000000-0x49affffff 64bit pref]
May 29 20:57:13.941623 kernel: pci 0000:03:03.1: [1d0f:0200] type 01 class 0x060400 PCIe Switch Downstream Port
May 29 20:57:13.941652 kernel: pci 0000:03:03.1: BAR 0 [mem 0xc4206400-0xc42067ff]
May 29 20:57:13.941708 kernel: pci 0000:03:03.1: PCI bridge to [bus 1d]
May 29 20:57:13.941773 kernel: pci 0000:03:03.1:   bridge window [mem 0xc7500000-0xc76fffff]
May 29 20:57:13.941838 kernel: pci 0000:03:03.1:   bridge window [mem 0x49b000000-0x49bffffff 64bit pref]
May 29 20:57:13.941912 kernel: pci 0000:03:03.2: [1d0f:0200] type 01 class 0x060400 PCIe Switch Downstream Port
May 29 20:57:13.941976 kernel: pci 0000:03:03.2: BAR 0 [mem 0xc4206800-0xc4206bff]
May 29 20:57:13.942036 kernel: pci 0000:03:03.2: PCI bridge to [bus 1e]
May 29 20:57:13.942099 kernel: pci 0000:03:03.2:   bridge window [mem 0xc7700000-0xc78fffff]
May 29 20:57:13.942168 kernel: pci 0000:03:03.2:   bridge window [mem 0x49c000000-0x49cffffff 64bit pref]
May 29 20:57:13.942213 kernel: pci 0000:03:03.3: [1d0f:0200] type 01 class 0x060400 PCIe Switch Downstream Port
May 29 20:57:13.942241 kernel: pci 0000:03:03.3: BAR 0 [mem 0xc4206c00-0xc4206fff]
May 29 20:57:13.942269 kernel: pci 0000:03:03.3: PCI bridge to [bus 1f]
May 29 20:57:13.942297 kernel: pci 0000:03:03.3:   bridge window [mem 0xc7900000-0xc7afffff]
May 29 20:57:13.942330 kernel: pci 0000:03:03.3:   bridge window [mem 0x49d000000-0x49dffffff 64bit pref]
May 29 20:57:13.942405 kernel: pci 0000:03:03.4: [1d0f:0200] type 01 class 0x060400 PCIe Switch Downstream Port
May 29 20:57:13.942471 kernel: pci 0000:03:03.4: BAR 0 [mem 0xc4207000-0xc42073ff]
May 29 20:57:13.942538 kernel: pci 0000:03:03.4: PCI bridge to [bus 20]
May 29 20:57:13.942571 kernel: pci 0000:03:03.4:   bridge window [mem 0xc7b00000-0xc7cfffff]
May 29 20:57:13.942599 kernel: pci 0000:03:03.4:   bridge window [mem 0x49e000000-0x49effffff 64bit pref]
May 29 20:57:13.942737 kernel: pci 0000:03:03.5: [1d0f:0200] type 01 class 0x060400 PCIe Switch Downstream Port
May 29 20:57:13.942851 kernel: pci 0000:03:03.5: BAR 0 [mem 0xc4207400-0xc42077ff]
May 29 20:57:13.943642 kernel: pci 0000:03:03.5: PCI bridge to [bus 21]
May 29 20:57:13.943686 kernel: pci 0000:03:03.5:   bridge window [mem 0xc7d00000-0xc7efffff]
May 29 20:57:13.943717 kernel: pci 0000:03:03.5:   bridge window [mem 0x49f000000-0x49fffffff 64bit pref]
May 29 20:57:13.943755 kernel: pci 0000:03:03.6: [1d0f:0200] type 01 class 0x060400 PCIe Switch Downstream Port
May 29 20:57:13.943793 kernel: pci 0000:03:03.6: BAR 0 [mem 0xc4207800-0xc4207bff]
May 29 20:57:13.943825 kernel: pci 0000:03:03.6: PCI bridge to [bus 22]
May 29 20:57:13.943853 kernel: pci 0000:03:03.6:   bridge window [mem 0xc7f00000-0xc80fffff]
May 29 20:57:13.943881 kernel: pci 0000:03:03.6:   bridge window [mem 0x4a0000000-0x4a0ffffff 64bit pref]
May 29 20:57:13.943915 kernel: pci 0000:03:03.7: [1d0f:0200] type 01 class 0x060400 PCIe Switch Downstream Port
May 29 20:57:13.943943 kernel: pci 0000:03:03.7: BAR 0 [mem 0xc4207c00-0xc4207fff]
May 29 20:57:13.943970 kernel: pci 0000:03:03.7: PCI bridge to [bus 23]
May 29 20:57:13.943997 kernel: pci 0000:03:03.7:   bridge window [mem 0xc8100000-0xc82fffff]
May 29 20:57:13.944024 kernel: pci 0000:03:03.7:   bridge window [mem 0x4a1000000-0x4a1ffffff 64bit pref]
May 29 20:57:13.944050 kernel: pci 0000:02:00.0: PCI bridge to [bus 03-23]
May 29 20:57:13.944079 kernel: pci 0000:03:00.0: PCI bridge to [bus 04]
May 29 20:57:13.944106 kernel: pci 0000:03:00.1: PCI bridge to [bus 05]
May 29 20:57:13.944133 kernel: pci 0000:03:00.2: PCI bridge to [bus 06]
May 29 20:57:13.944162 kernel: pci 0000:03:00.3: PCI bridge to [bus 07]
May 29 20:57:13.944189 kernel: pci 0000:03:00.4: PCI bridge to [bus 08]
May 29 20:57:13.944217 kernel: pci 0000:03:00.5: PCI bridge to [bus 09]
May 29 20:57:13.944245 kernel: pci 0000:03:00.6: PCI bridge to [bus 0a]
May 29 20:57:13.944272 kernel: pci 0000:03:00.7: PCI bridge to [bus 0b]
May 29 20:57:13.944299 kernel: pci 0000:03:01.0: PCI bridge to [bus 0c]
May 29 20:57:13.944326 kernel: pci 0000:03:01.1: PCI bridge to [bus 0d]
May 29 20:57:13.944353 kernel: pci 0000:03:01.2: PCI bridge to [bus 0e]
May 29 20:57:13.944380 kernel: pci 0000:03:01.3: PCI bridge to [bus 0f]
May 29 20:57:13.944407 kernel: pci 0000:03:01.4: PCI bridge to [bus 10]
May 29 20:57:13.944435 kernel: pci 0000:03:01.5: PCI bridge to [bus 11]
May 29 20:57:13.944465 kernel: pci 0000:03:01.6: PCI bridge to [bus 12]
May 29 20:57:13.946245 kernel: pci 0000:03:01.7: PCI bridge to [bus 13]
May 29 20:57:13.946280 kernel: pci 0000:03:02.0: PCI bridge to [bus 14]
May 29 20:57:13.946310 kernel: pci 0000:03:02.1: PCI bridge to [bus 15]
May 29 20:57:13.946345 kernel: pci 0000:03:02.2: PCI bridge to [bus 16]
May 29 20:57:13.946384 kernel: pci 0000:03:02.3: PCI bridge to [bus 17]
May 29 20:57:13.946413 kernel: pci 0000:03:02.4: PCI bridge to [bus 18]
May 29 20:57:13.946442 kernel: pci 0000:03:02.5: PCI bridge to [bus 19]
May 29 20:57:13.946480 kernel: pci 0000:03:02.6: PCI bridge to [bus 1a]
May 29 20:57:13.946538 kernel: pci 0000:03:02.7: PCI bridge to [bus 1b]
May 29 20:57:13.946567 kernel: pci 0000:03:03.0: PCI bridge to [bus 1c]
May 29 20:57:13.946628 kernel: pci 0000:03:03.1: PCI bridge to [bus 1d]
May 29 20:57:13.946659 kernel: pci 0000:03:03.2: PCI bridge to [bus 1e]
May 29 20:57:13.946688 kernel: pci 0000:03:03.3: PCI bridge to [bus 1f]
May 29 20:57:13.946718 kernel: pci 0000:03:03.4: PCI bridge to [bus 20]
May 29 20:57:13.946747 kernel: pci 0000:03:03.5: PCI bridge to [bus 21]
May 29 20:57:13.946777 kernel: pci 0000:03:03.6: PCI bridge to [bus 22]
May 29 20:57:13.946806 kernel: pci 0000:03:03.7: PCI bridge to [bus 23]
May 29 20:57:13.946834 kernel: pci_bus 0000:01: on NUMA node 0
May 29 20:57:13.946838 kernel: ACPI: PCI Root Bridge [PC02] (domain 0000 [bus 24-2b])
May 29 20:57:13.946873 kernel: acpi PNP0A08:01: _OSC: OS supports [ExtendedConfig ASPM ClockPM Segments MSI EDR HPX-Type3]
May 29 20:57:13.946900 kernel: acpi PNP0A08:01: _OSC: platform does not support [SHPCHotplug AER LTR DPC]
May 29 20:57:13.946927 kernel: acpi PNP0A08:01: _OSC: OS now controls [PCIeHotplug PME PCIeCapability]
May 29 20:57:13.946930 kernel: acpiphp: Slot [64] registered
May 29 20:57:13.946932 kernel: acpiphp: Slot [65] registered
May 29 20:57:13.946935 kernel: acpiphp: Slot [66] registered
May 29 20:57:13.946937 kernel: acpiphp: Slot [67] registered
May 29 20:57:13.946939 kernel: acpiphp: Slot [68] registered
May 29 20:57:13.946942 kernel: acpiphp: Slot [69] registered
May 29 20:57:13.946944 kernel: acpiphp: Slot [70] registered
May 29 20:57:13.946947 kernel: acpiphp: Slot [71] registered
May 29 20:57:13.946949 kernel: acpiphp: Slot [72] registered
May 29 20:57:13.946951 kernel: acpiphp: Slot [73] registered
May 29 20:57:13.946954 kernel: acpiphp: Slot [74] registered
May 29 20:57:13.946957 kernel: acpiphp: Slot [75] registered
May 29 20:57:13.946959 kernel: acpiphp: Slot [76] registered
May 29 20:57:13.946961 kernel: acpiphp: Slot [77] registered
May 29 20:57:13.946964 kernel: acpiphp: Slot [78] registered
May 29 20:57:13.946966 kernel: acpiphp: Slot [79] registered
May 29 20:57:13.946968 kernel: acpiphp: Slot [80] registered
May 29 20:57:13.946971 kernel: acpiphp: Slot [81] registered
May 29 20:57:13.946973 kernel: acpiphp: Slot [82] registered
May 29 20:57:13.946975 kernel: acpiphp: Slot [83] registered
May 29 20:57:13.946977 kernel: acpiphp: Slot [84] registered
May 29 20:57:13.946980 kernel: acpiphp: Slot [85] registered
May 29 20:57:13.946982 kernel: acpiphp: Slot [86] registered
May 29 20:57:13.946985 kernel: acpiphp: Slot [87] registered
May 29 20:57:13.946988 kernel: acpiphp: Slot [88] registered
May 29 20:57:13.946990 kernel: acpiphp: Slot [89] registered
May 29 20:57:13.946992 kernel: acpiphp: Slot [90] registered
May 29 20:57:13.946994 kernel: acpiphp: Slot [91] registered
May 29 20:57:13.946997 kernel: acpiphp: Slot [92] registered
May 29 20:57:13.946999 kernel: acpiphp: Slot [93] registered
May 29 20:57:13.947001 kernel: acpiphp: Slot [94] registered
May 29 20:57:13.947003 kernel: acpiphp: Slot [95] registered
May 29 20:57:13.947006 kernel: PCI host bridge to bus 0000:24
May 29 20:57:13.947037 kernel: pci_bus 0000:24: root bus resource [mem 0xc8400000-0xc90fffff window]
May 29 20:57:13.947061 kernel: pci_bus 0000:24: root bus resource [mem 0x4a2000000-0x4a6ffffff window]
May 29 20:57:13.947084 kernel: pci_bus 0000:24: root bus resource [bus 24-2b]
May 29 20:57:13.947116 kernel: pci 0000:24:00.0: [1d0f:0200] type 01 class 0x060400 PCIe Root Port
May 29 20:57:13.947143 kernel: pci 0000:24:00.0: BAR 0 [mem 0xc8400000-0xc84003ff]
May 29 20:57:13.947169 kernel: pci 0000:24:00.0: PCI bridge to [bus 25-2b]
May 29 20:57:13.947195 kernel: pci 0000:24:00.0:   bridge window [mem 0xc8500000-0xc90fffff]
May 29 20:57:13.947221 kernel: pci 0000:24:00.0:   bridge window [mem 0x4a2000000-0x4a6ffffff 64bit pref]
May 29 20:57:13.947255 kernel: pci 0000:25:00.0: [1d0f:0200] type 01 class 0x060400 PCIe Switch Upstream Port
May 29 20:57:13.947284 kernel: pci 0000:25:00.0: BAR 0 [mem 0xc8500000-0xc85003ff]
May 29 20:57:13.947311 kernel: pci 0000:25:00.0: PCI bridge to [bus 26-2b]
May 29 20:57:13.947339 kernel: pci 0000:25:00.0:   bridge window [mem 0xc8600000-0xc90fffff]
May 29 20:57:13.947366 kernel: pci 0000:25:00.0:   bridge window [mem 0x4a2000000-0x4a6ffffff 64bit pref]
May 29 20:57:13.947392 kernel: pci 0000:24:00.0: PCI bridge to [bus 25-2b]
May 29 20:57:13.947425 kernel: pci 0000:26:00.0: [1d0f:0200] type 01 class 0x060400 PCIe Switch Downstream Port
May 29 20:57:13.947454 kernel: pci 0000:26:00.0: BAR 0 [mem 0xc8600000-0xc86003ff]
May 29 20:57:13.947482 kernel: pci 0000:26:00.0: PCI bridge to [bus 27]
May 29 20:57:13.947511 kernel: pci 0000:26:00.0:   bridge window [mem 0xc8700000-0xc88fffff]
May 29 20:57:13.947627 kernel: pci 0000:26:00.0:   bridge window [mem 0x4a2000000-0x4a2ffffff 64bit pref]
May 29 20:57:13.948586 kernel: pci 0000:26:00.1: [1d0f:0200] type 01 class 0x060400 PCIe Switch Downstream Port
May 29 20:57:13.948634 kernel: pci 0000:26:00.1: BAR 0 [mem 0xc8600400-0xc86007ff]
May 29 20:57:13.948666 kernel: pci 0000:26:00.1: PCI bridge to [bus 28]
May 29 20:57:13.948696 kernel: pci 0000:26:00.1:   bridge window [mem 0xc8900000-0xc8afffff]
May 29 20:57:13.948726 kernel: pci 0000:26:00.1:   bridge window [mem 0x4a3000000-0x4a3ffffff 64bit pref]
May 29 20:57:13.948764 kernel: pci 0000:26:00.2: [1d0f:0200] type 01 class 0x060400 PCIe Switch Downstream Port
May 29 20:57:13.948794 kernel: pci 0000:26:00.2: BAR 0 [mem 0xc8600800-0xc8600bff]
May 29 20:57:13.948824 kernel: pci 0000:26:00.2: PCI bridge to [bus 29]
May 29 20:57:13.948854 kernel: pci 0000:26:00.2:   bridge window [mem 0xc8b00000-0xc8cfffff]
May 29 20:57:13.948884 kernel: pci 0000:26:00.2:   bridge window [mem 0x4a4000000-0x4a4ffffff 64bit pref]
May 29 20:57:13.948918 kernel: pci 0000:26:00.3: [1d0f:0200] type 01 class 0x060400 PCIe Switch Downstream Port
May 29 20:57:13.948948 kernel: pci 0000:26:00.3: BAR 0 [mem 0xc8600c00-0xc8600fff]
May 29 20:57:13.948977 kernel: pci 0000:26:00.3: PCI bridge to [bus 2a]
May 29 20:57:13.949006 kernel: pci 0000:26:00.3:   bridge window [mem 0xc8d00000-0xc8efffff]
May 29 20:57:13.949035 kernel: pci 0000:26:00.3:   bridge window [mem 0x4a5000000-0x4a5ffffff 64bit pref]
May 29 20:57:13.949069 kernel: pci 0000:26:00.4: [1d0f:0200] type 01 class 0x060400 PCIe Switch Downstream Port
May 29 20:57:13.949098 kernel: pci 0000:26:00.4: BAR 0 [mem 0xc8601000-0xc86013ff]
May 29 20:57:13.949127 kernel: pci 0000:26:00.4: PCI bridge to [bus 2b]
May 29 20:57:13.949156 kernel: pci 0000:26:00.4:   bridge window [mem 0xc8f00000-0xc90fffff]
May 29 20:57:13.949184 kernel: pci 0000:26:00.4:   bridge window [mem 0x4a6000000-0x4a6ffffff 64bit pref]
May 29 20:57:13.949213 kernel: pci 0000:25:00.0: PCI bridge to [bus 26-2b]
May 29 20:57:13.949250 kernel: pci 0000:27:00.0: [1d0f:ec20] type 00 class 0x020000 PCIe Endpoint
May 29 20:57:13.949282 kernel: pci 0000:27:00.0: BAR 0 [mem 0xc8700000-0xc8701fff]
May 29 20:57:13.949312 kernel: pci 0000:27:00.0: BAR 1 [mem 0xc8702000-0xc8703fff]
May 29 20:57:13.949343 kernel: pci 0000:27:00.0: BAR 2 [mem 0x4a2000000-0x4a20fffff 64bit pref]
May 29 20:57:13.949374 kernel: pci 0000:27:00.0: enabling Extended Tags
May 29 20:57:13.949402 kernel: pci 0000:26:00.0: PCI bridge to [bus 27]
May 29 20:57:13.949432 kernel: pci 0000:26:00.1: PCI bridge to [bus 28]
May 29 20:57:13.949460 kernel: pci 0000:26:00.2: PCI bridge to [bus 29]
May 29 20:57:13.949489 kernel: pci 0000:26:00.3: PCI bridge to [bus 2a]
May 29 20:57:13.949526 kernel: pci 0000:26:00.4: PCI bridge to [bus 2b]
May 29 20:57:13.949553 kernel: pci_bus 0000:24: on NUMA node 0
May 29 20:57:13.949556 kernel: ACPI: PCI: Interrupt link LNKA configured for IRQ 10
May 29 20:57:13.949559 kernel: ACPI: PCI: Interrupt link LNKB configured for IRQ 10
May 29 20:57:13.949562 kernel: ACPI: PCI: Interrupt link LNKC configured for IRQ 11
May 29 20:57:13.949564 kernel: ACPI: PCI: Interrupt link LNKD configured for IRQ 11
May 29 20:57:13.949567 kernel: ACPI: PCI: Interrupt link LNKS configured for IRQ 9
May 29 20:57:13.949569 kernel: iommu: Default domain type: Translated
May 29 20:57:13.949578 kernel: iommu: DMA domain TLB invalidation policy: lazy mode
May 29 20:57:13.949581 kernel: SCSI subsystem initialized
May 29 20:57:13.949583 kernel: ACPI: bus type USB registered
May 29 20:57:13.949585 kernel: usbcore: registered new interface driver usbfs
May 29 20:57:13.949589 kernel: usbcore: registered new interface driver hub
May 29 20:57:13.949591 kernel: usbcore: registered new device driver usb
May 29 20:57:13.949593 kernel: pps_core: LinuxPPS API ver. 1 registered
May 29 20:57:13.949596 kernel: pps_core: Software ver. 5.3.6 - Copyright 2005-2007 Rodolfo Giometti <giometti@linux.it>
May 29 20:57:13.949598 kernel: PTP clock support registered
May 29 20:57:13.949601 kernel: EDAC MC: Ver: 3.0.0
May 29 20:57:13.949604 kernel: NetLabel: Initializing
May 29 20:57:13.949606 kernel: NetLabel:  domain hash size = 128
May 29 20:57:13.949609 kernel: NetLabel:  protocols = UNLABELED CIPSOv4 CALIPSO
May 29 20:57:13.949611 kernel: NetLabel:  unlabeled traffic allowed by default
May 29 20:57:13.949614 kernel: PCI: Using ACPI for IRQ routing
May 29 20:57:13.949616 kernel: PCI: pci_cache_line_size set to 64 bytes
May 29 20:57:13.949619 kernel: e820: reserve RAM buffer [mem 0x0009fc00-0x0009ffff]
May 29 20:57:13.949622 kernel: e820: reserve RAM buffer [mem 0xbffe8000-0xbfffffff]
May 29 20:57:13.949624 kernel: e820: reserve RAM buffer [mem 0x42b400000-0x42bffffff]
May 29 20:57:13.949652 kernel: pci 0000:00:03.0: vgaarb: setting as boot VGA device
May 29 20:57:13.949678 kernel: pci 0000:00:03.0: vgaarb: bridge control possible
May 29 20:57:13.949704 kernel: pci 0000:00:03.0: vgaarb: VGA device added: decodes=io+mem,owns=io+mem,locks=none
May 29 20:57:13.949707 kernel: vgaarb: loaded
May 29 20:57:13.949709 kernel: hpet0: at MMIO 0xfed00000, IRQs 2, 8, 0, 0, 0, 0, 0, 0
May 29 20:57:13.949712 kernel: hpet0: 8 comparators, 32-bit 62.500000 MHz counter
May 29 20:57:13.949714 kernel: clocksource: Switched to clocksource kvm-clock
May 29 20:57:13.949717 kernel: VFS: Disk quotas dquot_6.6.0
May 29 20:57:13.949719 kernel: VFS: Dquot-cache hash table entries: 512 (order 0, 4096 bytes)
May 29 20:57:13.949722 kernel: pnp: PnP ACPI init
May 29 20:57:13.949725 kernel: pnp: PnP ACPI: found 5 devices
May 29 20:57:13.949727 kernel: clocksource: acpi_pm: mask: 0xffffff max_cycles: 0xffffff, max_idle_ns: 2085701024 ns
May 29 20:57:13.949729 kernel: NET: Registered PF_INET protocol family
May 29 20:57:13.949732 kernel: IP idents hash table entries: 262144 (order: 9, 2097152 bytes, linear)
May 29 20:57:13.949735 kernel: tcp_listen_portaddr_hash hash table entries: 8192 (order: 5, 131072 bytes, linear)
May 29 20:57:13.949737 kernel: Table-perturb hash table entries: 65536 (order: 6, 262144 bytes, linear)
May 29 20:57:13.949740 kernel: TCP established hash table entries: 131072 (order: 8, 1048576 bytes, linear)
May 29 20:57:13.949742 kernel: TCP bind hash table entries: 65536 (order: 8, 1048576 bytes, linear)
May 29 20:57:13.949745 kernel: TCP: Hash tables configured (established 131072 bind 65536)
May 29 20:57:13.949747 kernel: MPTCP token hash table entries: 16384 (order: 6, 393216 bytes, linear)
May 29 20:57:13.949750 kernel: UDP hash table entries: 8192 (order: 6, 262144 bytes, linear)
May 29 20:57:13.949753 kernel: UDP-Lite hash table entries: 8192 (order: 6, 262144 bytes, linear)
May 29 20:57:13.949755 kernel: NET: Registered PF_UNIX/PF_LOCAL protocol family
May 29 20:57:13.949758 kernel: NET: Registered PF_XDP protocol family
May 29 20:57:13.949783 kernel: pci_bus 0000:00: resource 4 [io  0x0000-0x0cf7 window]
May 29 20:57:13.949807 kernel: pci_bus 0000:00: resource 5 [io  0x0d00-0xffff window]
May 29 20:57:13.949831 kernel: pci_bus 0000:00: resource 6 [mem 0x000a0000-0x000bffff window]
May 29 20:57:13.949854 kernel: pci_bus 0000:00: resource 7 [mem 0xc0000000-0xc3ffffff window]
May 29 20:57:13.949877 kernel: pci_bus 0000:00: resource 8 [mem 0x480000000-0x481ffffff window]
May 29 20:57:13.949917 kernel: pci 0000:03:00.0: PCI bridge to [bus 04]
May 29 20:57:13.949953 kernel: pci 0000:03:00.0:   bridge window [mem 0xc4300000-0xc44fffff]
May 29 20:57:13.949984 kernel: pci 0000:03:00.0:   bridge window [mem 0x482000000-0x482ffffff 64bit pref]
May 29 20:57:13.950013 kernel: pci 0000:03:00.1: PCI bridge to [bus 05]
May 29 20:57:13.950042 kernel: pci 0000:03:00.1:   bridge window [mem 0xc4500000-0xc46fffff]
May 29 20:57:13.950071 kernel: pci 0000:03:00.1:   bridge window [mem 0x483000000-0x483ffffff 64bit pref]
May 29 20:57:13.950100 kernel: pci 0000:03:00.2: PCI bridge to [bus 06]
May 29 20:57:13.950129 kernel: pci 0000:03:00.2:   bridge window [mem 0xc4700000-0xc48fffff]
May 29 20:57:13.950158 kernel: pci 0000:03:00.2:   bridge window [mem 0x484000000-0x484ffffff 64bit pref]
May 29 20:57:13.950187 kernel: pci 0000:03:00.3: PCI bridge to [bus 07]
May 29 20:57:13.950216 kernel: pci 0000:03:00.3:   bridge window [mem 0xc4900000-0xc4afffff]
May 29 20:57:13.950254 kernel: pci 0000:03:00.3:   bridge window [mem 0x485000000-0x485ffffff 64bit pref]
May 29 20:57:13.950283 kernel: pci 0000:03:00.4: PCI bridge to [bus 08]
May 29 20:57:13.950311 kernel: pci 0000:03:00.4:   bridge window [mem 0xc4b00000-0xc4cfffff]
May 29 20:57:13.950340 kernel: pci 0000:03:00.4:   bridge window [mem 0x486000000-0x486ffffff 64bit pref]
May 29 20:57:13.950369 kernel: pci 0000:03:00.5: PCI bridge to [bus 09]
May 29 20:57:13.950397 kernel: pci 0000:03:00.5:   bridge window [mem 0xc4d00000-0xc4efffff]
May 29 20:57:13.950426 kernel: pci 0000:03:00.5:   bridge window [mem 0x487000000-0x487ffffff 64bit pref]
May 29 20:57:13.950471 kernel: pci 0000:03:00.6: PCI bridge to [bus 0a]
May 29 20:57:13.953719 kernel: pci 0000:03:00.6:   bridge window [mem 0xc4f00000-0xc50fffff]
May 29 20:57:13.953749 kernel: pci 0000:03:00.6:   bridge window [mem 0x488000000-0x488ffffff 64bit pref]
May 29 20:57:13.953778 kernel: pci 0000:03:00.7: PCI bridge to [bus 0b]
May 29 20:57:13.953807 kernel: pci 0000:03:00.7:   bridge window [mem 0xc5100000-0xc52fffff]
May 29 20:57:13.953836 kernel: pci 0000:03:00.7:   bridge window [mem 0x489000000-0x489ffffff 64bit pref]
May 29 20:57:13.953864 kernel: pci 0000:03:01.0: PCI bridge to [bus 0c]
May 29 20:57:13.953893 kernel: pci 0000:03:01.0:   bridge window [mem 0xc5300000-0xc54fffff]
May 29 20:57:13.953921 kernel: pci 0000:03:01.0:   bridge window [mem 0x48a000000-0x48affffff 64bit pref]
May 29 20:57:13.953949 kernel: pci 0000:03:01.1: PCI bridge to [bus 0d]
May 29 20:57:13.953978 kernel: pci 0000:03:01.1:   bridge window [mem 0xc5500000-0xc56fffff]
May 29 20:57:13.954006 kernel: pci 0000:03:01.1:   bridge window [mem 0x48b000000-0x48bffffff 64bit pref]
May 29 20:57:13.954034 kernel: pci 0000:03:01.2: PCI bridge to [bus 0e]
May 29 20:57:13.954063 kernel: pci 0000:03:01.2:   bridge window [mem 0xc5700000-0xc58fffff]
May 29 20:57:13.954091 kernel: pci 0000:03:01.2:   bridge window [mem 0x48c000000-0x48cffffff 64bit pref]
May 29 20:57:13.954120 kernel: pci 0000:03:01.3: PCI bridge to [bus 0f]
May 29 20:57:13.954148 kernel: pci 0000:03:01.3:   bridge window [mem 0xc5900000-0xc5afffff]
May 29 20:57:13.954178 kernel: pci 0000:03:01.3:   bridge window [mem 0x48d000000-0x48dffffff 64bit pref]
May 29 20:57:13.954206 kernel: pci 0000:03:01.4: PCI bridge to [bus 10]
May 29 20:57:13.954234 kernel: pci 0000:03:01.4:   bridge window [mem 0xc5b00000-0xc5cfffff]
May 29 20:57:13.954263 kernel: pci 0000:03:01.4:   bridge window [mem 0x48e000000-0x48effffff 64bit pref]
May 29 20:57:13.954292 kernel: pci 0000:03:01.5: PCI bridge to [bus 11]
May 29 20:57:13.954320 kernel: pci 0000:03:01.5:   bridge window [mem 0xc5d00000-0xc5efffff]
May 29 20:57:13.954348 kernel: pci 0000:03:01.5:   bridge window [mem 0x48f000000-0x48fffffff 64bit pref]
May 29 20:57:13.954376 kernel: pci 0000:03:01.6: PCI bridge to [bus 12]
May 29 20:57:13.954405 kernel: pci 0000:03:01.6:   bridge window [mem 0xc5f00000-0xc60fffff]
May 29 20:57:13.954433 kernel: pci 0000:03:01.6:   bridge window [mem 0x490000000-0x490ffffff 64bit pref]
May 29 20:57:13.954462 kernel: pci 0000:03:01.7: PCI bridge to [bus 13]
May 29 20:57:13.954490 kernel: pci 0000:03:01.7:   bridge window [mem 0xc6100000-0xc62fffff]
May 29 20:57:13.954523 kernel: pci 0000:03:01.7:   bridge window [mem 0x491000000-0x491ffffff 64bit pref]
May 29 20:57:13.954554 kernel: pci 0000:03:02.0: PCI bridge to [bus 14]
May 29 20:57:13.954581 kernel: pci 0000:03:02.0:   bridge window [mem 0xc6300000-0xc64fffff]
May 29 20:57:13.954608 kernel: pci 0000:03:02.0:   bridge window [mem 0x492000000-0x492ffffff 64bit pref]
May 29 20:57:13.954636 kernel: pci 0000:03:02.1: PCI bridge to [bus 15]
May 29 20:57:13.954662 kernel: pci 0000:03:02.1:   bridge window [mem 0xc6500000-0xc66fffff]
May 29 20:57:13.954689 kernel: pci 0000:03:02.1:   bridge window [mem 0x493000000-0x493ffffff 64bit pref]
May 29 20:57:13.954715 kernel: pci 0000:03:02.2: PCI bridge to [bus 16]
May 29 20:57:13.954741 kernel: pci 0000:03:02.2:   bridge window [mem 0xc6700000-0xc68fffff]
May 29 20:57:13.954768 kernel: pci 0000:03:02.2:   bridge window [mem 0x494000000-0x494ffffff 64bit pref]
May 29 20:57:13.954794 kernel: pci 0000:03:02.3: PCI bridge to [bus 17]
May 29 20:57:13.954820 kernel: pci 0000:03:02.3:   bridge window [mem 0xc6900000-0xc6afffff]
May 29 20:57:13.954847 kernel: pci 0000:03:02.3:   bridge window [mem 0x495000000-0x495ffffff 64bit pref]
May 29 20:57:13.954873 kernel: pci 0000:03:02.4: PCI bridge to [bus 18]
May 29 20:57:13.954900 kernel: pci 0000:03:02.4:   bridge window [mem 0xc6b00000-0xc6cfffff]
May 29 20:57:13.954927 kernel: pci 0000:03:02.4:   bridge window [mem 0x496000000-0x496ffffff 64bit pref]
May 29 20:57:13.954954 kernel: pci 0000:03:02.5: PCI bridge to [bus 19]
May 29 20:57:13.954980 kernel: pci 0000:03:02.5:   bridge window [mem 0xc6d00000-0xc6efffff]
May 29 20:57:13.955007 kernel: pci 0000:03:02.5:   bridge window [mem 0x497000000-0x497ffffff 64bit pref]
May 29 20:57:13.955034 kernel: pci 0000:03:02.6: PCI bridge to [bus 1a]
May 29 20:57:13.955062 kernel: pci 0000:03:02.6:   bridge window [mem 0xc6f00000-0xc70fffff]
May 29 20:57:13.955088 kernel: pci 0000:03:02.6:   bridge window [mem 0x498000000-0x498ffffff 64bit pref]
May 29 20:57:13.955115 kernel: pci 0000:03:02.7: PCI bridge to [bus 1b]
May 29 20:57:13.955141 kernel: pci 0000:03:02.7:   bridge window [mem 0xc7100000-0xc72fffff]
May 29 20:57:13.955168 kernel: pci 0000:03:02.7:   bridge window [mem 0x499000000-0x499ffffff 64bit pref]
May 29 20:57:13.955194 kernel: pci 0000:03:03.0: PCI bridge to [bus 1c]
May 29 20:57:13.955221 kernel: pci 0000:03:03.0:   bridge window [mem 0xc7300000-0xc74fffff]
May 29 20:57:13.955247 kernel: pci 0000:03:03.0:   bridge window [mem 0x49a000000-0x49affffff 64bit pref]
May 29 20:57:13.955274 kernel: pci 0000:03:03.1: PCI bridge to [bus 1d]
May 29 20:57:13.955302 kernel: pci 0000:03:03.1:   bridge window [mem 0xc7500000-0xc76fffff]
May 29 20:57:13.955329 kernel: pci 0000:03:03.1:   bridge window [mem 0x49b000000-0x49bffffff 64bit pref]
May 29 20:57:13.955357 kernel: pci 0000:03:03.2: PCI bridge to [bus 1e]
May 29 20:57:13.955384 kernel: pci 0000:03:03.2:   bridge window [mem 0xc7700000-0xc78fffff]
May 29 20:57:13.955412 kernel: pci 0000:03:03.2:   bridge window [mem 0x49c000000-0x49cffffff 64bit pref]
May 29 20:57:13.955440 kernel: pci 0000:03:03.3: PCI bridge to [bus 1f]
May 29 20:57:13.955468 kernel: pci 0000:03:03.3:   bridge window [mem 0xc7900000-0xc7afffff]
May 29 20:57:13.955495 kernel: pci 0000:03:03.3:   bridge window [mem 0x49d000000-0x49dffffff 64bit pref]
May 29 20:57:13.955535 kernel: pci 0000:03:03.4: PCI bridge to [bus 20]
May 29 20:57:13.955561 kernel: pci 0000:03:03.4:   bridge window [mem 0xc7b00000-0xc7cfffff]
May 29 20:57:13.955587 kernel: pci 0000:03:03.4:   bridge window [mem 0x49e000000-0x49effffff 64bit pref]
May 29 20:57:13.955613 kernel: pci 0000:03:03.5: PCI bridge to [bus 21]
May 29 20:57:13.955641 kernel: pci 0000:03:03.5:   bridge window [mem 0xc7d00000-0xc7efffff]
May 29 20:57:13.955667 kernel: pci 0000:03:03.5:   bridge window [mem 0x49f000000-0x49fffffff 64bit pref]
May 29 20:57:13.955694 kernel: pci 0000:03:03.6: PCI bridge to [bus 22]
May 29 20:57:13.955721 kernel: pci 0000:03:03.6:   bridge window [mem 0xc7f00000-0xc80fffff]
May 29 20:57:13.955747 kernel: pci 0000:03:03.6:   bridge window [mem 0x4a0000000-0x4a0ffffff 64bit pref]
May 29 20:57:13.955774 kernel: pci 0000:03:03.7: PCI bridge to [bus 23]
May 29 20:57:13.955800 kernel: pci 0000:03:03.7:   bridge window [mem 0xc8100000-0xc82fffff]
May 29 20:57:13.955826 kernel: pci 0000:03:03.7:   bridge window [mem 0x4a1000000-0x4a1ffffff 64bit pref]
May 29 20:57:13.955852 kernel: pci 0000:02:00.0: PCI bridge to [bus 03-23]
May 29 20:57:13.955877 kernel: pci 0000:02:00.0:   bridge window [mem 0xc4200000-0xc82fffff]
May 29 20:57:13.955903 kernel: pci 0000:02:00.0:   bridge window [mem 0x482000000-0x4a1ffffff 64bit pref]
May 29 20:57:13.955927 kernel: pci 0000:01:00.0: PCI bridge to [bus 02-23]
May 29 20:57:13.955952 kernel: pci 0000:01:00.0:   bridge window [mem 0xc4100000-0xc82fffff]
May 29 20:57:13.955976 kernel: pci 0000:01:00.0:   bridge window [mem 0x482000000-0x4a1ffffff 64bit pref]
May 29 20:57:13.955998 kernel: pci_bus 0000:01: resource 4 [mem 0xc4000000-0xc82fffff window]
May 29 20:57:13.956021 kernel: pci_bus 0000:01: resource 5 [mem 0x482000000-0x4a1ffffff window]
May 29 20:57:13.956053 kernel: pci_bus 0000:02: resource 1 [mem 0xc4100000-0xc82fffff]
May 29 20:57:13.956076 kernel: pci_bus 0000:02: resource 2 [mem 0x482000000-0x4a1ffffff 64bit pref]
May 29 20:57:13.956108 kernel: pci_bus 0000:03: resource 1 [mem 0xc4200000-0xc82fffff]
May 29 20:57:13.956133 kernel: pci_bus 0000:03: resource 2 [mem 0x482000000-0x4a1ffffff 64bit pref]
May 29 20:57:13.956165 kernel: pci_bus 0000:04: resource 1 [mem 0xc4300000-0xc44fffff]
May 29 20:57:13.956191 kernel: pci_bus 0000:04: resource 2 [mem 0x482000000-0x482ffffff 64bit pref]
May 29 20:57:13.956221 kernel: pci_bus 0000:05: resource 1 [mem 0xc4500000-0xc46fffff]
May 29 20:57:13.956248 kernel: pci_bus 0000:05: resource 2 [mem 0x483000000-0x483ffffff 64bit pref]
May 29 20:57:13.956278 kernel: pci_bus 0000:06: resource 1 [mem 0xc4700000-0xc48fffff]
May 29 20:57:13.956304 kernel: pci_bus 0000:06: resource 2 [mem 0x484000000-0x484ffffff 64bit pref]
May 29 20:57:13.956335 kernel: pci_bus 0000:07: resource 1 [mem 0xc4900000-0xc4afffff]
May 29 20:57:13.956360 kernel: pci_bus 0000:07: resource 2 [mem 0x485000000-0x485ffffff 64bit pref]
May 29 20:57:13.956393 kernel: pci_bus 0000:08: resource 1 [mem 0xc4b00000-0xc4cfffff]
May 29 20:57:13.956419 kernel: pci_bus 0000:08: resource 2 [mem 0x486000000-0x486ffffff 64bit pref]
May 29 20:57:13.956448 kernel: pci_bus 0000:09: resource 1 [mem 0xc4d00000-0xc4efffff]
May 29 20:57:13.956475 kernel: pci_bus 0000:09: resource 2 [mem 0x487000000-0x487ffffff 64bit pref]
May 29 20:57:13.956506 kernel: pci_bus 0000:0a: resource 1 [mem 0xc4f00000-0xc50fffff]
May 29 20:57:13.956543 kernel: pci_bus 0000:0a: resource 2 [mem 0x488000000-0x488ffffff 64bit pref]
May 29 20:57:13.956573 kernel: pci_bus 0000:0b: resource 1 [mem 0xc5100000-0xc52fffff]
May 29 20:57:13.956598 kernel: pci_bus 0000:0b: resource 2 [mem 0x489000000-0x489ffffff 64bit pref]
May 29 20:57:13.956629 kernel: pci_bus 0000:0c: resource 1 [mem 0xc5300000-0xc54fffff]
May 29 20:57:13.956654 kernel: pci_bus 0000:0c: resource 2 [mem 0x48a000000-0x48affffff 64bit pref]
May 29 20:57:13.956688 kernel: pci_bus 0000:0d: resource 1 [mem 0xc5500000-0xc56fffff]
May 29 20:57:13.956714 kernel: pci_bus 0000:0d: resource 2 [mem 0x48b000000-0x48bffffff 64bit pref]
May 29 20:57:13.956745 kernel: pci_bus 0000:0e: resource 1 [mem 0xc5700000-0xc58fffff]
May 29 20:57:13.956771 kernel: pci_bus 0000:0e: resource 2 [mem 0x48c000000-0x48cffffff 64bit pref]
May 29 20:57:13.956802 kernel: pci_bus 0000:0f: resource 1 [mem 0xc5900000-0xc5afffff]
May 29 20:57:13.956827 kernel: pci_bus 0000:0f: resource 2 [mem 0x48d000000-0x48dffffff 64bit pref]
May 29 20:57:13.956858 kernel: pci_bus 0000:10: resource 1 [mem 0xc5b00000-0xc5cfffff]
May 29 20:57:13.956884 kernel: pci_bus 0000:10: resource 2 [mem 0x48e000000-0x48effffff 64bit pref]
May 29 20:57:13.956916 kernel: pci_bus 0000:11: resource 1 [mem 0xc5d00000-0xc5efffff]
May 29 20:57:13.956942 kernel: pci_bus 0000:11: resource 2 [mem 0x48f000000-0x48fffffff 64bit pref]
May 29 20:57:13.956974 kernel: pci_bus 0000:12: resource 1 [mem 0xc5f00000-0xc60fffff]
May 29 20:57:13.957000 kernel: pci_bus 0000:12: resource 2 [mem 0x490000000-0x490ffffff 64bit pref]
May 29 20:57:13.957030 kernel: pci_bus 0000:13: resource 1 [mem 0xc6100000-0xc62fffff]
May 29 20:57:13.957056 kernel: pci_bus 0000:13: resource 2 [mem 0x491000000-0x491ffffff 64bit pref]
May 29 20:57:13.957086 kernel: pci_bus 0000:14: resource 1 [mem 0xc6300000-0xc64fffff]
May 29 20:57:13.957112 kernel: pci_bus 0000:14: resource 2 [mem 0x492000000-0x492ffffff 64bit pref]
May 29 20:57:13.957143 kernel: pci_bus 0000:15: resource 1 [mem 0xc6500000-0xc66fffff]
May 29 20:57:13.957169 kernel: pci_bus 0000:15: resource 2 [mem 0x493000000-0x493ffffff 64bit pref]
May 29 20:57:13.957200 kernel: pci_bus 0000:16: resource 1 [mem 0xc6700000-0xc68fffff]
May 29 20:57:13.957226 kernel: pci_bus 0000:16: resource 2 [mem 0x494000000-0x494ffffff 64bit pref]
May 29 20:57:13.957259 kernel: pci_bus 0000:17: resource 1 [mem 0xc6900000-0xc6afffff]
May 29 20:57:13.957284 kernel: pci_bus 0000:17: resource 2 [mem 0x495000000-0x495ffffff 64bit pref]
May 29 20:57:13.957315 kernel: pci_bus 0000:18: resource 1 [mem 0xc6b00000-0xc6cfffff]
May 29 20:57:13.957341 kernel: pci_bus 0000:18: resource 2 [mem 0x496000000-0x496ffffff 64bit pref]
May 29 20:57:13.957372 kernel: pci_bus 0000:19: resource 1 [mem 0xc6d00000-0xc6efffff]
May 29 20:57:13.957398 kernel: pci_bus 0000:19: resource 2 [mem 0x497000000-0x497ffffff 64bit pref]
May 29 20:57:13.957428 kernel: pci_bus 0000:1a: resource 1 [mem 0xc6f00000-0xc70fffff]
May 29 20:57:13.957454 kernel: pci_bus 0000:1a: resource 2 [mem 0x498000000-0x498ffffff 64bit pref]
May 29 20:57:13.957489 kernel: pci_bus 0000:1b: resource 1 [mem 0xc7100000-0xc72fffff]
May 29 20:57:13.957515 kernel: pci_bus 0000:1b: resource 2 [mem 0x499000000-0x499ffffff 64bit pref]
May 29 20:57:13.957556 kernel: pci_bus 0000:1c: resource 1 [mem 0xc7300000-0xc74fffff]
May 29 20:57:13.957589 kernel: pci_bus 0000:1c: resource 2 [mem 0x49a000000-0x49affffff 64bit pref]
May 29 20:57:13.957620 kernel: pci_bus 0000:1d: resource 1 [mem 0xc7500000-0xc76fffff]
May 29 20:57:13.957646 kernel: pci_bus 0000:1d: resource 2 [mem 0x49b000000-0x49bffffff 64bit pref]
May 29 20:57:13.957676 kernel: pci_bus 0000:1e: resource 1 [mem 0xc7700000-0xc78fffff]
May 29 20:57:13.957702 kernel: pci_bus 0000:1e: resource 2 [mem 0x49c000000-0x49cffffff 64bit pref]
May 29 20:57:13.957734 kernel: pci_bus 0000:1f: resource 1 [mem 0xc7900000-0xc7afffff]
May 29 20:57:13.957761 kernel: pci_bus 0000:1f: resource 2 [mem 0x49d000000-0x49dffffff 64bit pref]
May 29 20:57:13.957795 kernel: pci_bus 0000:20: resource 1 [mem 0xc7b00000-0xc7cfffff]
May 29 20:57:13.957823 kernel: pci_bus 0000:20: resource 2 [mem 0x49e000000-0x49effffff 64bit pref]
May 29 20:57:13.957855 kernel: pci_bus 0000:21: resource 1 [mem 0xc7d00000-0xc7efffff]
May 29 20:57:13.957882 kernel: pci_bus 0000:21: resource 2 [mem 0x49f000000-0x49fffffff 64bit pref]
May 29 20:57:13.957915 kernel: pci_bus 0000:22: resource 1 [mem 0xc7f00000-0xc80fffff]
May 29 20:57:13.957944 kernel: pci_bus 0000:22: resource 2 [mem 0x4a0000000-0x4a0ffffff 64bit pref]
May 29 20:57:13.957976 kernel: pci_bus 0000:23: resource 1 [mem 0xc8100000-0xc82fffff]
May 29 20:57:13.958003 kernel: pci_bus 0000:23: resource 2 [mem 0x4a1000000-0x4a1ffffff 64bit pref]
May 29 20:57:13.958033 kernel: pci 0000:26:00.0: PCI bridge to [bus 27]
May 29 20:57:13.958061 kernel: pci 0000:26:00.0:   bridge window [mem 0xc8700000-0xc88fffff]
May 29 20:57:13.958089 kernel: pci 0000:26:00.0:   bridge window [mem 0x4a2000000-0x4a2ffffff 64bit pref]
May 29 20:57:13.958118 kernel: pci 0000:26:00.1: PCI bridge to [bus 28]
May 29 20:57:13.958146 kernel: pci 0000:26:00.1:   bridge window [mem 0xc8900000-0xc8afffff]
May 29 20:57:13.958174 kernel: pci 0000:26:00.1:   bridge window [mem 0x4a3000000-0x4a3ffffff 64bit pref]
May 29 20:57:13.958202 kernel: pci 0000:26:00.2: PCI bridge to [bus 29]
May 29 20:57:13.958229 kernel: pci 0000:26:00.2:   bridge window [mem 0xc8b00000-0xc8cfffff]
May 29 20:57:13.958258 kernel: pci 0000:26:00.2:   bridge window [mem 0x4a4000000-0x4a4ffffff 64bit pref]
May 29 20:57:13.958286 kernel: pci 0000:26:00.3: PCI bridge to [bus 2a]
May 29 20:57:13.958314 kernel: pci 0000:26:00.3:   bridge window [mem 0xc8d00000-0xc8efffff]
May 29 20:57:13.958342 kernel: pci 0000:26:00.3:   bridge window [mem 0x4a5000000-0x4a5ffffff 64bit pref]
May 29 20:57:13.958370 kernel: pci 0000:26:00.4: PCI bridge to [bus 2b]
May 29 20:57:13.958397 kernel: pci 0000:26:00.4:   bridge window [mem 0xc8f00000-0xc90fffff]
May 29 20:57:13.958424 kernel: pci 0000:26:00.4:   bridge window [mem 0x4a6000000-0x4a6ffffff 64bit pref]
May 29 20:57:13.958451 kernel: pci 0000:25:00.0: PCI bridge to [bus 26-2b]
May 29 20:57:13.958478 kernel: pci 0000:25:00.0:   bridge window [mem 0xc8600000-0xc90fffff]
May 29 20:57:13.958505 kernel: pci 0000:25:00.0:   bridge window [mem 0x4a2000000-0x4a6ffffff 64bit pref]
May 29 20:57:13.958576 kernel: pci 0000:24:00.0: PCI bridge to [bus 25-2b]
May 29 20:57:13.958602 kernel: pci 0000:24:00.0:   bridge window [mem 0xc8500000-0xc90fffff]
May 29 20:57:13.958626 kernel: pci 0000:24:00.0:   bridge window [mem 0x4a2000000-0x4a6ffffff 64bit pref]
May 29 20:57:13.958648 kernel: pci_bus 0000:24: resource 4 [mem 0xc8400000-0xc90fffff window]
May 29 20:57:13.958671 kernel: pci_bus 0000:24: resource 5 [mem 0x4a2000000-0x4a6ffffff window]
May 29 20:57:13.958700 kernel: pci_bus 0000:25: resource 1 [mem 0xc8500000-0xc90fffff]
May 29 20:57:13.958723 kernel: pci_bus 0000:25: resource 2 [mem 0x4a2000000-0x4a6ffffff 64bit pref]
May 29 20:57:13.958755 kernel: pci_bus 0000:26: resource 1 [mem 0xc8600000-0xc90fffff]
May 29 20:57:13.958780 kernel: pci_bus 0000:26: resource 2 [mem 0x4a2000000-0x4a6ffffff 64bit pref]
May 29 20:57:13.958811 kernel: pci_bus 0000:27: resource 1 [mem 0xc8700000-0xc88fffff]
May 29 20:57:13.958837 kernel: pci_bus 0000:27: resource 2 [mem 0x4a2000000-0x4a2ffffff 64bit pref]
May 29 20:57:13.958869 kernel: pci_bus 0000:28: resource 1 [mem 0xc8900000-0xc8afffff]
May 29 20:57:13.958895 kernel: pci_bus 0000:28: resource 2 [mem 0x4a3000000-0x4a3ffffff 64bit pref]
May 29 20:57:13.958925 kernel: pci_bus 0000:29: resource 1 [mem 0xc8b00000-0xc8cfffff]
May 29 20:57:13.958951 kernel: pci_bus 0000:29: resource 2 [mem 0x4a4000000-0x4a4ffffff 64bit pref]
May 29 20:57:13.958981 kernel: pci_bus 0000:2a: resource 1 [mem 0xc8d00000-0xc8efffff]
May 29 20:57:13.959007 kernel: pci_bus 0000:2a: resource 2 [mem 0x4a5000000-0x4a5ffffff 64bit pref]
May 29 20:57:13.959040 kernel: pci_bus 0000:2b: resource 1 [mem 0xc8f00000-0xc90fffff]
May 29 20:57:13.959066 kernel: pci_bus 0000:2b: resource 2 [mem 0x4a6000000-0x4a6ffffff 64bit pref]
May 29 20:57:13.959095 kernel: pci 0000:00:00.0: Limiting direct PCI/PCI transfers
May 29 20:57:13.959098 kernel: PCI: CLS 0 bytes, default 64
May 29 20:57:13.959101 kernel: PCI-DMA: Using software bounce buffering for IO (SWIOTLB)
May 29 20:57:13.959103 kernel: Trying to unpack rootfs image as initramfs...
May 29 20:57:13.959106 kernel: software IO TLB: mapped [mem 0x00000000bbfe8000-0x00000000bffe8000] (64MB)
May 29 20:57:13.959109 kernel: ACPI: bus type thunderbolt registered
May 29 20:57:13.959111 kernel: clocksource: tsc: mask: 0xffffffffffffffff max_cycles: 0x257a386c905, max_idle_ns: 440795250529 ns
May 29 20:57:13.959114 kernel: clocksource: Switched to clocksource tsc
May 29 20:57:13.959116 kernel: Initialise system trusted keyrings
May 29 20:57:13.959119 kernel: Key type blacklist registered
May 29 20:57:13.959121 kernel: workingset: timestamp_bits=36 max_order=22 bucket_order=0
May 29 20:57:13.959125 kernel: zbud: loaded
May 29 20:57:13.959127 kernel: integrity: Platform Keyring initialized
May 29 20:57:13.959130 kernel: integrity: Machine keyring initialized
May 29 20:57:13.959132 kernel: NET: Registered PF_ALG protocol family
May 29 20:57:13.959134 kernel: xor: automatically using best checksumming function   avx       
May 29 20:57:13.959137 kernel: Key type asymmetric registered
May 29 20:57:13.959139 kernel: Asymmetric key parser 'x509' registered
May 29 20:57:13.959142 kernel: Block layer SCSI generic (bsg) driver version 0.4 loaded (major 246)
May 29 20:57:13.959144 kernel: io scheduler mq-deadline registered
May 29 20:57:13.959147 kernel: io scheduler kyber registered
May 29 20:57:13.959149 kernel: io scheduler bfq registered
May 29 20:57:13.959152 kernel: atomic64_test: passed for x86-64 platform with CX8 and with SSE
May 29 20:57:13.959177 kernel: pcieport 0000:01:00.0: PME: Signaling with IRQ 24
May 29 20:57:13.959202 kernel: pcieport 0000:01:00.0: pciehp: Slot #0 AttnBtn+ PwrCtrl+ MRL- AttnInd+ PwrInd+ HotPlug+ Surprise- Interlock- NoCompl+ IbPresDis- LLActRep+
May 29 20:57:13.959231 kernel: pcieport 0000:03:00.0: pciehp: Slot #2 AttnBtn+ PwrCtrl+ MRL- AttnInd+ PwrInd+ HotPlug+ Surprise- Interlock- NoCompl+ IbPresDis- LLActRep+
May 29 20:57:13.959259 kernel: pcieport 0000:03:00.1: pciehp: Slot #3 AttnBtn+ PwrCtrl+ MRL- AttnInd+ PwrInd+ HotPlug+ Surprise- Interlock- NoCompl+ IbPresDis- LLActRep+
May 29 20:57:13.959286 kernel: pcieport 0000:03:00.2: pciehp: Slot #4 AttnBtn+ PwrCtrl+ MRL- AttnInd+ PwrInd+ HotPlug+ Surprise- Interlock- NoCompl+ IbPresDis- LLActRep+
May 29 20:57:13.959314 kernel: pcieport 0000:03:00.3: pciehp: Slot #5 AttnBtn+ PwrCtrl+ MRL- AttnInd+ PwrInd+ HotPlug+ Surprise- Interlock- NoCompl+ IbPresDis- LLActRep+
May 29 20:57:13.959342 kernel: pcieport 0000:03:00.4: pciehp: Slot #6 AttnBtn+ PwrCtrl+ MRL- AttnInd+ PwrInd+ HotPlug+ Surprise- Interlock- NoCompl+ IbPresDis- LLActRep+
May 29 20:57:13.959388 kernel: pcieport 0000:03:00.5: pciehp: Slot #7 AttnBtn+ PwrCtrl+ MRL- AttnInd+ PwrInd+ HotPlug+ Surprise- Interlock- NoCompl+ IbPresDis- LLActRep+
May 29 20:57:13.959421 kernel: pcieport 0000:03:00.6: pciehp: Slot #8 AttnBtn+ PwrCtrl+ MRL- AttnInd+ PwrInd+ HotPlug+ Surprise- Interlock- NoCompl+ IbPresDis- LLActRep+
May 29 20:57:13.959452 kernel: pcieport 0000:03:00.7: pciehp: Slot #9 AttnBtn+ PwrCtrl+ MRL- AttnInd+ PwrInd+ HotPlug+ Surprise- Interlock- NoCompl+ IbPresDis- LLActRep+
May 29 20:57:13.959479 kernel: pcieport 0000:03:01.0: pciehp: Slot #10 AttnBtn+ PwrCtrl+ MRL- AttnInd+ PwrInd+ HotPlug+ Surprise- Interlock- NoCompl+ IbPresDis- LLActRep+
May 29 20:57:13.959530 kernel: pcieport 0000:03:01.1: pciehp: Slot #11 AttnBtn+ PwrCtrl+ MRL- AttnInd+ PwrInd+ HotPlug+ Surprise- Interlock- NoCompl+ IbPresDis- LLActRep+
May 29 20:57:13.959569 kernel: pcieport 0000:03:01.2: pciehp: Slot #12 AttnBtn+ PwrCtrl+ MRL- AttnInd+ PwrInd+ HotPlug+ Surprise- Interlock- NoCompl+ IbPresDis- LLActRep+
May 29 20:57:13.959597 kernel: pcieport 0000:03:01.3: pciehp: Slot #13 AttnBtn+ PwrCtrl+ MRL- AttnInd+ PwrInd+ HotPlug+ Surprise- Interlock- NoCompl+ IbPresDis- LLActRep+
May 29 20:57:13.959633 kernel: pcieport 0000:03:01.4: pciehp: Slot #14 AttnBtn+ PwrCtrl+ MRL- AttnInd+ PwrInd+ HotPlug+ Surprise- Interlock- NoCompl+ IbPresDis- LLActRep+
May 29 20:57:13.959660 kernel: pcieport 0000:03:01.5: pciehp: Slot #15 AttnBtn+ PwrCtrl+ MRL- AttnInd+ PwrInd+ HotPlug+ Surprise- Interlock- NoCompl+ IbPresDis- LLActRep+
May 29 20:57:13.959688 kernel: pcieport 0000:03:01.6: pciehp: Slot #16 AttnBtn+ PwrCtrl+ MRL- AttnInd+ PwrInd+ HotPlug+ Surprise- Interlock- NoCompl+ IbPresDis- LLActRep+
May 29 20:57:13.959715 kernel: pcieport 0000:03:01.7: pciehp: Slot #17 AttnBtn+ PwrCtrl+ MRL- AttnInd+ PwrInd+ HotPlug+ Surprise- Interlock- NoCompl+ IbPresDis- LLActRep+
May 29 20:57:13.959743 kernel: pcieport 0000:03:02.0: pciehp: Slot #18 AttnBtn+ PwrCtrl+ MRL- AttnInd+ PwrInd+ HotPlug+ Surprise- Interlock- NoCompl+ IbPresDis- LLActRep+
May 29 20:57:13.959770 kernel: pcieport 0000:03:02.1: pciehp: Slot #19 AttnBtn+ PwrCtrl+ MRL- AttnInd+ PwrInd+ HotPlug+ Surprise- Interlock- NoCompl+ IbPresDis- LLActRep+
May 29 20:57:13.959797 kernel: pcieport 0000:03:02.2: pciehp: Slot #20 AttnBtn+ PwrCtrl+ MRL- AttnInd+ PwrInd+ HotPlug+ Surprise- Interlock- NoCompl+ IbPresDis- LLActRep+
May 29 20:57:13.959826 kernel: pcieport 0000:03:02.3: pciehp: Slot #21 AttnBtn+ PwrCtrl+ MRL- AttnInd+ PwrInd+ HotPlug+ Surprise- Interlock- NoCompl+ IbPresDis- LLActRep+
May 29 20:57:13.959854 kernel: pcieport 0000:03:02.4: pciehp: Slot #22 AttnBtn+ PwrCtrl+ MRL- AttnInd+ PwrInd+ HotPlug+ Surprise- Interlock- NoCompl+ IbPresDis- LLActRep+
May 29 20:57:13.959882 kernel: pcieport 0000:03:02.5: pciehp: Slot #23 AttnBtn+ PwrCtrl+ MRL- AttnInd+ PwrInd+ HotPlug+ Surprise- Interlock- NoCompl+ IbPresDis- LLActRep+
May 29 20:57:13.959910 kernel: pcieport 0000:03:02.6: pciehp: Slot #24 AttnBtn+ PwrCtrl+ MRL- AttnInd+ PwrInd+ HotPlug+ Surprise- Interlock- NoCompl+ IbPresDis- LLActRep+
May 29 20:57:13.959938 kernel: pcieport 0000:03:02.7: pciehp: Slot #25 AttnBtn+ PwrCtrl+ MRL- AttnInd+ PwrInd+ HotPlug+ Surprise- Interlock- NoCompl+ IbPresDis- LLActRep+
May 29 20:57:13.959967 kernel: pcieport 0000:03:03.0: pciehp: Slot #26 AttnBtn+ PwrCtrl+ MRL- AttnInd+ PwrInd+ HotPlug+ Surprise- Interlock- NoCompl+ IbPresDis- LLActRep+
May 29 20:57:13.959995 kernel: pcieport 0000:03:03.1: pciehp: Slot #27 AttnBtn+ PwrCtrl+ MRL- AttnInd+ PwrInd+ HotPlug+ Surprise- Interlock- NoCompl+ IbPresDis- LLActRep+
May 29 20:57:13.960024 kernel: pcieport 0000:03:03.2: pciehp: Slot #28 AttnBtn+ PwrCtrl+ MRL- AttnInd+ PwrInd+ HotPlug+ Surprise- Interlock- NoCompl+ IbPresDis- LLActRep+
May 29 20:57:13.960051 kernel: pcieport 0000:03:03.3: pciehp: Slot #29 AttnBtn+ PwrCtrl+ MRL- AttnInd+ PwrInd+ HotPlug+ Surprise- Interlock- NoCompl+ IbPresDis- LLActRep+
May 29 20:57:13.960079 kernel: pcieport 0000:03:03.4: pciehp: Slot #30 AttnBtn+ PwrCtrl+ MRL- AttnInd+ PwrInd+ HotPlug+ Surprise- Interlock- NoCompl+ IbPresDis- LLActRep+
May 29 20:57:13.960107 kernel: pcieport 0000:03:03.5: pciehp: Slot #31 AttnBtn+ PwrCtrl+ MRL- AttnInd+ PwrInd+ HotPlug+ Surprise- Interlock- NoCompl+ IbPresDis- LLActRep+
May 29 20:57:13.960135 kernel: pcieport 0000:03:03.6: pciehp: Slot #32 AttnBtn+ PwrCtrl+ MRL- AttnInd+ PwrInd+ HotPlug+ Surprise- Interlock- NoCompl+ IbPresDis- LLActRep+
May 29 20:57:13.960167 kernel: pcieport 0000:03:03.7: pciehp: Slot #33 AttnBtn+ PwrCtrl+ MRL- AttnInd+ PwrInd+ HotPlug+ Surprise- Interlock- NoCompl+ IbPresDis- LLActRep+
May 29 20:57:13.960193 kernel: pcieport 0000:24:00.0: PME: Signaling with IRQ 57
May 29 20:57:13.960218 kernel: pcieport 0000:24:00.0: pciehp: Slot #1 AttnBtn+ PwrCtrl+ MRL- AttnInd+ PwrInd+ HotPlug+ Surprise- Interlock- NoCompl+ IbPresDis- LLActRep+
May 29 20:57:13.960247 kernel: pcieport 0000:26:00.0: pciehp: Slot #34 AttnBtn+ PwrCtrl+ MRL- AttnInd+ PwrInd+ HotPlug+ Surprise- Interlock- NoCompl+ IbPresDis- LLActRep+
May 29 20:57:13.960275 kernel: pcieport 0000:26:00.1: pciehp: Slot #35 AttnBtn+ PwrCtrl+ MRL- AttnInd+ PwrInd+ HotPlug+ Surprise- Interlock- NoCompl+ IbPresDis- LLActRep+
May 29 20:57:13.960303 kernel: pcieport 0000:26:00.2: pciehp: Slot #36 AttnBtn+ PwrCtrl+ MRL- AttnInd+ PwrInd+ HotPlug+ Surprise- Interlock- NoCompl+ IbPresDis- LLActRep+
May 29 20:57:13.960330 kernel: pcieport 0000:26:00.3: pciehp: Slot #37 AttnBtn+ PwrCtrl+ MRL- AttnInd+ PwrInd+ HotPlug+ Surprise- Interlock- NoCompl+ IbPresDis- LLActRep+
May 29 20:57:13.960359 kernel: pcieport 0000:26:00.4: pciehp: Slot #38 AttnBtn+ PwrCtrl+ MRL- AttnInd+ PwrInd+ HotPlug+ Surprise- Interlock- NoCompl+ IbPresDis- LLActRep+
May 29 20:57:13.960362 kernel: shpchp: Standard Hot Plug PCI Controller Driver version: 0.4
May 29 20:57:13.960364 kernel: Freeing initrd memory: 104172K
May 29 20:57:13.960367 kernel: input: Power Button as /devices/LNXSYSTM:00/LNXPWRBN:00/input/input0
May 29 20:57:13.960369 kernel: ACPI: button: Power Button [PWRF]
May 29 20:57:13.960372 kernel: input: Sleep Button as /devices/LNXSYSTM:00/LNXSLPBN:00/input/input1
May 29 20:57:13.960375 kernel: ACPI: button: Sleep Button [SLPF]
May 29 20:57:13.960377 kernel: Monitor-Mwait will be used to enter C-1 state
May 29 20:57:13.960380 kernel: ACPI: \_SB_.CP00: Found 2 idle states
May 29 20:57:13.960382 kernel: ACPI: \_SB_.CP01: Found 2 idle states
May 29 20:57:13.960385 kernel: ACPI: \_SB_.CP02: Found 2 idle states
May 29 20:57:13.960388 kernel: ACPI: \_SB_.CP03: Found 2 idle states
May 29 20:57:13.960390 kernel: Serial: 8250/16550 driver, 4 ports, IRQ sharing enabled
May 29 20:57:13.960393 kernel: 00:04: ttyS0 at I/O 0x3f8 (irq = 4, base_baud = 115200) is a 16550A
May 29 20:57:13.960395 kernel: Non-volatile memory driver v1.3
May 29 20:57:13.960398 kernel: rdac: device handler registered
May 29 20:57:13.960400 kernel: hp_sw: device handler registered
May 29 20:57:13.960402 kernel: emc: device handler registered
May 29 20:57:13.960406 kernel: alua: device handler registered
May 29 20:57:13.960408 kernel: usbcore: registered new interface driver usbserial_generic
May 29 20:57:13.960411 kernel: usbserial: USB Serial support registered for generic
May 29 20:57:13.960413 kernel: i8042: PNP: PS/2 Controller [PNP0303:KBD,PNP0f13:MOU] at 0x60,0x64 irq 1,12
May 29 20:57:13.960416 kernel: i8042: Warning: Keylock active
May 29 20:57:13.960418 kernel: serio: i8042 KBD port at 0x60,0x64 irq 1
May 29 20:57:13.960421 kernel: serio: i8042 AUX port at 0x60,0x64 irq 12
May 29 20:57:13.960423 kernel: mousedev: PS/2 mouse device common for all mice
May 29 20:57:13.960454 kernel: rtc_cmos 00:00: RTC can wake from S4
May 29 20:57:13.960478 kernel: rtc_cmos 00:00: registered as rtc0
May 29 20:57:13.960502 kernel: rtc_cmos 00:00: setting system clock to 2026-05-29T20:57:13 UTC (1780088233)
May 29 20:57:13.960541 kernel: rtc_cmos 00:00: alarms up to one day, 114 bytes nvram
May 29 20:57:13.960547 kernel: amd_pstate: The CPPC feature is supported but currently disabled by the BIOS.
                               Please enable it if your BIOS has the CPPC option.
May 29 20:57:13.960549 kernel: amd_pstate: the _CPC object is not present in SBIOS or ACPI disabled
May 29 20:57:13.960552 kernel: hid: raw HID events driver (C) Jiri Kosina
May 29 20:57:13.960554 kernel: usbcore: registered new interface driver usbhid
May 29 20:57:13.960556 kernel: usbhid: USB HID core driver
May 29 20:57:13.960559 kernel: drop_monitor: Initializing network drop monitor service
May 29 20:57:13.960561 kernel: Initializing XFRM netlink socket
May 29 20:57:13.960563 kernel: NET: Registered PF_INET6 protocol family
May 29 20:57:13.960566 kernel: Segment Routing with IPv6
May 29 20:57:13.960568 kernel: NET: Registered PF_PACKET protocol family
May 29 20:57:13.960572 kernel: mpls_gso: MPLS GSO support
May 29 20:57:13.960574 kernel: IPI shorthand broadcast: enabled
May 29 20:57:13.960577 kernel: AVX2 version of gcm_enc/dec engaged.
May 29 20:57:13.960579 kernel: AES CTR mode by8 optimization enabled
May 29 20:57:13.960582 kernel: sched_clock: Marking stable (2208081058, 527337261)->(2806184988, -70766669)
May 29 20:57:13.960584 kernel: registered taskstats version 1
May 29 20:57:13.960587 kernel: Loading compiled-in X.509 certificates
May 29 20:57:13.960589 kernel: Loaded X.509 cert 'Red Hat Enterprise Linux kernel signing key: 300cbdfacc279a7dbb14021e37e33aa77fe6a2a1'
May 29 20:57:13.960592 kernel: Loaded X.509 cert 'Red Hat Enterprise Linux Driver Update Program (key 3): bf57f3e87362bc7229d9f465321773dfd1f77a80'
May 29 20:57:13.960595 kernel: Loaded X.509 cert 'Red Hat Enterprise Linux kpatch signing key: 4d38fd864ebe18c5f0b72e3852e2014c3a676fc8'
May 29 20:57:13.960597 kernel: Loaded X.509 cert 'RH-IMA-CA: Red Hat IMA CA: fb31825dd0e073685b264e3038963673f753959a'
May 29 20:57:13.960601 kernel: Loaded X.509 cert 'Nvidia GPU OOT signing 001: 55e1cef88193e60419f0b0ec379c49f77545acf0'
May 29 20:57:13.960603 kernel: Demotion targets for Node 0: null
May 29 20:57:13.960605 kernel: page_owner is disabled
May 29 20:57:13.960608 kernel: Key type .fscrypt registered
May 29 20:57:13.960611 kernel: Key type fscrypt-provisioning registered
May 29 20:57:13.960613 kernel: Key type big_key registered
May 29 20:57:13.960615 kernel: Key type encrypted registered
May 29 20:57:13.960618 kernel: ima: No TPM chip found, activating TPM-bypass!
May 29 20:57:13.960621 kernel: Loading compiled-in module X.509 certificates
May 29 20:57:13.960623 kernel: Loaded X.509 cert 'Red Hat Enterprise Linux kernel signing key: 300cbdfacc279a7dbb14021e37e33aa77fe6a2a1'
May 29 20:57:13.960625 kernel: ima: Allocated hash algorithm: sha256
May 29 20:57:13.960628 kernel: ima: No architecture policies found
May 29 20:57:13.960630 kernel: evm: Initialising EVM extended attributes:
May 29 20:57:13.960633 kernel: evm: security.selinux
May 29 20:57:13.960636 kernel: evm: security.SMACK64 (disabled)
May 29 20:57:13.960638 kernel: evm: security.SMACK64EXEC (disabled)
May 29 20:57:13.960640 kernel: evm: security.SMACK64TRANSMUTE (disabled)
May 29 20:57:13.960643 kernel: evm: security.SMACK64MMAP (disabled)
May 29 20:57:13.960646 kernel: evm: security.apparmor (disabled)
May 29 20:57:13.960648 kernel: evm: security.ima
May 29 20:57:13.960650 kernel: evm: security.capability
May 29 20:57:13.960653 kernel: evm: HMAC attrs: 0x1
May 29 20:57:13.960655 kernel: Running certificate verification RSA selftest
May 29 20:57:13.960658 kernel: Loaded X.509 cert 'Certificate verification self-testing key: f58703bb33ce1b73ee02eccdee5b8817518fe3db'
May 29 20:57:13.960660 kernel: Running certificate verification ECDSA selftest
May 29 20:57:13.960664 kernel: Loaded X.509 cert 'Certificate verification ECDSA self-testing key: 2900bcea1deb7bc8479a84a23d758efdfdd2b2d3'
May 29 20:57:13.960666 kernel: clk: Disabling unused clocks
May 29 20:57:13.960668 kernel: Freeing unused decrypted memory: 2028K
May 29 20:57:13.960671 kernel: Freeing unused kernel image (initmem) memory: 4044K
May 29 20:57:13.960673 kernel: Write protecting the kernel read-only data: 30720k
May 29 20:57:13.960675 kernel: Freeing unused kernel image (rodata/data gap) memory: 708K
May 29 20:57:13.960678 kernel: x86/mm: Checked W+X mappings: passed, no W+X pages found.
May 29 20:57:13.960681 kernel: Run /init as init process
May 29 20:57:13.960683 kernel:   with arguments:
May 29 20:57:13.960685 kernel:     /init
May 29 20:57:13.960687 kernel:   with environment:
May 29 20:57:13.960690 kernel:     HOME=/
May 29 20:57:13.960693 kernel:     TERM=linux
May 29 20:57:13.960695 kernel:     BOOT_IMAGE=(hd0,gpt3)/boot/ostree/rhcos-617b0e78715ed36bc2244f65434be3f79c4e5cc41b856cce9de411575dfca7bd/vmlinuz-5.14.0-570.55.1.el9_6.x86_64
May 29 20:57:13.960698 kernel:     ostree=/ostree/boot.1/rhcos/617b0e78715ed36bc2244f65434be3f79c4e5cc41b856cce9de411575dfca7bd/0
May 29 20:57:13.960715 systemd-journald.service[372]: Missed 37 kernel messages
May 29 20:57:13.960727 kernel: fuse: init (API version 7.37)
May 29 20:57:13.960733 systemd-journald.service[372]: Missed 1 kernel messages
May 29 20:57:13.960738 kernel: Loading iSCSI transport class v2.0-870.
May 29 20:57:13.960741 systemd-journald.service[372]: Journal started
May 29 20:57:13.960756 systemd-journald.service[372]: Runtime Journal (/run/log/journal/ec26acb7c359380b2a17618635ffbd47) is 8.0M, max 313.2M, 305.2M free.
May 29 20:57:13.950531 rdma-load-modules@infiniband.service[368]: Inserted module 'ib_ipoib'
May 29 20:57:13.953544 rdma-load-modules@infiniband.service[368]: Inserted module 'ib_umad'
May 29 20:57:13.959549 systemd-modules-load.service[373]: Inserted module 'fuse'
May 29 20:57:13.960168 systemd-modules-load.service[373]: Module 'msr' is built in
May 29 20:57:13.967311 rdma-load-modules@rdma.service[369]: Inserted module 'ib_iser'
May 29 20:57:13.967526 systemd-journald.service[372]: Missed 4 kernel messages
May 29 20:57:13.967526 kernel: iscsi: registered transport (iser)
May 29 20:57:13.984526 systemd-journald.service[372]: Missed 1 kernel messages
May 29 20:57:13.984526 kernel: Rounding down aligned max_sectors from 4294967295 to 4294967288
May 29 20:57:13.984536 kernel: db_root: cannot open: /etc/target
May 29 20:57:13.999542 kernel: input: AT Translated Set 2 keyboard as /devices/platform/i8042/serio0/input/input2
May 29 20:57:14.001637 rdma-load-modules@rdma.service[369]: Inserted module 'ib_isert'
May 29 20:57:14.004874 rdma-load-modules@rdma.service[369]: Inserted module 'ib_srpt'
May 29 20:57:14.030220 rdma-load-modules@rdma.service[369]: Inserted module 'ib_uverbs'
May 29 20:57:14.032141 rdma-load-modules@rdma.service[369]: Inserted module 'rdma_ucm'
May 29 20:57:14.038754 init.scope[1]: Finished Afterburn Initrd Setup Network Kernel Arguments.
May 29 20:57:14.040899 init.scope[1]: Finished CoreOS: Touch /run/agetty.reload.
May 29 20:57:14.044625 init.scope[1]: Finished Create List of Static Device Nodes.
May 29 20:57:14.047653 init.scope[1]: Finished Load RDMA modules from /etc/rdma/modules/infiniband.conf.
May 29 20:57:14.050030 init.scope[1]: Finished Load RDMA modules from /etc/rdma/modules/roce.conf.
May 29 20:57:14.054620 init.scope[1]: Finished Load Kernel Modules.
May 29 20:57:14.057613 init.scope[1]: Finished Setup Virtual Console.
May 29 20:57:14.068542 systemd-journald.service[372]: Missed 12 kernel messages
May 29 20:57:14.068542 kernel: RPC: Registered named UNIX socket transport module.
May 29 20:57:14.068554 kernel: RPC: Registered udp transport module.
May 29 20:57:14.070052 kernel: RPC: Registered tcp transport module.
May 29 20:57:14.071555 kernel: RPC: Registered tcp-with-tls transport module.
May 29 20:57:14.073151 kernel: RPC: Registered tcp NFSv4.1 backchannel transport module.
May 29 20:57:14.076631 init.scope[1]: Starting dracut ask for additional cmdline parameters...
May 29 20:57:14.079636 init.scope[1]: Starting Apply Kernel Variables...
May 29 20:57:14.083567 init.scope[1]: Finished dracut ask for additional cmdline parameters.
May 29 20:57:14.088759 init.scope[1]: Finished Apply Kernel Variables.
May 29 20:57:14.090769 init.scope[1]: Starting dracut cmdline hook...
May 29 20:57:14.093878 systemd-sysusers.service[378]: Creating group 'root' with GID 991.
May 29 20:57:14.094731 init.scope[1]: Finished Create System Users.
May 29 20:57:14.097746 init.scope[1]: Starting Create Static Device Nodes in /dev...
May 29 20:57:14.099598 systemd-journald.service[372]: Missed 8 kernel messages
May 29 20:57:14.099598 kernel: RPC: Registered rdma transport module.
May 29 20:57:14.099609 dracut-cmdline.service[409]: dracut-9.6.20251015-1 (Plow) dracut-057-88.git20250311.el9_6
May 29 20:57:14.103871 systemd-journald.service[372]: Missed 1 kernel messages
May 29 20:57:14.103871 kernel: RPC: Registered rdma backchannel transport module.
May 29 20:57:14.103885 dracut-cmdline.service[409]: Using kernel command line parameters:  ip=auto   BOOT_IMAGE=(hd0,gpt3)/boot/ostree/rhcos-617b0e78715ed36bc2244f65434be3f79c4e5cc41b856cce9de411575dfca7bd/vmlinuz-5.14.0-570.55.1.el9_6.x86_64 rw ignition.firstboot ostree=/ostree/boot.1/rhcos/617b0e78715ed36bc2244f65434be3f79c4e5cc41b856cce9de411575dfca7bd/0 ignition.platform.id=aws console=tty0 console=ttyS0,115200n8
May 29 20:57:14.166381 rdma-load-modules@rdma.service[369]: Inserted module 'rpcrdma'
May 29 20:57:14.169074 init.scope[1]: Starting Create Volatile Files and Directories...
May 29 20:57:14.171528 systemd-journald.service[372]: Missed 3 kernel messages
May 29 20:57:14.171528 kernel: iscsi: registered transport (tcp)
May 29 20:57:14.173428 init.scope[1]: Finished Load RDMA modules from /etc/rdma/modules/rdma.conf.
May 29 20:57:14.176605 init.scope[1]: Reached target Preparation for Network.
May 29 20:57:14.180743 init.scope[1]: Finished Create Static Device Nodes in /dev.
May 29 20:57:14.185171 init.scope[1]: Finished Create Volatile Files and Directories.
May 29 20:57:14.194525 systemd-journald.service[372]: Missed 4 kernel messages
May 29 20:57:14.194525 kernel: Warning: Deprecated Driver is detected: qla4xxx will not be maintained in a future major release and may be disabled
May 29 20:57:14.198247 kernel: iscsi: registered transport (qla4xxx)
May 29 20:57:14.198252 kernel: QLogic iSCSI HBA Driver
May 29 20:57:14.207525 kernel: libcxgbi:libcxgbi_init_module: Chelsio iSCSI driver library libcxgbi v0.9.1-ko (Apr. 2015)
May 29 20:57:14.236494 kernel: Chelsio T4-T6 iSCSI Driver cxgb4i v0.9.5-ko (Apr. 2015)
May 29 20:57:14.236498 kernel: iscsi: registered transport (cxgb4i)
May 29 20:57:14.246413 kernel: Warning: Deprecated Driver is detected: cnic will not be maintained in a future major release and may be disabled
May 29 20:57:14.246417 kernel: cnic: QLogic cnicDriver v2.5.22 (July 20, 2015)
