May 29 20:31:28.937554 kernel: Linux version 5.14.0-570.55.1.el9_6.x86_64 (mockbuild@x86-64-04.build.eng.rdu2.redhat.com) (gcc (GCC) 11.5.0 20240719 (Red Hat 11.5.0-5), GNU ld version 2.35.2-63.el9) #1 SMP PREEMPT_DYNAMIC Tue Oct 14 01:03:55 EDT 2025
May 29 20:31:28.937567 kernel: The list of certified hardware and cloud instances for Red Hat Enterprise Linux 9 can be viewed at the Red Hat Ecosystem Catalog, https://catalog.redhat.com.
May 29 20:31:28.937572 kernel: Command line: BOOT_IMAGE=(hd0,gpt3)/boot/ostree/rhcos-617b0e78715ed36bc2244f65434be3f79c4e5cc41b856cce9de411575dfca7bd/vmlinuz-5.14.0-570.55.1.el9_6.x86_64 rw ignition.firstboot ostree=/ostree/boot.1/rhcos/617b0e78715ed36bc2244f65434be3f79c4e5cc41b856cce9de411575dfca7bd/0 ignition.platform.id=aws console=tty0 console=ttyS0,115200n8
May 29 20:31:28.937575 kernel: BIOS-provided physical RAM map:
May 29 20:31:28.937577 kernel: BIOS-e820: [mem 0x0000000000000000-0x000000000009fbff] usable
May 29 20:31:28.937580 kernel: BIOS-e820: [mem 0x000000000009fc00-0x000000000009ffff] reserved
May 29 20:31:28.937583 kernel: BIOS-e820: [mem 0x00000000000f0000-0x00000000000fffff] reserved
May 29 20:31:28.937585 kernel: BIOS-e820: [mem 0x0000000000100000-0x00000000bffe7fff] usable
May 29 20:31:28.937588 kernel: BIOS-e820: [mem 0x00000000bffe8000-0x00000000bfffffff] reserved
May 29 20:31:28.937590 kernel: BIOS-e820: [mem 0x00000000e0000000-0x00000000e03fffff] reserved
May 29 20:31:28.937592 kernel: BIOS-e820: [mem 0x00000000fffc0000-0x00000000ffffffff] reserved
May 29 20:31:28.937594 kernel: BIOS-e820: [mem 0x0000000100000000-0x000000042b3fffff] usable
May 29 20:31:28.937596 kernel: BIOS-e820: [mem 0x000000042b400000-0x000000043fffffff] reserved
May 29 20:31:28.937602 kernel: BIOS-e820: [mem 0x0000000440100000-0x0000000442bfffff] reserved
May 29 20:31:28.937606 kernel: NX (Execute Disable) protection: active
May 29 20:31:28.937608 kernel: APIC: Static calls initialized
May 29 20:31:28.937614 kernel: SMBIOS 2.7 present.
May 29 20:31:28.937618 kernel: DMI: Amazon EC2 m8a.xlarge/, BIOS 1.0 10/16/2017
May 29 20:31:28.937621 kernel: Hypervisor detected: KVM
May 29 20:31:28.937625 kernel: kvm-clock: Using msrs 4b564d01 and 4b564d00
May 29 20:31:28.937631 kernel: kvm-clock: using sched offset of 30810798871 cycles
May 29 20:31:28.937636 kernel: clocksource: kvm-clock: mask: 0xffffffffffffffff max_cycles: 0x1cd42e4dffb, max_idle_ns: 881590591483 ns
May 29 20:31:28.937643 kernel: tsc: Detected 2599.996 MHz processor
May 29 20:31:28.937650 kernel: e820: update [mem 0x00000000-0x00000fff] usable ==> reserved
May 29 20:31:28.937655 kernel: e820: remove [mem 0x000a0000-0x000fffff] usable
May 29 20:31:28.937661 kernel: last_pfn = 0x42b400 max_arch_pfn = 0x400000000
May 29 20:31:28.937667 kernel: MTRR map: 4 entries (3 fixed + 1 variable; max 19), built from 8 variable MTRRs
May 29 20:31:28.937673 kernel: x86/PAT: Configuration [0-7]: WB  WC  UC- UC  WB  WP  UC- WT  
May 29 20:31:28.937678 kernel: last_pfn = 0xbffe8 max_arch_pfn = 0x400000000
May 29 20:31:28.937683 kernel: Using GB pages for direct mapping
May 29 20:31:28.937689 kernel: RAMDISK: [mem 0x2b47b000-0x31a35fff]
May 29 20:31:28.937694 kernel: ACPI: Early table checksum verification disabled
May 29 20:31:28.937701 kernel: ACPI: RSDP 0x00000000000F8F00 000014 (v00 AMAZON)
May 29 20:31:28.937705 kernel: ACPI: RSDT 0x00000000BFFECC40 000048 (v01 AMAZON AMZNRSDT 00000001 AMZN 00000001)
May 29 20:31:28.937711 kernel: ACPI: WAET 0x00000000BFFEFFC0 000028 (v01 AMAZON AMZNWAET 00000001 AMZN 00000001)
May 29 20:31:28.937716 kernel: ACPI: SLIT 0x00000000BFFEFF40 00006C (v01 AMAZON AMZNSLIT 00000001 AMZN 00000001)
May 29 20:31:28.937721 kernel: ACPI: APIC 0x00000000BFFEFE80 000086 (v01 AMAZON AMZNAPIC 00000001 AMZN 00000001)
May 29 20:31:28.937726 kernel: ACPI: SRAT 0x00000000BFFEFDC0 0000C0 (v01 AMAZON AMZNSRAT 00000001 AMZN 00000001)
May 29 20:31:28.937733 kernel: ACPI: FACP 0x00000000BFFEFC80 000114 (v01 AMAZON AMZNFACP 00000001 AMZN 00000001)
May 29 20:31:28.937738 kernel: ACPI: DSDT 0x00000000BFFEE5C0 00165D (v01 AMAZON AMZNDSDT 00000001 AMZN 00000001)
May 29 20:31:28.937746 kernel: ACPI: FACS 0x00000000000F8EC0 000040
May 29 20:31:28.937751 kernel: ACPI: HPET 0x00000000BFFEFC40 000038 (v01 AMAZON AMZNHPET 00000001 AMZN 00000001)
May 29 20:31:28.937757 kernel: ACPI: SSDT 0x00000000BFFECE40 001756 (v01 AMAZON AMZNSSDT 00000001 AMZN 00000001)
May 29 20:31:28.937762 kernel: ACPI: SSDT 0x00000000BFFECD40 0000D1 (v01 AMAZON AMZNSSDT 00000001 AMZN 00000001)
May 29 20:31:28.937769 kernel: ACPI: MCFG 0x00000000BFFECCC0 00004C (v01 AMAZON AMZNMCFG 00000001 AMZN 00000001)
May 29 20:31:28.937774 kernel: ACPI: Reserving WAET table memory at [mem 0xbffeffc0-0xbffeffe7]
May 29 20:31:28.937781 kernel: ACPI: Reserving SLIT table memory at [mem 0xbffeff40-0xbffeffab]
May 29 20:31:28.937785 kernel: ACPI: Reserving APIC table memory at [mem 0xbffefe80-0xbffeff05]
May 29 20:31:28.937790 kernel: ACPI: Reserving SRAT table memory at [mem 0xbffefdc0-0xbffefe7f]
May 29 20:31:28.937795 kernel: ACPI: Reserving FACP table memory at [mem 0xbffefc80-0xbffefd93]
May 29 20:31:28.937800 kernel: ACPI: Reserving DSDT table memory at [mem 0xbffee5c0-0xbffefc1c]
May 29 20:31:28.937805 kernel: ACPI: Reserving FACS table memory at [mem 0xf8ec0-0xf8eff]
May 29 20:31:28.937811 kernel: ACPI: Reserving HPET table memory at [mem 0xbffefc40-0xbffefc77]
May 29 20:31:28.937816 kernel: ACPI: Reserving SSDT table memory at [mem 0xbffece40-0xbffee595]
May 29 20:31:28.937821 kernel: ACPI: Reserving SSDT table memory at [mem 0xbffecd40-0xbffece10]
May 29 20:31:28.937826 kernel: ACPI: Reserving MCFG table memory at [mem 0xbffeccc0-0xbffecd0b]
May 29 20:31:28.937831 kernel: SRAT: PXM 0 -> APIC 0x00 -> Node 0
May 29 20:31:28.937836 kernel: SRAT: PXM 0 -> APIC 0x01 -> Node 0
May 29 20:31:28.937841 kernel: SRAT: PXM 0 -> APIC 0x02 -> Node 0
May 29 20:31:28.937846 kernel: SRAT: PXM 0 -> APIC 0x03 -> Node 0
May 29 20:31:28.937854 kernel: ACPI: SRAT: Node 0 PXM 0 [mem 0x00000000-0xbfffffff]
May 29 20:31:28.937859 kernel: ACPI: SRAT: Node 0 PXM 0 [mem 0x100000000-0x43fffffff]
May 29 20:31:28.937864 kernel: NUMA: Initialized distance table, cnt=1
May 29 20:31:28.937869 kernel: NUMA: Node 0 [mem 0x00000000-0xbfffffff] + [mem 0x100000000-0x42b3fffff] -> [mem 0x00000000-0x42b3fffff]
May 29 20:31:28.937874 kernel: NODE_DATA(0) allocated [mem 0x42b3d4000-0x42b3fefff]
May 29 20:31:28.937880 kernel: Zone ranges:
May 29 20:31:28.937885 kernel:   DMA      [mem 0x0000000000001000-0x0000000000ffffff]
May 29 20:31:28.937890 kernel:   DMA32    [mem 0x0000000001000000-0x00000000ffffffff]
May 29 20:31:28.937894 kernel:   Normal   [mem 0x0000000100000000-0x000000042b3fffff]
May 29 20:31:28.937897 kernel:   Device   empty
May 29 20:31:28.937902 kernel: Movable zone start for each node
May 29 20:31:28.937909 kernel: Early memory node ranges
May 29 20:31:28.937915 kernel:   node   0: [mem 0x0000000000001000-0x000000000009efff]
May 29 20:31:28.937920 kernel:   node   0: [mem 0x0000000000100000-0x00000000bffe7fff]
May 29 20:31:28.937925 kernel:   node   0: [mem 0x0000000100000000-0x000000042b3fffff]
May 29 20:31:28.937930 kernel: Initmem setup node 0 [mem 0x0000000000001000-0x000000042b3fffff]
May 29 20:31:28.937935 kernel: On node 0, zone DMA: 1 pages in unavailable ranges
May 29 20:31:28.937940 kernel: On node 0, zone DMA: 97 pages in unavailable ranges
May 29 20:31:28.937947 kernel: On node 0, zone Normal: 24 pages in unavailable ranges
May 29 20:31:28.937952 kernel: On node 0, zone Normal: 19456 pages in unavailable ranges
May 29 20:31:28.937957 kernel: ACPI: PM-Timer IO Port: 0xb008
May 29 20:31:28.937962 kernel: ACPI: LAPIC_NMI (acpi_id[0xff] dfl dfl lint[0x1])
May 29 20:31:28.937967 kernel: IOAPIC[0]: apic_id 0, version 32, address 0xfec00000, GSI 0-23
May 29 20:31:28.937974 kernel: ACPI: INT_SRC_OVR (bus 0 bus_irq 5 global_irq 5 high level)
May 29 20:31:28.937981 kernel: ACPI: INT_SRC_OVR (bus 0 bus_irq 9 global_irq 9 high level)
May 29 20:31:28.937986 kernel: ACPI: INT_SRC_OVR (bus 0 bus_irq 10 global_irq 10 high level)
May 29 20:31:28.937991 kernel: ACPI: INT_SRC_OVR (bus 0 bus_irq 11 global_irq 11 high level)
May 29 20:31:28.937995 kernel: ACPI: Using ACPI (MADT) for SMP configuration information
May 29 20:31:28.938000 kernel: ACPI: HPET id: 0x8086a201 base: 0xfed00000
May 29 20:31:28.938005 kernel: CPU topo: Max. logical packages:   1
May 29 20:31:28.938010 kernel: CPU topo: Max. logical dies:       1
May 29 20:31:28.938015 kernel: CPU topo: Max. dies per package:   1
May 29 20:31:28.938020 kernel: CPU topo: Max. threads per core:   1
May 29 20:31:28.938025 kernel: CPU topo: Num. cores per package:     4
May 29 20:31:28.938030 kernel: CPU topo: Num. threads per package:   4
May 29 20:31:28.938035 kernel: CPU topo: Allowing 4 present CPUs plus 0 hotplug CPUs
May 29 20:31:28.938041 kernel: kvm-guest: APIC: eoi() replaced with kvm_guest_apic_eoi_write()
May 29 20:31:28.938047 kernel: PM: hibernation: Registered nosave memory: [mem 0x00000000-0x00000fff]
May 29 20:31:28.938058 kernel: PM: hibernation: Registered nosave memory: [mem 0x0009f000-0x0009ffff]
May 29 20:31:28.938062 kernel: PM: hibernation: Registered nosave memory: [mem 0x000a0000-0x000effff]
May 29 20:31:28.938067 kernel: PM: hibernation: Registered nosave memory: [mem 0x000f0000-0x000fffff]
May 29 20:31:28.938072 kernel: PM: hibernation: Registered nosave memory: [mem 0xbffe8000-0xbfffffff]
May 29 20:31:28.938077 kernel: PM: hibernation: Registered nosave memory: [mem 0xc0000000-0xdfffffff]
May 29 20:31:28.938082 kernel: PM: hibernation: Registered nosave memory: [mem 0xe0000000-0xe03fffff]
May 29 20:31:28.938088 kernel: PM: hibernation: Registered nosave memory: [mem 0xe0400000-0xfffbffff]
May 29 20:31:28.938094 kernel: PM: hibernation: Registered nosave memory: [mem 0xfffc0000-0xffffffff]
May 29 20:31:28.938097 kernel: [mem 0xc0000000-0xdfffffff] available for PCI devices
May 29 20:31:28.938102 kernel: Booting paravirtualized kernel on KVM
May 29 20:31:28.938109 kernel: clocksource: refined-jiffies: mask: 0xffffffff max_cycles: 0xffffffff, max_idle_ns: 1910969940391419 ns
May 29 20:31:28.938114 kernel: setup_percpu: NR_CPUS:8192 nr_cpumask_bits:4 nr_cpu_ids:4 nr_node_ids:1
May 29 20:31:28.938120 kernel: percpu: Embedded 64 pages/cpu s225280 r8192 d28672 u524288
May 29 20:31:28.938126 kernel: pcpu-alloc: s225280 r8192 d28672 u524288 alloc=1*2097152
May 29 20:31:28.938130 kernel: pcpu-alloc: [0] 0 1 2 3 
May 29 20:31:28.938132 kernel: kvm-guest: PV spinlocks enabled
May 29 20:31:28.938135 kernel: PV qspinlock hash table entries: 256 (order: 0, 4096 bytes, linear)
May 29 20:31:28.938137 kernel: Kernel command line: BOOT_IMAGE=(hd0,gpt3)/boot/ostree/rhcos-617b0e78715ed36bc2244f65434be3f79c4e5cc41b856cce9de411575dfca7bd/vmlinuz-5.14.0-570.55.1.el9_6.x86_64 rw ignition.firstboot ostree=/ostree/boot.1/rhcos/617b0e78715ed36bc2244f65434be3f79c4e5cc41b856cce9de411575dfca7bd/0 ignition.platform.id=aws console=tty0 console=ttyS0,115200n8
May 29 20:31:28.938140 kernel: Unknown kernel command line parameters "BOOT_IMAGE=(hd0,gpt3)/boot/ostree/rhcos-617b0e78715ed36bc2244f65434be3f79c4e5cc41b856cce9de411575dfca7bd/vmlinuz-5.14.0-570.55.1.el9_6.x86_64 ostree=/ostree/boot.1/rhcos/617b0e78715ed36bc2244f65434be3f79c4e5cc41b856cce9de411575dfca7bd/0", will be passed to user space.
May 29 20:31:28.938143 kernel: random: crng init done
May 29 20:31:28.938147 kernel: Dentry cache hash table entries: 2097152 (order: 12, 16777216 bytes, linear)
May 29 20:31:28.938150 kernel: Inode-cache hash table entries: 1048576 (order: 11, 8388608 bytes, linear)
May 29 20:31:28.938152 kernel: Fallback order for Node 0: 0 
May 29 20:31:28.938154 kernel: Built 1 zonelists, mobility grouping on.  Total pages: 4044824
May 29 20:31:28.938157 kernel: Policy zone: Normal
May 29 20:31:28.938159 kernel: mem auto-init: stack:off, heap alloc:off, heap free:off
May 29 20:31:28.938162 kernel: software IO TLB: area num 4.
May 29 20:31:28.938164 kernel: Memory: 3105712K/16436760K available (16384K kernel code, 5766K rwdata, 13628K rodata, 4044K init, 7384K bss, 510692K reserved, 0K cma-reserved)
May 29 20:31:28.938166 kernel: SLUB: HWalign=64, Order=0-3, MinObjects=0, CPUs=4, Nodes=1
May 29 20:31:28.938169 kernel: ftrace: allocating 49069 entries in 192 pages
May 29 20:31:28.938171 kernel: ftrace: allocated 192 pages with 2 groups
May 29 20:31:28.938173 kernel: Dynamic Preempt: voluntary
May 29 20:31:28.938176 kernel: rcu: Preemptible hierarchical RCU implementation.
May 29 20:31:28.938179 kernel: rcu:         RCU event tracing is enabled.
May 29 20:31:28.938181 kernel: rcu:         RCU restricting CPUs from NR_CPUS=8192 to nr_cpu_ids=4.
May 29 20:31:28.938184 kernel:         Trampoline variant of Tasks RCU enabled.
May 29 20:31:28.938186 kernel:         Rude variant of Tasks RCU enabled.
May 29 20:31:28.938188 kernel:         Tracing variant of Tasks RCU enabled.
May 29 20:31:28.938191 kernel: rcu: RCU calculated value of scheduler-enlistment delay is 100 jiffies.
May 29 20:31:28.938193 kernel: rcu: Adjusting geometry for rcu_fanout_leaf=16, nr_cpu_ids=4
May 29 20:31:28.938195 kernel: RCU Tasks: Setting shift to 2 and lim to 1 rcu_task_cb_adjust=1.
May 29 20:31:28.938197 kernel: RCU Tasks Rude: Setting shift to 2 and lim to 1 rcu_task_cb_adjust=1.
May 29 20:31:28.938200 kernel: RCU Tasks Trace: Setting shift to 2 and lim to 1 rcu_task_cb_adjust=1.
May 29 20:31:28.938202 kernel: NR_IRQS: 524544, nr_irqs: 456, preallocated irqs: 16
May 29 20:31:28.938204 kernel: rcu: srcu_init: Setting srcu_struct sizes based on contention.
May 29 20:31:28.938207 kernel: kfence: initialized - using 2097152 bytes for 255 objects at 0x(____ptrval____)-0x(____ptrval____)
May 29 20:31:28.938210 kernel: Console: colour VGA+ 80x25
May 29 20:31:28.938212 kernel: printk: legacy console [tty0] enabled
May 29 20:31:28.938214 kernel: printk: console [ttyS0] enabled
May 29 20:31:28.938216 kernel: ACPI: Core revision 20230331
May 29 20:31:28.938219 kernel: clocksource: hpet: mask: 0xffffffff max_cycles: 0xffffffff, max_idle_ns: 30580167144 ns
May 29 20:31:28.938221 kernel: APIC: Switch to symmetric I/O mode setup
May 29 20:31:28.938223 kernel: x2apic enabled
May 29 20:31:28.938225 kernel: APIC: Switched APIC routing to: physical x2apic
May 29 20:31:28.938228 kernel: kvm-guest: APIC: send_IPI_mask() replaced with kvm_send_ipi_mask()
May 29 20:31:28.938230 kernel: kvm-guest: APIC: send_IPI_mask_allbutself() replaced with kvm_send_ipi_mask_allbutself()
May 29 20:31:28.938232 kernel: kvm-guest: setup PV IPIs
May 29 20:31:28.938235 kernel: ..TIMER: vector=0x30 apic1=0 pin1=0 apic2=-1 pin2=-1
May 29 20:31:28.938238 kernel: clocksource: tsc-early: mask: 0xffffffffffffffff max_cycles: 0x257a386c905, max_idle_ns: 440795250529 ns
May 29 20:31:28.938240 kernel: Calibrating delay loop (skipped) preset value.. 5199.99 BogoMIPS (lpj=2599996)
May 29 20:31:28.938242 kernel: process: using mwait in idle threads
May 29 20:31:28.938244 kernel: Last level iTLB entries: 4KB 64, 2MB 64, 4MB 32
May 29 20:31:28.938247 kernel: Last level dTLB entries: 4KB 128, 2MB 128, 4MB 64, 1GB 0
May 29 20:31:28.938249 kernel: Spectre V1 : Mitigation: usercopy/swapgs barriers and __user pointer sanitization
May 29 20:31:28.938251 kernel: Spectre V2 : Mitigation: Enhanced / Automatic IBRS
May 29 20:31:28.938254 kernel: Spectre V2 : Spectre v2 / SpectreRSB mitigation: Filling RSB on context switch
May 29 20:31:28.938256 kernel: Spectre V2 : mitigation: Enabling conditional Indirect Branch Prediction Barrier
May 29 20:31:28.938258 kernel: Speculative Store Bypass: Mitigation: Speculative Store Bypass disabled via prctl
May 29 20:31:28.938261 kernel: x86/fpu: Supporting XSAVE feature 0x001: 'x87 floating point registers'
May 29 20:31:28.938263 kernel: x86/fpu: Supporting XSAVE feature 0x002: 'SSE registers'
May 29 20:31:28.938266 kernel: x86/fpu: Supporting XSAVE feature 0x004: 'AVX registers'
May 29 20:31:28.938268 kernel: x86/fpu: Supporting XSAVE feature 0x020: 'AVX-512 opmask'
May 29 20:31:28.938270 kernel: x86/fpu: Supporting XSAVE feature 0x040: 'AVX-512 Hi256'
May 29 20:31:28.938273 kernel: x86/fpu: Supporting XSAVE feature 0x080: 'AVX-512 ZMM_Hi256'
May 29 20:31:28.938275 kernel: x86/fpu: Supporting XSAVE feature 0x200: 'Protection Keys User registers'
May 29 20:31:28.938277 kernel: x86/fpu: xstate_offset[2]:  576, xstate_sizes[2]:  256
May 29 20:31:28.938280 kernel: x86/fpu: xstate_offset[5]:  832, xstate_sizes[5]:   64
May 29 20:31:28.938282 kernel: x86/fpu: xstate_offset[6]:  896, xstate_sizes[6]:  512
May 29 20:31:28.938284 kernel: x86/fpu: xstate_offset[7]: 1408, xstate_sizes[7]: 1024
May 29 20:31:28.938287 kernel: x86/fpu: xstate_offset[9]: 2432, xstate_sizes[9]:    8
May 29 20:31:28.938289 kernel: x86/fpu: Enabled xstate features 0x2e7, context size is 2440 bytes, using 'compacted' format.
May 29 20:31:28.938292 kernel: Freeing SMP alternatives memory: 40K
May 29 20:31:28.938294 kernel: pid_max: default: 32768 minimum: 301
May 29 20:31:28.938296 kernel: LSM: initializing lsm=lockdown,capability,landlock,yama,integrity,selinux,bpf
May 29 20:31:28.938299 kernel: landlock: Up and running.
May 29 20:31:28.938301 kernel: Yama: becoming mindful.
May 29 20:31:28.938303 kernel: SELinux:  Initializing.
May 29 20:31:28.938305 kernel: LSM support for eBPF active
May 29 20:31:28.938308 kernel: Mount-cache hash table entries: 32768 (order: 6, 262144 bytes, linear)
May 29 20:31:28.938310 kernel: Mountpoint-cache hash table entries: 32768 (order: 6, 262144 bytes, linear)
May 29 20:31:28.938312 kernel: smpboot: CPU0: AMD EPYC 9R45 (family: 0x1a, model: 0x2, stepping: 0x1)
May 29 20:31:28.938316 kernel: Performance Events: Fam17h+ core perfctr, AMD PMU driver.
May 29 20:31:28.938318 kernel: ... version:                2
May 29 20:31:28.938320 kernel: ... bit width:              48
May 29 20:31:28.938323 kernel: ... generic registers:      5
May 29 20:31:28.938325 kernel: ... value mask:             0000ffffffffffff
May 29 20:31:28.938327 kernel: ... max period:             00007fffffffffff
May 29 20:31:28.938329 kernel: ... fixed-purpose events:   0
May 29 20:31:28.938332 kernel: ... event mask:             000000000000001f
May 29 20:31:28.938334 kernel: signal: max sigframe size: 3376
May 29 20:31:28.938336 kernel: rcu: Hierarchical SRCU implementation.
May 29 20:31:28.938339 kernel: rcu:         Max phase no-delay instances is 400.
May 29 20:31:28.938341 kernel: smp: Bringing up secondary CPUs ...
May 29 20:31:28.938344 kernel: smpboot: x86: Booting SMP configuration:
May 29 20:31:28.938346 kernel: .... node  #0, CPUs:      #1 #2 #3
May 29 20:31:28.938348 kernel: smp: Brought up 1 node, 4 CPUs
May 29 20:31:28.938351 kernel: smpboot: Total of 4 processors activated (20799.96 BogoMIPS)
May 29 20:31:28.938353 kernel: node 0 deferred pages initialised in 7ms
May 29 20:31:28.938355 kernel: devtmpfs: initialized
May 29 20:31:28.938357 kernel: x86/mm: Memory block size: 128MB
May 29 20:31:28.938360 kernel: clocksource: jiffies: mask: 0xffffffff max_cycles: 0xffffffff, max_idle_ns: 1911260446275000 ns
May 29 20:31:28.938362 kernel: futex hash table entries: 1024 (order: 4, 65536 bytes, linear)
May 29 20:31:28.938364 kernel: pinctrl core: initialized pinctrl subsystem
May 29 20:31:28.938367 kernel: NET: Registered PF_NETLINK/PF_ROUTE protocol family
May 29 20:31:28.938369 kernel: DMA: preallocated 2048 KiB GFP_KERNEL pool for atomic allocations
May 29 20:31:28.938372 kernel: DMA: preallocated 2048 KiB GFP_KERNEL|GFP_DMA pool for atomic allocations
May 29 20:31:28.938374 kernel: DMA: preallocated 2048 KiB GFP_KERNEL|GFP_DMA32 pool for atomic allocations
May 29 20:31:28.938377 kernel: audit: initializing netlink subsys (disabled)
May 29 20:31:28.938379 kernel: audit: type=2000 audit(1780086686.784:1): state=initialized audit_enabled=0 res=1
May 29 20:31:28.938381 kernel: thermal_sys: Registered thermal governor 'fair_share'
May 29 20:31:28.938383 kernel: thermal_sys: Registered thermal governor 'step_wise'
May 29 20:31:28.938404 kernel: thermal_sys: Registered thermal governor 'user_space'
May 29 20:31:28.938407 kernel: cpuidle: using governor menu
May 29 20:31:28.938409 kernel: acpiphp: ACPI Hot Plug PCI Controller Driver version: 0.5
May 29 20:31:28.938411 kernel: PCI: ECAM [mem 0x440100000-0x4423fffff] (base 0x440000000) for domain 0000 [bus 01-23]
May 29 20:31:28.938414 kernel: PCI: ECAM [mem 0x442400000-0x442bfffff] (base 0x440000000) for domain 0000 [bus 24-2b]
May 29 20:31:28.938417 kernel: PCI: Using configuration type 1 for base access
May 29 20:31:28.938419 kernel: kprobes: kprobe jump-optimization is enabled. All kprobes are optimized if possible.
May 29 20:31:28.938421 kernel: HugeTLB: registered 1.00 GiB page size, pre-allocated 0 pages
May 29 20:31:28.938424 kernel: HugeTLB: 16380 KiB vmemmap can be freed for a 1.00 GiB page
May 29 20:31:28.938426 kernel: HugeTLB: registered 2.00 MiB page size, pre-allocated 0 pages
May 29 20:31:28.938428 kernel: HugeTLB: 28 KiB vmemmap can be freed for a 2.00 MiB page
May 29 20:31:28.938431 kernel: Demotion targets for Node 0: null
May 29 20:31:28.938433 kernel: cryptd: max_cpu_qlen set to 1000
May 29 20:31:28.938435 kernel: ACPI: Added _OSI(Module Device)
May 29 20:31:28.938437 kernel: ACPI: Added _OSI(Processor Device)
May 29 20:31:28.938440 kernel: ACPI: Added _OSI(3.0 _SCP Extensions)
May 29 20:31:28.938442 kernel: ACPI: Added _OSI(Processor Aggregator Device)
May 29 20:31:28.938445 kernel: ACPI: 3 ACPI AML tables successfully acquired and loaded
May 29 20:31:28.938447 kernel: ACPI: _OSC evaluation for CPUs failed, trying _PDC
May 29 20:31:28.938450 kernel: ACPI: Interpreter enabled
May 29 20:31:28.938452 kernel: ACPI: PM: (supports S0 S4 S5)
May 29 20:31:28.938454 kernel: ACPI: Using IOAPIC for interrupt routing
May 29 20:31:28.938456 kernel: PCI: Using host bridge windows from ACPI; if necessary, use "pci=nocrs" and report a bug
May 29 20:31:28.938459 kernel: PCI: Using E820 reservations for host bridge windows
May 29 20:31:28.938461 kernel: ACPI: Enabled 2 GPEs in block 00 to 0F
May 29 20:31:28.938463 kernel: ACPI: PCI Root Bridge [PCI0] (domain 0000 [bus 00])
May 29 20:31:28.938531 kernel: acpi PNP0A03:00: _OSC: OS supports [ExtendedConfig ASPM ClockPM Segments MSI EDR HPX-Type3]
May 29 20:31:28.938561 kernel: acpi PNP0A03:00: fail to add MMCONFIG information, can't access extended configuration space under this bridge
May 29 20:31:28.938564 kernel: acpiphp: Slot [3] registered
May 29 20:31:28.938566 kernel: acpiphp: Slot [4] registered
May 29 20:31:28.938569 kernel: acpiphp: Slot [5] registered
May 29 20:31:28.938571 kernel: acpiphp: Slot [6] registered
May 29 20:31:28.938573 kernel: acpiphp: Slot [7] registered
May 29 20:31:28.938575 kernel: acpiphp: Slot [8] registered
May 29 20:31:28.938578 kernel: acpiphp: Slot [9] registered
May 29 20:31:28.938580 kernel: acpiphp: Slot [10] registered
May 29 20:31:28.938582 kernel: acpiphp: Slot [11] registered
May 29 20:31:28.938585 kernel: acpiphp: Slot [12] registered
May 29 20:31:28.938587 kernel: acpiphp: Slot [13] registered
May 29 20:31:28.938590 kernel: acpiphp: Slot [14] registered
May 29 20:31:28.938592 kernel: acpiphp: Slot [15] registered
May 29 20:31:28.938594 kernel: acpiphp: Slot [16] registered
May 29 20:31:28.938597 kernel: acpiphp: Slot [17] registered
May 29 20:31:28.938599 kernel: acpiphp: Slot [18] registered
May 29 20:31:28.938601 kernel: acpiphp: Slot [19] registered
May 29 20:31:28.938603 kernel: acpiphp: Slot [20] registered
May 29 20:31:28.938605 kernel: acpiphp: Slot [21] registered
May 29 20:31:28.938608 kernel: acpiphp: Slot [22] registered
May 29 20:31:28.938610 kernel: acpiphp: Slot [23] registered
May 29 20:31:28.938612 kernel: acpiphp: Slot [24] registered
May 29 20:31:28.938614 kernel: acpiphp: Slot [25] registered
May 29 20:31:28.938617 kernel: acpiphp: Slot [26] registered
May 29 20:31:28.938619 kernel: acpiphp: Slot [27] registered
May 29 20:31:28.938621 kernel: acpiphp: Slot [28] registered
May 29 20:31:28.938624 kernel: acpiphp: Slot [29] registered
May 29 20:31:28.938626 kernel: acpiphp: Slot [30] registered
May 29 20:31:28.938628 kernel: acpiphp: Slot [31] registered
May 29 20:31:28.938631 kernel: PCI host bridge to bus 0000:00
May 29 20:31:28.938665 kernel: pci_bus 0000:00: root bus resource [io  0x0000-0x0cf7 window]
May 29 20:31:28.938690 kernel: pci_bus 0000:00: root bus resource [io  0x0d00-0xffff window]
May 29 20:31:28.938713 kernel: pci_bus 0000:00: root bus resource [mem 0x000a0000-0x000bffff window]
May 29 20:31:28.938736 kernel: pci_bus 0000:00: root bus resource [mem 0xc0000000-0xc3ffffff window]
May 29 20:31:28.938759 kernel: pci_bus 0000:00: root bus resource [mem 0x480000000-0x481ffffff window]
May 29 20:31:28.938781 kernel: pci_bus 0000:00: root bus resource [bus 00]
May 29 20:31:28.938820 kernel: pci 0000:00:00.0: [8086:1237] type 00 class 0x060000 conventional PCI endpoint
May 29 20:31:28.938855 kernel: pci 0000:00:01.0: [8086:7000] type 00 class 0x060100 conventional PCI endpoint
May 29 20:31:28.938887 kernel: pci 0000:00:01.3: [8086:7113] type 00 class 0x000000 conventional PCI endpoint
May 29 20:31:28.938913 kernel: pci 0000:00:01.3: quirk: [io  0xb000-0xb03f] claimed by PIIX4 ACPI
May 29 20:31:28.938939 kernel: pci 0000:00:01.3: quirk: [io  0xb100-0xb10f] claimed by PIIX4 SMB
May 29 20:31:28.938963 kernel: pci 0000:00:01.3: PIIX4 devres E PIO at fff0-ffff
May 29 20:31:28.938988 kernel: pci 0000:00:01.3: PIIX4 devres F MMIO at ffc00000-ffffffff
May 29 20:31:28.939013 kernel: pci 0000:00:01.3: PIIX4 devres G PIO at fff0-ffff
May 29 20:31:28.939038 kernel: pci 0000:00:01.3: PIIX4 devres H MMIO at ffc00000-ffffffff
May 29 20:31:28.939062 kernel: pci 0000:00:01.3: PIIX4 devres I PIO at fff0-ffff
May 29 20:31:28.939087 kernel: pci 0000:00:01.3: PIIX4 devres J PIO at fff0-ffff
May 29 20:31:28.939111 kernel: pci 0000:00:01.3: quirk_piix4_acpi+0x0/0x170 took 13671 usecs
May 29 20:31:28.939140 kernel: pci 0000:00:03.0: [1d0f:1111] type 00 class 0x030000 conventional PCI endpoint
May 29 20:31:28.939165 kernel: pci 0000:00:03.0: BAR 0 [mem 0xc2000000-0xc23fffff pref]
May 29 20:31:28.939189 kernel: pci 0000:00:03.0: ROM [mem 0xc0000000-0xc000ffff pref]
May 29 20:31:28.939215 kernel: pci 0000:00:03.0: Video device with shadowed ROM at [mem 0x000c0000-0x000dffff]
May 29 20:31:28.939244 kernel: pci 0000:00:04.0: [1d0f:8061] type 00 class 0x010802 PCIe Endpoint
May 29 20:31:28.939269 kernel: pci 0000:00:04.0: BAR 0 [mem 0xc0010000-0xc0013fff]
May 29 20:31:28.939294 kernel: pci 0000:00:04.0: enabling Extended Tags
May 29 20:31:28.939316 kernel: pci_bus 0000:00: on NUMA node 0
May 29 20:31:28.939319 kernel: ACPI: PCI Root Bridge [PC01] (domain 0000 [bus 01-23])
May 29 20:31:28.939351 kernel: acpi PNP0A08:00: _OSC: OS supports [ExtendedConfig ASPM ClockPM Segments MSI EDR HPX-Type3]
May 29 20:31:28.939376 kernel: acpi PNP0A08:00: _OSC: platform does not support [SHPCHotplug AER LTR DPC]
May 29 20:31:28.939408 kernel: acpi PNP0A08:00: _OSC: OS now controls [PCIeHotplug PME PCIeCapability]
May 29 20:31:28.939411 kernel: acpiphp: Slot [32] registered
May 29 20:31:28.939414 kernel: acpiphp: Slot [33] registered
May 29 20:31:28.939416 kernel: acpiphp: Slot [34] registered
May 29 20:31:28.939419 kernel: acpiphp: Slot [35] registered
May 29 20:31:28.939421 kernel: acpiphp: Slot [36] registered
May 29 20:31:28.939423 kernel: acpiphp: Slot [37] registered
May 29 20:31:28.939426 kernel: acpiphp: Slot [38] registered
May 29 20:31:28.939428 kernel: acpiphp: Slot [39] registered
May 29 20:31:28.939430 kernel: acpiphp: Slot [40] registered
May 29 20:31:28.939432 kernel: acpiphp: Slot [41] registered
May 29 20:31:28.939435 kernel: acpiphp: Slot [42] registered
May 29 20:31:28.939437 kernel: acpiphp: Slot [43] registered
May 29 20:31:28.939439 kernel: acpiphp: Slot [44] registered
May 29 20:31:28.939442 kernel: acpiphp: Slot [45] registered
May 29 20:31:28.939444 kernel: acpiphp: Slot [46] registered
May 29 20:31:28.939447 kernel: acpiphp: Slot [47] registered
May 29 20:31:28.939449 kernel: acpiphp: Slot [48] registered
May 29 20:31:28.939451 kernel: acpiphp: Slot [49] registered
May 29 20:31:28.939453 kernel: acpiphp: Slot [50] registered
May 29 20:31:28.939456 kernel: acpiphp: Slot [51] registered
May 29 20:31:28.939458 kernel: acpiphp: Slot [52] registered
May 29 20:31:28.939460 kernel: acpiphp: Slot [53] registered
May 29 20:31:28.939462 kernel: acpiphp: Slot [54] registered
May 29 20:31:28.939465 kernel: acpiphp: Slot [55] registered
May 29 20:31:28.939467 kernel: acpiphp: Slot [56] registered
May 29 20:31:28.939469 kernel: acpiphp: Slot [57] registered
May 29 20:31:28.939472 kernel: acpiphp: Slot [58] registered
May 29 20:31:28.939475 kernel: acpiphp: Slot [59] registered
May 29 20:31:28.939477 kernel: acpiphp: Slot [60] registered
May 29 20:31:28.939479 kernel: acpiphp: Slot [61] registered
May 29 20:31:28.939481 kernel: acpiphp: Slot [62] registered
May 29 20:31:28.939484 kernel: acpiphp: Slot [63] registered
May 29 20:31:28.939486 kernel: PCI host bridge to bus 0000:01
May 29 20:31:28.939514 kernel: pci_bus 0000:01: root bus resource [mem 0xc4000000-0xc82fffff window]
May 29 20:31:28.939537 kernel: pci_bus 0000:01: root bus resource [mem 0x482000000-0x4a1ffffff window]
May 29 20:31:28.939560 kernel: pci_bus 0000:01: root bus resource [bus 01-23]
May 29 20:31:28.939595 kernel: pci 0000:01:00.0: [1d0f:0200] type 01 class 0x060400 PCIe Root Port
May 29 20:31:28.939623 kernel: pci 0000:01:00.0: BAR 0 [mem 0xc4000000-0xc40003ff]
May 29 20:31:28.939647 kernel: pci 0000:01:00.0: PCI bridge to [bus 02-23]
May 29 20:31:28.939671 kernel: pci 0000:01:00.0:   bridge window [mem 0xc4100000-0xc82fffff]
May 29 20:31:28.939696 kernel: pci 0000:01:00.0:   bridge window [mem 0x482000000-0x4a1ffffff 64bit pref]
May 29 20:31:28.939729 kernel: pci 0000:02:00.0: [1d0f:0200] type 01 class 0x060400 PCIe Switch Upstream Port
May 29 20:31:28.939756 kernel: pci 0000:02:00.0: BAR 0 [mem 0xc4100000-0xc41003ff]
May 29 20:31:28.939783 kernel: pci 0000:02:00.0: PCI bridge to [bus 03-23]
May 29 20:31:28.939811 kernel: pci 0000:02:00.0:   bridge window [mem 0xc4200000-0xc82fffff]
May 29 20:31:28.939847 kernel: pci 0000:02:00.0:   bridge window [mem 0x482000000-0x4a1ffffff 64bit pref]
May 29 20:31:28.939873 kernel: pci 0000:01:00.0: PCI bridge to [bus 02-23]
May 29 20:31:28.939906 kernel: pci 0000:03:00.0: [1d0f:0200] type 01 class 0x060400 PCIe Switch Downstream Port
May 29 20:31:28.939935 kernel: pci 0000:03:00.0: BAR 0 [mem 0xc4200000-0xc42003ff]
May 29 20:31:28.939963 kernel: pci 0000:03:00.0: PCI bridge to [bus 04]
May 29 20:31:28.939990 kernel: pci 0000:03:00.0:   bridge window [mem 0xc4300000-0xc44fffff]
May 29 20:31:28.940018 kernel: pci 0000:03:00.0:   bridge window [mem 0x482000000-0x482ffffff 64bit pref]
May 29 20:31:28.940051 kernel: pci 0000:03:00.1: [1d0f:0200] type 01 class 0x060400 PCIe Switch Downstream Port
May 29 20:31:28.940079 kernel: pci 0000:03:00.1: BAR 0 [mem 0xc4200400-0xc42007ff]
May 29 20:31:28.940106 kernel: pci 0000:03:00.1: PCI bridge to [bus 05]
May 29 20:31:28.940133 kernel: pci 0000:03:00.1:   bridge window [mem 0xc4500000-0xc46fffff]
May 29 20:31:28.940161 kernel: pci 0000:03:00.1:   bridge window [mem 0x483000000-0x483ffffff 64bit pref]
May 29 20:31:28.940194 kernel: pci 0000:03:00.2: [1d0f:0200] type 01 class 0x060400 PCIe Switch Downstream Port
May 29 20:31:28.940221 kernel: pci 0000:03:00.2: BAR 0 [mem 0xc4200800-0xc4200bff]
May 29 20:31:28.940249 kernel: pci 0000:03:00.2: PCI bridge to [bus 06]
May 29 20:31:28.940276 kernel: pci 0000:03:00.2:   bridge window [mem 0xc4700000-0xc48fffff]
May 29 20:31:28.940303 kernel: pci 0000:03:00.2:   bridge window [mem 0x484000000-0x484ffffff 64bit pref]
May 29 20:31:28.940337 kernel: pci 0000:03:00.3: [1d0f:0200] type 01 class 0x060400 PCIe Switch Downstream Port
May 29 20:31:28.940364 kernel: pci 0000:03:00.3: BAR 0 [mem 0xc4200c00-0xc4200fff]
May 29 20:31:28.940478 kernel: pci 0000:03:00.3: PCI bridge to [bus 07]
May 29 20:31:28.940505 kernel: pci 0000:03:00.3:   bridge window [mem 0xc4900000-0xc4afffff]
May 29 20:31:28.940532 kernel: pci 0000:03:00.3:   bridge window [mem 0x485000000-0x485ffffff 64bit pref]
May 29 20:31:28.940566 kernel: pci 0000:03:00.4: [1d0f:0200] type 01 class 0x060400 PCIe Switch Downstream Port
May 29 20:31:28.940593 kernel: pci 0000:03:00.4: BAR 0 [mem 0xc4201000-0xc42013ff]
May 29 20:31:28.940619 kernel: pci 0000:03:00.4: PCI bridge to [bus 08]
May 29 20:31:28.940646 kernel: pci 0000:03:00.4:   bridge window [mem 0xc4b00000-0xc4cfffff]
May 29 20:31:28.940672 kernel: pci 0000:03:00.4:   bridge window [mem 0x486000000-0x486ffffff 64bit pref]
May 29 20:31:28.940704 kernel: pci 0000:03:00.5: [1d0f:0200] type 01 class 0x060400 PCIe Switch Downstream Port
May 29 20:31:28.940732 kernel: pci 0000:03:00.5: BAR 0 [mem 0xc4201400-0xc42017ff]
May 29 20:31:28.940759 kernel: pci 0000:03:00.5: PCI bridge to [bus 09]
May 29 20:31:28.940786 kernel: pci 0000:03:00.5:   bridge window [mem 0xc4d00000-0xc4efffff]
May 29 20:31:28.940813 kernel: pci 0000:03:00.5:   bridge window [mem 0x487000000-0x487ffffff 64bit pref]
May 29 20:31:28.940845 kernel: pci 0000:03:00.6: [1d0f:0200] type 01 class 0x060400 PCIe Switch Downstream Port
May 29 20:31:28.940872 kernel: pci 0000:03:00.6: BAR 0 [mem 0xc4201800-0xc4201bff]
May 29 20:31:28.940899 kernel: pci 0000:03:00.6: PCI bridge to [bus 0a]
May 29 20:31:28.940927 kernel: pci 0000:03:00.6:   bridge window [mem 0xc4f00000-0xc50fffff]
May 29 20:31:28.940954 kernel: pci 0000:03:00.6:   bridge window [mem 0x488000000-0x488ffffff 64bit pref]
May 29 20:31:28.940987 kernel: pci 0000:03:00.7: [1d0f:0200] type 01 class 0x060400 PCIe Switch Downstream Port
May 29 20:31:28.941014 kernel: pci 0000:03:00.7: BAR 0 [mem 0xc4201c00-0xc4201fff]
May 29 20:31:28.941042 kernel: pci 0000:03:00.7: PCI bridge to [bus 0b]
May 29 20:31:28.941069 kernel: pci 0000:03:00.7:   bridge window [mem 0xc5100000-0xc52fffff]
May 29 20:31:28.941097 kernel: pci 0000:03:00.7:   bridge window [mem 0x489000000-0x489ffffff 64bit pref]
May 29 20:31:28.941129 kernel: pci 0000:03:01.0: [1d0f:0200] type 01 class 0x060400 PCIe Switch Downstream Port
May 29 20:31:28.941157 kernel: pci 0000:03:01.0: BAR 0 [mem 0xc4202000-0xc42023ff]
May 29 20:31:28.941184 kernel: pci 0000:03:01.0: PCI bridge to [bus 0c]
May 29 20:31:28.941212 kernel: pci 0000:03:01.0:   bridge window [mem 0xc5300000-0xc54fffff]
May 29 20:31:28.941239 kernel: pci 0000:03:01.0:   bridge window [mem 0x48a000000-0x48affffff 64bit pref]
May 29 20:31:28.941271 kernel: pci 0000:03:01.1: [1d0f:0200] type 01 class 0x060400 PCIe Switch Downstream Port
May 29 20:31:28.941299 kernel: pci 0000:03:01.1: BAR 0 [mem 0xc4202400-0xc42027ff]
May 29 20:31:28.941325 kernel: pci 0000:03:01.1: PCI bridge to [bus 0d]
May 29 20:31:28.941353 kernel: pci 0000:03:01.1:   bridge window [mem 0xc5500000-0xc56fffff]
May 29 20:31:28.941380 kernel: pci 0000:03:01.1:   bridge window [mem 0x48b000000-0x48bffffff 64bit pref]
May 29 20:31:28.941421 kernel: pci 0000:03:01.2: [1d0f:0200] type 01 class 0x060400 PCIe Switch Downstream Port
May 29 20:31:28.941448 kernel: pci 0000:03:01.2: BAR 0 [mem 0xc4202800-0xc4202bff]
May 29 20:31:28.941475 kernel: pci 0000:03:01.2: PCI bridge to [bus 0e]
May 29 20:31:28.941503 kernel: pci 0000:03:01.2:   bridge window [mem 0xc5700000-0xc58fffff]
May 29 20:31:28.941530 kernel: pci 0000:03:01.2:   bridge window [mem 0x48c000000-0x48cffffff 64bit pref]
May 29 20:31:28.941562 kernel: pci 0000:03:01.3: [1d0f:0200] type 01 class 0x060400 PCIe Switch Downstream Port
May 29 20:31:28.941590 kernel: pci 0000:03:01.3: BAR 0 [mem 0xc4202c00-0xc4202fff]
May 29 20:31:28.941617 kernel: pci 0000:03:01.3: PCI bridge to [bus 0f]
May 29 20:31:28.941644 kernel: pci 0000:03:01.3:   bridge window [mem 0xc5900000-0xc5afffff]
May 29 20:31:28.941671 kernel: pci 0000:03:01.3:   bridge window [mem 0x48d000000-0x48dffffff 64bit pref]
May 29 20:31:28.941704 kernel: pci 0000:03:01.4: [1d0f:0200] type 01 class 0x060400 PCIe Switch Downstream Port
May 29 20:31:28.941747 kernel: pci 0000:03:01.4: BAR 0 [mem 0xc4203000-0xc42033ff]
May 29 20:31:28.941776 kernel: pci 0000:03:01.4: PCI bridge to [bus 10]
May 29 20:31:28.941803 kernel: pci 0000:03:01.4:   bridge window [mem 0xc5b00000-0xc5cfffff]
May 29 20:31:28.941840 kernel: pci 0000:03:01.4:   bridge window [mem 0x48e000000-0x48effffff 64bit pref]
May 29 20:31:28.941873 kernel: pci 0000:03:01.5: [1d0f:0200] type 01 class 0x060400 PCIe Switch Downstream Port
May 29 20:31:28.941911 kernel: pci 0000:03:01.5: BAR 0 [mem 0xc4203400-0xc42037ff]
May 29 20:31:28.941938 kernel: pci 0000:03:01.5: PCI bridge to [bus 11]
May 29 20:31:28.941965 kernel: pci 0000:03:01.5:   bridge window [mem 0xc5d00000-0xc5efffff]
May 29 20:31:28.941992 kernel: pci 0000:03:01.5:   bridge window [mem 0x48f000000-0x48fffffff 64bit pref]
May 29 20:31:28.942024 kernel: pci 0000:03:01.6: [1d0f:0200] type 01 class 0x060400 PCIe Switch Downstream Port
May 29 20:31:28.942057 kernel: pci 0000:03:01.6: BAR 0 [mem 0xc4203800-0xc4203bff]
May 29 20:31:28.942086 kernel: pci 0000:03:01.6: PCI bridge to [bus 12]
May 29 20:31:28.942113 kernel: pci 0000:03:01.6:   bridge window [mem 0xc5f00000-0xc60fffff]
May 29 20:31:28.942141 kernel: pci 0000:03:01.6:   bridge window [mem 0x490000000-0x490ffffff 64bit pref]
May 29 20:31:28.942173 kernel: pci 0000:03:01.7: [1d0f:0200] type 01 class 0x060400 PCIe Switch Downstream Port
May 29 20:31:28.942201 kernel: pci 0000:03:01.7: BAR 0 [mem 0xc4203c00-0xc4203fff]
May 29 20:31:28.942228 kernel: pci 0000:03:01.7: PCI bridge to [bus 13]
May 29 20:31:28.942256 kernel: pci 0000:03:01.7:   bridge window [mem 0xc6100000-0xc62fffff]
May 29 20:31:28.942283 kernel: pci 0000:03:01.7:   bridge window [mem 0x491000000-0x491ffffff 64bit pref]
May 29 20:31:28.942319 kernel: pci 0000:03:02.0: [1d0f:0200] type 01 class 0x060400 PCIe Switch Downstream Port
May 29 20:31:28.942348 kernel: pci 0000:03:02.0: BAR 0 [mem 0xc4204000-0xc42043ff]
May 29 20:31:28.942660 kernel: pci 0000:03:02.0: PCI bridge to [bus 14]
May 29 20:31:28.942693 kernel: pci 0000:03:02.0:   bridge window [mem 0xc6300000-0xc64fffff]
May 29 20:31:28.942721 kernel: pci 0000:03:02.0:   bridge window [mem 0x492000000-0x492ffffff 64bit pref]
May 29 20:31:28.942754 kernel: pci 0000:03:02.1: [1d0f:0200] type 01 class 0x060400 PCIe Switch Downstream Port
May 29 20:31:28.942783 kernel: pci 0000:03:02.1: BAR 0 [mem 0xc4204400-0xc42047ff]
May 29 20:31:28.942811 kernel: pci 0000:03:02.1: PCI bridge to [bus 15]
May 29 20:31:28.942839 kernel: pci 0000:03:02.1:   bridge window [mem 0xc6500000-0xc66fffff]
May 29 20:31:28.942867 kernel: pci 0000:03:02.1:   bridge window [mem 0x493000000-0x493ffffff 64bit pref]
May 29 20:31:28.942900 kernel: pci 0000:03:02.2: [1d0f:0200] type 01 class 0x060400 PCIe Switch Downstream Port
May 29 20:31:28.942928 kernel: pci 0000:03:02.2: BAR 0 [mem 0xc4204800-0xc4204bff]
May 29 20:31:28.942956 kernel: pci 0000:03:02.2: PCI bridge to [bus 16]
May 29 20:31:28.942984 kernel: pci 0000:03:02.2:   bridge window [mem 0xc6700000-0xc68fffff]
May 29 20:31:28.943011 kernel: pci 0000:03:02.2:   bridge window [mem 0x494000000-0x494ffffff 64bit pref]
May 29 20:31:28.943044 kernel: pci 0000:03:02.3: [1d0f:0200] type 01 class 0x060400 PCIe Switch Downstream Port
May 29 20:31:28.943073 kernel: pci 0000:03:02.3: BAR 0 [mem 0xc4204c00-0xc4204fff]
May 29 20:31:28.943100 kernel: pci 0000:03:02.3: PCI bridge to [bus 17]
May 29 20:31:28.943128 kernel: pci 0000:03:02.3:   bridge window [mem 0xc6900000-0xc6afffff]
May 29 20:31:28.943156 kernel: pci 0000:03:02.3:   bridge window [mem 0x495000000-0x495ffffff 64bit pref]
May 29 20:31:28.943188 kernel: pci 0000:03:02.4: [1d0f:0200] type 01 class 0x060400 PCIe Switch Downstream Port
May 29 20:31:28.943216 kernel: pci 0000:03:02.4: BAR 0 [mem 0xc4205000-0xc42053ff]
May 29 20:31:28.943243 kernel: pci 0000:03:02.4: PCI bridge to [bus 18]
May 29 20:31:28.943271 kernel: pci 0000:03:02.4:   bridge window [mem 0xc6b00000-0xc6cfffff]
May 29 20:31:28.943298 kernel: pci 0000:03:02.4:   bridge window [mem 0x496000000-0x496ffffff 64bit pref]
May 29 20:31:28.943330 kernel: pci 0000:03:02.5: [1d0f:0200] type 01 class 0x060400 PCIe Switch Downstream Port
May 29 20:31:28.943358 kernel: pci 0000:03:02.5: BAR 0 [mem 0xc4205400-0xc42057ff]
May 29 20:31:28.943395 kernel: pci 0000:03:02.5: PCI bridge to [bus 19]
May 29 20:31:28.943423 kernel: pci 0000:03:02.5:   bridge window [mem 0xc6d00000-0xc6efffff]
May 29 20:31:28.943450 kernel: pci 0000:03:02.5:   bridge window [mem 0x497000000-0x497ffffff 64bit pref]
May 29 20:31:28.943486 kernel: pci 0000:03:02.6: [1d0f:0200] type 01 class 0x060400 PCIe Switch Downstream Port
May 29 20:31:28.943515 kernel: pci 0000:03:02.6: BAR 0 [mem 0xc4205800-0xc4205bff]
May 29 20:31:28.943543 kernel: pci 0000:03:02.6: PCI bridge to [bus 1a]
May 29 20:31:28.943570 kernel: pci 0000:03:02.6:   bridge window [mem 0xc6f00000-0xc70fffff]
May 29 20:31:28.943598 kernel: pci 0000:03:02.6:   bridge window [mem 0x498000000-0x498ffffff 64bit pref]
May 29 20:31:28.943630 kernel: pci 0000:03:02.7: [1d0f:0200] type 01 class 0x060400 PCIe Switch Downstream Port
May 29 20:31:28.943659 kernel: pci 0000:03:02.7: BAR 0 [mem 0xc4205c00-0xc4205fff]
May 29 20:31:28.943687 kernel: pci 0000:03:02.7: PCI bridge to [bus 1b]
May 29 20:31:28.943715 kernel: pci 0000:03:02.7:   bridge window [mem 0xc7100000-0xc72fffff]
May 29 20:31:28.943742 kernel: pci 0000:03:02.7:   bridge window [mem 0x499000000-0x499ffffff 64bit pref]
May 29 20:31:28.943775 kernel: pci 0000:03:03.0: [1d0f:0200] type 01 class 0x060400 PCIe Switch Downstream Port
May 29 20:31:28.943804 kernel: pci 0000:03:03.0: BAR 0 [mem 0xc4206000-0xc42063ff]
May 29 20:31:28.943832 kernel: pci 0000:03:03.0: PCI bridge to [bus 1c]
May 29 20:31:28.943859 kernel: pci 0000:03:03.0:   bridge window [mem 0xc7300000-0xc74fffff]
May 29 20:31:28.943886 kernel: pci 0000:03:03.0:   bridge window [mem 0x49a000000-0x49affffff 64bit pref]
May 29 20:31:28.943920 kernel: pci 0000:03:03.1: [1d0f:0200] type 01 class 0x060400 PCIe Switch Downstream Port
May 29 20:31:28.943948 kernel: pci 0000:03:03.1: BAR 0 [mem 0xc4206400-0xc42067ff]
May 29 20:31:28.943976 kernel: pci 0000:03:03.1: PCI bridge to [bus 1d]
May 29 20:31:28.944004 kernel: pci 0000:03:03.1:   bridge window [mem 0xc7500000-0xc76fffff]
May 29 20:31:28.944031 kernel: pci 0000:03:03.1:   bridge window [mem 0x49b000000-0x49bffffff 64bit pref]
May 29 20:31:28.944065 kernel: pci 0000:03:03.2: [1d0f:0200] type 01 class 0x060400 PCIe Switch Downstream Port
May 29 20:31:28.944094 kernel: pci 0000:03:03.2: BAR 0 [mem 0xc4206800-0xc4206bff]
May 29 20:31:28.944122 kernel: pci 0000:03:03.2: PCI bridge to [bus 1e]
May 29 20:31:28.944151 kernel: pci 0000:03:03.2:   bridge window [mem 0xc7700000-0xc78fffff]
May 29 20:31:28.944179 kernel: pci 0000:03:03.2:   bridge window [mem 0x49c000000-0x49cffffff 64bit pref]
May 29 20:31:28.944213 kernel: pci 0000:03:03.3: [1d0f:0200] type 01 class 0x060400 PCIe Switch Downstream Port
May 29 20:31:28.944241 kernel: pci 0000:03:03.3: BAR 0 [mem 0xc4206c00-0xc4206fff]
May 29 20:31:28.944269 kernel: pci 0000:03:03.3: PCI bridge to [bus 1f]
May 29 20:31:28.944296 kernel: pci 0000:03:03.3:   bridge window [mem 0xc7900000-0xc7afffff]
May 29 20:31:28.944324 kernel: pci 0000:03:03.3:   bridge window [mem 0x49d000000-0x49dffffff 64bit pref]
May 29 20:31:28.944360 kernel: pci 0000:03:03.4: [1d0f:0200] type 01 class 0x060400 PCIe Switch Downstream Port
May 29 20:31:28.944484 kernel: pci 0000:03:03.4: BAR 0 [mem 0xc4207000-0xc42073ff]
May 29 20:31:28.944510 kernel: pci 0000:03:03.4: PCI bridge to [bus 20]
May 29 20:31:28.944536 kernel: pci 0000:03:03.4:   bridge window [mem 0xc7b00000-0xc7cfffff]
May 29 20:31:28.944562 kernel: pci 0000:03:03.4:   bridge window [mem 0x49e000000-0x49effffff 64bit pref]
May 29 20:31:28.944594 kernel: pci 0000:03:03.5: [1d0f:0200] type 01 class 0x060400 PCIe Switch Downstream Port
May 29 20:31:28.944621 kernel: pci 0000:03:03.5: BAR 0 [mem 0xc4207400-0xc42077ff]
May 29 20:31:28.944648 kernel: pci 0000:03:03.5: PCI bridge to [bus 21]
May 29 20:31:28.944675 kernel: pci 0000:03:03.5:   bridge window [mem 0xc7d00000-0xc7efffff]
May 29 20:31:28.944701 kernel: pci 0000:03:03.5:   bridge window [mem 0x49f000000-0x49fffffff 64bit pref]
May 29 20:31:28.944734 kernel: pci 0000:03:03.6: [1d0f:0200] type 01 class 0x060400 PCIe Switch Downstream Port
May 29 20:31:28.944769 kernel: pci 0000:03:03.6: BAR 0 [mem 0xc4207800-0xc4207bff]
May 29 20:31:28.944795 kernel: pci 0000:03:03.6: PCI bridge to [bus 22]
May 29 20:31:28.944822 kernel: pci 0000:03:03.6:   bridge window [mem 0xc7f00000-0xc80fffff]
May 29 20:31:28.944849 kernel: pci 0000:03:03.6:   bridge window [mem 0x4a0000000-0x4a0ffffff 64bit pref]
May 29 20:31:28.944882 kernel: pci 0000:03:03.7: [1d0f:0200] type 01 class 0x060400 PCIe Switch Downstream Port
May 29 20:31:28.944909 kernel: pci 0000:03:03.7: BAR 0 [mem 0xc4207c00-0xc4207fff]
May 29 20:31:28.944935 kernel: pci 0000:03:03.7: PCI bridge to [bus 23]
May 29 20:31:28.944961 kernel: pci 0000:03:03.7:   bridge window [mem 0xc8100000-0xc82fffff]
May 29 20:31:28.944988 kernel: pci 0000:03:03.7:   bridge window [mem 0x4a1000000-0x4a1ffffff 64bit pref]
May 29 20:31:28.945015 kernel: pci 0000:02:00.0: PCI bridge to [bus 03-23]
May 29 20:31:28.945046 kernel: pci 0000:03:00.0: PCI bridge to [bus 04]
May 29 20:31:28.945076 kernel: pci 0000:03:00.1: PCI bridge to [bus 05]
May 29 20:31:28.945106 kernel: pci 0000:03:00.2: PCI bridge to [bus 06]
May 29 20:31:28.945136 kernel: pci 0000:03:00.3: PCI bridge to [bus 07]
May 29 20:31:28.945166 kernel: pci 0000:03:00.4: PCI bridge to [bus 08]
May 29 20:31:28.945196 kernel: pci 0000:03:00.5: PCI bridge to [bus 09]
May 29 20:31:28.945225 kernel: pci 0000:03:00.6: PCI bridge to [bus 0a]
May 29 20:31:28.945256 kernel: pci 0000:03:00.7: PCI bridge to [bus 0b]
May 29 20:31:28.945288 kernel: pci 0000:03:01.0: PCI bridge to [bus 0c]
May 29 20:31:28.945324 kernel: pci 0000:03:01.1: PCI bridge to [bus 0d]
May 29 20:31:28.945354 kernel: pci 0000:03:01.2: PCI bridge to [bus 0e]
May 29 20:31:28.945384 kernel: pci 0000:03:01.3: PCI bridge to [bus 0f]
May 29 20:31:28.945419 kernel: pci 0000:03:01.4: PCI bridge to [bus 10]
May 29 20:31:28.945450 kernel: pci 0000:03:01.5: PCI bridge to [bus 11]
May 29 20:31:28.945481 kernel: pci 0000:03:01.6: PCI bridge to [bus 12]
May 29 20:31:28.945511 kernel: pci 0000:03:01.7: PCI bridge to [bus 13]
May 29 20:31:28.945539 kernel: pci 0000:03:02.0: PCI bridge to [bus 14]
May 29 20:31:28.945567 kernel: pci 0000:03:02.1: PCI bridge to [bus 15]
May 29 20:31:28.945595 kernel: pci 0000:03:02.2: PCI bridge to [bus 16]
May 29 20:31:28.945622 kernel: pci 0000:03:02.3: PCI bridge to [bus 17]
May 29 20:31:28.945650 kernel: pci 0000:03:02.4: PCI bridge to [bus 18]
May 29 20:31:28.945677 kernel: pci 0000:03:02.5: PCI bridge to [bus 19]
May 29 20:31:28.945705 kernel: pci 0000:03:02.6: PCI bridge to [bus 1a]
May 29 20:31:28.945732 kernel: pci 0000:03:02.7: PCI bridge to [bus 1b]
May 29 20:31:28.945760 kernel: pci 0000:03:03.0: PCI bridge to [bus 1c]
May 29 20:31:28.945788 kernel: pci 0000:03:03.1: PCI bridge to [bus 1d]
May 29 20:31:28.945816 kernel: pci 0000:03:03.2: PCI bridge to [bus 1e]
May 29 20:31:28.945843 kernel: pci 0000:03:03.3: PCI bridge to [bus 1f]
May 29 20:31:28.945870 kernel: pci 0000:03:03.4: PCI bridge to [bus 20]
May 29 20:31:28.945897 kernel: pci 0000:03:03.5: PCI bridge to [bus 21]
May 29 20:31:28.945924 kernel: pci 0000:03:03.6: PCI bridge to [bus 22]
May 29 20:31:28.945951 kernel: pci 0000:03:03.7: PCI bridge to [bus 23]
May 29 20:31:28.945979 kernel: pci_bus 0000:01: on NUMA node 0
May 29 20:31:28.945983 kernel: ACPI: PCI Root Bridge [PC02] (domain 0000 [bus 24-2b])
May 29 20:31:28.946020 kernel: acpi PNP0A08:01: _OSC: OS supports [ExtendedConfig ASPM ClockPM Segments MSI EDR HPX-Type3]
May 29 20:31:28.946047 kernel: acpi PNP0A08:01: _OSC: platform does not support [SHPCHotplug AER LTR DPC]
May 29 20:31:28.946078 kernel: acpi PNP0A08:01: _OSC: OS now controls [PCIeHotplug PME PCIeCapability]
May 29 20:31:28.946082 kernel: acpiphp: Slot [64] registered
May 29 20:31:28.946084 kernel: acpiphp: Slot [65] registered
May 29 20:31:28.946087 kernel: acpiphp: Slot [66] registered
May 29 20:31:28.946089 kernel: acpiphp: Slot [67] registered
May 29 20:31:28.946092 kernel: acpiphp: Slot [68] registered
May 29 20:31:28.946094 kernel: acpiphp: Slot [69] registered
May 29 20:31:28.946097 kernel: acpiphp: Slot [70] registered
May 29 20:31:28.946099 kernel: acpiphp: Slot [71] registered
May 29 20:31:28.946102 kernel: acpiphp: Slot [72] registered
May 29 20:31:28.946104 kernel: acpiphp: Slot [73] registered
May 29 20:31:28.946107 kernel: acpiphp: Slot [74] registered
May 29 20:31:28.946110 kernel: acpiphp: Slot [75] registered
May 29 20:31:28.946112 kernel: acpiphp: Slot [76] registered
May 29 20:31:28.946115 kernel: acpiphp: Slot [77] registered
May 29 20:31:28.946117 kernel: acpiphp: Slot [78] registered
May 29 20:31:28.946120 kernel: acpiphp: Slot [79] registered
May 29 20:31:28.946122 kernel: acpiphp: Slot [80] registered
May 29 20:31:28.946125 kernel: acpiphp: Slot [81] registered
May 29 20:31:28.946127 kernel: acpiphp: Slot [82] registered
May 29 20:31:28.946129 kernel: acpiphp: Slot [83] registered
May 29 20:31:28.946132 kernel: acpiphp: Slot [84] registered
May 29 20:31:28.946135 kernel: acpiphp: Slot [85] registered
May 29 20:31:28.946138 kernel: acpiphp: Slot [86] registered
May 29 20:31:28.946140 kernel: acpiphp: Slot [87] registered
May 29 20:31:28.946143 kernel: acpiphp: Slot [88] registered
May 29 20:31:28.946145 kernel: acpiphp: Slot [89] registered
May 29 20:31:28.946147 kernel: acpiphp: Slot [90] registered
May 29 20:31:28.946150 kernel: acpiphp: Slot [91] registered
May 29 20:31:28.946152 kernel: acpiphp: Slot [92] registered
May 29 20:31:28.946155 kernel: acpiphp: Slot [93] registered
May 29 20:31:28.946157 kernel: acpiphp: Slot [94] registered
May 29 20:31:28.946160 kernel: acpiphp: Slot [95] registered
May 29 20:31:28.946162 kernel: PCI host bridge to bus 0000:24
May 29 20:31:28.946192 kernel: pci_bus 0000:24: root bus resource [mem 0xc8400000-0xc90fffff window]
May 29 20:31:28.946215 kernel: pci_bus 0000:24: root bus resource [mem 0x4a2000000-0x4a6ffffff window]
May 29 20:31:28.946236 kernel: pci_bus 0000:24: root bus resource [bus 24-2b]
May 29 20:31:28.946269 kernel: pci 0000:24:00.0: [1d0f:0200] type 01 class 0x060400 PCIe Root Port
May 29 20:31:28.946294 kernel: pci 0000:24:00.0: BAR 0 [mem 0xc8400000-0xc84003ff]
May 29 20:31:28.946320 kernel: pci 0000:24:00.0: PCI bridge to [bus 25-2b]
May 29 20:31:28.946345 kernel: pci 0000:24:00.0:   bridge window [mem 0xc8500000-0xc90fffff]
May 29 20:31:28.946369 kernel: pci 0000:24:00.0:   bridge window [mem 0x4a2000000-0x4a6ffffff 64bit pref]
May 29 20:31:28.946405 kernel: pci 0000:25:00.0: [1d0f:0200] type 01 class 0x060400 PCIe Switch Upstream Port
May 29 20:31:28.946432 kernel: pci 0000:25:00.0: BAR 0 [mem 0xc8500000-0xc85003ff]
May 29 20:31:28.946458 kernel: pci 0000:25:00.0: PCI bridge to [bus 26-2b]
May 29 20:31:28.946484 kernel: pci 0000:25:00.0:   bridge window [mem 0xc8600000-0xc90fffff]
May 29 20:31:28.946511 kernel: pci 0000:25:00.0:   bridge window [mem 0x4a2000000-0x4a6ffffff 64bit pref]
May 29 20:31:28.946537 kernel: pci 0000:24:00.0: PCI bridge to [bus 25-2b]
May 29 20:31:28.946570 kernel: pci 0000:26:00.0: [1d0f:0200] type 01 class 0x060400 PCIe Switch Downstream Port
May 29 20:31:28.946598 kernel: pci 0000:26:00.0: BAR 0 [mem 0xc8600000-0xc86003ff]
May 29 20:31:28.946625 kernel: pci 0000:26:00.0: PCI bridge to [bus 27]
May 29 20:31:28.946653 kernel: pci 0000:26:00.0:   bridge window [mem 0xc8700000-0xc88fffff]
May 29 20:31:28.946681 kernel: pci 0000:26:00.0:   bridge window [mem 0x4a2000000-0x4a2ffffff 64bit pref]
May 29 20:31:28.946714 kernel: pci 0000:26:00.1: [1d0f:0200] type 01 class 0x060400 PCIe Switch Downstream Port
May 29 20:31:28.946743 kernel: pci 0000:26:00.1: BAR 0 [mem 0xc8600400-0xc86007ff]
May 29 20:31:28.946771 kernel: pci 0000:26:00.1: PCI bridge to [bus 28]
May 29 20:31:28.946798 kernel: pci 0000:26:00.1:   bridge window [mem 0xc8900000-0xc8afffff]
May 29 20:31:28.946826 kernel: pci 0000:26:00.1:   bridge window [mem 0x4a3000000-0x4a3ffffff 64bit pref]
May 29 20:31:28.946860 kernel: pci 0000:26:00.2: [1d0f:0200] type 01 class 0x060400 PCIe Switch Downstream Port
May 29 20:31:28.946898 kernel: pci 0000:26:00.2: BAR 0 [mem 0xc8600800-0xc8600bff]
May 29 20:31:28.946926 kernel: pci 0000:26:00.2: PCI bridge to [bus 29]
May 29 20:31:28.946954 kernel: pci 0000:26:00.2:   bridge window [mem 0xc8b00000-0xc8cfffff]
May 29 20:31:28.946981 kernel: pci 0000:26:00.2:   bridge window [mem 0x4a4000000-0x4a4ffffff 64bit pref]
May 29 20:31:28.947015 kernel: pci 0000:26:00.3: [1d0f:0200] type 01 class 0x060400 PCIe Switch Downstream Port
May 29 20:31:28.947043 kernel: pci 0000:26:00.3: BAR 0 [mem 0xc8600c00-0xc8600fff]
May 29 20:31:28.947071 kernel: pci 0000:26:00.3: PCI bridge to [bus 2a]
May 29 20:31:28.947098 kernel: pci 0000:26:00.3:   bridge window [mem 0xc8d00000-0xc8efffff]
May 29 20:31:28.947124 kernel: pci 0000:26:00.3:   bridge window [mem 0x4a5000000-0x4a5ffffff 64bit pref]
May 29 20:31:28.947159 kernel: pci 0000:26:00.4: [1d0f:0200] type 01 class 0x060400 PCIe Switch Downstream Port
May 29 20:31:28.947187 kernel: pci 0000:26:00.4: BAR 0 [mem 0xc8601000-0xc86013ff]
May 29 20:31:28.947214 kernel: pci 0000:26:00.4: PCI bridge to [bus 2b]
May 29 20:31:28.947242 kernel: pci 0000:26:00.4:   bridge window [mem 0xc8f00000-0xc90fffff]
May 29 20:31:28.947269 kernel: pci 0000:26:00.4:   bridge window [mem 0x4a6000000-0x4a6ffffff 64bit pref]
May 29 20:31:28.947296 kernel: pci 0000:25:00.0: PCI bridge to [bus 26-2b]
May 29 20:31:28.947331 kernel: pci 0000:27:00.0: [1d0f:ec20] type 00 class 0x020000 PCIe Endpoint
May 29 20:31:28.947361 kernel: pci 0000:27:00.0: BAR 0 [mem 0xc8700000-0xc8701fff]
May 29 20:31:28.947395 kernel: pci 0000:27:00.0: BAR 1 [mem 0xc8702000-0xc8703fff]
May 29 20:31:28.947425 kernel: pci 0000:27:00.0: BAR 2 [mem 0x4a2000000-0x4a20fffff 64bit pref]
May 29 20:31:28.947454 kernel: pci 0000:27:00.0: enabling Extended Tags
May 29 20:31:28.947482 kernel: pci 0000:26:00.0: PCI bridge to [bus 27]
May 29 20:31:28.947511 kernel: pci 0000:26:00.1: PCI bridge to [bus 28]
May 29 20:31:28.947539 kernel: pci 0000:26:00.2: PCI bridge to [bus 29]
May 29 20:31:28.947566 kernel: pci 0000:26:00.3: PCI bridge to [bus 2a]
May 29 20:31:28.947595 kernel: pci 0000:26:00.4: PCI bridge to [bus 2b]
May 29 20:31:28.947618 kernel: pci_bus 0000:24: on NUMA node 0
May 29 20:31:28.947622 kernel: ACPI: PCI: Interrupt link LNKA configured for IRQ 10
May 29 20:31:28.947625 kernel: ACPI: PCI: Interrupt link LNKB configured for IRQ 10
May 29 20:31:28.947627 kernel: ACPI: PCI: Interrupt link LNKC configured for IRQ 11
May 29 20:31:28.947630 kernel: ACPI: PCI: Interrupt link LNKD configured for IRQ 11
May 29 20:31:28.947632 kernel: ACPI: PCI: Interrupt link LNKS configured for IRQ 9
May 29 20:31:28.947635 kernel: iommu: Default domain type: Translated
May 29 20:31:28.947638 kernel: iommu: DMA domain TLB invalidation policy: lazy mode
May 29 20:31:28.947640 kernel: SCSI subsystem initialized
May 29 20:31:28.947643 kernel: ACPI: bus type USB registered
May 29 20:31:28.947646 kernel: usbcore: registered new interface driver usbfs
May 29 20:31:28.947649 kernel: usbcore: registered new interface driver hub
May 29 20:31:28.947651 kernel: usbcore: registered new device driver usb
May 29 20:31:28.947654 kernel: pps_core: LinuxPPS API ver. 1 registered
May 29 20:31:28.947657 kernel: pps_core: Software ver. 5.3.6 - Copyright 2005-2007 Rodolfo Giometti <giometti@linux.it>
May 29 20:31:28.947659 kernel: PTP clock support registered
May 29 20:31:28.947661 kernel: EDAC MC: Ver: 3.0.0
May 29 20:31:28.947664 kernel: NetLabel: Initializing
May 29 20:31:28.947666 kernel: NetLabel:  domain hash size = 128
May 29 20:31:28.947669 kernel: NetLabel:  protocols = UNLABELED CIPSOv4 CALIPSO
May 29 20:31:28.947671 kernel: NetLabel:  unlabeled traffic allowed by default
May 29 20:31:28.947674 kernel: PCI: Using ACPI for IRQ routing
May 29 20:31:28.947676 kernel: PCI: pci_cache_line_size set to 64 bytes
May 29 20:31:28.947680 kernel: e820: reserve RAM buffer [mem 0x0009fc00-0x0009ffff]
May 29 20:31:28.947682 kernel: e820: reserve RAM buffer [mem 0xbffe8000-0xbfffffff]
May 29 20:31:28.947685 kernel: e820: reserve RAM buffer [mem 0x42b400000-0x42bffffff]
May 29 20:31:28.947752 kernel: pci 0000:00:03.0: vgaarb: setting as boot VGA device
May 29 20:31:28.947793 kernel: pci 0000:00:03.0: vgaarb: bridge control possible
May 29 20:31:28.947821 kernel: pci 0000:00:03.0: vgaarb: VGA device added: decodes=io+mem,owns=io+mem,locks=none
May 29 20:31:28.947824 kernel: vgaarb: loaded
May 29 20:31:28.947827 kernel: hpet0: at MMIO 0xfed00000, IRQs 2, 8, 0, 0, 0, 0, 0, 0
May 29 20:31:28.947830 kernel: hpet0: 8 comparators, 32-bit 62.500000 MHz counter
May 29 20:31:28.947832 kernel: clocksource: Switched to clocksource kvm-clock
May 29 20:31:28.947835 kernel: VFS: Disk quotas dquot_6.6.0
May 29 20:31:28.947841 kernel: VFS: Dquot-cache hash table entries: 512 (order 0, 4096 bytes)
May 29 20:31:28.947843 kernel: pnp: PnP ACPI init
May 29 20:31:28.947846 kernel: pnp: PnP ACPI: found 5 devices
May 29 20:31:28.947848 kernel: clocksource: acpi_pm: mask: 0xffffff max_cycles: 0xffffff, max_idle_ns: 2085701024 ns
May 29 20:31:28.947851 kernel: NET: Registered PF_INET protocol family
May 29 20:31:28.947854 kernel: IP idents hash table entries: 262144 (order: 9, 2097152 bytes, linear)
May 29 20:31:28.947856 kernel: tcp_listen_portaddr_hash hash table entries: 8192 (order: 5, 131072 bytes, linear)
May 29 20:31:28.947859 kernel: Table-perturb hash table entries: 65536 (order: 6, 262144 bytes, linear)
May 29 20:31:28.947861 kernel: TCP established hash table entries: 131072 (order: 8, 1048576 bytes, linear)
May 29 20:31:28.947864 kernel: TCP bind hash table entries: 65536 (order: 8, 1048576 bytes, linear)
May 29 20:31:28.947867 kernel: TCP: Hash tables configured (established 131072 bind 65536)
May 29 20:31:28.947869 kernel: MPTCP token hash table entries: 16384 (order: 6, 393216 bytes, linear)
May 29 20:31:28.947872 kernel: UDP hash table entries: 8192 (order: 6, 262144 bytes, linear)
May 29 20:31:28.947875 kernel: UDP-Lite hash table entries: 8192 (order: 6, 262144 bytes, linear)
May 29 20:31:28.947878 kernel: NET: Registered PF_UNIX/PF_LOCAL protocol family
May 29 20:31:28.947880 kernel: NET: Registered PF_XDP protocol family
May 29 20:31:28.947908 kernel: pci_bus 0000:00: resource 4 [io  0x0000-0x0cf7 window]
May 29 20:31:28.947932 kernel: pci_bus 0000:00: resource 5 [io  0x0d00-0xffff window]
May 29 20:31:28.947953 kernel: pci_bus 0000:00: resource 6 [mem 0x000a0000-0x000bffff window]
May 29 20:31:28.947975 kernel: pci_bus 0000:00: resource 7 [mem 0xc0000000-0xc3ffffff window]
May 29 20:31:28.947997 kernel: pci_bus 0000:00: resource 8 [mem 0x480000000-0x481ffffff window]
May 29 20:31:28.948030 kernel: pci 0000:03:00.0: PCI bridge to [bus 04]
May 29 20:31:28.948060 kernel: pci 0000:03:00.0:   bridge window [mem 0xc4300000-0xc44fffff]
May 29 20:31:28.948089 kernel: pci 0000:03:00.0:   bridge window [mem 0x482000000-0x482ffffff 64bit pref]
May 29 20:31:28.948121 kernel: pci 0000:03:00.1: PCI bridge to [bus 05]
May 29 20:31:28.948149 kernel: pci 0000:03:00.1:   bridge window [mem 0xc4500000-0xc46fffff]
May 29 20:31:28.948177 kernel: pci 0000:03:00.1:   bridge window [mem 0x483000000-0x483ffffff 64bit pref]
May 29 20:31:28.948207 kernel: pci 0000:03:00.2: PCI bridge to [bus 06]
May 29 20:31:28.948235 kernel: pci 0000:03:00.2:   bridge window [mem 0xc4700000-0xc48fffff]
May 29 20:31:28.948263 kernel: pci 0000:03:00.2:   bridge window [mem 0x484000000-0x484ffffff 64bit pref]
May 29 20:31:28.948292 kernel: pci 0000:03:00.3: PCI bridge to [bus 07]
May 29 20:31:28.948320 kernel: pci 0000:03:00.3:   bridge window [mem 0xc4900000-0xc4afffff]
May 29 20:31:28.948348 kernel: pci 0000:03:00.3:   bridge window [mem 0x485000000-0x485ffffff 64bit pref]
May 29 20:31:28.948378 kernel: pci 0000:03:00.4: PCI bridge to [bus 08]
May 29 20:31:28.948423 kernel: pci 0000:03:00.4:   bridge window [mem 0xc4b00000-0xc4cfffff]
May 29 20:31:28.948460 kernel: pci 0000:03:00.4:   bridge window [mem 0x486000000-0x486ffffff 64bit pref]
May 29 20:31:28.948495 kernel: pci 0000:03:00.5: PCI bridge to [bus 09]
May 29 20:31:28.948525 kernel: pci 0000:03:00.5:   bridge window [mem 0xc4d00000-0xc4efffff]
May 29 20:31:28.948553 kernel: pci 0000:03:00.5:   bridge window [mem 0x487000000-0x487ffffff 64bit pref]
May 29 20:31:28.948585 kernel: pci 0000:03:00.6: PCI bridge to [bus 0a]
May 29 20:31:28.948613 kernel: pci 0000:03:00.6:   bridge window [mem 0xc4f00000-0xc50fffff]
May 29 20:31:28.948641 kernel: pci 0000:03:00.6:   bridge window [mem 0x488000000-0x488ffffff 64bit pref]
May 29 20:31:28.948672 kernel: pci 0000:03:00.7: PCI bridge to [bus 0b]
May 29 20:31:28.948701 kernel: pci 0000:03:00.7:   bridge window [mem 0xc5100000-0xc52fffff]
May 29 20:31:28.948729 kernel: pci 0000:03:00.7:   bridge window [mem 0x489000000-0x489ffffff 64bit pref]
May 29 20:31:28.948759 kernel: pci 0000:03:01.0: PCI bridge to [bus 0c]
May 29 20:31:28.948788 kernel: pci 0000:03:01.0:   bridge window [mem 0xc5300000-0xc54fffff]
May 29 20:31:28.948816 kernel: pci 0000:03:01.0:   bridge window [mem 0x48a000000-0x48affffff 64bit pref]
May 29 20:31:28.948846 kernel: pci 0000:03:01.1: PCI bridge to [bus 0d]
May 29 20:31:28.948875 kernel: pci 0000:03:01.1:   bridge window [mem 0xc5500000-0xc56fffff]
May 29 20:31:28.948903 kernel: pci 0000:03:01.1:   bridge window [mem 0x48b000000-0x48bffffff 64bit pref]
May 29 20:31:28.948933 kernel: pci 0000:03:01.2: PCI bridge to [bus 0e]
May 29 20:31:28.948962 kernel: pci 0000:03:01.2:   bridge window [mem 0xc5700000-0xc58fffff]
May 29 20:31:28.948990 kernel: pci 0000:03:01.2:   bridge window [mem 0x48c000000-0x48cffffff 64bit pref]
May 29 20:31:28.949020 kernel: pci 0000:03:01.3: PCI bridge to [bus 0f]
May 29 20:31:28.949049 kernel: pci 0000:03:01.3:   bridge window [mem 0xc5900000-0xc5afffff]
May 29 20:31:28.949077 kernel: pci 0000:03:01.3:   bridge window [mem 0x48d000000-0x48dffffff 64bit pref]
May 29 20:31:28.949106 kernel: pci 0000:03:01.4: PCI bridge to [bus 10]
May 29 20:31:28.949134 kernel: pci 0000:03:01.4:   bridge window [mem 0xc5b00000-0xc5cfffff]
May 29 20:31:28.949162 kernel: pci 0000:03:01.4:   bridge window [mem 0x48e000000-0x48effffff 64bit pref]
May 29 20:31:28.949191 kernel: pci 0000:03:01.5: PCI bridge to [bus 11]
May 29 20:31:28.949219 kernel: pci 0000:03:01.5:   bridge window [mem 0xc5d00000-0xc5efffff]
May 29 20:31:28.949246 kernel: pci 0000:03:01.5:   bridge window [mem 0x48f000000-0x48fffffff 64bit pref]
May 29 20:31:28.949275 kernel: pci 0000:03:01.6: PCI bridge to [bus 12]
May 29 20:31:28.949303 kernel: pci 0000:03:01.6:   bridge window [mem 0xc5f00000-0xc60fffff]
May 29 20:31:28.949331 kernel: pci 0000:03:01.6:   bridge window [mem 0x490000000-0x490ffffff 64bit pref]
May 29 20:31:28.949360 kernel: pci 0000:03:01.7: PCI bridge to [bus 13]
May 29 20:31:28.949395 kernel: pci 0000:03:01.7:   bridge window [mem 0xc6100000-0xc62fffff]
May 29 20:31:28.949423 kernel: pci 0000:03:01.7:   bridge window [mem 0x491000000-0x491ffffff 64bit pref]
May 29 20:31:28.949452 kernel: pci 0000:03:02.0: PCI bridge to [bus 14]
May 29 20:31:28.949480 kernel: pci 0000:03:02.0:   bridge window [mem 0xc6300000-0xc64fffff]
May 29 20:31:28.949510 kernel: pci 0000:03:02.0:   bridge window [mem 0x492000000-0x492ffffff 64bit pref]
May 29 20:31:28.949539 kernel: pci 0000:03:02.1: PCI bridge to [bus 15]
May 29 20:31:28.949567 kernel: pci 0000:03:02.1:   bridge window [mem 0xc6500000-0xc66fffff]
May 29 20:31:28.949595 kernel: pci 0000:03:02.1:   bridge window [mem 0x493000000-0x493ffffff 64bit pref]
May 29 20:31:28.949623 kernel: pci 0000:03:02.2: PCI bridge to [bus 16]
May 29 20:31:28.949651 kernel: pci 0000:03:02.2:   bridge window [mem 0xc6700000-0xc68fffff]
May 29 20:31:28.949679 kernel: pci 0000:03:02.2:   bridge window [mem 0x494000000-0x494ffffff 64bit pref]
May 29 20:31:28.949707 kernel: pci 0000:03:02.3: PCI bridge to [bus 17]
May 29 20:31:28.949735 kernel: pci 0000:03:02.3:   bridge window [mem 0xc6900000-0xc6afffff]
May 29 20:31:28.949763 kernel: pci 0000:03:02.3:   bridge window [mem 0x495000000-0x495ffffff 64bit pref]
May 29 20:31:28.949793 kernel: pci 0000:03:02.4: PCI bridge to [bus 18]
May 29 20:31:28.949821 kernel: pci 0000:03:02.4:   bridge window [mem 0xc6b00000-0xc6cfffff]
May 29 20:31:28.949848 kernel: pci 0000:03:02.4:   bridge window [mem 0x496000000-0x496ffffff 64bit pref]
May 29 20:31:28.949877 kernel: pci 0000:03:02.5: PCI bridge to [bus 19]
May 29 20:31:28.949905 kernel: pci 0000:03:02.5:   bridge window [mem 0xc6d00000-0xc6efffff]
May 29 20:31:28.949932 kernel: pci 0000:03:02.5:   bridge window [mem 0x497000000-0x497ffffff 64bit pref]
May 29 20:31:28.949961 kernel: pci 0000:03:02.6: PCI bridge to [bus 1a]
May 29 20:31:28.949989 kernel: pci 0000:03:02.6:   bridge window [mem 0xc6f00000-0xc70fffff]
May 29 20:31:28.950017 kernel: pci 0000:03:02.6:   bridge window [mem 0x498000000-0x498ffffff 64bit pref]
May 29 20:31:28.950048 kernel: pci 0000:03:02.7: PCI bridge to [bus 1b]
May 29 20:31:28.950096 kernel: pci 0000:03:02.7:   bridge window [mem 0xc7100000-0xc72fffff]
May 29 20:31:28.950134 kernel: pci 0000:03:02.7:   bridge window [mem 0x499000000-0x499ffffff 64bit pref]
May 29 20:31:28.950163 kernel: pci 0000:03:03.0: PCI bridge to [bus 1c]
May 29 20:31:28.950192 kernel: pci 0000:03:03.0:   bridge window [mem 0xc7300000-0xc74fffff]
May 29 20:31:28.950220 kernel: pci 0000:03:03.0:   bridge window [mem 0x49a000000-0x49affffff 64bit pref]
May 29 20:31:28.950249 kernel: pci 0000:03:03.1: PCI bridge to [bus 1d]
May 29 20:31:28.950277 kernel: pci 0000:03:03.1:   bridge window [mem 0xc7500000-0xc76fffff]
May 29 20:31:28.950305 kernel: pci 0000:03:03.1:   bridge window [mem 0x49b000000-0x49bffffff 64bit pref]
May 29 20:31:28.950334 kernel: pci 0000:03:03.2: PCI bridge to [bus 1e]
May 29 20:31:28.950362 kernel: pci 0000:03:03.2:   bridge window [mem 0xc7700000-0xc78fffff]
May 29 20:31:28.950396 kernel: pci 0000:03:03.2:   bridge window [mem 0x49c000000-0x49cffffff 64bit pref]
May 29 20:31:28.950425 kernel: pci 0000:03:03.3: PCI bridge to [bus 1f]
May 29 20:31:28.950454 kernel: pci 0000:03:03.3:   bridge window [mem 0xc7900000-0xc7afffff]
May 29 20:31:28.950482 kernel: pci 0000:03:03.3:   bridge window [mem 0x49d000000-0x49dffffff 64bit pref]
May 29 20:31:28.950511 kernel: pci 0000:03:03.4: PCI bridge to [bus 20]
May 29 20:31:28.950539 kernel: pci 0000:03:03.4:   bridge window [mem 0xc7b00000-0xc7cfffff]
May 29 20:31:28.950566 kernel: pci 0000:03:03.4:   bridge window [mem 0x49e000000-0x49effffff 64bit pref]
May 29 20:31:28.950596 kernel: pci 0000:03:03.5: PCI bridge to [bus 21]
May 29 20:31:28.950624 kernel: pci 0000:03:03.5:   bridge window [mem 0xc7d00000-0xc7efffff]
May 29 20:31:28.950651 kernel: pci 0000:03:03.5:   bridge window [mem 0x49f000000-0x49fffffff 64bit pref]
May 29 20:31:28.950680 kernel: pci 0000:03:03.6: PCI bridge to [bus 22]
May 29 20:31:28.950712 kernel: pci 0000:03:03.6:   bridge window [mem 0xc7f00000-0xc80fffff]
May 29 20:31:28.950749 kernel: pci 0000:03:03.6:   bridge window [mem 0x4a0000000-0x4a0ffffff 64bit pref]
May 29 20:31:28.950785 kernel: pci 0000:03:03.7: PCI bridge to [bus 23]
May 29 20:31:28.950821 kernel: pci 0000:03:03.7:   bridge window [mem 0xc8100000-0xc82fffff]
May 29 20:31:28.950854 kernel: pci 0000:03:03.7:   bridge window [mem 0x4a1000000-0x4a1ffffff 64bit pref]
May 29 20:31:28.950891 kernel: pci 0000:02:00.0: PCI bridge to [bus 03-23]
May 29 20:31:28.950923 kernel: pci 0000:02:00.0:   bridge window [mem 0xc4200000-0xc82fffff]
May 29 20:31:28.950957 kernel: pci 0000:02:00.0:   bridge window [mem 0x482000000-0x4a1ffffff 64bit pref]
May 29 20:31:28.950991 kernel: pci 0000:01:00.0: PCI bridge to [bus 02-23]
May 29 20:31:28.951022 kernel: pci 0000:01:00.0:   bridge window [mem 0xc4100000-0xc82fffff]
May 29 20:31:28.951052 kernel: pci 0000:01:00.0:   bridge window [mem 0x482000000-0x4a1ffffff 64bit pref]
May 29 20:31:28.951084 kernel: pci_bus 0000:01: resource 4 [mem 0xc4000000-0xc82fffff window]
May 29 20:31:28.951113 kernel: pci_bus 0000:01: resource 5 [mem 0x482000000-0x4a1ffffff window]
May 29 20:31:28.951156 kernel: pci_bus 0000:02: resource 1 [mem 0xc4100000-0xc82fffff]
May 29 20:31:28.951187 kernel: pci_bus 0000:02: resource 2 [mem 0x482000000-0x4a1ffffff 64bit pref]
May 29 20:31:28.951227 kernel: pci_bus 0000:03: resource 1 [mem 0xc4200000-0xc82fffff]
May 29 20:31:28.951259 kernel: pci_bus 0000:03: resource 2 [mem 0x482000000-0x4a1ffffff 64bit pref]
May 29 20:31:28.951302 kernel: pci_bus 0000:04: resource 1 [mem 0xc4300000-0xc44fffff]
May 29 20:31:28.951335 kernel: pci_bus 0000:04: resource 2 [mem 0x482000000-0x482ffffff 64bit pref]
May 29 20:31:28.951377 kernel: pci_bus 0000:05: resource 1 [mem 0xc4500000-0xc46fffff]
May 29 20:31:28.952414 kernel: pci_bus 0000:05: resource 2 [mem 0x483000000-0x483ffffff 64bit pref]
May 29 20:31:28.952461 kernel: pci_bus 0000:06: resource 1 [mem 0xc4700000-0xc48fffff]
May 29 20:31:28.952489 kernel: pci_bus 0000:06: resource 2 [mem 0x484000000-0x484ffffff 64bit pref]
May 29 20:31:28.952522 kernel: pci_bus 0000:07: resource 1 [mem 0xc4900000-0xc4afffff]
May 29 20:31:28.952548 kernel: pci_bus 0000:07: resource 2 [mem 0x485000000-0x485ffffff 64bit pref]
May 29 20:31:28.952582 kernel: pci_bus 0000:08: resource 1 [mem 0xc4b00000-0xc4cfffff]
May 29 20:31:28.952608 kernel: pci_bus 0000:08: resource 2 [mem 0x486000000-0x486ffffff 64bit pref]
May 29 20:31:28.952639 kernel: pci_bus 0000:09: resource 1 [mem 0xc4d00000-0xc4efffff]
May 29 20:31:28.952667 kernel: pci_bus 0000:09: resource 2 [mem 0x487000000-0x487ffffff 64bit pref]
May 29 20:31:28.952699 kernel: pci_bus 0000:0a: resource 1 [mem 0xc4f00000-0xc50fffff]
May 29 20:31:28.952725 kernel: pci_bus 0000:0a: resource 2 [mem 0x488000000-0x488ffffff 64bit pref]
May 29 20:31:28.952757 kernel: pci_bus 0000:0b: resource 1 [mem 0xc5100000-0xc52fffff]
May 29 20:31:28.952782 kernel: pci_bus 0000:0b: resource 2 [mem 0x489000000-0x489ffffff 64bit pref]
May 29 20:31:28.952814 kernel: pci_bus 0000:0c: resource 1 [mem 0xc5300000-0xc54fffff]
May 29 20:31:28.952839 kernel: pci_bus 0000:0c: resource 2 [mem 0x48a000000-0x48affffff 64bit pref]
May 29 20:31:28.952875 kernel: pci_bus 0000:0d: resource 1 [mem 0xc5500000-0xc56fffff]
May 29 20:31:28.952901 kernel: pci_bus 0000:0d: resource 2 [mem 0x48b000000-0x48bffffff 64bit pref]
May 29 20:31:28.952932 kernel: pci_bus 0000:0e: resource 1 [mem 0xc5700000-0xc58fffff]
May 29 20:31:28.952958 kernel: pci_bus 0000:0e: resource 2 [mem 0x48c000000-0x48cffffff 64bit pref]
May 29 20:31:28.952991 kernel: pci_bus 0000:0f: resource 1 [mem 0xc5900000-0xc5afffff]
May 29 20:31:28.953017 kernel: pci_bus 0000:0f: resource 2 [mem 0x48d000000-0x48dffffff 64bit pref]
May 29 20:31:28.953051 kernel: pci_bus 0000:10: resource 1 [mem 0xc5b00000-0xc5cfffff]
May 29 20:31:28.953077 kernel: pci_bus 0000:10: resource 2 [mem 0x48e000000-0x48effffff 64bit pref]
May 29 20:31:28.953110 kernel: pci_bus 0000:11: resource 1 [mem 0xc5d00000-0xc5efffff]
May 29 20:31:28.953136 kernel: pci_bus 0000:11: resource 2 [mem 0x48f000000-0x48fffffff 64bit pref]
May 29 20:31:28.953169 kernel: pci_bus 0000:12: resource 1 [mem 0xc5f00000-0xc60fffff]
May 29 20:31:28.953195 kernel: pci_bus 0000:12: resource 2 [mem 0x490000000-0x490ffffff 64bit pref]
May 29 20:31:28.953226 kernel: pci_bus 0000:13: resource 1 [mem 0xc6100000-0xc62fffff]
May 29 20:31:28.953252 kernel: pci_bus 0000:13: resource 2 [mem 0x491000000-0x491ffffff 64bit pref]
May 29 20:31:28.953283 kernel: pci_bus 0000:14: resource 1 [mem 0xc6300000-0xc64fffff]
May 29 20:31:28.953308 kernel: pci_bus 0000:14: resource 2 [mem 0x492000000-0x492ffffff 64bit pref]
May 29 20:31:28.953340 kernel: pci_bus 0000:15: resource 1 [mem 0xc6500000-0xc66fffff]
May 29 20:31:28.953366 kernel: pci_bus 0000:15: resource 2 [mem 0x493000000-0x493ffffff 64bit pref]
May 29 20:31:28.953403 kernel: pci_bus 0000:16: resource 1 [mem 0xc6700000-0xc68fffff]
May 29 20:31:28.953429 kernel: pci_bus 0000:16: resource 2 [mem 0x494000000-0x494ffffff 64bit pref]
May 29 20:31:28.953463 kernel: pci_bus 0000:17: resource 1 [mem 0xc6900000-0xc6afffff]
May 29 20:31:28.953489 kernel: pci_bus 0000:17: resource 2 [mem 0x495000000-0x495ffffff 64bit pref]
May 29 20:31:28.953520 kernel: pci_bus 0000:18: resource 1 [mem 0xc6b00000-0xc6cfffff]
May 29 20:31:28.953545 kernel: pci_bus 0000:18: resource 2 [mem 0x496000000-0x496ffffff 64bit pref]
May 29 20:31:28.953577 kernel: pci_bus 0000:19: resource 1 [mem 0xc6d00000-0xc6efffff]
May 29 20:31:28.953603 kernel: pci_bus 0000:19: resource 2 [mem 0x497000000-0x497ffffff 64bit pref]
May 29 20:31:28.953634 kernel: pci_bus 0000:1a: resource 1 [mem 0xc6f00000-0xc70fffff]
May 29 20:31:28.953660 kernel: pci_bus 0000:1a: resource 2 [mem 0x498000000-0x498ffffff 64bit pref]
May 29 20:31:28.953695 kernel: pci_bus 0000:1b: resource 1 [mem 0xc7100000-0xc72fffff]
May 29 20:31:28.953721 kernel: pci_bus 0000:1b: resource 2 [mem 0x499000000-0x499ffffff 64bit pref]
May 29 20:31:28.953754 kernel: pci_bus 0000:1c: resource 1 [mem 0xc7300000-0xc74fffff]
May 29 20:31:28.953779 kernel: pci_bus 0000:1c: resource 2 [mem 0x49a000000-0x49affffff 64bit pref]
May 29 20:31:28.953811 kernel: pci_bus 0000:1d: resource 1 [mem 0xc7500000-0xc76fffff]
May 29 20:31:28.953838 kernel: pci_bus 0000:1d: resource 2 [mem 0x49b000000-0x49bffffff 64bit pref]
May 29 20:31:28.953869 kernel: pci_bus 0000:1e: resource 1 [mem 0xc7700000-0xc78fffff]
May 29 20:31:28.953895 kernel: pci_bus 0000:1e: resource 2 [mem 0x49c000000-0x49cffffff 64bit pref]
May 29 20:31:28.953927 kernel: pci_bus 0000:1f: resource 1 [mem 0xc7900000-0xc7afffff]
May 29 20:31:28.953952 kernel: pci_bus 0000:1f: resource 2 [mem 0x49d000000-0x49dffffff 64bit pref]
May 29 20:31:28.953986 kernel: pci_bus 0000:20: resource 1 [mem 0xc7b00000-0xc7cfffff]
May 29 20:31:28.954012 kernel: pci_bus 0000:20: resource 2 [mem 0x49e000000-0x49effffff 64bit pref]
May 29 20:31:28.954043 kernel: pci_bus 0000:21: resource 1 [mem 0xc7d00000-0xc7efffff]
May 29 20:31:28.954076 kernel: pci_bus 0000:21: resource 2 [mem 0x49f000000-0x49fffffff 64bit pref]
May 29 20:31:28.954109 kernel: pci_bus 0000:22: resource 1 [mem 0xc7f00000-0xc80fffff]
May 29 20:31:28.954137 kernel: pci_bus 0000:22: resource 2 [mem 0x4a0000000-0x4a0ffffff 64bit pref]
May 29 20:31:28.954169 kernel: pci_bus 0000:23: resource 1 [mem 0xc8100000-0xc82fffff]
May 29 20:31:28.954195 kernel: pci_bus 0000:23: resource 2 [mem 0x4a1000000-0x4a1ffffff 64bit pref]
May 29 20:31:28.954234 kernel: pci 0000:26:00.0: PCI bridge to [bus 27]
May 29 20:31:28.954264 kernel: pci 0000:26:00.0:   bridge window [mem 0xc8700000-0xc88fffff]
May 29 20:31:28.954292 kernel: pci 0000:26:00.0:   bridge window [mem 0x4a2000000-0x4a2ffffff 64bit pref]
May 29 20:31:28.954324 kernel: pci 0000:26:00.1: PCI bridge to [bus 28]
May 29 20:31:28.954352 kernel: pci 0000:26:00.1:   bridge window [mem 0xc8900000-0xc8afffff]
May 29 20:31:28.954379 kernel: pci 0000:26:00.1:   bridge window [mem 0x4a3000000-0x4a3ffffff 64bit pref]
May 29 20:31:28.954503 kernel: pci 0000:26:00.2: PCI bridge to [bus 29]
May 29 20:31:28.954530 kernel: pci 0000:26:00.2:   bridge window [mem 0xc8b00000-0xc8cfffff]
May 29 20:31:28.954557 kernel: pci 0000:26:00.2:   bridge window [mem 0x4a4000000-0x4a4ffffff 64bit pref]
May 29 20:31:28.954587 kernel: pci 0000:26:00.3: PCI bridge to [bus 2a]
May 29 20:31:28.954614 kernel: pci 0000:26:00.3:   bridge window [mem 0xc8d00000-0xc8efffff]
May 29 20:31:28.954641 kernel: pci 0000:26:00.3:   bridge window [mem 0x4a5000000-0x4a5ffffff 64bit pref]
May 29 20:31:28.954670 kernel: pci 0000:26:00.4: PCI bridge to [bus 2b]
May 29 20:31:28.954697 kernel: pci 0000:26:00.4:   bridge window [mem 0xc8f00000-0xc90fffff]
May 29 20:31:28.954723 kernel: pci 0000:26:00.4:   bridge window [mem 0x4a6000000-0x4a6ffffff 64bit pref]
May 29 20:31:28.954752 kernel: pci 0000:25:00.0: PCI bridge to [bus 26-2b]
May 29 20:31:28.954778 kernel: pci 0000:25:00.0:   bridge window [mem 0xc8600000-0xc90fffff]
May 29 20:31:28.954803 kernel: pci 0000:25:00.0:   bridge window [mem 0x4a2000000-0x4a6ffffff 64bit pref]
May 29 20:31:28.954832 kernel: pci 0000:24:00.0: PCI bridge to [bus 25-2b]
May 29 20:31:28.954856 kernel: pci 0000:24:00.0:   bridge window [mem 0xc8500000-0xc90fffff]
May 29 20:31:28.954881 kernel: pci 0000:24:00.0:   bridge window [mem 0x4a2000000-0x4a6ffffff 64bit pref]
May 29 20:31:28.954905 kernel: pci_bus 0000:24: resource 4 [mem 0xc8400000-0xc90fffff window]
May 29 20:31:28.954928 kernel: pci_bus 0000:24: resource 5 [mem 0x4a2000000-0x4a6ffffff window]
May 29 20:31:28.954957 kernel: pci_bus 0000:25: resource 1 [mem 0xc8500000-0xc90fffff]
May 29 20:31:28.954981 kernel: pci_bus 0000:25: resource 2 [mem 0x4a2000000-0x4a6ffffff 64bit pref]
May 29 20:31:28.955013 kernel: pci_bus 0000:26: resource 1 [mem 0xc8600000-0xc90fffff]
May 29 20:31:28.955038 kernel: pci_bus 0000:26: resource 2 [mem 0x4a2000000-0x4a6ffffff 64bit pref]
May 29 20:31:28.955070 kernel: pci_bus 0000:27: resource 1 [mem 0xc8700000-0xc88fffff]
May 29 20:31:28.955096 kernel: pci_bus 0000:27: resource 2 [mem 0x4a2000000-0x4a2ffffff 64bit pref]
May 29 20:31:28.955127 kernel: pci_bus 0000:28: resource 1 [mem 0xc8900000-0xc8afffff]
May 29 20:31:28.955153 kernel: pci_bus 0000:28: resource 2 [mem 0x4a3000000-0x4a3ffffff 64bit pref]
May 29 20:31:28.955184 kernel: pci_bus 0000:29: resource 1 [mem 0xc8b00000-0xc8cfffff]
May 29 20:31:28.955210 kernel: pci_bus 0000:29: resource 2 [mem 0x4a4000000-0x4a4ffffff 64bit pref]
May 29 20:31:28.955241 kernel: pci_bus 0000:2a: resource 1 [mem 0xc8d00000-0xc8efffff]
May 29 20:31:28.955266 kernel: pci_bus 0000:2a: resource 2 [mem 0x4a5000000-0x4a5ffffff 64bit pref]
May 29 20:31:28.955299 kernel: pci_bus 0000:2b: resource 1 [mem 0xc8f00000-0xc90fffff]
May 29 20:31:28.955326 kernel: pci_bus 0000:2b: resource 2 [mem 0x4a6000000-0x4a6ffffff 64bit pref]
May 29 20:31:28.955356 kernel: pci 0000:00:00.0: Limiting direct PCI/PCI transfers
May 29 20:31:28.955359 kernel: PCI: CLS 0 bytes, default 64
May 29 20:31:28.955362 kernel: PCI-DMA: Using software bounce buffering for IO (SWIOTLB)
May 29 20:31:28.955365 kernel: Trying to unpack rootfs image as initramfs...
May 29 20:31:28.955368 kernel: software IO TLB: mapped [mem 0x00000000bbfe8000-0x00000000bffe8000] (64MB)
May 29 20:31:28.955370 kernel: ACPI: bus type thunderbolt registered
May 29 20:31:28.955373 kernel: clocksource: tsc: mask: 0xffffffffffffffff max_cycles: 0x257a386c905, max_idle_ns: 440795250529 ns
May 29 20:31:28.955376 kernel: clocksource: Switched to clocksource tsc
May 29 20:31:28.955378 kernel: Initialise system trusted keyrings
May 29 20:31:28.955381 kernel: Key type blacklist registered
May 29 20:31:28.955390 kernel: workingset: timestamp_bits=36 max_order=22 bucket_order=0
May 29 20:31:28.955393 kernel: zbud: loaded
May 29 20:31:28.955395 kernel: integrity: Platform Keyring initialized
May 29 20:31:28.955398 kernel: integrity: Machine keyring initialized
May 29 20:31:28.955400 kernel: NET: Registered PF_ALG protocol family
May 29 20:31:28.955403 kernel: xor: automatically using best checksumming function   avx       
May 29 20:31:28.955405 kernel: Key type asymmetric registered
May 29 20:31:28.955408 kernel: Asymmetric key parser 'x509' registered
May 29 20:31:28.955411 kernel: Block layer SCSI generic (bsg) driver version 0.4 loaded (major 246)
May 29 20:31:28.955413 kernel: io scheduler mq-deadline registered
May 29 20:31:28.955415 kernel: io scheduler kyber registered
May 29 20:31:28.955418 kernel: io scheduler bfq registered
May 29 20:31:28.955421 kernel: atomic64_test: passed for x86-64 platform with CX8 and with SSE
May 29 20:31:28.955449 kernel: pcieport 0000:01:00.0: PME: Signaling with IRQ 24
May 29 20:31:28.955476 kernel: pcieport 0000:01:00.0: pciehp: Slot #0 AttnBtn+ PwrCtrl+ MRL- AttnInd+ PwrInd+ HotPlug+ Surprise- Interlock- NoCompl+ IbPresDis- LLActRep+
May 29 20:31:28.955507 kernel: pcieport 0000:03:00.0: pciehp: Slot #2 AttnBtn+ PwrCtrl+ MRL- AttnInd+ PwrInd+ HotPlug+ Surprise- Interlock- NoCompl+ IbPresDis- LLActRep+
May 29 20:31:28.955537 kernel: pcieport 0000:03:00.1: pciehp: Slot #3 AttnBtn+ PwrCtrl+ MRL- AttnInd+ PwrInd+ HotPlug+ Surprise- Interlock- NoCompl+ IbPresDis- LLActRep+
May 29 20:31:28.955567 kernel: pcieport 0000:03:00.2: pciehp: Slot #4 AttnBtn+ PwrCtrl+ MRL- AttnInd+ PwrInd+ HotPlug+ Surprise- Interlock- NoCompl+ IbPresDis- LLActRep+
May 29 20:31:28.955598 kernel: pcieport 0000:03:00.3: pciehp: Slot #5 AttnBtn+ PwrCtrl+ MRL- AttnInd+ PwrInd+ HotPlug+ Surprise- Interlock- NoCompl+ IbPresDis- LLActRep+
May 29 20:31:28.955627 kernel: pcieport 0000:03:00.4: pciehp: Slot #6 AttnBtn+ PwrCtrl+ MRL- AttnInd+ PwrInd+ HotPlug+ Surprise- Interlock- NoCompl+ IbPresDis- LLActRep+
May 29 20:31:28.955658 kernel: pcieport 0000:03:00.5: pciehp: Slot #7 AttnBtn+ PwrCtrl+ MRL- AttnInd+ PwrInd+ HotPlug+ Surprise- Interlock- NoCompl+ IbPresDis- LLActRep+
May 29 20:31:28.955690 kernel: pcieport 0000:03:00.6: pciehp: Slot #8 AttnBtn+ PwrCtrl+ MRL- AttnInd+ PwrInd+ HotPlug+ Surprise- Interlock- NoCompl+ IbPresDis- LLActRep+
May 29 20:31:28.955720 kernel: pcieport 0000:03:00.7: pciehp: Slot #9 AttnBtn+ PwrCtrl+ MRL- AttnInd+ PwrInd+ HotPlug+ Surprise- Interlock- NoCompl+ IbPresDis- LLActRep+
May 29 20:31:28.955751 kernel: pcieport 0000:03:01.0: pciehp: Slot #10 AttnBtn+ PwrCtrl+ MRL- AttnInd+ PwrInd+ HotPlug+ Surprise- Interlock- NoCompl+ IbPresDis- LLActRep+
May 29 20:31:28.955786 kernel: pcieport 0000:03:01.1: pciehp: Slot #11 AttnBtn+ PwrCtrl+ MRL- AttnInd+ PwrInd+ HotPlug+ Surprise- Interlock- NoCompl+ IbPresDis- LLActRep+
May 29 20:31:28.955826 kernel: pcieport 0000:03:01.2: pciehp: Slot #12 AttnBtn+ PwrCtrl+ MRL- AttnInd+ PwrInd+ HotPlug+ Surprise- Interlock- NoCompl+ IbPresDis- LLActRep+
May 29 20:31:28.955857 kernel: pcieport 0000:03:01.3: pciehp: Slot #13 AttnBtn+ PwrCtrl+ MRL- AttnInd+ PwrInd+ HotPlug+ Surprise- Interlock- NoCompl+ IbPresDis- LLActRep+
May 29 20:31:28.955887 kernel: pcieport 0000:03:01.4: pciehp: Slot #14 AttnBtn+ PwrCtrl+ MRL- AttnInd+ PwrInd+ HotPlug+ Surprise- Interlock- NoCompl+ IbPresDis- LLActRep+
May 29 20:31:28.955916 kernel: pcieport 0000:03:01.5: pciehp: Slot #15 AttnBtn+ PwrCtrl+ MRL- AttnInd+ PwrInd+ HotPlug+ Surprise- Interlock- NoCompl+ IbPresDis- LLActRep+
May 29 20:31:28.955946 kernel: pcieport 0000:03:01.6: pciehp: Slot #16 AttnBtn+ PwrCtrl+ MRL- AttnInd+ PwrInd+ HotPlug+ Surprise- Interlock- NoCompl+ IbPresDis- LLActRep+
May 29 20:31:28.955976 kernel: pcieport 0000:03:01.7: pciehp: Slot #17 AttnBtn+ PwrCtrl+ MRL- AttnInd+ PwrInd+ HotPlug+ Surprise- Interlock- NoCompl+ IbPresDis- LLActRep+
May 29 20:31:28.956005 kernel: pcieport 0000:03:02.0: pciehp: Slot #18 AttnBtn+ PwrCtrl+ MRL- AttnInd+ PwrInd+ HotPlug+ Surprise- Interlock- NoCompl+ IbPresDis- LLActRep+
May 29 20:31:28.956034 kernel: pcieport 0000:03:02.1: pciehp: Slot #19 AttnBtn+ PwrCtrl+ MRL- AttnInd+ PwrInd+ HotPlug+ Surprise- Interlock- NoCompl+ IbPresDis- LLActRep+
May 29 20:31:28.956063 kernel: pcieport 0000:03:02.2: pciehp: Slot #20 AttnBtn+ PwrCtrl+ MRL- AttnInd+ PwrInd+ HotPlug+ Surprise- Interlock- NoCompl+ IbPresDis- LLActRep+
May 29 20:31:28.956092 kernel: pcieport 0000:03:02.3: pciehp: Slot #21 AttnBtn+ PwrCtrl+ MRL- AttnInd+ PwrInd+ HotPlug+ Surprise- Interlock- NoCompl+ IbPresDis- LLActRep+
May 29 20:31:28.956122 kernel: pcieport 0000:03:02.4: pciehp: Slot #22 AttnBtn+ PwrCtrl+ MRL- AttnInd+ PwrInd+ HotPlug+ Surprise- Interlock- NoCompl+ IbPresDis- LLActRep+
May 29 20:31:28.956151 kernel: pcieport 0000:03:02.5: pciehp: Slot #23 AttnBtn+ PwrCtrl+ MRL- AttnInd+ PwrInd+ HotPlug+ Surprise- Interlock- NoCompl+ IbPresDis- LLActRep+
May 29 20:31:28.956181 kernel: pcieport 0000:03:02.6: pciehp: Slot #24 AttnBtn+ PwrCtrl+ MRL- AttnInd+ PwrInd+ HotPlug+ Surprise- Interlock- NoCompl+ IbPresDis- LLActRep+
May 29 20:31:28.956210 kernel: pcieport 0000:03:02.7: pciehp: Slot #25 AttnBtn+ PwrCtrl+ MRL- AttnInd+ PwrInd+ HotPlug+ Surprise- Interlock- NoCompl+ IbPresDis- LLActRep+
May 29 20:31:28.956240 kernel: pcieport 0000:03:03.0: pciehp: Slot #26 AttnBtn+ PwrCtrl+ MRL- AttnInd+ PwrInd+ HotPlug+ Surprise- Interlock- NoCompl+ IbPresDis- LLActRep+
May 29 20:31:28.956274 kernel: pcieport 0000:03:03.1: pciehp: Slot #27 AttnBtn+ PwrCtrl+ MRL- AttnInd+ PwrInd+ HotPlug+ Surprise- Interlock- NoCompl+ IbPresDis- LLActRep+
May 29 20:31:28.956309 kernel: pcieport 0000:03:03.2: pciehp: Slot #28 AttnBtn+ PwrCtrl+ MRL- AttnInd+ PwrInd+ HotPlug+ Surprise- Interlock- NoCompl+ IbPresDis- LLActRep+
May 29 20:31:28.956346 kernel: pcieport 0000:03:03.3: pciehp: Slot #29 AttnBtn+ PwrCtrl+ MRL- AttnInd+ PwrInd+ HotPlug+ Surprise- Interlock- NoCompl+ IbPresDis- LLActRep+
May 29 20:31:28.956384 kernel: pcieport 0000:03:03.4: pciehp: Slot #30 AttnBtn+ PwrCtrl+ MRL- AttnInd+ PwrInd+ HotPlug+ Surprise- Interlock- NoCompl+ IbPresDis- LLActRep+
May 29 20:31:28.956855 kernel: pcieport 0000:03:03.5: pciehp: Slot #31 AttnBtn+ PwrCtrl+ MRL- AttnInd+ PwrInd+ HotPlug+ Surprise- Interlock- NoCompl+ IbPresDis- LLActRep+
May 29 20:31:28.956891 kernel: pcieport 0000:03:03.6: pciehp: Slot #32 AttnBtn+ PwrCtrl+ MRL- AttnInd+ PwrInd+ HotPlug+ Surprise- Interlock- NoCompl+ IbPresDis- LLActRep+
May 29 20:31:28.956927 kernel: pcieport 0000:03:03.7: pciehp: Slot #33 AttnBtn+ PwrCtrl+ MRL- AttnInd+ PwrInd+ HotPlug+ Surprise- Interlock- NoCompl+ IbPresDis- LLActRep+
May 29 20:31:28.956959 kernel: pcieport 0000:24:00.0: PME: Signaling with IRQ 57
May 29 20:31:28.956990 kernel: pcieport 0000:24:00.0: pciehp: Slot #1 AttnBtn+ PwrCtrl+ MRL- AttnInd+ PwrInd+ HotPlug+ Surprise- Interlock- NoCompl+ IbPresDis- LLActRep+
May 29 20:31:28.957026 kernel: pcieport 0000:26:00.0: pciehp: Slot #34 AttnBtn+ PwrCtrl+ MRL- AttnInd+ PwrInd+ HotPlug+ Surprise- Interlock- NoCompl+ IbPresDis- LLActRep+
May 29 20:31:28.957059 kernel: pcieport 0000:26:00.1: pciehp: Slot #35 AttnBtn+ PwrCtrl+ MRL- AttnInd+ PwrInd+ HotPlug+ Surprise- Interlock- NoCompl+ IbPresDis- LLActRep+
May 29 20:31:28.957094 kernel: pcieport 0000:26:00.2: pciehp: Slot #36 AttnBtn+ PwrCtrl+ MRL- AttnInd+ PwrInd+ HotPlug+ Surprise- Interlock- NoCompl+ IbPresDis- LLActRep+
May 29 20:31:28.957127 kernel: pcieport 0000:26:00.3: pciehp: Slot #37 AttnBtn+ PwrCtrl+ MRL- AttnInd+ PwrInd+ HotPlug+ Surprise- Interlock- NoCompl+ IbPresDis- LLActRep+
May 29 20:31:28.957162 kernel: pcieport 0000:26:00.4: pciehp: Slot #38 AttnBtn+ PwrCtrl+ MRL- AttnInd+ PwrInd+ HotPlug+ Surprise- Interlock- NoCompl+ IbPresDis- LLActRep+
May 29 20:31:28.957167 kernel: shpchp: Standard Hot Plug PCI Controller Driver version: 0.4
May 29 20:31:28.957169 kernel: input: Power Button as /devices/LNXSYSTM:00/LNXPWRBN:00/input/input0
May 29 20:31:28.957174 kernel: ACPI: button: Power Button [PWRF]
May 29 20:31:28.957176 kernel: input: Sleep Button as /devices/LNXSYSTM:00/LNXSLPBN:00/input/input1
May 29 20:31:28.957182 kernel: ACPI: button: Sleep Button [SLPF]
May 29 20:31:28.957184 kernel: Monitor-Mwait will be used to enter C-1 state
May 29 20:31:28.957189 kernel: ACPI: \_SB_.CP00: Found 2 idle states
May 29 20:31:28.957191 kernel: ACPI: \_SB_.CP01: Found 2 idle states
May 29 20:31:28.957196 kernel: ACPI: \_SB_.CP02: Found 2 idle states
May 29 20:31:28.957199 kernel: ACPI: \_SB_.CP03: Found 2 idle states
May 29 20:31:28.957202 kernel: Serial: 8250/16550 driver, 4 ports, IRQ sharing enabled
May 29 20:31:28.957205 kernel: 00:04: ttyS0 at I/O 0x3f8 (irq = 4, base_baud = 115200) is a 16550A
May 29 20:31:28.957208 kernel: Non-volatile memory driver v1.3
May 29 20:31:28.957211 kernel: rdac: device handler registered
May 29 20:31:28.957214 kernel: hp_sw: device handler registered
May 29 20:31:28.957218 kernel: emc: device handler registered
May 29 20:31:28.957221 kernel: alua: device handler registered
May 29 20:31:28.957225 kernel: usbcore: registered new interface driver usbserial_generic
May 29 20:31:28.957228 kernel: usbserial: USB Serial support registered for generic
May 29 20:31:28.957232 kernel: i8042: PNP: PS/2 Controller [PNP0303:KBD,PNP0f13:MOU] at 0x60,0x64 irq 1,12
May 29 20:31:28.957234 kernel: Freeing initrd memory: 104172K
May 29 20:31:28.957237 kernel: i8042: Warning: Keylock active
May 29 20:31:28.957241 kernel: serio: i8042 KBD port at 0x60,0x64 irq 1
May 29 20:31:28.957243 kernel: serio: i8042 AUX port at 0x60,0x64 irq 12
May 29 20:31:28.957247 kernel: mousedev: PS/2 mouse device common for all mice
May 29 20:31:28.957281 kernel: rtc_cmos 00:00: RTC can wake from S4
May 29 20:31:28.957305 kernel: rtc_cmos 00:00: registered as rtc0
May 29 20:31:28.957328 kernel: rtc_cmos 00:00: setting system clock to 2026-05-29T20:31:28 UTC (1780086688)
May 29 20:31:28.957350 kernel: rtc_cmos 00:00: alarms up to one day, 114 bytes nvram
May 29 20:31:28.957353 kernel: amd_pstate: The CPPC feature is supported but currently disabled by the BIOS.
                               Please enable it if your BIOS has the CPPC option.
May 29 20:31:28.957356 kernel: amd_pstate: the _CPC object is not present in SBIOS or ACPI disabled
May 29 20:31:28.957358 kernel: hid: raw HID events driver (C) Jiri Kosina
May 29 20:31:28.957361 kernel: usbcore: registered new interface driver usbhid
May 29 20:31:28.957363 kernel: usbhid: USB HID core driver
May 29 20:31:28.957366 kernel: drop_monitor: Initializing network drop monitor service
May 29 20:31:28.957368 kernel: Initializing XFRM netlink socket
May 29 20:31:28.957371 kernel: NET: Registered PF_INET6 protocol family
May 29 20:31:28.957374 kernel: Segment Routing with IPv6
May 29 20:31:28.957377 kernel: NET: Registered PF_PACKET protocol family
May 29 20:31:28.957379 kernel: mpls_gso: MPLS GSO support
May 29 20:31:28.957382 kernel: IPI shorthand broadcast: enabled
May 29 20:31:28.957384 kernel: AVX2 version of gcm_enc/dec engaged.
May 29 20:31:28.957392 kernel: AES CTR mode by8 optimization enabled
May 29 20:31:28.957395 kernel: sched_clock: Marking stable (2185233501, 521046274)->(2771885770, -65605995)
May 29 20:31:28.957398 kernel: registered taskstats version 1
May 29 20:31:28.957400 kernel: Loading compiled-in X.509 certificates
May 29 20:31:28.957403 kernel: Loaded X.509 cert 'Red Hat Enterprise Linux kernel signing key: 300cbdfacc279a7dbb14021e37e33aa77fe6a2a1'
May 29 20:31:28.957406 kernel: Loaded X.509 cert 'Red Hat Enterprise Linux Driver Update Program (key 3): bf57f3e87362bc7229d9f465321773dfd1f77a80'
May 29 20:31:28.957408 kernel: Loaded X.509 cert 'Red Hat Enterprise Linux kpatch signing key: 4d38fd864ebe18c5f0b72e3852e2014c3a676fc8'
May 29 20:31:28.957411 kernel: Loaded X.509 cert 'RH-IMA-CA: Red Hat IMA CA: fb31825dd0e073685b264e3038963673f753959a'
May 29 20:31:28.957415 kernel: Loaded X.509 cert 'Nvidia GPU OOT signing 001: 55e1cef88193e60419f0b0ec379c49f77545acf0'
May 29 20:31:28.957417 kernel: Demotion targets for Node 0: null
May 29 20:31:28.957420 kernel: page_owner is disabled
May 29 20:31:28.957422 kernel: Key type .fscrypt registered
May 29 20:31:28.957425 kernel: Key type fscrypt-provisioning registered
May 29 20:31:28.957428 kernel: Key type big_key registered
May 29 20:31:28.957430 kernel: Key type encrypted registered
May 29 20:31:28.957433 kernel: ima: No TPM chip found, activating TPM-bypass!
May 29 20:31:28.957435 kernel: Loading compiled-in module X.509 certificates
May 29 20:31:28.957438 kernel: Loaded X.509 cert 'Red Hat Enterprise Linux kernel signing key: 300cbdfacc279a7dbb14021e37e33aa77fe6a2a1'
May 29 20:31:28.957440 kernel: ima: Allocated hash algorithm: sha256
May 29 20:31:28.957443 kernel: ima: No architecture policies found
May 29 20:31:28.957446 kernel: evm: Initialising EVM extended attributes:
May 29 20:31:28.957449 kernel: evm: security.selinux
May 29 20:31:28.957451 kernel: evm: security.SMACK64 (disabled)
May 29 20:31:28.957454 kernel: evm: security.SMACK64EXEC (disabled)
May 29 20:31:28.957456 kernel: evm: security.SMACK64TRANSMUTE (disabled)
May 29 20:31:28.957459 kernel: evm: security.SMACK64MMAP (disabled)
May 29 20:31:28.957461 kernel: evm: security.apparmor (disabled)
May 29 20:31:28.957464 kernel: evm: security.ima
May 29 20:31:28.957466 kernel: evm: security.capability
May 29 20:31:28.957469 kernel: evm: HMAC attrs: 0x1
May 29 20:31:28.957471 kernel: Running certificate verification RSA selftest
May 29 20:31:28.957474 kernel: Loaded X.509 cert 'Certificate verification self-testing key: f58703bb33ce1b73ee02eccdee5b8817518fe3db'
May 29 20:31:28.957477 kernel: Running certificate verification ECDSA selftest
May 29 20:31:28.957480 kernel: Loaded X.509 cert 'Certificate verification ECDSA self-testing key: 2900bcea1deb7bc8479a84a23d758efdfdd2b2d3'
May 29 20:31:28.957482 kernel: clk: Disabling unused clocks
May 29 20:31:28.957485 kernel: Freeing unused decrypted memory: 2028K
May 29 20:31:28.957487 kernel: Freeing unused kernel image (initmem) memory: 4044K
May 29 20:31:28.957490 kernel: Write protecting the kernel read-only data: 30720k
May 29 20:31:28.957492 kernel: Freeing unused kernel image (rodata/data gap) memory: 708K
May 29 20:31:28.957495 kernel: x86/mm: Checked W+X mappings: passed, no W+X pages found.
May 29 20:31:28.957497 kernel: Run /init as init process
May 29 20:31:28.957500 kernel:   with arguments:
May 29 20:31:28.957502 kernel:     /init
May 29 20:31:28.957505 kernel:   with environment:
May 29 20:31:28.957508 kernel:     HOME=/
May 29 20:31:28.957510 kernel:     TERM=linux
May 29 20:31:28.957513 kernel:     BOOT_IMAGE=(hd0,gpt3)/boot/ostree/rhcos-617b0e78715ed36bc2244f65434be3f79c4e5cc41b856cce9de411575dfca7bd/vmlinuz-5.14.0-570.55.1.el9_6.x86_64
May 29 20:31:28.957516 kernel:     ostree=/ostree/boot.1/rhcos/617b0e78715ed36bc2244f65434be3f79c4e5cc41b856cce9de411575dfca7bd/0
May 29 20:31:28.957535 systemd-journald.service[376]: Missed 38 kernel messages
May 29 20:31:28.957550 kernel: fuse: init (API version 7.37)
May 29 20:31:28.957557 systemd-journald.service[376]: Journal started
May 29 20:31:28.957578 systemd-journald.service[376]: Runtime Journal (/run/log/journal/ec20bf99f71b7909ef61ce92417002eb) is 8.0M, max 313.2M, 305.2M free.
May 29 20:31:28.948502 rdma-load-modules@infiniband.service[369]: Inserted module 'ib_ipoib'
May 29 20:31:28.952052 rdma-load-modules@infiniband.service[369]: Inserted module 'ib_umad'
May 29 20:31:28.952128 systemd-modules-load.service[377]: Inserted module 'fuse'
May 29 20:31:28.952169 systemd-modules-load.service[377]: Module 'msr' is built in
May 29 20:31:28.964556 systemd-journald.service[376]: Missed 5 kernel messages
May 29 20:31:28.964556 kernel: Loading iSCSI transport class v2.0-870.
May 29 20:31:28.970450 kernel: iscsi: registered transport (iser)
May 29 20:31:28.970586 rdma-load-modules@rdma.service[370]: Inserted module 'ib_iser'
May 29 20:31:28.987393 systemd-journald.service[376]: Missed 1 kernel messages
May 29 20:31:28.987393 kernel: Rounding down aligned max_sectors from 4294967295 to 4294967288
May 29 20:31:28.987408 kernel: db_root: cannot open: /etc/target
May 29 20:31:29.000804 kernel: input: AT Translated Set 2 keyboard as /devices/platform/i8042/serio0/input/input2
May 29 20:31:29.005660 rdma-load-modules@rdma.service[370]: Inserted module 'ib_isert'
May 29 20:31:29.016348 rdma-load-modules@rdma.service[370]: Inserted module 'ib_srpt'
May 29 20:31:29.033917 rdma-load-modules@rdma.service[370]: Inserted module 'ib_uverbs'
May 29 20:31:29.035953 rdma-load-modules@rdma.service[370]: Inserted module 'rdma_ucm'
May 29 20:31:29.043699 init.scope[1]: Finished CoreOS: Touch /run/agetty.reload.
May 29 20:31:29.045562 init.scope[1]: Finished Create List of Static Device Nodes.
May 29 20:31:29.050353 init.scope[1]: Finished Load RDMA modules from /etc/rdma/modules/infiniband.conf.
May 29 20:31:29.055573 init.scope[1]: Finished Load RDMA modules from /etc/rdma/modules/roce.conf.
May 29 20:31:29.060547 init.scope[1]: Finished Load Kernel Modules.
May 29 20:31:29.065658 init.scope[1]: Finished Setup Virtual Console.
May 29 20:31:29.072031 systemd-journald.service[376]: Missed 11 kernel messages
May 29 20:31:29.072031 kernel: RPC: Registered named UNIX socket transport module.
May 29 20:31:29.072050 kernel: RPC: Registered udp transport module.
May 29 20:31:29.072786 init.scope[1]: Starting dracut ask for additional cmdline parameters...
May 29 20:31:29.076203 systemd-journald.service[376]: Missed 1 kernel messages
May 29 20:31:29.076203 kernel: RPC: Registered tcp transport module.
May 29 20:31:29.077694 kernel: RPC: Registered tcp-with-tls transport module.
May 29 20:31:29.079281 kernel: RPC: Registered tcp NFSv4.1 backchannel transport module.
May 29 20:31:29.081659 init.scope[1]: Starting Apply Kernel Variables...
May 29 20:31:29.083188 systemd-sysusers.service[380]: Creating group 'root' with GID 991.
May 29 20:31:29.086281 init.scope[1]: Finished Create System Users.
May 29 20:31:29.087294 init.scope[1]: Starting Create Static Device Nodes in /dev...
May 29 20:31:29.088173 init.scope[1]: Starting Create Volatile Files and Directories...
May 29 20:31:29.091167 init.scope[1]: Finished Apply Kernel Variables.
May 29 20:31:29.095309 init.scope[1]: Finished dracut ask for additional cmdline parameters.
May 29 20:31:29.105342 systemd-journald.service[376]: Missed 7 kernel messages
May 29 20:31:29.105342 kernel: RPC: Registered rdma transport module.
May 29 20:31:29.105362 kernel: RPC: Registered rdma backchannel transport module.
May 29 20:31:29.107021 rdma-load-modules@rdma.service[370]: Inserted module 'rpcrdma'
May 29 20:31:29.108483 init.scope[1]: Starting dracut cmdline hook...
May 29 20:31:29.113324 dracut-cmdline.service[410]: dracut-9.6.20251015-1 (Plow) dracut-057-88.git20250311.el9_6
May 29 20:31:29.167317 dracut-cmdline.service[410]: Using kernel command line parameters:  ip=auto   BOOT_IMAGE=(hd0,gpt3)/boot/ostree/rhcos-617b0e78715ed36bc2244f65434be3f79c4e5cc41b856cce9de411575dfca7bd/vmlinuz-5.14.0-570.55.1.el9_6.x86_64 rw ignition.firstboot ostree=/ostree/boot.1/rhcos/617b0e78715ed36bc2244f65434be3f79c4e5cc41b856cce9de411575dfca7bd/0 ignition.platform.id=aws console=tty0 console=ttyS0,115200n8
May 29 20:31:29.113636 init.scope[1]: Finished Load RDMA modules from /etc/rdma/modules/rdma.conf.
May 29 20:31:29.175715 init.scope[1]: Reached target Preparation for Network.
May 29 20:31:29.182632 systemd-journald.service[376]: Missed 6 kernel messages
May 29 20:31:29.182632 kernel: iscsi: registered transport (tcp)
May 29 20:31:29.184857 init.scope[1]: Finished Create Static Device Nodes in /dev.
May 29 20:31:29.192131 init.scope[1]: Finished Create Volatile Files and Directories.
May 29 20:31:29.199396 systemd-journald.service[376]: Missed 2 kernel messages
May 29 20:31:29.199396 kernel: Warning: Deprecated Driver is detected: qla4xxx will not be maintained in a future major release and may be disabled
May 29 20:31:29.203489 kernel: iscsi: registered transport (qla4xxx)
May 29 20:31:29.203494 kernel: QLogic iSCSI HBA Driver
May 29 20:31:29.212394 kernel: libcxgbi:libcxgbi_init_module: Chelsio iSCSI driver library libcxgbi v0.9.1-ko (Apr. 2015)
May 29 20:31:29.242914 kernel: Chelsio T4-T6 iSCSI Driver cxgb4i v0.9.5-ko (Apr. 2015)
May 29 20:31:29.242918 kernel: iscsi: registered transport (cxgb4i)
May 29 20:31:29.252394 kernel: Warning: Deprecated Driver is detected: cnic will not be maintained in a future major release and may be disabled
May 29 20:31:29.255394 kernel: cnic: QLogic cnicDriver v2.5.22 (July 20, 2015)
May 29 20:31:29.261206 kernel: Warning: Deprecated Driver is detected: bnx2i will not be maintained in a future major release and may be disabled
