May 29 20:49:00.881115 kernel: Linux version 5.14.0-570.55.1.el9_6.x86_64 (mockbuild@x86-64-04.build.eng.rdu2.redhat.com) (gcc (GCC) 11.5.0 20240719 (Red Hat 11.5.0-5), GNU ld version 2.35.2-63.el9) #1 SMP PREEMPT_DYNAMIC Tue Oct 14 01:03:55 EDT 2025
May 29 20:49:00.881128 kernel: The list of certified hardware and cloud instances for Red Hat Enterprise Linux 9 can be viewed at the Red Hat Ecosystem Catalog, https://catalog.redhat.com.
May 29 20:49:00.881132 kernel: Command line: BOOT_IMAGE=(hd0,gpt3)/boot/ostree/rhcos-617b0e78715ed36bc2244f65434be3f79c4e5cc41b856cce9de411575dfca7bd/vmlinuz-5.14.0-570.55.1.el9_6.x86_64 rw ignition.firstboot ostree=/ostree/boot.1/rhcos/617b0e78715ed36bc2244f65434be3f79c4e5cc41b856cce9de411575dfca7bd/0 ignition.platform.id=aws console=tty0 console=ttyS0,115200n8
May 29 20:49:00.881135 kernel: BIOS-provided physical RAM map:
May 29 20:49:00.881138 kernel: BIOS-e820: [mem 0x0000000000000000-0x000000000009fbff] usable
May 29 20:49:00.881140 kernel: BIOS-e820: [mem 0x000000000009fc00-0x000000000009ffff] reserved
May 29 20:49:00.881143 kernel: BIOS-e820: [mem 0x00000000000f0000-0x00000000000fffff] reserved
May 29 20:49:00.881145 kernel: BIOS-e820: [mem 0x0000000000100000-0x00000000bffe7fff] usable
May 29 20:49:00.881148 kernel: BIOS-e820: [mem 0x00000000bffe8000-0x00000000bfffffff] reserved
May 29 20:49:00.881150 kernel: BIOS-e820: [mem 0x00000000e0000000-0x00000000e03fffff] reserved
May 29 20:49:00.881152 kernel: BIOS-e820: [mem 0x00000000fffc0000-0x00000000ffffffff] reserved
May 29 20:49:00.881154 kernel: BIOS-e820: [mem 0x0000000100000000-0x000000042b3fffff] usable
May 29 20:49:00.881156 kernel: BIOS-e820: [mem 0x000000042b400000-0x000000043fffffff] reserved
May 29 20:49:00.881159 kernel: BIOS-e820: [mem 0x0000000440100000-0x0000000442bfffff] reserved
May 29 20:49:00.881161 kernel: NX (Execute Disable) protection: active
May 29 20:49:00.881163 kernel: APIC: Static calls initialized
May 29 20:49:00.881166 kernel: SMBIOS 2.7 present.
May 29 20:49:00.881168 kernel: DMI: Amazon EC2 m8a.xlarge/, BIOS 1.0 10/16/2017
May 29 20:49:00.881170 kernel: Hypervisor detected: KVM
May 29 20:49:00.881172 kernel: kvm-clock: Using msrs 4b564d01 and 4b564d00
May 29 20:49:00.881175 kernel: kvm-clock: using sched offset of 29966142270 cycles
May 29 20:49:00.881177 kernel: clocksource: kvm-clock: mask: 0xffffffffffffffff max_cycles: 0x1cd42e4dffb, max_idle_ns: 881590591483 ns
May 29 20:49:00.881180 kernel: tsc: Detected 2599.998 MHz processor
May 29 20:49:00.881182 kernel: e820: update [mem 0x00000000-0x00000fff] usable ==> reserved
May 29 20:49:00.881185 kernel: e820: remove [mem 0x000a0000-0x000fffff] usable
May 29 20:49:00.881187 kernel: last_pfn = 0x42b400 max_arch_pfn = 0x400000000
May 29 20:49:00.881189 kernel: MTRR map: 4 entries (3 fixed + 1 variable; max 19), built from 8 variable MTRRs
May 29 20:49:00.881192 kernel: x86/PAT: Configuration [0-7]: WB  WC  UC- UC  WB  WP  UC- WT  
May 29 20:49:00.881194 kernel: last_pfn = 0xbffe8 max_arch_pfn = 0x400000000
May 29 20:49:00.881196 kernel: Using GB pages for direct mapping
May 29 20:49:00.881199 kernel: RAMDISK: [mem 0x2b47b000-0x31a35fff]
May 29 20:49:00.881201 kernel: ACPI: Early table checksum verification disabled
May 29 20:49:00.881204 kernel: ACPI: RSDP 0x00000000000F8F00 000014 (v00 AMAZON)
May 29 20:49:00.881206 kernel: ACPI: RSDT 0x00000000BFFECC40 000048 (v01 AMAZON AMZNRSDT 00000001 AMZN 00000001)
May 29 20:49:00.881209 kernel: ACPI: WAET 0x00000000BFFEFFC0 000028 (v01 AMAZON AMZNWAET 00000001 AMZN 00000001)
May 29 20:49:00.881211 kernel: ACPI: SLIT 0x00000000BFFEFF40 00006C (v01 AMAZON AMZNSLIT 00000001 AMZN 00000001)
May 29 20:49:00.881213 kernel: ACPI: APIC 0x00000000BFFEFE80 000086 (v01 AMAZON AMZNAPIC 00000001 AMZN 00000001)
May 29 20:49:00.881215 kernel: ACPI: SRAT 0x00000000BFFEFDC0 0000C0 (v01 AMAZON AMZNSRAT 00000001 AMZN 00000001)
May 29 20:49:00.881218 kernel: ACPI: FACP 0x00000000BFFEFC80 000114 (v01 AMAZON AMZNFACP 00000001 AMZN 00000001)
May 29 20:49:00.881220 kernel: ACPI: DSDT 0x00000000BFFEE5C0 00165D (v01 AMAZON AMZNDSDT 00000001 AMZN 00000001)
May 29 20:49:00.881223 kernel: ACPI: FACS 0x00000000000F8EC0 000040
May 29 20:49:00.881226 kernel: ACPI: HPET 0x00000000BFFEFC40 000038 (v01 AMAZON AMZNHPET 00000001 AMZN 00000001)
May 29 20:49:00.881228 kernel: ACPI: SSDT 0x00000000BFFECE40 001756 (v01 AMAZON AMZNSSDT 00000001 AMZN 00000001)
May 29 20:49:00.881230 kernel: ACPI: SSDT 0x00000000BFFECD40 0000D1 (v01 AMAZON AMZNSSDT 00000001 AMZN 00000001)
May 29 20:49:00.881232 kernel: ACPI: MCFG 0x00000000BFFECCC0 00004C (v01 AMAZON AMZNMCFG 00000001 AMZN 00000001)
May 29 20:49:00.881235 kernel: ACPI: Reserving WAET table memory at [mem 0xbffeffc0-0xbffeffe7]
May 29 20:49:00.881238 kernel: ACPI: Reserving SLIT table memory at [mem 0xbffeff40-0xbffeffab]
May 29 20:49:00.881240 kernel: ACPI: Reserving APIC table memory at [mem 0xbffefe80-0xbffeff05]
May 29 20:49:00.881242 kernel: ACPI: Reserving SRAT table memory at [mem 0xbffefdc0-0xbffefe7f]
May 29 20:49:00.881244 kernel: ACPI: Reserving FACP table memory at [mem 0xbffefc80-0xbffefd93]
May 29 20:49:00.881246 kernel: ACPI: Reserving DSDT table memory at [mem 0xbffee5c0-0xbffefc1c]
May 29 20:49:00.881249 kernel: ACPI: Reserving FACS table memory at [mem 0xf8ec0-0xf8eff]
May 29 20:49:00.881251 kernel: ACPI: Reserving HPET table memory at [mem 0xbffefc40-0xbffefc77]
May 29 20:49:00.881253 kernel: ACPI: Reserving SSDT table memory at [mem 0xbffece40-0xbffee595]
May 29 20:49:00.881255 kernel: ACPI: Reserving SSDT table memory at [mem 0xbffecd40-0xbffece10]
May 29 20:49:00.881257 kernel: ACPI: Reserving MCFG table memory at [mem 0xbffeccc0-0xbffecd0b]
May 29 20:49:00.881260 kernel: SRAT: PXM 0 -> APIC 0x00 -> Node 0
May 29 20:49:00.881262 kernel: SRAT: PXM 0 -> APIC 0x01 -> Node 0
May 29 20:49:00.881264 kernel: SRAT: PXM 0 -> APIC 0x02 -> Node 0
May 29 20:49:00.881266 kernel: SRAT: PXM 0 -> APIC 0x03 -> Node 0
May 29 20:49:00.881269 kernel: ACPI: SRAT: Node 0 PXM 0 [mem 0x00000000-0xbfffffff]
May 29 20:49:00.881271 kernel: ACPI: SRAT: Node 0 PXM 0 [mem 0x100000000-0x43fffffff]
May 29 20:49:00.881274 kernel: NUMA: Initialized distance table, cnt=1
May 29 20:49:00.881276 kernel: NUMA: Node 0 [mem 0x00000000-0xbfffffff] + [mem 0x100000000-0x42b3fffff] -> [mem 0x00000000-0x42b3fffff]
May 29 20:49:00.881278 kernel: NODE_DATA(0) allocated [mem 0x42b3d4000-0x42b3fefff]
May 29 20:49:00.881280 kernel: Zone ranges:
May 29 20:49:00.881283 kernel:   DMA      [mem 0x0000000000001000-0x0000000000ffffff]
May 29 20:49:00.881285 kernel:   DMA32    [mem 0x0000000001000000-0x00000000ffffffff]
May 29 20:49:00.881287 kernel:   Normal   [mem 0x0000000100000000-0x000000042b3fffff]
May 29 20:49:00.881289 kernel:   Device   empty
May 29 20:49:00.881292 kernel: Movable zone start for each node
May 29 20:49:00.881294 kernel: Early memory node ranges
May 29 20:49:00.881297 kernel:   node   0: [mem 0x0000000000001000-0x000000000009efff]
May 29 20:49:00.881299 kernel:   node   0: [mem 0x0000000000100000-0x00000000bffe7fff]
May 29 20:49:00.881301 kernel:   node   0: [mem 0x0000000100000000-0x000000042b3fffff]
May 29 20:49:00.881303 kernel: Initmem setup node 0 [mem 0x0000000000001000-0x000000042b3fffff]
May 29 20:49:00.881306 kernel: On node 0, zone DMA: 1 pages in unavailable ranges
May 29 20:49:00.881308 kernel: On node 0, zone DMA: 97 pages in unavailable ranges
May 29 20:49:00.881310 kernel: On node 0, zone Normal: 24 pages in unavailable ranges
May 29 20:49:00.881312 kernel: On node 0, zone Normal: 19456 pages in unavailable ranges
May 29 20:49:00.881315 kernel: ACPI: PM-Timer IO Port: 0xb008
May 29 20:49:00.881317 kernel: ACPI: LAPIC_NMI (acpi_id[0xff] dfl dfl lint[0x1])
May 29 20:49:00.881319 kernel: IOAPIC[0]: apic_id 0, version 32, address 0xfec00000, GSI 0-23
May 29 20:49:00.881321 kernel: ACPI: INT_SRC_OVR (bus 0 bus_irq 5 global_irq 5 high level)
May 29 20:49:00.881324 kernel: ACPI: INT_SRC_OVR (bus 0 bus_irq 9 global_irq 9 high level)
May 29 20:49:00.881327 kernel: ACPI: INT_SRC_OVR (bus 0 bus_irq 10 global_irq 10 high level)
May 29 20:49:00.881329 kernel: ACPI: INT_SRC_OVR (bus 0 bus_irq 11 global_irq 11 high level)
May 29 20:49:00.881331 kernel: ACPI: Using ACPI (MADT) for SMP configuration information
May 29 20:49:00.881333 kernel: ACPI: HPET id: 0x8086a201 base: 0xfed00000
May 29 20:49:00.881336 kernel: CPU topo: Max. logical packages:   1
May 29 20:49:00.881338 kernel: CPU topo: Max. logical dies:       1
May 29 20:49:00.881340 kernel: CPU topo: Max. dies per package:   1
May 29 20:49:00.881342 kernel: CPU topo: Max. threads per core:   1
May 29 20:49:00.881345 kernel: CPU topo: Num. cores per package:     4
May 29 20:49:00.881347 kernel: CPU topo: Num. threads per package:   4
May 29 20:49:00.881349 kernel: CPU topo: Allowing 4 present CPUs plus 0 hotplug CPUs
May 29 20:49:00.881351 kernel: kvm-guest: APIC: eoi() replaced with kvm_guest_apic_eoi_write()
May 29 20:49:00.881354 kernel: PM: hibernation: Registered nosave memory: [mem 0x00000000-0x00000fff]
May 29 20:49:00.881356 kernel: PM: hibernation: Registered nosave memory: [mem 0x0009f000-0x0009ffff]
May 29 20:49:00.881359 kernel: PM: hibernation: Registered nosave memory: [mem 0x000a0000-0x000effff]
May 29 20:49:00.881361 kernel: PM: hibernation: Registered nosave memory: [mem 0x000f0000-0x000fffff]
May 29 20:49:00.881363 kernel: PM: hibernation: Registered nosave memory: [mem 0xbffe8000-0xbfffffff]
May 29 20:49:00.881366 kernel: PM: hibernation: Registered nosave memory: [mem 0xc0000000-0xdfffffff]
May 29 20:49:00.881368 kernel: PM: hibernation: Registered nosave memory: [mem 0xe0000000-0xe03fffff]
May 29 20:49:00.881370 kernel: PM: hibernation: Registered nosave memory: [mem 0xe0400000-0xfffbffff]
May 29 20:49:00.881372 kernel: PM: hibernation: Registered nosave memory: [mem 0xfffc0000-0xffffffff]
May 29 20:49:00.881374 kernel: [mem 0xc0000000-0xdfffffff] available for PCI devices
May 29 20:49:00.881377 kernel: Booting paravirtualized kernel on KVM
May 29 20:49:00.881379 kernel: clocksource: refined-jiffies: mask: 0xffffffff max_cycles: 0xffffffff, max_idle_ns: 1910969940391419 ns
May 29 20:49:00.881381 kernel: setup_percpu: NR_CPUS:8192 nr_cpumask_bits:4 nr_cpu_ids:4 nr_node_ids:1
May 29 20:49:00.881384 kernel: percpu: Embedded 64 pages/cpu s225280 r8192 d28672 u524288
May 29 20:49:00.881386 kernel: pcpu-alloc: s225280 r8192 d28672 u524288 alloc=1*2097152
May 29 20:49:00.881389 kernel: pcpu-alloc: [0] 0 1 2 3 
May 29 20:49:00.881391 kernel: kvm-guest: PV spinlocks enabled
May 29 20:49:00.881393 kernel: PV qspinlock hash table entries: 256 (order: 0, 4096 bytes, linear)
May 29 20:49:00.881396 kernel: Kernel command line: BOOT_IMAGE=(hd0,gpt3)/boot/ostree/rhcos-617b0e78715ed36bc2244f65434be3f79c4e5cc41b856cce9de411575dfca7bd/vmlinuz-5.14.0-570.55.1.el9_6.x86_64 rw ignition.firstboot ostree=/ostree/boot.1/rhcos/617b0e78715ed36bc2244f65434be3f79c4e5cc41b856cce9de411575dfca7bd/0 ignition.platform.id=aws console=tty0 console=ttyS0,115200n8
May 29 20:49:00.881398 kernel: Unknown kernel command line parameters "BOOT_IMAGE=(hd0,gpt3)/boot/ostree/rhcos-617b0e78715ed36bc2244f65434be3f79c4e5cc41b856cce9de411575dfca7bd/vmlinuz-5.14.0-570.55.1.el9_6.x86_64 ostree=/ostree/boot.1/rhcos/617b0e78715ed36bc2244f65434be3f79c4e5cc41b856cce9de411575dfca7bd/0", will be passed to user space.
May 29 20:49:00.881401 kernel: random: crng init done
May 29 20:49:00.881405 kernel: Dentry cache hash table entries: 2097152 (order: 12, 16777216 bytes, linear)
May 29 20:49:00.881408 kernel: Inode-cache hash table entries: 1048576 (order: 11, 8388608 bytes, linear)
May 29 20:49:00.881410 kernel: Fallback order for Node 0: 0 
May 29 20:49:00.881412 kernel: Built 1 zonelists, mobility grouping on.  Total pages: 4044824
May 29 20:49:00.881415 kernel: Policy zone: Normal
May 29 20:49:00.881417 kernel: mem auto-init: stack:off, heap alloc:off, heap free:off
May 29 20:49:00.881420 kernel: software IO TLB: area num 4.
May 29 20:49:00.881422 kernel: Memory: 3105712K/16436760K available (16384K kernel code, 5766K rwdata, 13628K rodata, 4044K init, 7384K bss, 510692K reserved, 0K cma-reserved)
May 29 20:49:00.881424 kernel: SLUB: HWalign=64, Order=0-3, MinObjects=0, CPUs=4, Nodes=1
May 29 20:49:00.881427 kernel: ftrace: allocating 49069 entries in 192 pages
May 29 20:49:00.881429 kernel: ftrace: allocated 192 pages with 2 groups
May 29 20:49:00.881431 kernel: Dynamic Preempt: voluntary
May 29 20:49:00.881433 kernel: rcu: Preemptible hierarchical RCU implementation.
May 29 20:49:00.881437 kernel: rcu:         RCU event tracing is enabled.
May 29 20:49:00.881439 kernel: rcu:         RCU restricting CPUs from NR_CPUS=8192 to nr_cpu_ids=4.
May 29 20:49:00.881442 kernel:         Trampoline variant of Tasks RCU enabled.
May 29 20:49:00.881444 kernel:         Rude variant of Tasks RCU enabled.
May 29 20:49:00.881446 kernel:         Tracing variant of Tasks RCU enabled.
May 29 20:49:00.881448 kernel: rcu: RCU calculated value of scheduler-enlistment delay is 100 jiffies.
May 29 20:49:00.881451 kernel: rcu: Adjusting geometry for rcu_fanout_leaf=16, nr_cpu_ids=4
May 29 20:49:00.881453 kernel: RCU Tasks: Setting shift to 2 and lim to 1 rcu_task_cb_adjust=1.
May 29 20:49:00.881455 kernel: RCU Tasks Rude: Setting shift to 2 and lim to 1 rcu_task_cb_adjust=1.
May 29 20:49:00.881458 kernel: RCU Tasks Trace: Setting shift to 2 and lim to 1 rcu_task_cb_adjust=1.
May 29 20:49:00.881460 kernel: NR_IRQS: 524544, nr_irqs: 456, preallocated irqs: 16
May 29 20:49:00.881462 kernel: rcu: srcu_init: Setting srcu_struct sizes based on contention.
May 29 20:49:00.881465 kernel: kfence: initialized - using 2097152 bytes for 255 objects at 0x(____ptrval____)-0x(____ptrval____)
May 29 20:49:00.881467 kernel: Console: colour VGA+ 80x25
May 29 20:49:00.881469 kernel: printk: legacy console [tty0] enabled
May 29 20:49:00.881472 kernel: printk: console [ttyS0] enabled
May 29 20:49:00.881474 kernel: ACPI: Core revision 20230331
May 29 20:49:00.881476 kernel: clocksource: hpet: mask: 0xffffffff max_cycles: 0xffffffff, max_idle_ns: 30580167144 ns
May 29 20:49:00.881479 kernel: APIC: Switch to symmetric I/O mode setup
May 29 20:49:00.881481 kernel: x2apic enabled
May 29 20:49:00.881483 kernel: APIC: Switched APIC routing to: physical x2apic
May 29 20:49:00.881485 kernel: kvm-guest: APIC: send_IPI_mask() replaced with kvm_send_ipi_mask()
May 29 20:49:00.881488 kernel: kvm-guest: APIC: send_IPI_mask_allbutself() replaced with kvm_send_ipi_mask_allbutself()
May 29 20:49:00.881490 kernel: kvm-guest: setup PV IPIs
May 29 20:49:00.881493 kernel: ..TIMER: vector=0x30 apic1=0 pin1=0 apic2=-1 pin2=-1
May 29 20:49:00.881495 kernel: clocksource: tsc-early: mask: 0xffffffffffffffff max_cycles: 0x257a3a7b45f, max_idle_ns: 440795312762 ns
May 29 20:49:00.881497 kernel: Calibrating delay loop (skipped) preset value.. 5199.99 BogoMIPS (lpj=2599998)
May 29 20:49:00.881500 kernel: process: using mwait in idle threads
May 29 20:49:00.881502 kernel: Last level iTLB entries: 4KB 64, 2MB 64, 4MB 32
May 29 20:49:00.881504 kernel: Last level dTLB entries: 4KB 128, 2MB 128, 4MB 64, 1GB 0
May 29 20:49:00.881507 kernel: Spectre V1 : Mitigation: usercopy/swapgs barriers and __user pointer sanitization
May 29 20:49:00.881509 kernel: Spectre V2 : Mitigation: Enhanced / Automatic IBRS
May 29 20:49:00.881511 kernel: Spectre V2 : Spectre v2 / SpectreRSB mitigation: Filling RSB on context switch
May 29 20:49:00.881513 kernel: Spectre V2 : mitigation: Enabling conditional Indirect Branch Prediction Barrier
May 29 20:49:00.881516 kernel: Speculative Store Bypass: Mitigation: Speculative Store Bypass disabled via prctl
May 29 20:49:00.881519 kernel: x86/fpu: Supporting XSAVE feature 0x001: 'x87 floating point registers'
May 29 20:49:00.881521 kernel: x86/fpu: Supporting XSAVE feature 0x002: 'SSE registers'
May 29 20:49:00.881523 kernel: x86/fpu: Supporting XSAVE feature 0x004: 'AVX registers'
May 29 20:49:00.881525 kernel: x86/fpu: Supporting XSAVE feature 0x020: 'AVX-512 opmask'
May 29 20:49:00.881528 kernel: x86/fpu: Supporting XSAVE feature 0x040: 'AVX-512 Hi256'
May 29 20:49:00.881530 kernel: x86/fpu: Supporting XSAVE feature 0x080: 'AVX-512 ZMM_Hi256'
May 29 20:49:00.881532 kernel: x86/fpu: Supporting XSAVE feature 0x200: 'Protection Keys User registers'
May 29 20:49:00.881534 kernel: x86/fpu: xstate_offset[2]:  576, xstate_sizes[2]:  256
May 29 20:49:00.881537 kernel: x86/fpu: xstate_offset[5]:  832, xstate_sizes[5]:   64
May 29 20:49:00.881539 kernel: x86/fpu: xstate_offset[6]:  896, xstate_sizes[6]:  512
May 29 20:49:00.881541 kernel: x86/fpu: xstate_offset[7]: 1408, xstate_sizes[7]: 1024
May 29 20:49:00.881543 kernel: x86/fpu: xstate_offset[9]: 2432, xstate_sizes[9]:    8
May 29 20:49:00.881546 kernel: x86/fpu: Enabled xstate features 0x2e7, context size is 2440 bytes, using 'compacted' format.
May 29 20:49:00.881548 kernel: Freeing SMP alternatives memory: 40K
May 29 20:49:00.881551 kernel: pid_max: default: 32768 minimum: 301
May 29 20:49:00.881553 kernel: LSM: initializing lsm=lockdown,capability,landlock,yama,integrity,selinux,bpf
May 29 20:49:00.881555 kernel: landlock: Up and running.
May 29 20:49:00.881557 kernel: Yama: becoming mindful.
May 29 20:49:00.881560 kernel: SELinux:  Initializing.
May 29 20:49:00.881562 kernel: LSM support for eBPF active
May 29 20:49:00.881564 kernel: Mount-cache hash table entries: 32768 (order: 6, 262144 bytes, linear)
May 29 20:49:00.881567 kernel: Mountpoint-cache hash table entries: 32768 (order: 6, 262144 bytes, linear)
May 29 20:49:00.881569 kernel: smpboot: CPU0: AMD EPYC 9R45 (family: 0x1a, model: 0x2, stepping: 0x1)
May 29 20:49:00.881571 kernel: Performance Events: Fam17h+ core perfctr, AMD PMU driver.
May 29 20:49:00.881574 kernel: ... version:                2
May 29 20:49:00.881577 kernel: ... bit width:              48
May 29 20:49:00.881579 kernel: ... generic registers:      5
May 29 20:49:00.881581 kernel: ... value mask:             0000ffffffffffff
May 29 20:49:00.881583 kernel: ... max period:             00007fffffffffff
May 29 20:49:00.881586 kernel: ... fixed-purpose events:   0
May 29 20:49:00.881588 kernel: ... event mask:             000000000000001f
May 29 20:49:00.881590 kernel: signal: max sigframe size: 3376
May 29 20:49:00.881592 kernel: rcu: Hierarchical SRCU implementation.
May 29 20:49:00.881595 kernel: rcu:         Max phase no-delay instances is 400.
May 29 20:49:00.881597 kernel: smp: Bringing up secondary CPUs ...
May 29 20:49:00.881599 kernel: smpboot: x86: Booting SMP configuration:
May 29 20:49:00.881602 kernel: .... node  #0, CPUs:      #1 #2 #3
May 29 20:49:00.881604 kernel: smp: Brought up 1 node, 4 CPUs
May 29 20:49:00.881606 kernel: smpboot: Total of 4 processors activated (20799.98 BogoMIPS)
May 29 20:49:00.881609 kernel: node 0 deferred pages initialised in 7ms
May 29 20:49:00.881611 kernel: devtmpfs: initialized
May 29 20:49:00.881613 kernel: x86/mm: Memory block size: 128MB
May 29 20:49:00.881616 kernel: clocksource: jiffies: mask: 0xffffffff max_cycles: 0xffffffff, max_idle_ns: 1911260446275000 ns
May 29 20:49:00.881618 kernel: futex hash table entries: 1024 (order: 4, 65536 bytes, linear)
May 29 20:49:00.881620 kernel: pinctrl core: initialized pinctrl subsystem
May 29 20:49:00.881622 kernel: NET: Registered PF_NETLINK/PF_ROUTE protocol family
May 29 20:49:00.881625 kernel: DMA: preallocated 2048 KiB GFP_KERNEL pool for atomic allocations
May 29 20:49:00.881627 kernel: DMA: preallocated 2048 KiB GFP_KERNEL|GFP_DMA pool for atomic allocations
May 29 20:49:00.881630 kernel: DMA: preallocated 2048 KiB GFP_KERNEL|GFP_DMA32 pool for atomic allocations
May 29 20:49:00.881632 kernel: audit: initializing netlink subsys (disabled)
May 29 20:49:00.881634 kernel: audit: type=2000 audit(1780087738.419:1): state=initialized audit_enabled=0 res=1
May 29 20:49:00.881637 kernel: thermal_sys: Registered thermal governor 'fair_share'
May 29 20:49:00.881639 kernel: thermal_sys: Registered thermal governor 'step_wise'
May 29 20:49:00.881641 kernel: thermal_sys: Registered thermal governor 'user_space'
May 29 20:49:00.881644 kernel: cpuidle: using governor menu
May 29 20:49:00.881646 kernel: acpiphp: ACPI Hot Plug PCI Controller Driver version: 0.5
May 29 20:49:00.881648 kernel: PCI: ECAM [mem 0x440100000-0x4423fffff] (base 0x440000000) for domain 0000 [bus 01-23]
May 29 20:49:00.881650 kernel: PCI: ECAM [mem 0x442400000-0x442bfffff] (base 0x440000000) for domain 0000 [bus 24-2b]
May 29 20:49:00.881653 kernel: PCI: Using configuration type 1 for base access
May 29 20:49:00.881661 kernel: kprobes: kprobe jump-optimization is enabled. All kprobes are optimized if possible.
May 29 20:49:00.881663 kernel: HugeTLB: registered 1.00 GiB page size, pre-allocated 0 pages
May 29 20:49:00.881665 kernel: HugeTLB: 16380 KiB vmemmap can be freed for a 1.00 GiB page
May 29 20:49:00.881667 kernel: HugeTLB: registered 2.00 MiB page size, pre-allocated 0 pages
May 29 20:49:00.881670 kernel: HugeTLB: 28 KiB vmemmap can be freed for a 2.00 MiB page
May 29 20:49:00.881672 kernel: Demotion targets for Node 0: null
May 29 20:49:00.881674 kernel: cryptd: max_cpu_qlen set to 1000
May 29 20:49:00.881676 kernel: ACPI: Added _OSI(Module Device)
May 29 20:49:00.881679 kernel: ACPI: Added _OSI(Processor Device)
May 29 20:49:00.881681 kernel: ACPI: Added _OSI(3.0 _SCP Extensions)
May 29 20:49:00.881683 kernel: ACPI: Added _OSI(Processor Aggregator Device)
May 29 20:49:00.881685 kernel: ACPI: 3 ACPI AML tables successfully acquired and loaded
May 29 20:49:00.881688 kernel: ACPI: _OSC evaluation for CPUs failed, trying _PDC
May 29 20:49:00.881691 kernel: ACPI: Interpreter enabled
May 29 20:49:00.881693 kernel: ACPI: PM: (supports S0 S4 S5)
May 29 20:49:00.881695 kernel: ACPI: Using IOAPIC for interrupt routing
May 29 20:49:00.881697 kernel: PCI: Using host bridge windows from ACPI; if necessary, use "pci=nocrs" and report a bug
May 29 20:49:00.881700 kernel: PCI: Using E820 reservations for host bridge windows
May 29 20:49:00.881702 kernel: ACPI: Enabled 2 GPEs in block 00 to 0F
May 29 20:49:00.881704 kernel: ACPI: PCI Root Bridge [PCI0] (domain 0000 [bus 00])
May 29 20:49:00.881768 kernel: acpi PNP0A03:00: _OSC: OS supports [ExtendedConfig ASPM ClockPM Segments MSI EDR HPX-Type3]
May 29 20:49:00.881795 kernel: acpi PNP0A03:00: fail to add MMCONFIG information, can't access extended configuration space under this bridge
May 29 20:49:00.881799 kernel: acpiphp: Slot [3] registered
May 29 20:49:00.881802 kernel: acpiphp: Slot [4] registered
May 29 20:49:00.881804 kernel: acpiphp: Slot [5] registered
May 29 20:49:00.881806 kernel: acpiphp: Slot [6] registered
May 29 20:49:00.881808 kernel: acpiphp: Slot [7] registered
May 29 20:49:00.881811 kernel: acpiphp: Slot [8] registered
May 29 20:49:00.881813 kernel: acpiphp: Slot [9] registered
May 29 20:49:00.881815 kernel: acpiphp: Slot [10] registered
May 29 20:49:00.881817 kernel: acpiphp: Slot [11] registered
May 29 20:49:00.881819 kernel: acpiphp: Slot [12] registered
May 29 20:49:00.881822 kernel: acpiphp: Slot [13] registered
May 29 20:49:00.881825 kernel: acpiphp: Slot [14] registered
May 29 20:49:00.881827 kernel: acpiphp: Slot [15] registered
May 29 20:49:00.881829 kernel: acpiphp: Slot [16] registered
May 29 20:49:00.881831 kernel: acpiphp: Slot [17] registered
May 29 20:49:00.881833 kernel: acpiphp: Slot [18] registered
May 29 20:49:00.881836 kernel: acpiphp: Slot [19] registered
May 29 20:49:00.881838 kernel: acpiphp: Slot [20] registered
May 29 20:49:00.881840 kernel: acpiphp: Slot [21] registered
May 29 20:49:00.881842 kernel: acpiphp: Slot [22] registered
May 29 20:49:00.881844 kernel: acpiphp: Slot [23] registered
May 29 20:49:00.881846 kernel: acpiphp: Slot [24] registered
May 29 20:49:00.881849 kernel: acpiphp: Slot [25] registered
May 29 20:49:00.881851 kernel: acpiphp: Slot [26] registered
May 29 20:49:00.881854 kernel: acpiphp: Slot [27] registered
May 29 20:49:00.881856 kernel: acpiphp: Slot [28] registered
May 29 20:49:00.881858 kernel: acpiphp: Slot [29] registered
May 29 20:49:00.881860 kernel: acpiphp: Slot [30] registered
May 29 20:49:00.881862 kernel: acpiphp: Slot [31] registered
May 29 20:49:00.881865 kernel: PCI host bridge to bus 0000:00
May 29 20:49:00.881898 kernel: pci_bus 0000:00: root bus resource [io  0x0000-0x0cf7 window]
May 29 20:49:00.881931 kernel: pci_bus 0000:00: root bus resource [io  0x0d00-0xffff window]
May 29 20:49:00.881954 kernel: pci_bus 0000:00: root bus resource [mem 0x000a0000-0x000bffff window]
May 29 20:49:00.881976 kernel: pci_bus 0000:00: root bus resource [mem 0xc0000000-0xc3ffffff window]
May 29 20:49:00.881998 kernel: pci_bus 0000:00: root bus resource [mem 0x480000000-0x481ffffff window]
May 29 20:49:00.882020 kernel: pci_bus 0000:00: root bus resource [bus 00]
May 29 20:49:00.882055 kernel: pci 0000:00:00.0: [8086:1237] type 00 class 0x060000 conventional PCI endpoint
May 29 20:49:00.882088 kernel: pci 0000:00:01.0: [8086:7000] type 00 class 0x060100 conventional PCI endpoint
May 29 20:49:00.882120 kernel: pci 0000:00:01.3: [8086:7113] type 00 class 0x000000 conventional PCI endpoint
May 29 20:49:00.882145 kernel: pci 0000:00:01.3: quirk: [io  0xb000-0xb03f] claimed by PIIX4 ACPI
May 29 20:49:00.882170 kernel: pci 0000:00:01.3: quirk: [io  0xb100-0xb10f] claimed by PIIX4 SMB
May 29 20:49:00.882194 kernel: pci 0000:00:01.3: PIIX4 devres E PIO at fff0-ffff
May 29 20:49:00.882219 kernel: pci 0000:00:01.3: PIIX4 devres F MMIO at ffc00000-ffffffff
May 29 20:49:00.882245 kernel: pci 0000:00:01.3: PIIX4 devres G PIO at fff0-ffff
May 29 20:49:00.882269 kernel: pci 0000:00:01.3: PIIX4 devres H MMIO at ffc00000-ffffffff
May 29 20:49:00.882294 kernel: pci 0000:00:01.3: PIIX4 devres I PIO at fff0-ffff
May 29 20:49:00.882319 kernel: pci 0000:00:01.3: PIIX4 devres J PIO at fff0-ffff
May 29 20:49:00.882343 kernel: pci 0000:00:01.3: quirk_piix4_acpi+0x0/0x170 took 13671 usecs
May 29 20:49:00.882376 kernel: pci 0000:00:03.0: [1d0f:1111] type 00 class 0x030000 conventional PCI endpoint
May 29 20:49:00.882400 kernel: pci 0000:00:03.0: BAR 0 [mem 0xc2000000-0xc23fffff pref]
May 29 20:49:00.882424 kernel: pci 0000:00:03.0: ROM [mem 0xc0000000-0xc000ffff pref]
May 29 20:49:00.882449 kernel: pci 0000:00:03.0: Video device with shadowed ROM at [mem 0x000c0000-0x000dffff]
May 29 20:49:00.882480 kernel: pci 0000:00:04.0: [1d0f:8061] type 00 class 0x010802 PCIe Endpoint
May 29 20:49:00.882505 kernel: pci 0000:00:04.0: BAR 0 [mem 0xc0010000-0xc0013fff]
May 29 20:49:00.882529 kernel: pci 0000:00:04.0: enabling Extended Tags
May 29 20:49:00.882552 kernel: pci_bus 0000:00: on NUMA node 0
May 29 20:49:00.882555 kernel: ACPI: PCI Root Bridge [PC01] (domain 0000 [bus 01-23])
May 29 20:49:00.882585 kernel: acpi PNP0A08:00: _OSC: OS supports [ExtendedConfig ASPM ClockPM Segments MSI EDR HPX-Type3]
May 29 20:49:00.882611 kernel: acpi PNP0A08:00: _OSC: platform does not support [SHPCHotplug AER LTR DPC]
May 29 20:49:00.882635 kernel: acpi PNP0A08:00: _OSC: OS now controls [PCIeHotplug PME PCIeCapability]
May 29 20:49:00.882638 kernel: acpiphp: Slot [32] registered
May 29 20:49:00.882641 kernel: acpiphp: Slot [33] registered
May 29 20:49:00.882643 kernel: acpiphp: Slot [34] registered
May 29 20:49:00.882646 kernel: acpiphp: Slot [35] registered
May 29 20:49:00.882648 kernel: acpiphp: Slot [36] registered
May 29 20:49:00.882650 kernel: acpiphp: Slot [37] registered
May 29 20:49:00.882653 kernel: acpiphp: Slot [38] registered
May 29 20:49:00.882655 kernel: acpiphp: Slot [39] registered
May 29 20:49:00.882657 kernel: acpiphp: Slot [40] registered
May 29 20:49:00.882659 kernel: acpiphp: Slot [41] registered
May 29 20:49:00.882661 kernel: acpiphp: Slot [42] registered
May 29 20:49:00.882664 kernel: acpiphp: Slot [43] registered
May 29 20:49:00.882666 kernel: acpiphp: Slot [44] registered
May 29 20:49:00.882668 kernel: acpiphp: Slot [45] registered
May 29 20:49:00.882671 kernel: acpiphp: Slot [46] registered
May 29 20:49:00.882673 kernel: acpiphp: Slot [47] registered
May 29 20:49:00.882675 kernel: acpiphp: Slot [48] registered
May 29 20:49:00.882678 kernel: acpiphp: Slot [49] registered
May 29 20:49:00.882680 kernel: acpiphp: Slot [50] registered
May 29 20:49:00.882682 kernel: acpiphp: Slot [51] registered
May 29 20:49:00.882684 kernel: acpiphp: Slot [52] registered
May 29 20:49:00.882686 kernel: acpiphp: Slot [53] registered
May 29 20:49:00.882689 kernel: acpiphp: Slot [54] registered
May 29 20:49:00.882691 kernel: acpiphp: Slot [55] registered
May 29 20:49:00.882693 kernel: acpiphp: Slot [56] registered
May 29 20:49:00.882695 kernel: acpiphp: Slot [57] registered
May 29 20:49:00.882698 kernel: acpiphp: Slot [58] registered
May 29 20:49:00.882700 kernel: acpiphp: Slot [59] registered
May 29 20:49:00.882702 kernel: acpiphp: Slot [60] registered
May 29 20:49:00.882705 kernel: acpiphp: Slot [61] registered
May 29 20:49:00.882707 kernel: acpiphp: Slot [62] registered
May 29 20:49:00.882709 kernel: acpiphp: Slot [63] registered
May 29 20:49:00.882711 kernel: PCI host bridge to bus 0000:01
May 29 20:49:00.882740 kernel: pci_bus 0000:01: root bus resource [mem 0xc4000000-0xc82fffff window]
May 29 20:49:00.882763 kernel: pci_bus 0000:01: root bus resource [mem 0x482000000-0x4a1ffffff window]
May 29 20:49:00.882785 kernel: pci_bus 0000:01: root bus resource [bus 01-23]
May 29 20:49:00.882819 kernel: pci 0000:01:00.0: [1d0f:0200] type 01 class 0x060400 PCIe Root Port
May 29 20:49:00.882846 kernel: pci 0000:01:00.0: BAR 0 [mem 0xc4000000-0xc40003ff]
May 29 20:49:00.882871 kernel: pci 0000:01:00.0: PCI bridge to [bus 02-23]
May 29 20:49:00.882896 kernel: pci 0000:01:00.0:   bridge window [mem 0xc4100000-0xc82fffff]
May 29 20:49:00.882930 kernel: pci 0000:01:00.0:   bridge window [mem 0x482000000-0x4a1ffffff 64bit pref]
May 29 20:49:00.882962 kernel: pci 0000:02:00.0: [1d0f:0200] type 01 class 0x060400 PCIe Switch Upstream Port
May 29 20:49:00.882989 kernel: pci 0000:02:00.0: BAR 0 [mem 0xc4100000-0xc41003ff]
May 29 20:49:00.883015 kernel: pci 0000:02:00.0: PCI bridge to [bus 03-23]
May 29 20:49:00.883041 kernel: pci 0000:02:00.0:   bridge window [mem 0xc4200000-0xc82fffff]
May 29 20:49:00.883070 kernel: pci 0000:02:00.0:   bridge window [mem 0x482000000-0x4a1ffffff 64bit pref]
May 29 20:49:00.883097 kernel: pci 0000:01:00.0: PCI bridge to [bus 02-23]
May 29 20:49:00.883133 kernel: pci 0000:03:00.0: [1d0f:0200] type 01 class 0x060400 PCIe Switch Downstream Port
May 29 20:49:00.883161 kernel: pci 0000:03:00.0: BAR 0 [mem 0xc4200000-0xc42003ff]
May 29 20:49:00.883189 kernel: pci 0000:03:00.0: PCI bridge to [bus 04]
May 29 20:49:00.883217 kernel: pci 0000:03:00.0:   bridge window [mem 0xc4300000-0xc44fffff]
May 29 20:49:00.883245 kernel: pci 0000:03:00.0:   bridge window [mem 0x482000000-0x482ffffff 64bit pref]
May 29 20:49:00.883283 kernel: pci 0000:03:00.1: [1d0f:0200] type 01 class 0x060400 PCIe Switch Downstream Port
May 29 20:49:00.883313 kernel: pci 0000:03:00.1: BAR 0 [mem 0xc4200400-0xc42007ff]
May 29 20:49:00.883341 kernel: pci 0000:03:00.1: PCI bridge to [bus 05]
May 29 20:49:00.883368 kernel: pci 0000:03:00.1:   bridge window [mem 0xc4500000-0xc46fffff]
May 29 20:49:00.883395 kernel: pci 0000:03:00.1:   bridge window [mem 0x483000000-0x483ffffff 64bit pref]
May 29 20:49:00.883429 kernel: pci 0000:03:00.2: [1d0f:0200] type 01 class 0x060400 PCIe Switch Downstream Port
May 29 20:49:00.883456 kernel: pci 0000:03:00.2: BAR 0 [mem 0xc4200800-0xc4200bff]
May 29 20:49:00.883485 kernel: pci 0000:03:00.2: PCI bridge to [bus 06]
May 29 20:49:00.883512 kernel: pci 0000:03:00.2:   bridge window [mem 0xc4700000-0xc48fffff]
May 29 20:49:00.883539 kernel: pci 0000:03:00.2:   bridge window [mem 0x484000000-0x484ffffff 64bit pref]
May 29 20:49:00.883573 kernel: pci 0000:03:00.3: [1d0f:0200] type 01 class 0x060400 PCIe Switch Downstream Port
May 29 20:49:00.883602 kernel: pci 0000:03:00.3: BAR 0 [mem 0xc4200c00-0xc4200fff]
May 29 20:49:00.883629 kernel: pci 0000:03:00.3: PCI bridge to [bus 07]
May 29 20:49:00.883656 kernel: pci 0000:03:00.3:   bridge window [mem 0xc4900000-0xc4afffff]
May 29 20:49:00.883683 kernel: pci 0000:03:00.3:   bridge window [mem 0x485000000-0x485ffffff 64bit pref]
May 29 20:49:00.883718 kernel: pci 0000:03:00.4: [1d0f:0200] type 01 class 0x060400 PCIe Switch Downstream Port
May 29 20:49:00.883746 kernel: pci 0000:03:00.4: BAR 0 [mem 0xc4201000-0xc42013ff]
May 29 20:49:00.883774 kernel: pci 0000:03:00.4: PCI bridge to [bus 08]
May 29 20:49:00.883802 kernel: pci 0000:03:00.4:   bridge window [mem 0xc4b00000-0xc4cfffff]
May 29 20:49:00.883831 kernel: pci 0000:03:00.4:   bridge window [mem 0x486000000-0x486ffffff 64bit pref]
May 29 20:49:00.883864 kernel: pci 0000:03:00.5: [1d0f:0200] type 01 class 0x060400 PCIe Switch Downstream Port
May 29 20:49:00.883892 kernel: pci 0000:03:00.5: BAR 0 [mem 0xc4201400-0xc42017ff]
May 29 20:49:00.883930 kernel: pci 0000:03:00.5: PCI bridge to [bus 09]
May 29 20:49:00.883958 kernel: pci 0000:03:00.5:   bridge window [mem 0xc4d00000-0xc4efffff]
May 29 20:49:00.883985 kernel: pci 0000:03:00.5:   bridge window [mem 0x487000000-0x487ffffff 64bit pref]
May 29 20:49:00.884020 kernel: pci 0000:03:00.6: [1d0f:0200] type 01 class 0x060400 PCIe Switch Downstream Port
May 29 20:49:00.884048 kernel: pci 0000:03:00.6: BAR 0 [mem 0xc4201800-0xc4201bff]
May 29 20:49:00.884075 kernel: pci 0000:03:00.6: PCI bridge to [bus 0a]
May 29 20:49:00.884102 kernel: pci 0000:03:00.6:   bridge window [mem 0xc4f00000-0xc50fffff]
May 29 20:49:00.884129 kernel: pci 0000:03:00.6:   bridge window [mem 0x488000000-0x488ffffff 64bit pref]
May 29 20:49:00.884163 kernel: pci 0000:03:00.7: [1d0f:0200] type 01 class 0x060400 PCIe Switch Downstream Port
May 29 20:49:00.884190 kernel: pci 0000:03:00.7: BAR 0 [mem 0xc4201c00-0xc4201fff]
May 29 20:49:00.884217 kernel: pci 0000:03:00.7: PCI bridge to [bus 0b]
May 29 20:49:00.884244 kernel: pci 0000:03:00.7:   bridge window [mem 0xc5100000-0xc52fffff]
May 29 20:49:00.884272 kernel: pci 0000:03:00.7:   bridge window [mem 0x489000000-0x489ffffff 64bit pref]
May 29 20:49:00.884306 kernel: pci 0000:03:01.0: [1d0f:0200] type 01 class 0x060400 PCIe Switch Downstream Port
May 29 20:49:00.884333 kernel: pci 0000:03:01.0: BAR 0 [mem 0xc4202000-0xc42023ff]
May 29 20:49:00.884360 kernel: pci 0000:03:01.0: PCI bridge to [bus 0c]
May 29 20:49:00.884388 kernel: pci 0000:03:01.0:   bridge window [mem 0xc5300000-0xc54fffff]
May 29 20:49:00.884416 kernel: pci 0000:03:01.0:   bridge window [mem 0x48a000000-0x48affffff 64bit pref]
May 29 20:49:00.884448 kernel: pci 0000:03:01.1: [1d0f:0200] type 01 class 0x060400 PCIe Switch Downstream Port
May 29 20:49:00.884476 kernel: pci 0000:03:01.1: BAR 0 [mem 0xc4202400-0xc42027ff]
May 29 20:49:00.884504 kernel: pci 0000:03:01.1: PCI bridge to [bus 0d]
May 29 20:49:00.884531 kernel: pci 0000:03:01.1:   bridge window [mem 0xc5500000-0xc56fffff]
May 29 20:49:00.884558 kernel: pci 0000:03:01.1:   bridge window [mem 0x48b000000-0x48bffffff 64bit pref]
May 29 20:49:00.884590 kernel: pci 0000:03:01.2: [1d0f:0200] type 01 class 0x060400 PCIe Switch Downstream Port
May 29 20:49:00.884618 kernel: pci 0000:03:01.2: BAR 0 [mem 0xc4202800-0xc4202bff]
May 29 20:49:00.884645 kernel: pci 0000:03:01.2: PCI bridge to [bus 0e]
May 29 20:49:00.884673 kernel: pci 0000:03:01.2:   bridge window [mem 0xc5700000-0xc58fffff]
May 29 20:49:00.884700 kernel: pci 0000:03:01.2:   bridge window [mem 0x48c000000-0x48cffffff 64bit pref]
May 29 20:49:00.884733 kernel: pci 0000:03:01.3: [1d0f:0200] type 01 class 0x060400 PCIe Switch Downstream Port
May 29 20:49:00.884761 kernel: pci 0000:03:01.3: BAR 0 [mem 0xc4202c00-0xc4202fff]
May 29 20:49:00.884788 kernel: pci 0000:03:01.3: PCI bridge to [bus 0f]
May 29 20:49:00.884816 kernel: pci 0000:03:01.3:   bridge window [mem 0xc5900000-0xc5afffff]
May 29 20:49:00.884843 kernel: pci 0000:03:01.3:   bridge window [mem 0x48d000000-0x48dffffff 64bit pref]
May 29 20:49:00.884878 kernel: pci 0000:03:01.4: [1d0f:0200] type 01 class 0x060400 PCIe Switch Downstream Port
May 29 20:49:00.884916 kernel: pci 0000:03:01.4: BAR 0 [mem 0xc4203000-0xc42033ff]
May 29 20:49:00.884943 kernel: pci 0000:03:01.4: PCI bridge to [bus 10]
May 29 20:49:00.884970 kernel: pci 0000:03:01.4:   bridge window [mem 0xc5b00000-0xc5cfffff]
May 29 20:49:00.884996 kernel: pci 0000:03:01.4:   bridge window [mem 0x48e000000-0x48effffff 64bit pref]
May 29 20:49:00.885029 kernel: pci 0000:03:01.5: [1d0f:0200] type 01 class 0x060400 PCIe Switch Downstream Port
May 29 20:49:00.885057 kernel: pci 0000:03:01.5: BAR 0 [mem 0xc4203400-0xc42037ff]
May 29 20:49:00.885085 kernel: pci 0000:03:01.5: PCI bridge to [bus 11]
May 29 20:49:00.885112 kernel: pci 0000:03:01.5:   bridge window [mem 0xc5d00000-0xc5efffff]
May 29 20:49:00.885139 kernel: pci 0000:03:01.5:   bridge window [mem 0x48f000000-0x48fffffff 64bit pref]
May 29 20:49:00.885171 kernel: pci 0000:03:01.6: [1d0f:0200] type 01 class 0x060400 PCIe Switch Downstream Port
May 29 20:49:00.885198 kernel: pci 0000:03:01.6: BAR 0 [mem 0xc4203800-0xc4203bff]
May 29 20:49:00.885227 kernel: pci 0000:03:01.6: PCI bridge to [bus 12]
May 29 20:49:00.885254 kernel: pci 0000:03:01.6:   bridge window [mem 0xc5f00000-0xc60fffff]
May 29 20:49:00.885281 kernel: pci 0000:03:01.6:   bridge window [mem 0x490000000-0x490ffffff 64bit pref]
May 29 20:49:00.885314 kernel: pci 0000:03:01.7: [1d0f:0200] type 01 class 0x060400 PCIe Switch Downstream Port
May 29 20:49:00.885341 kernel: pci 0000:03:01.7: BAR 0 [mem 0xc4203c00-0xc4203fff]
May 29 20:49:00.885368 kernel: pci 0000:03:01.7: PCI bridge to [bus 13]
May 29 20:49:00.885395 kernel: pci 0000:03:01.7:   bridge window [mem 0xc6100000-0xc62fffff]
May 29 20:49:00.885423 kernel: pci 0000:03:01.7:   bridge window [mem 0x491000000-0x491ffffff 64bit pref]
May 29 20:49:00.885456 kernel: pci 0000:03:02.0: [1d0f:0200] type 01 class 0x060400 PCIe Switch Downstream Port
May 29 20:49:00.885484 kernel: pci 0000:03:02.0: BAR 0 [mem 0xc4204000-0xc42043ff]
May 29 20:49:00.885512 kernel: pci 0000:03:02.0: PCI bridge to [bus 14]
May 29 20:49:00.885539 kernel: pci 0000:03:02.0:   bridge window [mem 0xc6300000-0xc64fffff]
May 29 20:49:00.885568 kernel: pci 0000:03:02.0:   bridge window [mem 0x492000000-0x492ffffff 64bit pref]
May 29 20:49:00.885601 kernel: pci 0000:03:02.1: [1d0f:0200] type 01 class 0x060400 PCIe Switch Downstream Port
May 29 20:49:00.885628 kernel: pci 0000:03:02.1: BAR 0 [mem 0xc4204400-0xc42047ff]
May 29 20:49:00.885659 kernel: pci 0000:03:02.1: PCI bridge to [bus 15]
May 29 20:49:00.885686 kernel: pci 0000:03:02.1:   bridge window [mem 0xc6500000-0xc66fffff]
May 29 20:49:00.885715 kernel: pci 0000:03:02.1:   bridge window [mem 0x493000000-0x493ffffff 64bit pref]
May 29 20:49:00.885750 kernel: pci 0000:03:02.2: [1d0f:0200] type 01 class 0x060400 PCIe Switch Downstream Port
May 29 20:49:00.885777 kernel: pci 0000:03:02.2: BAR 0 [mem 0xc4204800-0xc4204bff]
May 29 20:49:00.885805 kernel: pci 0000:03:02.2: PCI bridge to [bus 16]
May 29 20:49:00.885833 kernel: pci 0000:03:02.2:   bridge window [mem 0xc6700000-0xc68fffff]
May 29 20:49:00.885860 kernel: pci 0000:03:02.2:   bridge window [mem 0x494000000-0x494ffffff 64bit pref]
May 29 20:49:00.885891 kernel: pci 0000:03:02.3: [1d0f:0200] type 01 class 0x060400 PCIe Switch Downstream Port
May 29 20:49:00.885930 kernel: pci 0000:03:02.3: BAR 0 [mem 0xc4204c00-0xc4204fff]
May 29 20:49:00.885957 kernel: pci 0000:03:02.3: PCI bridge to [bus 17]
May 29 20:49:00.885986 kernel: pci 0000:03:02.3:   bridge window [mem 0xc6900000-0xc6afffff]
May 29 20:49:00.886013 kernel: pci 0000:03:02.3:   bridge window [mem 0x495000000-0x495ffffff 64bit pref]
May 29 20:49:00.886046 kernel: pci 0000:03:02.4: [1d0f:0200] type 01 class 0x060400 PCIe Switch Downstream Port
May 29 20:49:00.886073 kernel: pci 0000:03:02.4: BAR 0 [mem 0xc4205000-0xc42053ff]
May 29 20:49:00.886101 kernel: pci 0000:03:02.4: PCI bridge to [bus 18]
May 29 20:49:00.886128 kernel: pci 0000:03:02.4:   bridge window [mem 0xc6b00000-0xc6cfffff]
May 29 20:49:00.886155 kernel: pci 0000:03:02.4:   bridge window [mem 0x496000000-0x496ffffff 64bit pref]
May 29 20:49:00.886187 kernel: pci 0000:03:02.5: [1d0f:0200] type 01 class 0x060400 PCIe Switch Downstream Port
May 29 20:49:00.886215 kernel: pci 0000:03:02.5: BAR 0 [mem 0xc4205400-0xc42057ff]
May 29 20:49:00.886244 kernel: pci 0000:03:02.5: PCI bridge to [bus 19]
May 29 20:49:00.886272 kernel: pci 0000:03:02.5:   bridge window [mem 0xc6d00000-0xc6efffff]
May 29 20:49:00.886299 kernel: pci 0000:03:02.5:   bridge window [mem 0x497000000-0x497ffffff 64bit pref]
May 29 20:49:00.886332 kernel: pci 0000:03:02.6: [1d0f:0200] type 01 class 0x060400 PCIe Switch Downstream Port
May 29 20:49:00.886360 kernel: pci 0000:03:02.6: BAR 0 [mem 0xc4205800-0xc4205bff]
May 29 20:49:00.886387 kernel: pci 0000:03:02.6: PCI bridge to [bus 1a]
May 29 20:49:00.886414 kernel: pci 0000:03:02.6:   bridge window [mem 0xc6f00000-0xc70fffff]
May 29 20:49:00.886442 kernel: pci 0000:03:02.6:   bridge window [mem 0x498000000-0x498ffffff 64bit pref]
May 29 20:49:00.886475 kernel: pci 0000:03:02.7: [1d0f:0200] type 01 class 0x060400 PCIe Switch Downstream Port
May 29 20:49:00.886503 kernel: pci 0000:03:02.7: BAR 0 [mem 0xc4205c00-0xc4205fff]
May 29 20:49:00.886531 kernel: pci 0000:03:02.7: PCI bridge to [bus 1b]
May 29 20:49:00.886558 kernel: pci 0000:03:02.7:   bridge window [mem 0xc7100000-0xc72fffff]
May 29 20:49:00.886586 kernel: pci 0000:03:02.7:   bridge window [mem 0x499000000-0x499ffffff 64bit pref]
May 29 20:49:00.886620 kernel: pci 0000:03:03.0: [1d0f:0200] type 01 class 0x060400 PCIe Switch Downstream Port
May 29 20:49:00.886647 kernel: pci 0000:03:03.0: BAR 0 [mem 0xc4206000-0xc42063ff]
May 29 20:49:00.886674 kernel: pci 0000:03:03.0: PCI bridge to [bus 1c]
May 29 20:49:00.886701 kernel: pci 0000:03:03.0:   bridge window [mem 0xc7300000-0xc74fffff]
May 29 20:49:00.886729 kernel: pci 0000:03:03.0:   bridge window [mem 0x49a000000-0x49affffff 64bit pref]
May 29 20:49:00.886760 kernel: pci 0000:03:03.1: [1d0f:0200] type 01 class 0x060400 PCIe Switch Downstream Port
May 29 20:49:00.886789 kernel: pci 0000:03:03.1: BAR 0 [mem 0xc4206400-0xc42067ff]
May 29 20:49:00.886817 kernel: pci 0000:03:03.1: PCI bridge to [bus 1d]
May 29 20:49:00.886845 kernel: pci 0000:03:03.1:   bridge window [mem 0xc7500000-0xc76fffff]
May 29 20:49:00.886872 kernel: pci 0000:03:03.1:   bridge window [mem 0x49b000000-0x49bffffff 64bit pref]
May 29 20:49:00.890037 kernel: pci 0000:03:03.2: [1d0f:0200] type 01 class 0x060400 PCIe Switch Downstream Port
May 29 20:49:00.890109 kernel: pci 0000:03:03.2: BAR 0 [mem 0xc4206800-0xc4206bff]
May 29 20:49:00.890149 kernel: pci 0000:03:03.2: PCI bridge to [bus 1e]
May 29 20:49:00.890184 kernel: pci 0000:03:03.2:   bridge window [mem 0xc7700000-0xc78fffff]
May 29 20:49:00.890219 kernel: pci 0000:03:03.2:   bridge window [mem 0x49c000000-0x49cffffff 64bit pref]
May 29 20:49:00.890264 kernel: pci 0000:03:03.3: [1d0f:0200] type 01 class 0x060400 PCIe Switch Downstream Port
May 29 20:49:00.890302 kernel: pci 0000:03:03.3: BAR 0 [mem 0xc4206c00-0xc4206fff]
May 29 20:49:00.890337 kernel: pci 0000:03:03.3: PCI bridge to [bus 1f]
May 29 20:49:00.890372 kernel: pci 0000:03:03.3:   bridge window [mem 0xc7900000-0xc7afffff]
May 29 20:49:00.890409 kernel: pci 0000:03:03.3:   bridge window [mem 0x49d000000-0x49dffffff 64bit pref]
May 29 20:49:00.890454 kernel: pci 0000:03:03.4: [1d0f:0200] type 01 class 0x060400 PCIe Switch Downstream Port
May 29 20:49:00.890491 kernel: pci 0000:03:03.4: BAR 0 [mem 0xc4207000-0xc42073ff]
May 29 20:49:00.890529 kernel: pci 0000:03:03.4: PCI bridge to [bus 20]
May 29 20:49:00.890564 kernel: pci 0000:03:03.4:   bridge window [mem 0xc7b00000-0xc7cfffff]
May 29 20:49:00.890599 kernel: pci 0000:03:03.4:   bridge window [mem 0x49e000000-0x49effffff 64bit pref]
May 29 20:49:00.890639 kernel: pci 0000:03:03.5: [1d0f:0200] type 01 class 0x060400 PCIe Switch Downstream Port
May 29 20:49:00.890676 kernel: pci 0000:03:03.5: BAR 0 [mem 0xc4207400-0xc42077ff]
May 29 20:49:00.890711 kernel: pci 0000:03:03.5: PCI bridge to [bus 21]
May 29 20:49:00.890746 kernel: pci 0000:03:03.5:   bridge window [mem 0xc7d00000-0xc7efffff]
May 29 20:49:00.890781 kernel: pci 0000:03:03.5:   bridge window [mem 0x49f000000-0x49fffffff 64bit pref]
May 29 20:49:00.890821 kernel: pci 0000:03:03.6: [1d0f:0200] type 01 class 0x060400 PCIe Switch Downstream Port
May 29 20:49:00.890857 kernel: pci 0000:03:03.6: BAR 0 [mem 0xc4207800-0xc4207bff]
May 29 20:49:00.890891 kernel: pci 0000:03:03.6: PCI bridge to [bus 22]
May 29 20:49:00.890935 kernel: pci 0000:03:03.6:   bridge window [mem 0xc7f00000-0xc80fffff]
May 29 20:49:00.890970 kernel: pci 0000:03:03.6:   bridge window [mem 0x4a0000000-0x4a0ffffff 64bit pref]
May 29 20:49:00.891013 kernel: pci 0000:03:03.7: [1d0f:0200] type 01 class 0x060400 PCIe Switch Downstream Port
May 29 20:49:00.891047 kernel: pci 0000:03:03.7: BAR 0 [mem 0xc4207c00-0xc4207fff]
May 29 20:49:00.891080 kernel: pci 0000:03:03.7: PCI bridge to [bus 23]
May 29 20:49:00.891115 kernel: pci 0000:03:03.7:   bridge window [mem 0xc8100000-0xc82fffff]
May 29 20:49:00.891150 kernel: pci 0000:03:03.7:   bridge window [mem 0x4a1000000-0x4a1ffffff 64bit pref]
May 29 20:49:00.891186 kernel: pci 0000:02:00.0: PCI bridge to [bus 03-23]
May 29 20:49:00.891223 kernel: pci 0000:03:00.0: PCI bridge to [bus 04]
May 29 20:49:00.891258 kernel: pci 0000:03:00.1: PCI bridge to [bus 05]
May 29 20:49:00.891287 kernel: pci 0000:03:00.2: PCI bridge to [bus 06]
May 29 20:49:00.891315 kernel: pci 0000:03:00.3: PCI bridge to [bus 07]
May 29 20:49:00.891344 kernel: pci 0000:03:00.4: PCI bridge to [bus 08]
May 29 20:49:00.891373 kernel: pci 0000:03:00.5: PCI bridge to [bus 09]
May 29 20:49:00.891401 kernel: pci 0000:03:00.6: PCI bridge to [bus 0a]
May 29 20:49:00.891430 kernel: pci 0000:03:00.7: PCI bridge to [bus 0b]
May 29 20:49:00.891458 kernel: pci 0000:03:01.0: PCI bridge to [bus 0c]
May 29 20:49:00.891487 kernel: pci 0000:03:01.1: PCI bridge to [bus 0d]
May 29 20:49:00.891515 kernel: pci 0000:03:01.2: PCI bridge to [bus 0e]
May 29 20:49:00.891543 kernel: pci 0000:03:01.3: PCI bridge to [bus 0f]
May 29 20:49:00.891571 kernel: pci 0000:03:01.4: PCI bridge to [bus 10]
May 29 20:49:00.891600 kernel: pci 0000:03:01.5: PCI bridge to [bus 11]
May 29 20:49:00.891627 kernel: pci 0000:03:01.6: PCI bridge to [bus 12]
May 29 20:49:00.891656 kernel: pci 0000:03:01.7: PCI bridge to [bus 13]
May 29 20:49:00.891684 kernel: pci 0000:03:02.0: PCI bridge to [bus 14]
May 29 20:49:00.891713 kernel: pci 0000:03:02.1: PCI bridge to [bus 15]
May 29 20:49:00.891741 kernel: pci 0000:03:02.2: PCI bridge to [bus 16]
May 29 20:49:00.891770 kernel: pci 0000:03:02.3: PCI bridge to [bus 17]
May 29 20:49:00.891798 kernel: pci 0000:03:02.4: PCI bridge to [bus 18]
May 29 20:49:00.891827 kernel: pci 0000:03:02.5: PCI bridge to [bus 19]
May 29 20:49:00.891855 kernel: pci 0000:03:02.6: PCI bridge to [bus 1a]
May 29 20:49:00.891884 kernel: pci 0000:03:02.7: PCI bridge to [bus 1b]
May 29 20:49:00.891919 kernel: pci 0000:03:03.0: PCI bridge to [bus 1c]
May 29 20:49:00.891947 kernel: pci 0000:03:03.1: PCI bridge to [bus 1d]
May 29 20:49:00.891976 kernel: pci 0000:03:03.2: PCI bridge to [bus 1e]
May 29 20:49:00.892003 kernel: pci 0000:03:03.3: PCI bridge to [bus 1f]
May 29 20:49:00.892030 kernel: pci 0000:03:03.4: PCI bridge to [bus 20]
May 29 20:49:00.892058 kernel: pci 0000:03:03.5: PCI bridge to [bus 21]
May 29 20:49:00.892084 kernel: pci 0000:03:03.6: PCI bridge to [bus 22]
May 29 20:49:00.892112 kernel: pci 0000:03:03.7: PCI bridge to [bus 23]
May 29 20:49:00.892139 kernel: pci_bus 0000:01: on NUMA node 0
May 29 20:49:00.892143 kernel: ACPI: PCI Root Bridge [PC02] (domain 0000 [bus 24-2b])
May 29 20:49:00.892176 kernel: acpi PNP0A08:01: _OSC: OS supports [ExtendedConfig ASPM ClockPM Segments MSI EDR HPX-Type3]
May 29 20:49:00.892202 kernel: acpi PNP0A08:01: _OSC: platform does not support [SHPCHotplug AER LTR DPC]
May 29 20:49:00.892228 kernel: acpi PNP0A08:01: _OSC: OS now controls [PCIeHotplug PME PCIeCapability]
May 29 20:49:00.892231 kernel: acpiphp: Slot [64] registered
May 29 20:49:00.892233 kernel: acpiphp: Slot [65] registered
May 29 20:49:00.892236 kernel: acpiphp: Slot [66] registered
May 29 20:49:00.892238 kernel: acpiphp: Slot [67] registered
May 29 20:49:00.892240 kernel: acpiphp: Slot [68] registered
May 29 20:49:00.892243 kernel: acpiphp: Slot [69] registered
May 29 20:49:00.892245 kernel: acpiphp: Slot [70] registered
May 29 20:49:00.892247 kernel: acpiphp: Slot [71] registered
May 29 20:49:00.892250 kernel: acpiphp: Slot [72] registered
May 29 20:49:00.892252 kernel: acpiphp: Slot [73] registered
May 29 20:49:00.892254 kernel: acpiphp: Slot [74] registered
May 29 20:49:00.892257 kernel: acpiphp: Slot [75] registered
May 29 20:49:00.892259 kernel: acpiphp: Slot [76] registered
May 29 20:49:00.892262 kernel: acpiphp: Slot [77] registered
May 29 20:49:00.892264 kernel: acpiphp: Slot [78] registered
May 29 20:49:00.892266 kernel: acpiphp: Slot [79] registered
May 29 20:49:00.892269 kernel: acpiphp: Slot [80] registered
May 29 20:49:00.892271 kernel: acpiphp: Slot [81] registered
May 29 20:49:00.892273 kernel: acpiphp: Slot [82] registered
May 29 20:49:00.892276 kernel: acpiphp: Slot [83] registered
May 29 20:49:00.892278 kernel: acpiphp: Slot [84] registered
May 29 20:49:00.892280 kernel: acpiphp: Slot [85] registered
May 29 20:49:00.892283 kernel: acpiphp: Slot [86] registered
May 29 20:49:00.892286 kernel: acpiphp: Slot [87] registered
May 29 20:49:00.892288 kernel: acpiphp: Slot [88] registered
May 29 20:49:00.892290 kernel: acpiphp: Slot [89] registered
May 29 20:49:00.892293 kernel: acpiphp: Slot [90] registered
May 29 20:49:00.892295 kernel: acpiphp: Slot [91] registered
May 29 20:49:00.892297 kernel: acpiphp: Slot [92] registered
May 29 20:49:00.892299 kernel: acpiphp: Slot [93] registered
May 29 20:49:00.892302 kernel: acpiphp: Slot [94] registered
May 29 20:49:00.892304 kernel: acpiphp: Slot [95] registered
May 29 20:49:00.892306 kernel: PCI host bridge to bus 0000:24
May 29 20:49:00.892335 kernel: pci_bus 0000:24: root bus resource [mem 0xc8400000-0xc90fffff window]
May 29 20:49:00.892358 kernel: pci_bus 0000:24: root bus resource [mem 0x4a2000000-0x4a6ffffff window]
May 29 20:49:00.892380 kernel: pci_bus 0000:24: root bus resource [bus 24-2b]
May 29 20:49:00.892415 kernel: pci 0000:24:00.0: [1d0f:0200] type 01 class 0x060400 PCIe Root Port
May 29 20:49:00.892442 kernel: pci 0000:24:00.0: BAR 0 [mem 0xc8400000-0xc84003ff]
May 29 20:49:00.892466 kernel: pci 0000:24:00.0: PCI bridge to [bus 25-2b]
May 29 20:49:00.892492 kernel: pci 0000:24:00.0:   bridge window [mem 0xc8500000-0xc90fffff]
May 29 20:49:00.892516 kernel: pci 0000:24:00.0:   bridge window [mem 0x4a2000000-0x4a6ffffff 64bit pref]
May 29 20:49:00.892548 kernel: pci 0000:25:00.0: [1d0f:0200] type 01 class 0x060400 PCIe Switch Upstream Port
May 29 20:49:00.892575 kernel: pci 0000:25:00.0: BAR 0 [mem 0xc8500000-0xc85003ff]
May 29 20:49:00.892600 kernel: pci 0000:25:00.0: PCI bridge to [bus 26-2b]
May 29 20:49:00.892627 kernel: pci 0000:25:00.0:   bridge window [mem 0xc8600000-0xc90fffff]
May 29 20:49:00.892653 kernel: pci 0000:25:00.0:   bridge window [mem 0x4a2000000-0x4a6ffffff 64bit pref]
May 29 20:49:00.892679 kernel: pci 0000:24:00.0: PCI bridge to [bus 25-2b]
May 29 20:49:00.892712 kernel: pci 0000:26:00.0: [1d0f:0200] type 01 class 0x060400 PCIe Switch Downstream Port
May 29 20:49:00.892740 kernel: pci 0000:26:00.0: BAR 0 [mem 0xc8600000-0xc86003ff]
May 29 20:49:00.892768 kernel: pci 0000:26:00.0: PCI bridge to [bus 27]
May 29 20:49:00.892796 kernel: pci 0000:26:00.0:   bridge window [mem 0xc8700000-0xc88fffff]
May 29 20:49:00.892882 kernel: pci 0000:26:00.0:   bridge window [mem 0x4a2000000-0x4a2ffffff 64bit pref]
May 29 20:49:00.892940 kernel: pci 0000:26:00.1: [1d0f:0200] type 01 class 0x060400 PCIe Switch Downstream Port
May 29 20:49:00.892974 kernel: pci 0000:26:00.1: BAR 0 [mem 0xc8600400-0xc86007ff]
May 29 20:49:00.893003 kernel: pci 0000:26:00.1: PCI bridge to [bus 28]
May 29 20:49:00.893032 kernel: pci 0000:26:00.1:   bridge window [mem 0xc8900000-0xc8afffff]
May 29 20:49:00.893061 kernel: pci 0000:26:00.1:   bridge window [mem 0x4a3000000-0x4a3ffffff 64bit pref]
May 29 20:49:00.893096 kernel: pci 0000:26:00.2: [1d0f:0200] type 01 class 0x060400 PCIe Switch Downstream Port
May 29 20:49:00.893124 kernel: pci 0000:26:00.2: BAR 0 [mem 0xc8600800-0xc8600bff]
May 29 20:49:00.893152 kernel: pci 0000:26:00.2: PCI bridge to [bus 29]
May 29 20:49:00.893178 kernel: pci 0000:26:00.2:   bridge window [mem 0xc8b00000-0xc8cfffff]
May 29 20:49:00.893205 kernel: pci 0000:26:00.2:   bridge window [mem 0x4a4000000-0x4a4ffffff 64bit pref]
May 29 20:49:00.893236 kernel: pci 0000:26:00.3: [1d0f:0200] type 01 class 0x060400 PCIe Switch Downstream Port
May 29 20:49:00.893264 kernel: pci 0000:26:00.3: BAR 0 [mem 0xc8600c00-0xc8600fff]
May 29 20:49:00.893290 kernel: pci 0000:26:00.3: PCI bridge to [bus 2a]
May 29 20:49:00.893317 kernel: pci 0000:26:00.3:   bridge window [mem 0xc8d00000-0xc8efffff]
May 29 20:49:00.893344 kernel: pci 0000:26:00.3:   bridge window [mem 0x4a5000000-0x4a5ffffff 64bit pref]
May 29 20:49:00.893376 kernel: pci 0000:26:00.4: [1d0f:0200] type 01 class 0x060400 PCIe Switch Downstream Port
May 29 20:49:00.893403 kernel: pci 0000:26:00.4: BAR 0 [mem 0xc8601000-0xc86013ff]
May 29 20:49:00.893430 kernel: pci 0000:26:00.4: PCI bridge to [bus 2b]
May 29 20:49:00.893457 kernel: pci 0000:26:00.4:   bridge window [mem 0xc8f00000-0xc90fffff]
May 29 20:49:00.893483 kernel: pci 0000:26:00.4:   bridge window [mem 0x4a6000000-0x4a6ffffff 64bit pref]
May 29 20:49:00.893511 kernel: pci 0000:25:00.0: PCI bridge to [bus 26-2b]
May 29 20:49:00.893546 kernel: pci 0000:27:00.0: [1d0f:ec20] type 00 class 0x020000 PCIe Endpoint
May 29 20:49:00.893574 kernel: pci 0000:27:00.0: BAR 0 [mem 0xc8700000-0xc8701fff]
May 29 20:49:00.893602 kernel: pci 0000:27:00.0: BAR 1 [mem 0xc8702000-0xc8703fff]
May 29 20:49:00.893630 kernel: pci 0000:27:00.0: BAR 2 [mem 0x4a2000000-0x4a20fffff 64bit pref]
May 29 20:49:00.893661 kernel: pci 0000:27:00.0: enabling Extended Tags
May 29 20:49:00.893689 kernel: pci 0000:26:00.0: PCI bridge to [bus 27]
May 29 20:49:00.893716 kernel: pci 0000:26:00.1: PCI bridge to [bus 28]
May 29 20:49:00.893743 kernel: pci 0000:26:00.2: PCI bridge to [bus 29]
May 29 20:49:00.893770 kernel: pci 0000:26:00.3: PCI bridge to [bus 2a]
May 29 20:49:00.893796 kernel: pci 0000:26:00.4: PCI bridge to [bus 2b]
May 29 20:49:00.893822 kernel: pci_bus 0000:24: on NUMA node 0
May 29 20:49:00.893825 kernel: ACPI: PCI: Interrupt link LNKA configured for IRQ 10
May 29 20:49:00.893828 kernel: ACPI: PCI: Interrupt link LNKB configured for IRQ 10
May 29 20:49:00.893831 kernel: ACPI: PCI: Interrupt link LNKC configured for IRQ 11
May 29 20:49:00.893833 kernel: ACPI: PCI: Interrupt link LNKD configured for IRQ 11
May 29 20:49:00.893836 kernel: ACPI: PCI: Interrupt link LNKS configured for IRQ 9
May 29 20:49:00.893838 kernel: iommu: Default domain type: Translated
May 29 20:49:00.893840 kernel: iommu: DMA domain TLB invalidation policy: lazy mode
May 29 20:49:00.893843 kernel: SCSI subsystem initialized
May 29 20:49:00.893846 kernel: ACPI: bus type USB registered
May 29 20:49:00.893848 kernel: usbcore: registered new interface driver usbfs
May 29 20:49:00.893851 kernel: usbcore: registered new interface driver hub
May 29 20:49:00.893853 kernel: usbcore: registered new device driver usb
May 29 20:49:00.893856 kernel: pps_core: LinuxPPS API ver. 1 registered
May 29 20:49:00.893858 kernel: pps_core: Software ver. 5.3.6 - Copyright 2005-2007 Rodolfo Giometti <giometti@linux.it>
May 29 20:49:00.893861 kernel: PTP clock support registered
May 29 20:49:00.893863 kernel: EDAC MC: Ver: 3.0.0
May 29 20:49:00.893866 kernel: NetLabel: Initializing
May 29 20:49:00.893868 kernel: NetLabel:  domain hash size = 128
May 29 20:49:00.893871 kernel: NetLabel:  protocols = UNLABELED CIPSOv4 CALIPSO
May 29 20:49:00.893873 kernel: NetLabel:  unlabeled traffic allowed by default
May 29 20:49:00.893876 kernel: PCI: Using ACPI for IRQ routing
May 29 20:49:00.893878 kernel: PCI: pci_cache_line_size set to 64 bytes
May 29 20:49:00.893881 kernel: e820: reserve RAM buffer [mem 0x0009fc00-0x0009ffff]
May 29 20:49:00.893884 kernel: e820: reserve RAM buffer [mem 0xbffe8000-0xbfffffff]
May 29 20:49:00.893886 kernel: e820: reserve RAM buffer [mem 0x42b400000-0x42bffffff]
May 29 20:49:00.893918 kernel: pci 0000:00:03.0: vgaarb: setting as boot VGA device
May 29 20:49:00.893970 kernel: pci 0000:00:03.0: vgaarb: bridge control possible
May 29 20:49:00.893995 kernel: pci 0000:00:03.0: vgaarb: VGA device added: decodes=io+mem,owns=io+mem,locks=none
May 29 20:49:00.893998 kernel: vgaarb: loaded
May 29 20:49:00.894001 kernel: hpet0: at MMIO 0xfed00000, IRQs 2, 8, 0, 0, 0, 0, 0, 0
May 29 20:49:00.894003 kernel: hpet0: 8 comparators, 32-bit 62.500000 MHz counter
May 29 20:49:00.894005 kernel: clocksource: Switched to clocksource kvm-clock
May 29 20:49:00.894008 kernel: VFS: Disk quotas dquot_6.6.0
May 29 20:49:00.894010 kernel: VFS: Dquot-cache hash table entries: 512 (order 0, 4096 bytes)
May 29 20:49:00.894014 kernel: pnp: PnP ACPI init
May 29 20:49:00.894016 kernel: pnp: PnP ACPI: found 5 devices
May 29 20:49:00.894019 kernel: clocksource: acpi_pm: mask: 0xffffff max_cycles: 0xffffff, max_idle_ns: 2085701024 ns
May 29 20:49:00.894021 kernel: NET: Registered PF_INET protocol family
May 29 20:49:00.894023 kernel: IP idents hash table entries: 262144 (order: 9, 2097152 bytes, linear)
May 29 20:49:00.894026 kernel: tcp_listen_portaddr_hash hash table entries: 8192 (order: 5, 131072 bytes, linear)
May 29 20:49:00.894028 kernel: Table-perturb hash table entries: 65536 (order: 6, 262144 bytes, linear)
May 29 20:49:00.894031 kernel: TCP established hash table entries: 131072 (order: 8, 1048576 bytes, linear)
May 29 20:49:00.894033 kernel: TCP bind hash table entries: 65536 (order: 8, 1048576 bytes, linear)
May 29 20:49:00.894036 kernel: TCP: Hash tables configured (established 131072 bind 65536)
May 29 20:49:00.894038 kernel: MPTCP token hash table entries: 16384 (order: 6, 393216 bytes, linear)
May 29 20:49:00.894041 kernel: UDP hash table entries: 8192 (order: 6, 262144 bytes, linear)
May 29 20:49:00.894044 kernel: UDP-Lite hash table entries: 8192 (order: 6, 262144 bytes, linear)
May 29 20:49:00.894046 kernel: NET: Registered PF_UNIX/PF_LOCAL protocol family
May 29 20:49:00.894049 kernel: NET: Registered PF_XDP protocol family
May 29 20:49:00.894072 kernel: pci_bus 0000:00: resource 4 [io  0x0000-0x0cf7 window]
May 29 20:49:00.894094 kernel: pci_bus 0000:00: resource 5 [io  0x0d00-0xffff window]
May 29 20:49:00.894115 kernel: pci_bus 0000:00: resource 6 [mem 0x000a0000-0x000bffff window]
May 29 20:49:00.894136 kernel: pci_bus 0000:00: resource 7 [mem 0xc0000000-0xc3ffffff window]
May 29 20:49:00.894158 kernel: pci_bus 0000:00: resource 8 [mem 0x480000000-0x481ffffff window]
May 29 20:49:00.894186 kernel: pci 0000:03:00.0: PCI bridge to [bus 04]
May 29 20:49:00.894213 kernel: pci 0000:03:00.0:   bridge window [mem 0xc4300000-0xc44fffff]
May 29 20:49:00.894240 kernel: pci 0000:03:00.0:   bridge window [mem 0x482000000-0x482ffffff 64bit pref]
May 29 20:49:00.894268 kernel: pci 0000:03:00.1: PCI bridge to [bus 05]
May 29 20:49:00.894295 kernel: pci 0000:03:00.1:   bridge window [mem 0xc4500000-0xc46fffff]
May 29 20:49:00.894321 kernel: pci 0000:03:00.1:   bridge window [mem 0x483000000-0x483ffffff 64bit pref]
May 29 20:49:00.894348 kernel: pci 0000:03:00.2: PCI bridge to [bus 06]
May 29 20:49:00.894374 kernel: pci 0000:03:00.2:   bridge window [mem 0xc4700000-0xc48fffff]
May 29 20:49:00.894401 kernel: pci 0000:03:00.2:   bridge window [mem 0x484000000-0x484ffffff 64bit pref]
May 29 20:49:00.894428 kernel: pci 0000:03:00.3: PCI bridge to [bus 07]
May 29 20:49:00.894455 kernel: pci 0000:03:00.3:   bridge window [mem 0xc4900000-0xc4afffff]
May 29 20:49:00.894481 kernel: pci 0000:03:00.3:   bridge window [mem 0x485000000-0x485ffffff 64bit pref]
May 29 20:49:00.894508 kernel: pci 0000:03:00.4: PCI bridge to [bus 08]
May 29 20:49:00.894535 kernel: pci 0000:03:00.4:   bridge window [mem 0xc4b00000-0xc4cfffff]
May 29 20:49:00.894561 kernel: pci 0000:03:00.4:   bridge window [mem 0x486000000-0x486ffffff 64bit pref]
May 29 20:49:00.894588 kernel: pci 0000:03:00.5: PCI bridge to [bus 09]
May 29 20:49:00.894614 kernel: pci 0000:03:00.5:   bridge window [mem 0xc4d00000-0xc4efffff]
May 29 20:49:00.894640 kernel: pci 0000:03:00.5:   bridge window [mem 0x487000000-0x487ffffff 64bit pref]
May 29 20:49:00.894667 kernel: pci 0000:03:00.6: PCI bridge to [bus 0a]
May 29 20:49:00.894695 kernel: pci 0000:03:00.6:   bridge window [mem 0xc4f00000-0xc50fffff]
May 29 20:49:00.894721 kernel: pci 0000:03:00.6:   bridge window [mem 0x488000000-0x488ffffff 64bit pref]
May 29 20:49:00.894748 kernel: pci 0000:03:00.7: PCI bridge to [bus 0b]
May 29 20:49:00.894774 kernel: pci 0000:03:00.7:   bridge window [mem 0xc5100000-0xc52fffff]
May 29 20:49:00.894801 kernel: pci 0000:03:00.7:   bridge window [mem 0x489000000-0x489ffffff 64bit pref]
May 29 20:49:00.894827 kernel: pci 0000:03:01.0: PCI bridge to [bus 0c]
May 29 20:49:00.894854 kernel: pci 0000:03:01.0:   bridge window [mem 0xc5300000-0xc54fffff]
May 29 20:49:00.894880 kernel: pci 0000:03:01.0:   bridge window [mem 0x48a000000-0x48affffff 64bit pref]
May 29 20:49:00.894914 kernel: pci 0000:03:01.1: PCI bridge to [bus 0d]
May 29 20:49:00.894940 kernel: pci 0000:03:01.1:   bridge window [mem 0xc5500000-0xc56fffff]
May 29 20:49:00.894966 kernel: pci 0000:03:01.1:   bridge window [mem 0x48b000000-0x48bffffff 64bit pref]
May 29 20:49:00.894993 kernel: pci 0000:03:01.2: PCI bridge to [bus 0e]
May 29 20:49:00.895019 kernel: pci 0000:03:01.2:   bridge window [mem 0xc5700000-0xc58fffff]
May 29 20:49:00.895045 kernel: pci 0000:03:01.2:   bridge window [mem 0x48c000000-0x48cffffff 64bit pref]
May 29 20:49:00.895071 kernel: pci 0000:03:01.3: PCI bridge to [bus 0f]
May 29 20:49:00.895097 kernel: pci 0000:03:01.3:   bridge window [mem 0xc5900000-0xc5afffff]
May 29 20:49:00.895124 kernel: pci 0000:03:01.3:   bridge window [mem 0x48d000000-0x48dffffff 64bit pref]
May 29 20:49:00.895166 kernel: pci 0000:03:01.4: PCI bridge to [bus 10]
May 29 20:49:00.895195 kernel: pci 0000:03:01.4:   bridge window [mem 0xc5b00000-0xc5cfffff]
May 29 20:49:00.895222 kernel: pci 0000:03:01.4:   bridge window [mem 0x48e000000-0x48effffff 64bit pref]
May 29 20:49:00.895248 kernel: pci 0000:03:01.5: PCI bridge to [bus 11]
May 29 20:49:00.895274 kernel: pci 0000:03:01.5:   bridge window [mem 0xc5d00000-0xc5efffff]
May 29 20:49:00.895300 kernel: pci 0000:03:01.5:   bridge window [mem 0x48f000000-0x48fffffff 64bit pref]
May 29 20:49:00.895327 kernel: pci 0000:03:01.6: PCI bridge to [bus 12]
May 29 20:49:00.895353 kernel: pci 0000:03:01.6:   bridge window [mem 0xc5f00000-0xc60fffff]
May 29 20:49:00.895379 kernel: pci 0000:03:01.6:   bridge window [mem 0x490000000-0x490ffffff 64bit pref]
May 29 20:49:00.895406 kernel: pci 0000:03:01.7: PCI bridge to [bus 13]
May 29 20:49:00.895432 kernel: pci 0000:03:01.7:   bridge window [mem 0xc6100000-0xc62fffff]
May 29 20:49:00.895458 kernel: pci 0000:03:01.7:   bridge window [mem 0x491000000-0x491ffffff 64bit pref]
May 29 20:49:00.895485 kernel: pci 0000:03:02.0: PCI bridge to [bus 14]
May 29 20:49:00.895511 kernel: pci 0000:03:02.0:   bridge window [mem 0xc6300000-0xc64fffff]
May 29 20:49:00.895537 kernel: pci 0000:03:02.0:   bridge window [mem 0x492000000-0x492ffffff 64bit pref]
May 29 20:49:00.895565 kernel: pci 0000:03:02.1: PCI bridge to [bus 15]
May 29 20:49:00.895591 kernel: pci 0000:03:02.1:   bridge window [mem 0xc6500000-0xc66fffff]
May 29 20:49:00.895617 kernel: pci 0000:03:02.1:   bridge window [mem 0x493000000-0x493ffffff 64bit pref]
May 29 20:49:00.895643 kernel: pci 0000:03:02.2: PCI bridge to [bus 16]
May 29 20:49:00.895670 kernel: pci 0000:03:02.2:   bridge window [mem 0xc6700000-0xc68fffff]
May 29 20:49:00.895696 kernel: pci 0000:03:02.2:   bridge window [mem 0x494000000-0x494ffffff 64bit pref]
May 29 20:49:00.895722 kernel: pci 0000:03:02.3: PCI bridge to [bus 17]
May 29 20:49:00.895748 kernel: pci 0000:03:02.3:   bridge window [mem 0xc6900000-0xc6afffff]
May 29 20:49:00.895781 kernel: pci 0000:03:02.3:   bridge window [mem 0x495000000-0x495ffffff 64bit pref]
May 29 20:49:00.895815 kernel: pci 0000:03:02.4: PCI bridge to [bus 18]
May 29 20:49:00.895847 kernel: pci 0000:03:02.4:   bridge window [mem 0xc6b00000-0xc6cfffff]
May 29 20:49:00.895879 kernel: pci 0000:03:02.4:   bridge window [mem 0x496000000-0x496ffffff 64bit pref]
May 29 20:49:00.895921 kernel: pci 0000:03:02.5: PCI bridge to [bus 19]
May 29 20:49:00.895955 kernel: pci 0000:03:02.5:   bridge window [mem 0xc6d00000-0xc6efffff]
May 29 20:49:00.895989 kernel: pci 0000:03:02.5:   bridge window [mem 0x497000000-0x497ffffff 64bit pref]
May 29 20:49:00.896023 kernel: pci 0000:03:02.6: PCI bridge to [bus 1a]
May 29 20:49:00.896058 kernel: pci 0000:03:02.6:   bridge window [mem 0xc6f00000-0xc70fffff]
May 29 20:49:00.896090 kernel: pci 0000:03:02.6:   bridge window [mem 0x498000000-0x498ffffff 64bit pref]
May 29 20:49:00.896125 kernel: pci 0000:03:02.7: PCI bridge to [bus 1b]
May 29 20:49:00.896159 kernel: pci 0000:03:02.7:   bridge window [mem 0xc7100000-0xc72fffff]
May 29 20:49:00.896192 kernel: pci 0000:03:02.7:   bridge window [mem 0x499000000-0x499ffffff 64bit pref]
May 29 20:49:00.896226 kernel: pci 0000:03:03.0: PCI bridge to [bus 1c]
May 29 20:49:00.896258 kernel: pci 0000:03:03.0:   bridge window [mem 0xc7300000-0xc74fffff]
May 29 20:49:00.896292 kernel: pci 0000:03:03.0:   bridge window [mem 0x49a000000-0x49affffff 64bit pref]
May 29 20:49:00.896326 kernel: pci 0000:03:03.1: PCI bridge to [bus 1d]
May 29 20:49:00.896356 kernel: pci 0000:03:03.1:   bridge window [mem 0xc7500000-0xc76fffff]
May 29 20:49:00.896382 kernel: pci 0000:03:03.1:   bridge window [mem 0x49b000000-0x49bffffff 64bit pref]
May 29 20:49:00.896410 kernel: pci 0000:03:03.2: PCI bridge to [bus 1e]
May 29 20:49:00.896455 kernel: pci 0000:03:03.2:   bridge window [mem 0xc7700000-0xc78fffff]
May 29 20:49:00.896484 kernel: pci 0000:03:03.2:   bridge window [mem 0x49c000000-0x49cffffff 64bit pref]
May 29 20:49:00.896513 kernel: pci 0000:03:03.3: PCI bridge to [bus 1f]
May 29 20:49:00.896542 kernel: pci 0000:03:03.3:   bridge window [mem 0xc7900000-0xc7afffff]
May 29 20:49:00.896570 kernel: pci 0000:03:03.3:   bridge window [mem 0x49d000000-0x49dffffff 64bit pref]
May 29 20:49:00.896599 kernel: pci 0000:03:03.4: PCI bridge to [bus 20]
May 29 20:49:00.896627 kernel: pci 0000:03:03.4:   bridge window [mem 0xc7b00000-0xc7cfffff]
May 29 20:49:00.896655 kernel: pci 0000:03:03.4:   bridge window [mem 0x49e000000-0x49effffff 64bit pref]
May 29 20:49:00.896685 kernel: pci 0000:03:03.5: PCI bridge to [bus 21]
May 29 20:49:00.896713 kernel: pci 0000:03:03.5:   bridge window [mem 0xc7d00000-0xc7efffff]
May 29 20:49:00.896741 kernel: pci 0000:03:03.5:   bridge window [mem 0x49f000000-0x49fffffff 64bit pref]
May 29 20:49:00.896770 kernel: pci 0000:03:03.6: PCI bridge to [bus 22]
May 29 20:49:00.896799 kernel: pci 0000:03:03.6:   bridge window [mem 0xc7f00000-0xc80fffff]
May 29 20:49:00.896828 kernel: pci 0000:03:03.6:   bridge window [mem 0x4a0000000-0x4a0ffffff 64bit pref]
May 29 20:49:00.896857 kernel: pci 0000:03:03.7: PCI bridge to [bus 23]
May 29 20:49:00.896885 kernel: pci 0000:03:03.7:   bridge window [mem 0xc8100000-0xc82fffff]
May 29 20:49:00.896937 kernel: pci 0000:03:03.7:   bridge window [mem 0x4a1000000-0x4a1ffffff 64bit pref]
May 29 20:49:00.896966 kernel: pci 0000:02:00.0: PCI bridge to [bus 03-23]
May 29 20:49:00.896993 kernel: pci 0000:02:00.0:   bridge window [mem 0xc4200000-0xc82fffff]
May 29 20:49:00.897020 kernel: pci 0000:02:00.0:   bridge window [mem 0x482000000-0x4a1ffffff 64bit pref]
May 29 20:49:00.897047 kernel: pci 0000:01:00.0: PCI bridge to [bus 02-23]
May 29 20:49:00.897074 kernel: pci 0000:01:00.0:   bridge window [mem 0xc4100000-0xc82fffff]
May 29 20:49:00.897099 kernel: pci 0000:01:00.0:   bridge window [mem 0x482000000-0x4a1ffffff 64bit pref]
May 29 20:49:00.897124 kernel: pci_bus 0000:01: resource 4 [mem 0xc4000000-0xc82fffff window]
May 29 20:49:00.897149 kernel: pci_bus 0000:01: resource 5 [mem 0x482000000-0x4a1ffffff window]
May 29 20:49:00.897180 kernel: pci_bus 0000:02: resource 1 [mem 0xc4100000-0xc82fffff]
May 29 20:49:00.897205 kernel: pci_bus 0000:02: resource 2 [mem 0x482000000-0x4a1ffffff 64bit pref]
May 29 20:49:00.897240 kernel: pci_bus 0000:03: resource 1 [mem 0xc4200000-0xc82fffff]
May 29 20:49:00.897267 kernel: pci_bus 0000:03: resource 2 [mem 0x482000000-0x4a1ffffff 64bit pref]
May 29 20:49:00.897301 kernel: pci_bus 0000:04: resource 1 [mem 0xc4300000-0xc44fffff]
May 29 20:49:00.897329 kernel: pci_bus 0000:04: resource 2 [mem 0x482000000-0x482ffffff 64bit pref]
May 29 20:49:00.897362 kernel: pci_bus 0000:05: resource 1 [mem 0xc4500000-0xc46fffff]
May 29 20:49:00.897391 kernel: pci_bus 0000:05: resource 2 [mem 0x483000000-0x483ffffff 64bit pref]
May 29 20:49:00.897424 kernel: pci_bus 0000:06: resource 1 [mem 0xc4700000-0xc48fffff]
May 29 20:49:00.897452 kernel: pci_bus 0000:06: resource 2 [mem 0x484000000-0x484ffffff 64bit pref]
May 29 20:49:00.897485 kernel: pci_bus 0000:07: resource 1 [mem 0xc4900000-0xc4afffff]
May 29 20:49:00.897514 kernel: pci_bus 0000:07: resource 2 [mem 0x485000000-0x485ffffff 64bit pref]
May 29 20:49:00.897549 kernel: pci_bus 0000:08: resource 1 [mem 0xc4b00000-0xc4cfffff]
May 29 20:49:00.897577 kernel: pci_bus 0000:08: resource 2 [mem 0x486000000-0x486ffffff 64bit pref]
May 29 20:49:00.897610 kernel: pci_bus 0000:09: resource 1 [mem 0xc4d00000-0xc4efffff]
May 29 20:49:00.897639 kernel: pci_bus 0000:09: resource 2 [mem 0x487000000-0x487ffffff 64bit pref]
May 29 20:49:00.897677 kernel: pci_bus 0000:0a: resource 1 [mem 0xc4f00000-0xc50fffff]
May 29 20:49:00.897705 kernel: pci_bus 0000:0a: resource 2 [mem 0x488000000-0x488ffffff 64bit pref]
May 29 20:49:00.897738 kernel: pci_bus 0000:0b: resource 1 [mem 0xc5100000-0xc52fffff]
May 29 20:49:00.897766 kernel: pci_bus 0000:0b: resource 2 [mem 0x489000000-0x489ffffff 64bit pref]
May 29 20:49:00.897799 kernel: pci_bus 0000:0c: resource 1 [mem 0xc5300000-0xc54fffff]
May 29 20:49:00.897827 kernel: pci_bus 0000:0c: resource 2 [mem 0x48a000000-0x48affffff 64bit pref]
May 29 20:49:00.897863 kernel: pci_bus 0000:0d: resource 1 [mem 0xc5500000-0xc56fffff]
May 29 20:49:00.897891 kernel: pci_bus 0000:0d: resource 2 [mem 0x48b000000-0x48bffffff 64bit pref]
May 29 20:49:00.897931 kernel: pci_bus 0000:0e: resource 1 [mem 0xc5700000-0xc58fffff]
May 29 20:49:00.897959 kernel: pci_bus 0000:0e: resource 2 [mem 0x48c000000-0x48cffffff 64bit pref]
May 29 20:49:00.897993 kernel: pci_bus 0000:0f: resource 1 [mem 0xc5900000-0xc5afffff]
May 29 20:49:00.898022 kernel: pci_bus 0000:0f: resource 2 [mem 0x48d000000-0x48dffffff 64bit pref]
May 29 20:49:00.898056 kernel: pci_bus 0000:10: resource 1 [mem 0xc5b00000-0xc5cfffff]
May 29 20:49:00.898084 kernel: pci_bus 0000:10: resource 2 [mem 0x48e000000-0x48effffff 64bit pref]
May 29 20:49:00.898118 kernel: pci_bus 0000:11: resource 1 [mem 0xc5d00000-0xc5efffff]
May 29 20:49:00.898146 kernel: pci_bus 0000:11: resource 2 [mem 0x48f000000-0x48fffffff 64bit pref]
May 29 20:49:00.898180 kernel: pci_bus 0000:12: resource 1 [mem 0xc5f00000-0xc60fffff]
May 29 20:49:00.898208 kernel: pci_bus 0000:12: resource 2 [mem 0x490000000-0x490ffffff 64bit pref]
May 29 20:49:00.898240 kernel: pci_bus 0000:13: resource 1 [mem 0xc6100000-0xc62fffff]
May 29 20:49:00.898268 kernel: pci_bus 0000:13: resource 2 [mem 0x491000000-0x491ffffff 64bit pref]
May 29 20:49:00.898301 kernel: pci_bus 0000:14: resource 1 [mem 0xc6300000-0xc64fffff]
May 29 20:49:00.898329 kernel: pci_bus 0000:14: resource 2 [mem 0x492000000-0x492ffffff 64bit pref]
May 29 20:49:00.898362 kernel: pci_bus 0000:15: resource 1 [mem 0xc6500000-0xc66fffff]
May 29 20:49:00.898390 kernel: pci_bus 0000:15: resource 2 [mem 0x493000000-0x493ffffff 64bit pref]
May 29 20:49:00.898424 kernel: pci_bus 0000:16: resource 1 [mem 0xc6700000-0xc68fffff]
May 29 20:49:00.898452 kernel: pci_bus 0000:16: resource 2 [mem 0x494000000-0x494ffffff 64bit pref]
May 29 20:49:00.898489 kernel: pci_bus 0000:17: resource 1 [mem 0xc6900000-0xc6afffff]
May 29 20:49:00.898516 kernel: pci_bus 0000:17: resource 2 [mem 0x495000000-0x495ffffff 64bit pref]
May 29 20:49:00.898549 kernel: pci_bus 0000:18: resource 1 [mem 0xc6b00000-0xc6cfffff]
May 29 20:49:00.898577 kernel: pci_bus 0000:18: resource 2 [mem 0x496000000-0x496ffffff 64bit pref]
May 29 20:49:00.898611 kernel: pci_bus 0000:19: resource 1 [mem 0xc6d00000-0xc6efffff]
May 29 20:49:00.898639 kernel: pci_bus 0000:19: resource 2 [mem 0x497000000-0x497ffffff 64bit pref]
May 29 20:49:00.898671 kernel: pci_bus 0000:1a: resource 1 [mem 0xc6f00000-0xc70fffff]
May 29 20:49:00.898699 kernel: pci_bus 0000:1a: resource 2 [mem 0x498000000-0x498ffffff 64bit pref]
May 29 20:49:00.898734 kernel: pci_bus 0000:1b: resource 1 [mem 0xc7100000-0xc72fffff]
May 29 20:49:00.898762 kernel: pci_bus 0000:1b: resource 2 [mem 0x499000000-0x499ffffff 64bit pref]
May 29 20:49:00.898794 kernel: pci_bus 0000:1c: resource 1 [mem 0xc7300000-0xc74fffff]
May 29 20:49:00.898822 kernel: pci_bus 0000:1c: resource 2 [mem 0x49a000000-0x49affffff 64bit pref]
May 29 20:49:00.898855 kernel: pci_bus 0000:1d: resource 1 [mem 0xc7500000-0xc76fffff]
May 29 20:49:00.898884 kernel: pci_bus 0000:1d: resource 2 [mem 0x49b000000-0x49bffffff 64bit pref]
May 29 20:49:00.898921 kernel: pci_bus 0000:1e: resource 1 [mem 0xc7700000-0xc78fffff]
May 29 20:49:00.898950 kernel: pci_bus 0000:1e: resource 2 [mem 0x49c000000-0x49cffffff 64bit pref]
May 29 20:49:00.898984 kernel: pci_bus 0000:1f: resource 1 [mem 0xc7900000-0xc7afffff]
May 29 20:49:00.899012 kernel: pci_bus 0000:1f: resource 2 [mem 0x49d000000-0x49dffffff 64bit pref]
May 29 20:49:00.899048 kernel: pci_bus 0000:20: resource 1 [mem 0xc7b00000-0xc7cfffff]
May 29 20:49:00.899076 kernel: pci_bus 0000:20: resource 2 [mem 0x49e000000-0x49effffff 64bit pref]
May 29 20:49:00.899111 kernel: pci_bus 0000:21: resource 1 [mem 0xc7d00000-0xc7efffff]
May 29 20:49:00.899141 kernel: pci_bus 0000:21: resource 2 [mem 0x49f000000-0x49fffffff 64bit pref]
May 29 20:49:00.899175 kernel: pci_bus 0000:22: resource 1 [mem 0xc7f00000-0xc80fffff]
May 29 20:49:00.899206 kernel: pci_bus 0000:22: resource 2 [mem 0x4a0000000-0x4a0ffffff 64bit pref]
May 29 20:49:00.899239 kernel: pci_bus 0000:23: resource 1 [mem 0xc8100000-0xc82fffff]
May 29 20:49:00.899268 kernel: pci_bus 0000:23: resource 2 [mem 0x4a1000000-0x4a1ffffff 64bit pref]
May 29 20:49:00.899300 kernel: pci 0000:26:00.0: PCI bridge to [bus 27]
May 29 20:49:00.899330 kernel: pci 0000:26:00.0:   bridge window [mem 0xc8700000-0xc88fffff]
May 29 20:49:00.899361 kernel: pci 0000:26:00.0:   bridge window [mem 0x4a2000000-0x4a2ffffff 64bit pref]
May 29 20:49:00.899390 kernel: pci 0000:26:00.1: PCI bridge to [bus 28]
May 29 20:49:00.899421 kernel: pci 0000:26:00.1:   bridge window [mem 0xc8900000-0xc8afffff]
May 29 20:49:00.899451 kernel: pci 0000:26:00.1:   bridge window [mem 0x4a3000000-0x4a3ffffff 64bit pref]
May 29 20:49:00.899482 kernel: pci 0000:26:00.2: PCI bridge to [bus 29]
May 29 20:49:00.899511 kernel: pci 0000:26:00.2:   bridge window [mem 0xc8b00000-0xc8cfffff]
May 29 20:49:00.899542 kernel: pci 0000:26:00.2:   bridge window [mem 0x4a4000000-0x4a4ffffff 64bit pref]
May 29 20:49:00.899571 kernel: pci 0000:26:00.3: PCI bridge to [bus 2a]
May 29 20:49:00.899601 kernel: pci 0000:26:00.3:   bridge window [mem 0xc8d00000-0xc8efffff]
May 29 20:49:00.899630 kernel: pci 0000:26:00.3:   bridge window [mem 0x4a5000000-0x4a5ffffff 64bit pref]
May 29 20:49:00.899659 kernel: pci 0000:26:00.4: PCI bridge to [bus 2b]
May 29 20:49:00.899689 kernel: pci 0000:26:00.4:   bridge window [mem 0xc8f00000-0xc90fffff]
May 29 20:49:00.899717 kernel: pci 0000:26:00.4:   bridge window [mem 0x4a6000000-0x4a6ffffff 64bit pref]
May 29 20:49:00.899746 kernel: pci 0000:25:00.0: PCI bridge to [bus 26-2b]
May 29 20:49:00.899774 kernel: pci 0000:25:00.0:   bridge window [mem 0xc8600000-0xc90fffff]
May 29 20:49:00.899803 kernel: pci 0000:25:00.0:   bridge window [mem 0x4a2000000-0x4a6ffffff 64bit pref]
May 29 20:49:00.899831 kernel: pci 0000:24:00.0: PCI bridge to [bus 25-2b]
May 29 20:49:00.899859 kernel: pci 0000:24:00.0:   bridge window [mem 0xc8500000-0xc90fffff]
May 29 20:49:00.899887 kernel: pci 0000:24:00.0:   bridge window [mem 0x4a2000000-0x4a6ffffff 64bit pref]
May 29 20:49:00.899927 kernel: pci_bus 0000:24: resource 4 [mem 0xc8400000-0xc90fffff window]
May 29 20:49:00.900459 kernel: pci_bus 0000:24: resource 5 [mem 0x4a2000000-0x4a6ffffff window]
May 29 20:49:00.900490 kernel: pci_bus 0000:25: resource 1 [mem 0xc8500000-0xc90fffff]
May 29 20:49:00.900515 kernel: pci_bus 0000:25: resource 2 [mem 0x4a2000000-0x4a6ffffff 64bit pref]
May 29 20:49:00.900548 kernel: pci_bus 0000:26: resource 1 [mem 0xc8600000-0xc90fffff]
May 29 20:49:00.900575 kernel: pci_bus 0000:26: resource 2 [mem 0x4a2000000-0x4a6ffffff 64bit pref]
May 29 20:49:00.900607 kernel: pci_bus 0000:27: resource 1 [mem 0xc8700000-0xc88fffff]
May 29 20:49:00.900634 kernel: pci_bus 0000:27: resource 2 [mem 0x4a2000000-0x4a2ffffff 64bit pref]
May 29 20:49:00.900667 kernel: pci_bus 0000:28: resource 1 [mem 0xc8900000-0xc8afffff]
May 29 20:49:00.900694 kernel: pci_bus 0000:28: resource 2 [mem 0x4a3000000-0x4a3ffffff 64bit pref]
May 29 20:49:00.900727 kernel: pci_bus 0000:29: resource 1 [mem 0xc8b00000-0xc8cfffff]
May 29 20:49:00.900754 kernel: pci_bus 0000:29: resource 2 [mem 0x4a4000000-0x4a4ffffff 64bit pref]
May 29 20:49:00.900784 kernel: pci_bus 0000:2a: resource 1 [mem 0xc8d00000-0xc8efffff]
May 29 20:49:00.900810 kernel: pci_bus 0000:2a: resource 2 [mem 0x4a5000000-0x4a5ffffff 64bit pref]
May 29 20:49:00.900845 kernel: pci_bus 0000:2b: resource 1 [mem 0xc8f00000-0xc90fffff]
May 29 20:49:00.900872 kernel: pci_bus 0000:2b: resource 2 [mem 0x4a6000000-0x4a6ffffff 64bit pref]
May 29 20:49:00.900907 kernel: pci 0000:00:00.0: Limiting direct PCI/PCI transfers
May 29 20:49:00.900910 kernel: PCI: CLS 0 bytes, default 64
May 29 20:49:00.900913 kernel: PCI-DMA: Using software bounce buffering for IO (SWIOTLB)
May 29 20:49:00.900916 kernel: Trying to unpack rootfs image as initramfs...
May 29 20:49:00.900918 kernel: software IO TLB: mapped [mem 0x00000000bbfe8000-0x00000000bffe8000] (64MB)
May 29 20:49:00.900921 kernel: ACPI: bus type thunderbolt registered
May 29 20:49:00.900923 kernel: clocksource: tsc: mask: 0xffffffffffffffff max_cycles: 0x257a3a7b45f, max_idle_ns: 440795312762 ns
May 29 20:49:00.900926 kernel: clocksource: Switched to clocksource tsc
May 29 20:49:00.900929 kernel: Initialise system trusted keyrings
May 29 20:49:00.900931 kernel: Key type blacklist registered
May 29 20:49:00.900933 kernel: workingset: timestamp_bits=36 max_order=22 bucket_order=0
May 29 20:49:00.900937 kernel: zbud: loaded
May 29 20:49:00.900939 kernel: integrity: Platform Keyring initialized
May 29 20:49:00.900942 kernel: integrity: Machine keyring initialized
May 29 20:49:00.900944 kernel: NET: Registered PF_ALG protocol family
May 29 20:49:00.900947 kernel: xor: automatically using best checksumming function   avx       
May 29 20:49:00.900949 kernel: Key type asymmetric registered
May 29 20:49:00.900951 kernel: Asymmetric key parser 'x509' registered
May 29 20:49:00.900954 kernel: Block layer SCSI generic (bsg) driver version 0.4 loaded (major 246)
May 29 20:49:00.900956 kernel: io scheduler mq-deadline registered
May 29 20:49:00.900959 kernel: io scheduler kyber registered
May 29 20:49:00.900961 kernel: io scheduler bfq registered
May 29 20:49:00.900964 kernel: atomic64_test: passed for x86-64 platform with CX8 and with SSE
May 29 20:49:00.900991 kernel: pcieport 0000:01:00.0: PME: Signaling with IRQ 24
May 29 20:49:00.901017 kernel: pcieport 0000:01:00.0: pciehp: Slot #0 AttnBtn+ PwrCtrl+ MRL- AttnInd+ PwrInd+ HotPlug+ Surprise- Interlock- NoCompl+ IbPresDis- LLActRep+
May 29 20:49:00.901046 kernel: pcieport 0000:03:00.0: pciehp: Slot #2 AttnBtn+ PwrCtrl+ MRL- AttnInd+ PwrInd+ HotPlug+ Surprise- Interlock- NoCompl+ IbPresDis- LLActRep+
May 29 20:49:00.901075 kernel: pcieport 0000:03:00.1: pciehp: Slot #3 AttnBtn+ PwrCtrl+ MRL- AttnInd+ PwrInd+ HotPlug+ Surprise- Interlock- NoCompl+ IbPresDis- LLActRep+
May 29 20:49:00.901103 kernel: pcieport 0000:03:00.2: pciehp: Slot #4 AttnBtn+ PwrCtrl+ MRL- AttnInd+ PwrInd+ HotPlug+ Surprise- Interlock- NoCompl+ IbPresDis- LLActRep+
May 29 20:49:00.901131 kernel: pcieport 0000:03:00.3: pciehp: Slot #5 AttnBtn+ PwrCtrl+ MRL- AttnInd+ PwrInd+ HotPlug+ Surprise- Interlock- NoCompl+ IbPresDis- LLActRep+
May 29 20:49:00.901159 kernel: pcieport 0000:03:00.4: pciehp: Slot #6 AttnBtn+ PwrCtrl+ MRL- AttnInd+ PwrInd+ HotPlug+ Surprise- Interlock- NoCompl+ IbPresDis- LLActRep+
May 29 20:49:00.901188 kernel: pcieport 0000:03:00.5: pciehp: Slot #7 AttnBtn+ PwrCtrl+ MRL- AttnInd+ PwrInd+ HotPlug+ Surprise- Interlock- NoCompl+ IbPresDis- LLActRep+
May 29 20:49:00.901216 kernel: pcieport 0000:03:00.6: pciehp: Slot #8 AttnBtn+ PwrCtrl+ MRL- AttnInd+ PwrInd+ HotPlug+ Surprise- Interlock- NoCompl+ IbPresDis- LLActRep+
May 29 20:49:00.901245 kernel: pcieport 0000:03:00.7: pciehp: Slot #9 AttnBtn+ PwrCtrl+ MRL- AttnInd+ PwrInd+ HotPlug+ Surprise- Interlock- NoCompl+ IbPresDis- LLActRep+
May 29 20:49:00.901273 kernel: pcieport 0000:03:01.0: pciehp: Slot #10 AttnBtn+ PwrCtrl+ MRL- AttnInd+ PwrInd+ HotPlug+ Surprise- Interlock- NoCompl+ IbPresDis- LLActRep+
May 29 20:49:00.901301 kernel: pcieport 0000:03:01.1: pciehp: Slot #11 AttnBtn+ PwrCtrl+ MRL- AttnInd+ PwrInd+ HotPlug+ Surprise- Interlock- NoCompl+ IbPresDis- LLActRep+
May 29 20:49:00.901329 kernel: pcieport 0000:03:01.2: pciehp: Slot #12 AttnBtn+ PwrCtrl+ MRL- AttnInd+ PwrInd+ HotPlug+ Surprise- Interlock- NoCompl+ IbPresDis- LLActRep+
May 29 20:49:00.901358 kernel: pcieport 0000:03:01.3: pciehp: Slot #13 AttnBtn+ PwrCtrl+ MRL- AttnInd+ PwrInd+ HotPlug+ Surprise- Interlock- NoCompl+ IbPresDis- LLActRep+
May 29 20:49:00.901386 kernel: pcieport 0000:03:01.4: pciehp: Slot #14 AttnBtn+ PwrCtrl+ MRL- AttnInd+ PwrInd+ HotPlug+ Surprise- Interlock- NoCompl+ IbPresDis- LLActRep+
May 29 20:49:00.901413 kernel: pcieport 0000:03:01.5: pciehp: Slot #15 AttnBtn+ PwrCtrl+ MRL- AttnInd+ PwrInd+ HotPlug+ Surprise- Interlock- NoCompl+ IbPresDis- LLActRep+
May 29 20:49:00.901442 kernel: pcieport 0000:03:01.6: pciehp: Slot #16 AttnBtn+ PwrCtrl+ MRL- AttnInd+ PwrInd+ HotPlug+ Surprise- Interlock- NoCompl+ IbPresDis- LLActRep+
May 29 20:49:00.901469 kernel: pcieport 0000:03:01.7: pciehp: Slot #17 AttnBtn+ PwrCtrl+ MRL- AttnInd+ PwrInd+ HotPlug+ Surprise- Interlock- NoCompl+ IbPresDis- LLActRep+
May 29 20:49:00.901498 kernel: pcieport 0000:03:02.0: pciehp: Slot #18 AttnBtn+ PwrCtrl+ MRL- AttnInd+ PwrInd+ HotPlug+ Surprise- Interlock- NoCompl+ IbPresDis- LLActRep+
May 29 20:49:00.901526 kernel: pcieport 0000:03:02.1: pciehp: Slot #19 AttnBtn+ PwrCtrl+ MRL- AttnInd+ PwrInd+ HotPlug+ Surprise- Interlock- NoCompl+ IbPresDis- LLActRep+
May 29 20:49:00.901554 kernel: pcieport 0000:03:02.2: pciehp: Slot #20 AttnBtn+ PwrCtrl+ MRL- AttnInd+ PwrInd+ HotPlug+ Surprise- Interlock- NoCompl+ IbPresDis- LLActRep+
May 29 20:49:00.901582 kernel: pcieport 0000:03:02.3: pciehp: Slot #21 AttnBtn+ PwrCtrl+ MRL- AttnInd+ PwrInd+ HotPlug+ Surprise- Interlock- NoCompl+ IbPresDis- LLActRep+
May 29 20:49:00.901611 kernel: pcieport 0000:03:02.4: pciehp: Slot #22 AttnBtn+ PwrCtrl+ MRL- AttnInd+ PwrInd+ HotPlug+ Surprise- Interlock- NoCompl+ IbPresDis- LLActRep+
May 29 20:49:00.901638 kernel: pcieport 0000:03:02.5: pciehp: Slot #23 AttnBtn+ PwrCtrl+ MRL- AttnInd+ PwrInd+ HotPlug+ Surprise- Interlock- NoCompl+ IbPresDis- LLActRep+
May 29 20:49:00.901668 kernel: pcieport 0000:03:02.6: pciehp: Slot #24 AttnBtn+ PwrCtrl+ MRL- AttnInd+ PwrInd+ HotPlug+ Surprise- Interlock- NoCompl+ IbPresDis- LLActRep+
May 29 20:49:00.901696 kernel: pcieport 0000:03:02.7: pciehp: Slot #25 AttnBtn+ PwrCtrl+ MRL- AttnInd+ PwrInd+ HotPlug+ Surprise- Interlock- NoCompl+ IbPresDis- LLActRep+
May 29 20:49:00.901724 kernel: pcieport 0000:03:03.0: pciehp: Slot #26 AttnBtn+ PwrCtrl+ MRL- AttnInd+ PwrInd+ HotPlug+ Surprise- Interlock- NoCompl+ IbPresDis- LLActRep+
May 29 20:49:00.901753 kernel: pcieport 0000:03:03.1: pciehp: Slot #27 AttnBtn+ PwrCtrl+ MRL- AttnInd+ PwrInd+ HotPlug+ Surprise- Interlock- NoCompl+ IbPresDis- LLActRep+
May 29 20:49:00.901781 kernel: pcieport 0000:03:03.2: pciehp: Slot #28 AttnBtn+ PwrCtrl+ MRL- AttnInd+ PwrInd+ HotPlug+ Surprise- Interlock- NoCompl+ IbPresDis- LLActRep+
May 29 20:49:00.901808 kernel: pcieport 0000:03:03.3: pciehp: Slot #29 AttnBtn+ PwrCtrl+ MRL- AttnInd+ PwrInd+ HotPlug+ Surprise- Interlock- NoCompl+ IbPresDis- LLActRep+
May 29 20:49:00.901835 kernel: pcieport 0000:03:03.4: pciehp: Slot #30 AttnBtn+ PwrCtrl+ MRL- AttnInd+ PwrInd+ HotPlug+ Surprise- Interlock- NoCompl+ IbPresDis- LLActRep+
May 29 20:49:00.901862 kernel: pcieport 0000:03:03.5: pciehp: Slot #31 AttnBtn+ PwrCtrl+ MRL- AttnInd+ PwrInd+ HotPlug+ Surprise- Interlock- NoCompl+ IbPresDis- LLActRep+
May 29 20:49:00.901890 kernel: pcieport 0000:03:03.6: pciehp: Slot #32 AttnBtn+ PwrCtrl+ MRL- AttnInd+ PwrInd+ HotPlug+ Surprise- Interlock- NoCompl+ IbPresDis- LLActRep+
May 29 20:49:00.901924 kernel: pcieport 0000:03:03.7: pciehp: Slot #33 AttnBtn+ PwrCtrl+ MRL- AttnInd+ PwrInd+ HotPlug+ Surprise- Interlock- NoCompl+ IbPresDis- LLActRep+
May 29 20:49:00.901950 kernel: pcieport 0000:24:00.0: PME: Signaling with IRQ 57
May 29 20:49:00.901975 kernel: pcieport 0000:24:00.0: pciehp: Slot #1 AttnBtn+ PwrCtrl+ MRL- AttnInd+ PwrInd+ HotPlug+ Surprise- Interlock- NoCompl+ IbPresDis- LLActRep+
May 29 20:49:00.902004 kernel: pcieport 0000:26:00.0: pciehp: Slot #34 AttnBtn+ PwrCtrl+ MRL- AttnInd+ PwrInd+ HotPlug+ Surprise- Interlock- NoCompl+ IbPresDis- LLActRep+
May 29 20:49:00.902031 kernel: pcieport 0000:26:00.1: pciehp: Slot #35 AttnBtn+ PwrCtrl+ MRL- AttnInd+ PwrInd+ HotPlug+ Surprise- Interlock- NoCompl+ IbPresDis- LLActRep+
May 29 20:49:00.902060 kernel: pcieport 0000:26:00.2: pciehp: Slot #36 AttnBtn+ PwrCtrl+ MRL- AttnInd+ PwrInd+ HotPlug+ Surprise- Interlock- NoCompl+ IbPresDis- LLActRep+
May 29 20:49:00.902089 kernel: pcieport 0000:26:00.3: pciehp: Slot #37 AttnBtn+ PwrCtrl+ MRL- AttnInd+ PwrInd+ HotPlug+ Surprise- Interlock- NoCompl+ IbPresDis- LLActRep+
May 29 20:49:00.902117 kernel: pcieport 0000:26:00.4: pciehp: Slot #38 AttnBtn+ PwrCtrl+ MRL- AttnInd+ PwrInd+ HotPlug+ Surprise- Interlock- NoCompl+ IbPresDis- LLActRep+
May 29 20:49:00.902121 kernel: shpchp: Standard Hot Plug PCI Controller Driver version: 0.4
May 29 20:49:00.902124 kernel: Freeing initrd memory: 104172K
May 29 20:49:00.902126 kernel: input: Power Button as /devices/LNXSYSTM:00/LNXPWRBN:00/input/input0
May 29 20:49:00.902129 kernel: ACPI: button: Power Button [PWRF]
May 29 20:49:00.902131 kernel: input: Sleep Button as /devices/LNXSYSTM:00/LNXSLPBN:00/input/input1
May 29 20:49:00.902134 kernel: ACPI: button: Sleep Button [SLPF]
May 29 20:49:00.902137 kernel: Monitor-Mwait will be used to enter C-1 state
May 29 20:49:00.902140 kernel: ACPI: \_SB_.CP00: Found 2 idle states
May 29 20:49:00.902143 kernel: ACPI: \_SB_.CP01: Found 2 idle states
May 29 20:49:00.902145 kernel: ACPI: \_SB_.CP02: Found 2 idle states
May 29 20:49:00.902148 kernel: ACPI: \_SB_.CP03: Found 2 idle states
May 29 20:49:00.902150 kernel: Serial: 8250/16550 driver, 4 ports, IRQ sharing enabled
May 29 20:49:00.902152 kernel: 00:04: ttyS0 at I/O 0x3f8 (irq = 4, base_baud = 115200) is a 16550A
May 29 20:49:00.902155 kernel: Non-volatile memory driver v1.3
May 29 20:49:00.902157 kernel: rdac: device handler registered
May 29 20:49:00.902160 kernel: hp_sw: device handler registered
May 29 20:49:00.902162 kernel: emc: device handler registered
May 29 20:49:00.902166 kernel: alua: device handler registered
May 29 20:49:00.902168 kernel: usbcore: registered new interface driver usbserial_generic
May 29 20:49:00.902171 kernel: usbserial: USB Serial support registered for generic
May 29 20:49:00.902173 kernel: i8042: PNP: PS/2 Controller [PNP0303:KBD,PNP0f13:MOU] at 0x60,0x64 irq 1,12
May 29 20:49:00.902176 kernel: i8042: Warning: Keylock active
May 29 20:49:00.902178 kernel: serio: i8042 KBD port at 0x60,0x64 irq 1
May 29 20:49:00.902181 kernel: serio: i8042 AUX port at 0x60,0x64 irq 12
May 29 20:49:00.902183 kernel: mousedev: PS/2 mouse device common for all mice
May 29 20:49:00.902213 kernel: rtc_cmos 00:00: RTC can wake from S4
May 29 20:49:00.902238 kernel: rtc_cmos 00:00: registered as rtc0
May 29 20:49:00.902261 kernel: rtc_cmos 00:00: setting system clock to 2026-05-29T20:49:00 UTC (1780087740)
May 29 20:49:00.902285 kernel: rtc_cmos 00:00: alarms up to one day, 114 bytes nvram
May 29 20:49:00.902288 kernel: amd_pstate: The CPPC feature is supported but currently disabled by the BIOS.
                               Please enable it if your BIOS has the CPPC option.
May 29 20:49:00.902293 kernel: amd_pstate: the _CPC object is not present in SBIOS or ACPI disabled
May 29 20:49:00.902296 kernel: hid: raw HID events driver (C) Jiri Kosina
May 29 20:49:00.902298 kernel: usbcore: registered new interface driver usbhid
May 29 20:49:00.902301 kernel: usbhid: USB HID core driver
May 29 20:49:00.902306 kernel: drop_monitor: Initializing network drop monitor service
May 29 20:49:00.902310 kernel: Initializing XFRM netlink socket
May 29 20:49:00.902313 kernel: NET: Registered PF_INET6 protocol family
May 29 20:49:00.902318 kernel: Segment Routing with IPv6
May 29 20:49:00.902320 kernel: NET: Registered PF_PACKET protocol family
May 29 20:49:00.902326 kernel: mpls_gso: MPLS GSO support
May 29 20:49:00.902328 kernel: IPI shorthand broadcast: enabled
May 29 20:49:00.902333 kernel: AVX2 version of gcm_enc/dec engaged.
May 29 20:49:00.902335 kernel: AES CTR mode by8 optimization enabled
May 29 20:49:00.902340 kernel: sched_clock: Marking stable (2171847386, 519827824)->(2757097851, -65422641)
May 29 20:49:00.902343 kernel: registered taskstats version 1
May 29 20:49:00.902345 kernel: Loading compiled-in X.509 certificates
May 29 20:49:00.902348 kernel: Loaded X.509 cert 'Red Hat Enterprise Linux kernel signing key: 300cbdfacc279a7dbb14021e37e33aa77fe6a2a1'
May 29 20:49:00.902350 kernel: Loaded X.509 cert 'Red Hat Enterprise Linux Driver Update Program (key 3): bf57f3e87362bc7229d9f465321773dfd1f77a80'
May 29 20:49:00.902353 kernel: Loaded X.509 cert 'Red Hat Enterprise Linux kpatch signing key: 4d38fd864ebe18c5f0b72e3852e2014c3a676fc8'
May 29 20:49:00.902355 kernel: Loaded X.509 cert 'RH-IMA-CA: Red Hat IMA CA: fb31825dd0e073685b264e3038963673f753959a'
May 29 20:49:00.902359 kernel: Loaded X.509 cert 'Nvidia GPU OOT signing 001: 55e1cef88193e60419f0b0ec379c49f77545acf0'
May 29 20:49:00.902361 kernel: Demotion targets for Node 0: null
May 29 20:49:00.902364 kernel: page_owner is disabled
May 29 20:49:00.902367 kernel: Key type .fscrypt registered
May 29 20:49:00.902369 kernel: Key type fscrypt-provisioning registered
May 29 20:49:00.902372 kernel: Key type big_key registered
May 29 20:49:00.902374 kernel: Key type encrypted registered
May 29 20:49:00.902376 kernel: ima: No TPM chip found, activating TPM-bypass!
May 29 20:49:00.902379 kernel: Loading compiled-in module X.509 certificates
May 29 20:49:00.902381 kernel: Loaded X.509 cert 'Red Hat Enterprise Linux kernel signing key: 300cbdfacc279a7dbb14021e37e33aa77fe6a2a1'
May 29 20:49:00.902384 kernel: ima: Allocated hash algorithm: sha256
May 29 20:49:00.902386 kernel: ima: No architecture policies found
May 29 20:49:00.902389 kernel: evm: Initialising EVM extended attributes:
May 29 20:49:00.902392 kernel: evm: security.selinux
May 29 20:49:00.902394 kernel: evm: security.SMACK64 (disabled)
May 29 20:49:00.902397 kernel: evm: security.SMACK64EXEC (disabled)
May 29 20:49:00.902399 kernel: evm: security.SMACK64TRANSMUTE (disabled)
May 29 20:49:00.902402 kernel: evm: security.SMACK64MMAP (disabled)
May 29 20:49:00.902404 kernel: evm: security.apparmor (disabled)
May 29 20:49:00.902406 kernel: evm: security.ima
May 29 20:49:00.902409 kernel: evm: security.capability
May 29 20:49:00.902411 kernel: evm: HMAC attrs: 0x1
May 29 20:49:00.902414 kernel: Running certificate verification RSA selftest
May 29 20:49:00.902416 kernel: Loaded X.509 cert 'Certificate verification self-testing key: f58703bb33ce1b73ee02eccdee5b8817518fe3db'
May 29 20:49:00.902419 kernel: Running certificate verification ECDSA selftest
May 29 20:49:00.902424 kernel: Loaded X.509 cert 'Certificate verification ECDSA self-testing key: 2900bcea1deb7bc8479a84a23d758efdfdd2b2d3'
May 29 20:49:00.902426 kernel: clk: Disabling unused clocks
May 29 20:49:00.902428 kernel: Freeing unused decrypted memory: 2028K
May 29 20:49:00.902432 kernel: Freeing unused kernel image (initmem) memory: 4044K
May 29 20:49:00.902435 kernel: Write protecting the kernel read-only data: 30720k
May 29 20:49:00.902439 kernel: Freeing unused kernel image (rodata/data gap) memory: 708K
May 29 20:49:00.902441 kernel: x86/mm: Checked W+X mappings: passed, no W+X pages found.
May 29 20:49:00.902444 kernel: Run /init as init process
May 29 20:49:00.902448 kernel:   with arguments:
May 29 20:49:00.902450 kernel:     /init
May 29 20:49:00.902454 kernel:   with environment:
May 29 20:49:00.902457 kernel:     HOME=/
May 29 20:49:00.902460 kernel:     TERM=linux
May 29 20:49:00.902464 kernel:     BOOT_IMAGE=(hd0,gpt3)/boot/ostree/rhcos-617b0e78715ed36bc2244f65434be3f79c4e5cc41b856cce9de411575dfca7bd/vmlinuz-5.14.0-570.55.1.el9_6.x86_64
May 29 20:49:00.902466 kernel:     ostree=/ostree/boot.1/rhcos/617b0e78715ed36bc2244f65434be3f79c4e5cc41b856cce9de411575dfca7bd/0
May 29 20:49:00.902483 systemd-journald.service[375]: Missed 39 kernel messages
May 29 20:49:00.902497 kernel: fuse: init (API version 7.37)
May 29 20:49:00.902502 systemd-journald.service[375]: Journal started
May 29 20:49:00.902530 systemd-journald.service[375]: Runtime Journal (/run/log/journal/ec267f41f011a48ac477e290adb97b83) is 8.0M, max 313.2M, 305.2M free.
May 29 20:49:00.900455 systemd-modules-load.service[376]: Inserted module 'fuse'
May 29 20:49:00.900484 systemd-modules-load.service[376]: Module 'msr' is built in
May 29 20:49:00.906330 rdma-load-modules@infiniband.service[371]: Inserted module 'ib_ipoib'
May 29 20:49:00.908864 rdma-load-modules@infiniband.service[371]: Inserted module 'ib_umad'
May 29 20:49:00.915443 systemd-journald.service[375]: Missed 4 kernel messages
May 29 20:49:00.915443 kernel: Loading iSCSI transport class v2.0-870.
May 29 20:49:00.920912 kernel: iscsi: registered transport (iser)
May 29 20:49:00.920921 rdma-load-modules@rdma.service[372]: Inserted module 'ib_iser'
May 29 20:49:00.937910 systemd-journald.service[375]: Missed 1 kernel messages
May 29 20:49:00.937910 kernel: Rounding down aligned max_sectors from 4294967295 to 4294967288
May 29 20:49:00.937924 kernel: db_root: cannot open: /etc/target
May 29 20:49:00.967681 init.scope[1]: Finished CoreOS: Touch /run/agetty.reload.
May 29 20:49:00.968708 init.scope[1]: Finished Create List of Static Device Nodes.
May 29 20:49:00.970421 init.scope[1]: Finished Load RDMA modules from /etc/rdma/modules/infiniband.conf.
May 29 20:49:00.974065 rdma-load-modules@rdma.service[372]: Inserted module 'ib_isert'
May 29 20:49:00.977227 rdma-load-modules@rdma.service[372]: Inserted module 'ib_srpt'
May 29 20:49:00.979127 init.scope[1]: Finished Load RDMA modules from /etc/rdma/modules/roce.conf.
May 29 20:49:00.981596 init.scope[1]: Finished Load Kernel Modules.
May 29 20:49:00.982750 init.scope[1]: Finished Setup Virtual Console.
May 29 20:49:00.985721 rdma-load-modules@rdma.service[372]: Inserted module 'ib_uverbs'
May 29 20:49:00.987566 rdma-load-modules@rdma.service[372]: Inserted module 'rdma_ucm'
May 29 20:49:00.992006 init.scope[1]: Starting dracut ask for additional cmdline parameters...
May 29 20:49:00.994182 init.scope[1]: Starting Apply Kernel Variables...
May 29 20:49:00.997609 systemd-sysusers.service[380]: Creating group 'root' with GID 991.
May 29 20:49:00.998353 init.scope[1]: Finished Create System Users.
May 29 20:49:01.000838 init.scope[1]: Finished Apply Kernel Variables.
May 29 20:49:01.002442 init.scope[1]: Starting Create Static Device Nodes in /dev...
May 29 20:49:01.003932 init.scope[1]: Starting Create Volatile Files and Directories...
May 29 20:49:01.008270 systemd-journald.service[375]: Missed 18 kernel messages
May 29 20:49:01.008270 kernel: input: AT Translated Set 2 keyboard as /devices/platform/i8042/serio0/input/input2
May 29 20:49:01.012517 init.scope[1]: Finished Create Static Device Nodes in /dev.
May 29 20:49:01.013686 init.scope[1]: Finished dracut ask for additional cmdline parameters.
May 29 20:49:01.026776 systemd-journald.service[375]: Missed 2 kernel messages
May 29 20:49:01.026776 kernel: RPC: Registered named UNIX socket transport module.
May 29 20:49:01.026790 kernel: RPC: Registered udp transport module.
May 29 20:49:01.028254 kernel: RPC: Registered tcp transport module.
May 29 20:49:01.029727 kernel: RPC: Registered tcp-with-tls transport module.
May 29 20:49:01.031300 kernel: RPC: Registered tcp NFSv4.1 backchannel transport module.
May 29 20:49:01.034968 init.scope[1]: Starting dracut cmdline hook...
May 29 20:49:01.039746 dracut-cmdline.service[412]: dracut-9.6.20251015-1 (Plow) dracut-057-88.git20250311.el9_6
May 29 20:49:01.042653 dracut-cmdline.service[412]: Using kernel command line parameters:  ip=auto   BOOT_IMAGE=(hd0,gpt3)/boot/ostree/rhcos-617b0e78715ed36bc2244f65434be3f79c4e5cc41b856cce9de411575dfca7bd/vmlinuz-5.14.0-570.55.1.el9_6.x86_64 rw ignition.firstboot ostree=/ostree/boot.1/rhcos/617b0e78715ed36bc2244f65434be3f79c4e5cc41b856cce9de411575dfca7bd/0 ignition.platform.id=aws console=tty0 console=ttyS0,115200n8
May 29 20:49:01.041603 init.scope[1]: Finished Create Volatile Files and Directories.
May 29 20:49:01.109555 systemd-journald.service[375]: Missed 4 kernel messages
May 29 20:49:01.109555 kernel: RPC: Registered rdma transport module.
May 29 20:49:01.109571 kernel: RPC: Registered rdma backchannel transport module.
May 29 20:49:01.111910 kernel: iscsi: registered transport (tcp)
May 29 20:49:01.112632 rdma-load-modules@rdma.service[372]: Inserted module 'rpcrdma'
May 29 20:49:01.113121 init.scope[1]: Finished Load RDMA modules from /etc/rdma/modules/rdma.conf.
May 29 20:49:01.119990 init.scope[1]: Reached target Preparation for Network.
May 29 20:49:01.128910 systemd-journald.service[375]: Missed 3 kernel messages
May 29 20:49:01.128910 kernel: Warning: Deprecated Driver is detected: qla4xxx will not be maintained in a future major release and may be disabled
May 29 20:49:01.133031 kernel: iscsi: registered transport (qla4xxx)
May 29 20:49:01.133039 kernel: QLogic iSCSI HBA Driver
May 29 20:49:01.141910 kernel: libcxgbi:libcxgbi_init_module: Chelsio iSCSI driver library libcxgbi v0.9.1-ko (Apr. 2015)
May 29 20:49:01.170713 kernel: Chelsio T4-T6 iSCSI Driver cxgb4i v0.9.5-ko (Apr. 2015)
May 29 20:49:01.170717 kernel: iscsi: registered transport (cxgb4i)
May 29 20:49:01.179910 kernel: Warning: Deprecated Driver is detected: cnic will not be maintained in a future major release and may be disabled
May 29 20:49:01.182911 kernel: cnic: QLogic cnicDriver v2.5.22 (July 20, 2015)
May 29 20:49:01.187910 kernel: Warning: Deprecated Driver is detected: bnx2i will not be maintained in a future major release and may be disabled
May 29 20:49:01.189956 kernel: QLogic NetXtreme II iSCSI Driver bnx2i v2.7.10.1 (Jul 16, 2014)
May 29 20:49:01.189960 kernel: iscsi: registered transport (bnx2i)
