May 29 20:31:29.896881 kernel: Linux version 5.14.0-570.55.1.el9_6.x86_64 (mockbuild@x86-64-04.build.eng.rdu2.redhat.com) (gcc (GCC) 11.5.0 20240719 (Red Hat 11.5.0-5), GNU ld version 2.35.2-63.el9) #1 SMP PREEMPT_DYNAMIC Tue Oct 14 01:03:55 EDT 2025
May 29 20:31:29.896893 kernel: The list of certified hardware and cloud instances for Red Hat Enterprise Linux 9 can be viewed at the Red Hat Ecosystem Catalog, https://catalog.redhat.com.
May 29 20:31:29.896898 kernel: Command line: BOOT_IMAGE=(hd0,gpt3)/boot/ostree/rhcos-617b0e78715ed36bc2244f65434be3f79c4e5cc41b856cce9de411575dfca7bd/vmlinuz-5.14.0-570.55.1.el9_6.x86_64 rw ignition.firstboot ostree=/ostree/boot.1/rhcos/617b0e78715ed36bc2244f65434be3f79c4e5cc41b856cce9de411575dfca7bd/0 ignition.platform.id=aws console=tty0 console=ttyS0,115200n8
May 29 20:31:29.896901 kernel: BIOS-provided physical RAM map:
May 29 20:31:29.896903 kernel: BIOS-e820: [mem 0x0000000000000000-0x000000000009fbff] usable
May 29 20:31:29.896906 kernel: BIOS-e820: [mem 0x000000000009fc00-0x000000000009ffff] reserved
May 29 20:31:29.896908 kernel: BIOS-e820: [mem 0x00000000000f0000-0x00000000000fffff] reserved
May 29 20:31:29.896911 kernel: BIOS-e820: [mem 0x0000000000100000-0x00000000bffe7fff] usable
May 29 20:31:29.896914 kernel: BIOS-e820: [mem 0x00000000bffe8000-0x00000000bfffffff] reserved
May 29 20:31:29.896916 kernel: BIOS-e820: [mem 0x00000000e0000000-0x00000000e03fffff] reserved
May 29 20:31:29.896918 kernel: BIOS-e820: [mem 0x00000000fffc0000-0x00000000ffffffff] reserved
May 29 20:31:29.896920 kernel: BIOS-e820: [mem 0x0000000100000000-0x000000042b3fffff] usable
May 29 20:31:29.896922 kernel: BIOS-e820: [mem 0x000000042b400000-0x000000043fffffff] reserved
May 29 20:31:29.896925 kernel: BIOS-e820: [mem 0x0000000440100000-0x0000000442bfffff] reserved
May 29 20:31:29.896927 kernel: NX (Execute Disable) protection: active
May 29 20:31:29.896929 kernel: APIC: Static calls initialized
May 29 20:31:29.896932 kernel: SMBIOS 2.7 present.
May 29 20:31:29.896934 kernel: DMI: Amazon EC2 m8a.xlarge/, BIOS 1.0 10/16/2017
May 29 20:31:29.896936 kernel: Hypervisor detected: KVM
May 29 20:31:29.896938 kernel: kvm-clock: Using msrs 4b564d01 and 4b564d00
May 29 20:31:29.896941 kernel: kvm-clock: using sched offset of 19640991851 cycles
May 29 20:31:29.896943 kernel: clocksource: kvm-clock: mask: 0xffffffffffffffff max_cycles: 0x1cd42e4dffb, max_idle_ns: 881590591483 ns
May 29 20:31:29.896946 kernel: tsc: Detected 2599.994 MHz processor
May 29 20:31:29.896948 kernel: e820: update [mem 0x00000000-0x00000fff] usable ==> reserved
May 29 20:31:29.896951 kernel: e820: remove [mem 0x000a0000-0x000fffff] usable
May 29 20:31:29.896953 kernel: last_pfn = 0x42b400 max_arch_pfn = 0x400000000
May 29 20:31:29.896955 kernel: MTRR map: 4 entries (3 fixed + 1 variable; max 19), built from 8 variable MTRRs
May 29 20:31:29.896958 kernel: x86/PAT: Configuration [0-7]: WB  WC  UC- UC  WB  WP  UC- WT  
May 29 20:31:29.896960 kernel: last_pfn = 0xbffe8 max_arch_pfn = 0x400000000
May 29 20:31:29.896962 kernel: Using GB pages for direct mapping
May 29 20:31:29.896965 kernel: RAMDISK: [mem 0x2b47b000-0x31a35fff]
May 29 20:31:29.896967 kernel: ACPI: Early table checksum verification disabled
May 29 20:31:29.896970 kernel: ACPI: RSDP 0x00000000000F8F00 000014 (v00 AMAZON)
May 29 20:31:29.896972 kernel: ACPI: RSDT 0x00000000BFFECC40 000048 (v01 AMAZON AMZNRSDT 00000001 AMZN 00000001)
May 29 20:31:29.896975 kernel: ACPI: WAET 0x00000000BFFEFFC0 000028 (v01 AMAZON AMZNWAET 00000001 AMZN 00000001)
May 29 20:31:29.896977 kernel: ACPI: SLIT 0x00000000BFFEFF40 00006C (v01 AMAZON AMZNSLIT 00000001 AMZN 00000001)
May 29 20:31:29.896979 kernel: ACPI: APIC 0x00000000BFFEFE80 000086 (v01 AMAZON AMZNAPIC 00000001 AMZN 00000001)
May 29 20:31:29.896982 kernel: ACPI: SRAT 0x00000000BFFEFDC0 0000C0 (v01 AMAZON AMZNSRAT 00000001 AMZN 00000001)
May 29 20:31:29.896984 kernel: ACPI: FACP 0x00000000BFFEFC80 000114 (v01 AMAZON AMZNFACP 00000001 AMZN 00000001)
May 29 20:31:29.896986 kernel: ACPI: DSDT 0x00000000BFFEE5C0 00165D (v01 AMAZON AMZNDSDT 00000001 AMZN 00000001)
May 29 20:31:29.896990 kernel: ACPI: FACS 0x00000000000F8EC0 000040
May 29 20:31:29.896992 kernel: ACPI: HPET 0x00000000BFFEFC40 000038 (v01 AMAZON AMZNHPET 00000001 AMZN 00000001)
May 29 20:31:29.896994 kernel: ACPI: SSDT 0x00000000BFFECE40 001756 (v01 AMAZON AMZNSSDT 00000001 AMZN 00000001)
May 29 20:31:29.896997 kernel: ACPI: SSDT 0x00000000BFFECD40 0000D1 (v01 AMAZON AMZNSSDT 00000001 AMZN 00000001)
May 29 20:31:29.896999 kernel: ACPI: MCFG 0x00000000BFFECCC0 00004C (v01 AMAZON AMZNMCFG 00000001 AMZN 00000001)
May 29 20:31:29.897001 kernel: ACPI: Reserving WAET table memory at [mem 0xbffeffc0-0xbffeffe7]
May 29 20:31:29.897004 kernel: ACPI: Reserving SLIT table memory at [mem 0xbffeff40-0xbffeffab]
May 29 20:31:29.897006 kernel: ACPI: Reserving APIC table memory at [mem 0xbffefe80-0xbffeff05]
May 29 20:31:29.897009 kernel: ACPI: Reserving SRAT table memory at [mem 0xbffefdc0-0xbffefe7f]
May 29 20:31:29.897011 kernel: ACPI: Reserving FACP table memory at [mem 0xbffefc80-0xbffefd93]
May 29 20:31:29.897013 kernel: ACPI: Reserving DSDT table memory at [mem 0xbffee5c0-0xbffefc1c]
May 29 20:31:29.897015 kernel: ACPI: Reserving FACS table memory at [mem 0xf8ec0-0xf8eff]
May 29 20:31:29.897017 kernel: ACPI: Reserving HPET table memory at [mem 0xbffefc40-0xbffefc77]
May 29 20:31:29.897020 kernel: ACPI: Reserving SSDT table memory at [mem 0xbffece40-0xbffee595]
May 29 20:31:29.897022 kernel: ACPI: Reserving SSDT table memory at [mem 0xbffecd40-0xbffece10]
May 29 20:31:29.897024 kernel: ACPI: Reserving MCFG table memory at [mem 0xbffeccc0-0xbffecd0b]
May 29 20:31:29.897026 kernel: SRAT: PXM 0 -> APIC 0x00 -> Node 0
May 29 20:31:29.897028 kernel: SRAT: PXM 0 -> APIC 0x01 -> Node 0
May 29 20:31:29.897031 kernel: SRAT: PXM 0 -> APIC 0x02 -> Node 0
May 29 20:31:29.897033 kernel: SRAT: PXM 0 -> APIC 0x03 -> Node 0
May 29 20:31:29.897036 kernel: ACPI: SRAT: Node 0 PXM 0 [mem 0x00000000-0xbfffffff]
May 29 20:31:29.897038 kernel: ACPI: SRAT: Node 0 PXM 0 [mem 0x100000000-0x43fffffff]
May 29 20:31:29.897040 kernel: NUMA: Initialized distance table, cnt=1
May 29 20:31:29.897043 kernel: NUMA: Node 0 [mem 0x00000000-0xbfffffff] + [mem 0x100000000-0x42b3fffff] -> [mem 0x00000000-0x42b3fffff]
May 29 20:31:29.897045 kernel: NODE_DATA(0) allocated [mem 0x42b3d4000-0x42b3fefff]
May 29 20:31:29.897047 kernel: Zone ranges:
May 29 20:31:29.897049 kernel:   DMA      [mem 0x0000000000001000-0x0000000000ffffff]
May 29 20:31:29.897052 kernel:   DMA32    [mem 0x0000000001000000-0x00000000ffffffff]
May 29 20:31:29.897054 kernel:   Normal   [mem 0x0000000100000000-0x000000042b3fffff]
May 29 20:31:29.897056 kernel:   Device   empty
May 29 20:31:29.897058 kernel: Movable zone start for each node
May 29 20:31:29.897061 kernel: Early memory node ranges
May 29 20:31:29.897064 kernel:   node   0: [mem 0x0000000000001000-0x000000000009efff]
May 29 20:31:29.897066 kernel:   node   0: [mem 0x0000000000100000-0x00000000bffe7fff]
May 29 20:31:29.897068 kernel:   node   0: [mem 0x0000000100000000-0x000000042b3fffff]
May 29 20:31:29.897070 kernel: Initmem setup node 0 [mem 0x0000000000001000-0x000000042b3fffff]
May 29 20:31:29.897073 kernel: On node 0, zone DMA: 1 pages in unavailable ranges
May 29 20:31:29.897075 kernel: On node 0, zone DMA: 97 pages in unavailable ranges
May 29 20:31:29.897077 kernel: On node 0, zone Normal: 24 pages in unavailable ranges
May 29 20:31:29.897079 kernel: On node 0, zone Normal: 19456 pages in unavailable ranges
May 29 20:31:29.897082 kernel: ACPI: PM-Timer IO Port: 0xb008
May 29 20:31:29.897084 kernel: ACPI: LAPIC_NMI (acpi_id[0xff] dfl dfl lint[0x1])
May 29 20:31:29.897086 kernel: IOAPIC[0]: apic_id 0, version 32, address 0xfec00000, GSI 0-23
May 29 20:31:29.897088 kernel: ACPI: INT_SRC_OVR (bus 0 bus_irq 5 global_irq 5 high level)
May 29 20:31:29.897091 kernel: ACPI: INT_SRC_OVR (bus 0 bus_irq 9 global_irq 9 high level)
May 29 20:31:29.897094 kernel: ACPI: INT_SRC_OVR (bus 0 bus_irq 10 global_irq 10 high level)
May 29 20:31:29.897096 kernel: ACPI: INT_SRC_OVR (bus 0 bus_irq 11 global_irq 11 high level)
May 29 20:31:29.897098 kernel: ACPI: Using ACPI (MADT) for SMP configuration information
May 29 20:31:29.897100 kernel: ACPI: HPET id: 0x8086a201 base: 0xfed00000
May 29 20:31:29.897102 kernel: CPU topo: Max. logical packages:   1
May 29 20:31:29.897105 kernel: CPU topo: Max. logical dies:       1
May 29 20:31:29.897107 kernel: CPU topo: Max. dies per package:   1
May 29 20:31:29.897109 kernel: CPU topo: Max. threads per core:   1
May 29 20:31:29.897111 kernel: CPU topo: Num. cores per package:     4
May 29 20:31:29.897113 kernel: CPU topo: Num. threads per package:   4
May 29 20:31:29.897116 kernel: CPU topo: Allowing 4 present CPUs plus 0 hotplug CPUs
May 29 20:31:29.897118 kernel: kvm-guest: APIC: eoi() replaced with kvm_guest_apic_eoi_write()
May 29 20:31:29.897120 kernel: PM: hibernation: Registered nosave memory: [mem 0x00000000-0x00000fff]
May 29 20:31:29.897123 kernel: PM: hibernation: Registered nosave memory: [mem 0x0009f000-0x0009ffff]
May 29 20:31:29.897125 kernel: PM: hibernation: Registered nosave memory: [mem 0x000a0000-0x000effff]
May 29 20:31:29.897128 kernel: PM: hibernation: Registered nosave memory: [mem 0x000f0000-0x000fffff]
May 29 20:31:29.897130 kernel: PM: hibernation: Registered nosave memory: [mem 0xbffe8000-0xbfffffff]
May 29 20:31:29.897132 kernel: PM: hibernation: Registered nosave memory: [mem 0xc0000000-0xdfffffff]
May 29 20:31:29.897134 kernel: PM: hibernation: Registered nosave memory: [mem 0xe0000000-0xe03fffff]
May 29 20:31:29.897137 kernel: PM: hibernation: Registered nosave memory: [mem 0xe0400000-0xfffbffff]
May 29 20:31:29.897139 kernel: PM: hibernation: Registered nosave memory: [mem 0xfffc0000-0xffffffff]
May 29 20:31:29.897144 kernel: [mem 0xc0000000-0xdfffffff] available for PCI devices
May 29 20:31:29.897146 kernel: Booting paravirtualized kernel on KVM
May 29 20:31:29.897150 kernel: clocksource: refined-jiffies: mask: 0xffffffff max_cycles: 0xffffffff, max_idle_ns: 1910969940391419 ns
May 29 20:31:29.897152 kernel: setup_percpu: NR_CPUS:8192 nr_cpumask_bits:4 nr_cpu_ids:4 nr_node_ids:1
May 29 20:31:29.897155 kernel: percpu: Embedded 64 pages/cpu s225280 r8192 d28672 u524288
May 29 20:31:29.897158 kernel: pcpu-alloc: s225280 r8192 d28672 u524288 alloc=1*2097152
May 29 20:31:29.897160 kernel: pcpu-alloc: [0] 0 1 2 3 
May 29 20:31:29.897164 kernel: kvm-guest: PV spinlocks enabled
May 29 20:31:29.897166 kernel: PV qspinlock hash table entries: 256 (order: 0, 4096 bytes, linear)
May 29 20:31:29.897169 kernel: Kernel command line: BOOT_IMAGE=(hd0,gpt3)/boot/ostree/rhcos-617b0e78715ed36bc2244f65434be3f79c4e5cc41b856cce9de411575dfca7bd/vmlinuz-5.14.0-570.55.1.el9_6.x86_64 rw ignition.firstboot ostree=/ostree/boot.1/rhcos/617b0e78715ed36bc2244f65434be3f79c4e5cc41b856cce9de411575dfca7bd/0 ignition.platform.id=aws console=tty0 console=ttyS0,115200n8
May 29 20:31:29.897172 kernel: Unknown kernel command line parameters "BOOT_IMAGE=(hd0,gpt3)/boot/ostree/rhcos-617b0e78715ed36bc2244f65434be3f79c4e5cc41b856cce9de411575dfca7bd/vmlinuz-5.14.0-570.55.1.el9_6.x86_64 ostree=/ostree/boot.1/rhcos/617b0e78715ed36bc2244f65434be3f79c4e5cc41b856cce9de411575dfca7bd/0", will be passed to user space.
May 29 20:31:29.897174 kernel: random: crng init done
May 29 20:31:29.897179 kernel: Dentry cache hash table entries: 2097152 (order: 12, 16777216 bytes, linear)
May 29 20:31:29.897181 kernel: Inode-cache hash table entries: 1048576 (order: 11, 8388608 bytes, linear)
May 29 20:31:29.897184 kernel: Fallback order for Node 0: 0 
May 29 20:31:29.897186 kernel: Built 1 zonelists, mobility grouping on.  Total pages: 4044824
May 29 20:31:29.897189 kernel: Policy zone: Normal
May 29 20:31:29.897191 kernel: mem auto-init: stack:off, heap alloc:off, heap free:off
May 29 20:31:29.897194 kernel: software IO TLB: area num 4.
May 29 20:31:29.897196 kernel: Memory: 3105712K/16436760K available (16384K kernel code, 5766K rwdata, 13628K rodata, 4044K init, 7384K bss, 510692K reserved, 0K cma-reserved)
May 29 20:31:29.897198 kernel: SLUB: HWalign=64, Order=0-3, MinObjects=0, CPUs=4, Nodes=1
May 29 20:31:29.897201 kernel: ftrace: allocating 49069 entries in 192 pages
May 29 20:31:29.897203 kernel: ftrace: allocated 192 pages with 2 groups
May 29 20:31:29.897206 kernel: Dynamic Preempt: voluntary
May 29 20:31:29.897208 kernel: rcu: Preemptible hierarchical RCU implementation.
May 29 20:31:29.897211 kernel: rcu:         RCU event tracing is enabled.
May 29 20:31:29.897214 kernel: rcu:         RCU restricting CPUs from NR_CPUS=8192 to nr_cpu_ids=4.
May 29 20:31:29.897216 kernel:         Trampoline variant of Tasks RCU enabled.
May 29 20:31:29.897220 kernel:         Rude variant of Tasks RCU enabled.
May 29 20:31:29.897222 kernel:         Tracing variant of Tasks RCU enabled.
May 29 20:31:29.897226 kernel: rcu: RCU calculated value of scheduler-enlistment delay is 100 jiffies.
May 29 20:31:29.897230 kernel: rcu: Adjusting geometry for rcu_fanout_leaf=16, nr_cpu_ids=4
May 29 20:31:29.897234 kernel: RCU Tasks: Setting shift to 2 and lim to 1 rcu_task_cb_adjust=1.
May 29 20:31:29.897240 kernel: RCU Tasks Rude: Setting shift to 2 and lim to 1 rcu_task_cb_adjust=1.
May 29 20:31:29.897244 kernel: RCU Tasks Trace: Setting shift to 2 and lim to 1 rcu_task_cb_adjust=1.
May 29 20:31:29.897251 kernel: NR_IRQS: 524544, nr_irqs: 456, preallocated irqs: 16
May 29 20:31:29.897256 kernel: rcu: srcu_init: Setting srcu_struct sizes based on contention.
May 29 20:31:29.897264 kernel: kfence: initialized - using 2097152 bytes for 255 objects at 0x(____ptrval____)-0x(____ptrval____)
May 29 20:31:29.897269 kernel: Console: colour VGA+ 80x25
May 29 20:31:29.897275 kernel: printk: legacy console [tty0] enabled
May 29 20:31:29.897280 kernel: printk: console [ttyS0] enabled
May 29 20:31:29.897286 kernel: ACPI: Core revision 20230331
May 29 20:31:29.897292 kernel: clocksource: hpet: mask: 0xffffffff max_cycles: 0xffffffff, max_idle_ns: 30580167144 ns
May 29 20:31:29.897297 kernel: APIC: Switch to symmetric I/O mode setup
May 29 20:31:29.897302 kernel: x2apic enabled
May 29 20:31:29.897307 kernel: APIC: Switched APIC routing to: physical x2apic
May 29 20:31:29.897314 kernel: kvm-guest: APIC: send_IPI_mask() replaced with kvm_send_ipi_mask()
May 29 20:31:29.897318 kernel: kvm-guest: APIC: send_IPI_mask_allbutself() replaced with kvm_send_ipi_mask_allbutself()
May 29 20:31:29.897323 kernel: kvm-guest: setup PV IPIs
May 29 20:31:29.897330 kernel: ..TIMER: vector=0x30 apic1=0 pin1=0 apic2=-1 pin2=-1
May 29 20:31:29.897340 kernel: clocksource: tsc-early: mask: 0xffffffffffffffff max_cycles: 0x257a36b5a3d, max_idle_ns: 440795326591 ns
May 29 20:31:29.897345 kernel: Calibrating delay loop (skipped) preset value.. 5199.98 BogoMIPS (lpj=2599994)
May 29 20:31:29.897350 kernel: process: using mwait in idle threads
May 29 20:31:29.897357 kernel: Last level iTLB entries: 4KB 64, 2MB 64, 4MB 32
May 29 20:31:29.897362 kernel: Last level dTLB entries: 4KB 128, 2MB 128, 4MB 64, 1GB 0
May 29 20:31:29.897367 kernel: Spectre V1 : Mitigation: usercopy/swapgs barriers and __user pointer sanitization
May 29 20:31:29.897373 kernel: Spectre V2 : Mitigation: Enhanced / Automatic IBRS
May 29 20:31:29.897378 kernel: Spectre V2 : Spectre v2 / SpectreRSB mitigation: Filling RSB on context switch
May 29 20:31:29.897382 kernel: Spectre V2 : mitigation: Enabling conditional Indirect Branch Prediction Barrier
May 29 20:31:29.897387 kernel: Speculative Store Bypass: Mitigation: Speculative Store Bypass disabled via prctl
May 29 20:31:29.897393 kernel: x86/fpu: Supporting XSAVE feature 0x001: 'x87 floating point registers'
May 29 20:31:29.897398 kernel: x86/fpu: Supporting XSAVE feature 0x002: 'SSE registers'
May 29 20:31:29.897424 kernel: x86/fpu: Supporting XSAVE feature 0x004: 'AVX registers'
May 29 20:31:29.897431 kernel: x86/fpu: Supporting XSAVE feature 0x020: 'AVX-512 opmask'
May 29 20:31:29.897436 kernel: x86/fpu: Supporting XSAVE feature 0x040: 'AVX-512 Hi256'
May 29 20:31:29.897441 kernel: x86/fpu: Supporting XSAVE feature 0x080: 'AVX-512 ZMM_Hi256'
May 29 20:31:29.897447 kernel: x86/fpu: Supporting XSAVE feature 0x200: 'Protection Keys User registers'
May 29 20:31:29.897452 kernel: x86/fpu: xstate_offset[2]:  576, xstate_sizes[2]:  256
May 29 20:31:29.897457 kernel: x86/fpu: xstate_offset[5]:  832, xstate_sizes[5]:   64
May 29 20:31:29.897462 kernel: x86/fpu: xstate_offset[6]:  896, xstate_sizes[6]:  512
May 29 20:31:29.897467 kernel: x86/fpu: xstate_offset[7]: 1408, xstate_sizes[7]: 1024
May 29 20:31:29.897475 kernel: x86/fpu: xstate_offset[9]: 2432, xstate_sizes[9]:    8
May 29 20:31:29.897480 kernel: x86/fpu: Enabled xstate features 0x2e7, context size is 2440 bytes, using 'compacted' format.
May 29 20:31:29.897486 kernel: Freeing SMP alternatives memory: 40K
May 29 20:31:29.897493 kernel: pid_max: default: 32768 minimum: 301
May 29 20:31:29.897498 kernel: LSM: initializing lsm=lockdown,capability,landlock,yama,integrity,selinux,bpf
May 29 20:31:29.897503 kernel: landlock: Up and running.
May 29 20:31:29.897508 kernel: Yama: becoming mindful.
May 29 20:31:29.897513 kernel: SELinux:  Initializing.
May 29 20:31:29.897517 kernel: LSM support for eBPF active
May 29 20:31:29.897522 kernel: Mount-cache hash table entries: 32768 (order: 6, 262144 bytes, linear)
May 29 20:31:29.897528 kernel: Mountpoint-cache hash table entries: 32768 (order: 6, 262144 bytes, linear)
May 29 20:31:29.897533 kernel: smpboot: CPU0: AMD EPYC 9R45 (family: 0x1a, model: 0x2, stepping: 0x1)
May 29 20:31:29.897540 kernel: Performance Events: Fam17h+ core perfctr, AMD PMU driver.
May 29 20:31:29.897547 kernel: ... version:                2
May 29 20:31:29.897552 kernel: ... bit width:              48
May 29 20:31:29.897557 kernel: ... generic registers:      5
May 29 20:31:29.897563 kernel: ... value mask:             0000ffffffffffff
May 29 20:31:29.897568 kernel: ... max period:             00007fffffffffff
May 29 20:31:29.897573 kernel: ... fixed-purpose events:   0
May 29 20:31:29.897579 kernel: ... event mask:             000000000000001f
May 29 20:31:29.897583 kernel: signal: max sigframe size: 3376
May 29 20:31:29.897588 kernel: rcu: Hierarchical SRCU implementation.
May 29 20:31:29.897593 kernel: rcu:         Max phase no-delay instances is 400.
May 29 20:31:29.897599 kernel: smp: Bringing up secondary CPUs ...
May 29 20:31:29.897606 kernel: smpboot: x86: Booting SMP configuration:
May 29 20:31:29.897611 kernel: .... node  #0, CPUs:      #1 #2 #3
May 29 20:31:29.897616 kernel: smp: Brought up 1 node, 4 CPUs
May 29 20:31:29.897622 kernel: smpboot: Total of 4 processors activated (20799.95 BogoMIPS)
May 29 20:31:29.897627 kernel: node 0 deferred pages initialised in 8ms
May 29 20:31:29.897632 kernel: devtmpfs: initialized
May 29 20:31:29.897637 kernel: x86/mm: Memory block size: 128MB
May 29 20:31:29.897642 kernel: clocksource: jiffies: mask: 0xffffffff max_cycles: 0xffffffff, max_idle_ns: 1911260446275000 ns
May 29 20:31:29.897648 kernel: futex hash table entries: 1024 (order: 4, 65536 bytes, linear)
May 29 20:31:29.897653 kernel: pinctrl core: initialized pinctrl subsystem
May 29 20:31:29.897658 kernel: NET: Registered PF_NETLINK/PF_ROUTE protocol family
May 29 20:31:29.897663 kernel: DMA: preallocated 2048 KiB GFP_KERNEL pool for atomic allocations
May 29 20:31:29.897671 kernel: DMA: preallocated 2048 KiB GFP_KERNEL|GFP_DMA pool for atomic allocations
May 29 20:31:29.897677 kernel: DMA: preallocated 2048 KiB GFP_KERNEL|GFP_DMA32 pool for atomic allocations
May 29 20:31:29.897681 kernel: audit: initializing netlink subsys (disabled)
May 29 20:31:29.897686 kernel: audit: type=2000 audit(1780086686.784:1): state=initialized audit_enabled=0 res=1
May 29 20:31:29.897693 kernel: thermal_sys: Registered thermal governor 'fair_share'
May 29 20:31:29.897698 kernel: thermal_sys: Registered thermal governor 'step_wise'
May 29 20:31:29.897704 kernel: thermal_sys: Registered thermal governor 'user_space'
May 29 20:31:29.897709 kernel: cpuidle: using governor menu
May 29 20:31:29.897714 kernel: acpiphp: ACPI Hot Plug PCI Controller Driver version: 0.5
May 29 20:31:29.897719 kernel: PCI: ECAM [mem 0x440100000-0x4423fffff] (base 0x440000000) for domain 0000 [bus 01-23]
May 29 20:31:29.897726 kernel: PCI: ECAM [mem 0x442400000-0x442bfffff] (base 0x440000000) for domain 0000 [bus 24-2b]
May 29 20:31:29.897732 kernel: PCI: Using configuration type 1 for base access
May 29 20:31:29.897738 kernel: kprobes: kprobe jump-optimization is enabled. All kprobes are optimized if possible.
May 29 20:31:29.897743 kernel: HugeTLB: registered 1.00 GiB page size, pre-allocated 0 pages
May 29 20:31:29.897747 kernel: HugeTLB: 16380 KiB vmemmap can be freed for a 1.00 GiB page
May 29 20:31:29.897754 kernel: HugeTLB: registered 2.00 MiB page size, pre-allocated 0 pages
May 29 20:31:29.897759 kernel: HugeTLB: 28 KiB vmemmap can be freed for a 2.00 MiB page
May 29 20:31:29.897764 kernel: Demotion targets for Node 0: null
May 29 20:31:29.897769 kernel: cryptd: max_cpu_qlen set to 1000
May 29 20:31:29.897771 kernel: ACPI: Added _OSI(Module Device)
May 29 20:31:29.897774 kernel: ACPI: Added _OSI(Processor Device)
May 29 20:31:29.897776 kernel: ACPI: Added _OSI(3.0 _SCP Extensions)
May 29 20:31:29.897778 kernel: ACPI: Added _OSI(Processor Aggregator Device)
May 29 20:31:29.897782 kernel: ACPI: 3 ACPI AML tables successfully acquired and loaded
May 29 20:31:29.897784 kernel: ACPI: _OSC evaluation for CPUs failed, trying _PDC
May 29 20:31:29.897786 kernel: ACPI: Interpreter enabled
May 29 20:31:29.897788 kernel: ACPI: PM: (supports S0 S4 S5)
May 29 20:31:29.897790 kernel: ACPI: Using IOAPIC for interrupt routing
May 29 20:31:29.897793 kernel: PCI: Using host bridge windows from ACPI; if necessary, use "pci=nocrs" and report a bug
May 29 20:31:29.897795 kernel: PCI: Using E820 reservations for host bridge windows
May 29 20:31:29.897797 kernel: ACPI: Enabled 2 GPEs in block 00 to 0F
May 29 20:31:29.897800 kernel: ACPI: PCI Root Bridge [PCI0] (domain 0000 [bus 00])
May 29 20:31:29.897861 kernel: acpi PNP0A03:00: _OSC: OS supports [ExtendedConfig ASPM ClockPM Segments MSI EDR HPX-Type3]
May 29 20:31:29.897890 kernel: acpi PNP0A03:00: fail to add MMCONFIG information, can't access extended configuration space under this bridge
May 29 20:31:29.897894 kernel: acpiphp: Slot [3] registered
May 29 20:31:29.897896 kernel: acpiphp: Slot [4] registered
May 29 20:31:29.897898 kernel: acpiphp: Slot [5] registered
May 29 20:31:29.897901 kernel: acpiphp: Slot [6] registered
May 29 20:31:29.897903 kernel: acpiphp: Slot [7] registered
May 29 20:31:29.897905 kernel: acpiphp: Slot [8] registered
May 29 20:31:29.897907 kernel: acpiphp: Slot [9] registered
May 29 20:31:29.897909 kernel: acpiphp: Slot [10] registered
May 29 20:31:29.897912 kernel: acpiphp: Slot [11] registered
May 29 20:31:29.897914 kernel: acpiphp: Slot [12] registered
May 29 20:31:29.897916 kernel: acpiphp: Slot [13] registered
May 29 20:31:29.897919 kernel: acpiphp: Slot [14] registered
May 29 20:31:29.897921 kernel: acpiphp: Slot [15] registered
May 29 20:31:29.897923 kernel: acpiphp: Slot [16] registered
May 29 20:31:29.897926 kernel: acpiphp: Slot [17] registered
May 29 20:31:29.897928 kernel: acpiphp: Slot [18] registered
May 29 20:31:29.897930 kernel: acpiphp: Slot [19] registered
May 29 20:31:29.897932 kernel: acpiphp: Slot [20] registered
May 29 20:31:29.897934 kernel: acpiphp: Slot [21] registered
May 29 20:31:29.897937 kernel: acpiphp: Slot [22] registered
May 29 20:31:29.897939 kernel: acpiphp: Slot [23] registered
May 29 20:31:29.897941 kernel: acpiphp: Slot [24] registered
May 29 20:31:29.897943 kernel: acpiphp: Slot [25] registered
May 29 20:31:29.897946 kernel: acpiphp: Slot [26] registered
May 29 20:31:29.897948 kernel: acpiphp: Slot [27] registered
May 29 20:31:29.897951 kernel: acpiphp: Slot [28] registered
May 29 20:31:29.897953 kernel: acpiphp: Slot [29] registered
May 29 20:31:29.897955 kernel: acpiphp: Slot [30] registered
May 29 20:31:29.897957 kernel: acpiphp: Slot [31] registered
May 29 20:31:29.897960 kernel: PCI host bridge to bus 0000:00
May 29 20:31:29.897995 kernel: pci_bus 0000:00: root bus resource [io  0x0000-0x0cf7 window]
May 29 20:31:29.898019 kernel: pci_bus 0000:00: root bus resource [io  0x0d00-0xffff window]
May 29 20:31:29.898042 kernel: pci_bus 0000:00: root bus resource [mem 0x000a0000-0x000bffff window]
May 29 20:31:29.898064 kernel: pci_bus 0000:00: root bus resource [mem 0xc0000000-0xc3ffffff window]
May 29 20:31:29.898086 kernel: pci_bus 0000:00: root bus resource [mem 0x480000000-0x481ffffff window]
May 29 20:31:29.898108 kernel: pci_bus 0000:00: root bus resource [bus 00]
May 29 20:31:29.898148 kernel: pci 0000:00:00.0: [8086:1237] type 00 class 0x060000 conventional PCI endpoint
May 29 20:31:29.898182 kernel: pci 0000:00:01.0: [8086:7000] type 00 class 0x060100 conventional PCI endpoint
May 29 20:31:29.898215 kernel: pci 0000:00:01.3: [8086:7113] type 00 class 0x000000 conventional PCI endpoint
May 29 20:31:29.898241 kernel: pci 0000:00:01.3: quirk: [io  0xb000-0xb03f] claimed by PIIX4 ACPI
May 29 20:31:29.898266 kernel: pci 0000:00:01.3: quirk: [io  0xb100-0xb10f] claimed by PIIX4 SMB
May 29 20:31:29.898291 kernel: pci 0000:00:01.3: PIIX4 devres E PIO at fff0-ffff
May 29 20:31:29.898352 kernel: pci 0000:00:01.3: PIIX4 devres F MMIO at ffc00000-ffffffff
May 29 20:31:29.898389 kernel: pci 0000:00:01.3: PIIX4 devres G PIO at fff0-ffff
May 29 20:31:29.898430 kernel: pci 0000:00:01.3: PIIX4 devres H MMIO at ffc00000-ffffffff
May 29 20:31:29.898457 kernel: pci 0000:00:01.3: PIIX4 devres I PIO at fff0-ffff
May 29 20:31:29.898483 kernel: pci 0000:00:01.3: PIIX4 devres J PIO at fff0-ffff
May 29 20:31:29.898509 kernel: pci 0000:00:01.3: quirk_piix4_acpi+0x0/0x170 took 14648 usecs
May 29 20:31:29.898541 kernel: pci 0000:00:03.0: [1d0f:1111] type 00 class 0x030000 conventional PCI endpoint
May 29 20:31:29.898568 kernel: pci 0000:00:03.0: BAR 0 [mem 0xc2000000-0xc23fffff pref]
May 29 20:31:29.898593 kernel: pci 0000:00:03.0: ROM [mem 0xc0000000-0xc000ffff pref]
May 29 20:31:29.898618 kernel: pci 0000:00:03.0: Video device with shadowed ROM at [mem 0x000c0000-0x000dffff]
May 29 20:31:29.898651 kernel: pci 0000:00:04.0: [1d0f:8061] type 00 class 0x010802 PCIe Endpoint
May 29 20:31:29.898677 kernel: pci 0000:00:04.0: BAR 0 [mem 0xc0010000-0xc0013fff]
May 29 20:31:29.898702 kernel: pci 0000:00:04.0: enabling Extended Tags
May 29 20:31:29.898727 kernel: pci_bus 0000:00: on NUMA node 0
May 29 20:31:29.898731 kernel: ACPI: PCI Root Bridge [PC01] (domain 0000 [bus 01-23])
May 29 20:31:29.898765 kernel: acpi PNP0A08:00: _OSC: OS supports [ExtendedConfig ASPM ClockPM Segments MSI EDR HPX-Type3]
May 29 20:31:29.898791 kernel: acpi PNP0A08:00: _OSC: platform does not support [SHPCHotplug AER LTR DPC]
May 29 20:31:29.898816 kernel: acpi PNP0A08:00: _OSC: OS now controls [PCIeHotplug PME PCIeCapability]
May 29 20:31:29.898819 kernel: acpiphp: Slot [32] registered
May 29 20:31:29.898823 kernel: acpiphp: Slot [33] registered
May 29 20:31:29.898825 kernel: acpiphp: Slot [34] registered
May 29 20:31:29.898827 kernel: acpiphp: Slot [35] registered
May 29 20:31:29.898830 kernel: acpiphp: Slot [36] registered
May 29 20:31:29.898832 kernel: acpiphp: Slot [37] registered
May 29 20:31:29.898834 kernel: acpiphp: Slot [38] registered
May 29 20:31:29.898836 kernel: acpiphp: Slot [39] registered
May 29 20:31:29.898838 kernel: acpiphp: Slot [40] registered
May 29 20:31:29.898841 kernel: acpiphp: Slot [41] registered
May 29 20:31:29.898843 kernel: acpiphp: Slot [42] registered
May 29 20:31:29.898845 kernel: acpiphp: Slot [43] registered
May 29 20:31:29.898847 kernel: acpiphp: Slot [44] registered
May 29 20:31:29.898850 kernel: acpiphp: Slot [45] registered
May 29 20:31:29.898852 kernel: acpiphp: Slot [46] registered
May 29 20:31:29.898855 kernel: acpiphp: Slot [47] registered
May 29 20:31:29.898857 kernel: acpiphp: Slot [48] registered
May 29 20:31:29.898859 kernel: acpiphp: Slot [49] registered
May 29 20:31:29.898861 kernel: acpiphp: Slot [50] registered
May 29 20:31:29.898863 kernel: acpiphp: Slot [51] registered
May 29 20:31:29.898865 kernel: acpiphp: Slot [52] registered
May 29 20:31:29.898868 kernel: acpiphp: Slot [53] registered
May 29 20:31:29.898870 kernel: acpiphp: Slot [54] registered
May 29 20:31:29.898872 kernel: acpiphp: Slot [55] registered
May 29 20:31:29.898874 kernel: acpiphp: Slot [56] registered
May 29 20:31:29.898876 kernel: acpiphp: Slot [57] registered
May 29 20:31:29.898879 kernel: acpiphp: Slot [58] registered
May 29 20:31:29.898881 kernel: acpiphp: Slot [59] registered
May 29 20:31:29.898884 kernel: acpiphp: Slot [60] registered
May 29 20:31:29.898886 kernel: acpiphp: Slot [61] registered
May 29 20:31:29.898888 kernel: acpiphp: Slot [62] registered
May 29 20:31:29.898890 kernel: acpiphp: Slot [63] registered
May 29 20:31:29.898892 kernel: PCI host bridge to bus 0000:01
May 29 20:31:29.898921 kernel: pci_bus 0000:01: root bus resource [mem 0xc4000000-0xc82fffff window]
May 29 20:31:29.898944 kernel: pci_bus 0000:01: root bus resource [mem 0x482000000-0x4a1ffffff window]
May 29 20:31:29.898967 kernel: pci_bus 0000:01: root bus resource [bus 01-23]
May 29 20:31:29.899002 kernel: pci 0000:01:00.0: [1d0f:0200] type 01 class 0x060400 PCIe Root Port
May 29 20:31:29.899031 kernel: pci 0000:01:00.0: BAR 0 [mem 0xc4000000-0xc40003ff]
May 29 20:31:29.899058 kernel: pci 0000:01:00.0: PCI bridge to [bus 02-23]
May 29 20:31:29.899084 kernel: pci 0000:01:00.0:   bridge window [mem 0xc4100000-0xc82fffff]
May 29 20:31:29.899109 kernel: pci 0000:01:00.0:   bridge window [mem 0x482000000-0x4a1ffffff 64bit pref]
May 29 20:31:29.899145 kernel: pci 0000:02:00.0: [1d0f:0200] type 01 class 0x060400 PCIe Switch Upstream Port
May 29 20:31:29.899172 kernel: pci 0000:02:00.0: BAR 0 [mem 0xc4100000-0xc41003ff]
May 29 20:31:29.899199 kernel: pci 0000:02:00.0: PCI bridge to [bus 03-23]
May 29 20:31:29.899227 kernel: pci 0000:02:00.0:   bridge window [mem 0xc4200000-0xc82fffff]
May 29 20:31:29.899257 kernel: pci 0000:02:00.0:   bridge window [mem 0x482000000-0x4a1ffffff 64bit pref]
May 29 20:31:29.899284 kernel: pci 0000:01:00.0: PCI bridge to [bus 02-23]
May 29 20:31:29.899319 kernel: pci 0000:03:00.0: [1d0f:0200] type 01 class 0x060400 PCIe Switch Downstream Port
May 29 20:31:29.899348 kernel: pci 0000:03:00.0: BAR 0 [mem 0xc4200000-0xc42003ff]
May 29 20:31:29.899377 kernel: pci 0000:03:00.0: PCI bridge to [bus 04]
May 29 20:31:29.899412 kernel: pci 0000:03:00.0:   bridge window [mem 0xc4300000-0xc44fffff]
May 29 20:31:29.899441 kernel: pci 0000:03:00.0:   bridge window [mem 0x482000000-0x482ffffff 64bit pref]
May 29 20:31:29.899475 kernel: pci 0000:03:00.1: [1d0f:0200] type 01 class 0x060400 PCIe Switch Downstream Port
May 29 20:31:29.899505 kernel: pci 0000:03:00.1: BAR 0 [mem 0xc4200400-0xc42007ff]
May 29 20:31:29.899537 kernel: pci 0000:03:00.1: PCI bridge to [bus 05]
May 29 20:31:29.899566 kernel: pci 0000:03:00.1:   bridge window [mem 0xc4500000-0xc46fffff]
May 29 20:31:29.899594 kernel: pci 0000:03:00.1:   bridge window [mem 0x483000000-0x483ffffff 64bit pref]
May 29 20:31:29.899628 kernel: pci 0000:03:00.2: [1d0f:0200] type 01 class 0x060400 PCIe Switch Downstream Port
May 29 20:31:29.899657 kernel: pci 0000:03:00.2: BAR 0 [mem 0xc4200800-0xc4200bff]
May 29 20:31:29.899686 kernel: pci 0000:03:00.2: PCI bridge to [bus 06]
May 29 20:31:29.899714 kernel: pci 0000:03:00.2:   bridge window [mem 0xc4700000-0xc48fffff]
May 29 20:31:29.899743 kernel: pci 0000:03:00.2:   bridge window [mem 0x484000000-0x484ffffff 64bit pref]
May 29 20:31:29.899777 kernel: pci 0000:03:00.3: [1d0f:0200] type 01 class 0x060400 PCIe Switch Downstream Port
May 29 20:31:29.899805 kernel: pci 0000:03:00.3: BAR 0 [mem 0xc4200c00-0xc4200fff]
May 29 20:31:29.899833 kernel: pci 0000:03:00.3: PCI bridge to [bus 07]
May 29 20:31:29.899862 kernel: pci 0000:03:00.3:   bridge window [mem 0xc4900000-0xc4afffff]
May 29 20:31:29.899890 kernel: pci 0000:03:00.3:   bridge window [mem 0x485000000-0x485ffffff 64bit pref]
May 29 20:31:29.899924 kernel: pci 0000:03:00.4: [1d0f:0200] type 01 class 0x060400 PCIe Switch Downstream Port
May 29 20:31:29.899952 kernel: pci 0000:03:00.4: BAR 0 [mem 0xc4201000-0xc42013ff]
May 29 20:31:29.899980 kernel: pci 0000:03:00.4: PCI bridge to [bus 08]
May 29 20:31:29.900009 kernel: pci 0000:03:00.4:   bridge window [mem 0xc4b00000-0xc4cfffff]
May 29 20:31:29.900036 kernel: pci 0000:03:00.4:   bridge window [mem 0x486000000-0x486ffffff 64bit pref]
May 29 20:31:29.900074 kernel: pci 0000:03:00.5: [1d0f:0200] type 01 class 0x060400 PCIe Switch Downstream Port
May 29 20:31:29.900103 kernel: pci 0000:03:00.5: BAR 0 [mem 0xc4201400-0xc42017ff]
May 29 20:31:29.900132 kernel: pci 0000:03:00.5: PCI bridge to [bus 09]
May 29 20:31:29.900160 kernel: pci 0000:03:00.5:   bridge window [mem 0xc4d00000-0xc4efffff]
May 29 20:31:29.900188 kernel: pci 0000:03:00.5:   bridge window [mem 0x487000000-0x487ffffff 64bit pref]
May 29 20:31:29.900222 kernel: pci 0000:03:00.6: [1d0f:0200] type 01 class 0x060400 PCIe Switch Downstream Port
May 29 20:31:29.900250 kernel: pci 0000:03:00.6: BAR 0 [mem 0xc4201800-0xc4201bff]
May 29 20:31:29.900277 kernel: pci 0000:03:00.6: PCI bridge to [bus 0a]
May 29 20:31:29.900305 kernel: pci 0000:03:00.6:   bridge window [mem 0xc4f00000-0xc50fffff]
May 29 20:31:29.900335 kernel: pci 0000:03:00.6:   bridge window [mem 0x488000000-0x488ffffff 64bit pref]
May 29 20:31:29.900368 kernel: pci 0000:03:00.7: [1d0f:0200] type 01 class 0x060400 PCIe Switch Downstream Port
May 29 20:31:29.900398 kernel: pci 0000:03:00.7: BAR 0 [mem 0xc4201c00-0xc4201fff]
May 29 20:31:29.900444 kernel: pci 0000:03:00.7: PCI bridge to [bus 0b]
May 29 20:31:29.900473 kernel: pci 0000:03:00.7:   bridge window [mem 0xc5100000-0xc52fffff]
May 29 20:31:29.900501 kernel: pci 0000:03:00.7:   bridge window [mem 0x489000000-0x489ffffff 64bit pref]
May 29 20:31:29.900535 kernel: pci 0000:03:01.0: [1d0f:0200] type 01 class 0x060400 PCIe Switch Downstream Port
May 29 20:31:29.900564 kernel: pci 0000:03:01.0: BAR 0 [mem 0xc4202000-0xc42023ff]
May 29 20:31:29.900592 kernel: pci 0000:03:01.0: PCI bridge to [bus 0c]
May 29 20:31:29.900622 kernel: pci 0000:03:01.0:   bridge window [mem 0xc5300000-0xc54fffff]
May 29 20:31:29.900651 kernel: pci 0000:03:01.0:   bridge window [mem 0x48a000000-0x48affffff 64bit pref]
May 29 20:31:29.900685 kernel: pci 0000:03:01.1: [1d0f:0200] type 01 class 0x060400 PCIe Switch Downstream Port
May 29 20:31:29.900713 kernel: pci 0000:03:01.1: BAR 0 [mem 0xc4202400-0xc42027ff]
May 29 20:31:29.900741 kernel: pci 0000:03:01.1: PCI bridge to [bus 0d]
May 29 20:31:29.900769 kernel: pci 0000:03:01.1:   bridge window [mem 0xc5500000-0xc56fffff]
May 29 20:31:29.900797 kernel: pci 0000:03:01.1:   bridge window [mem 0x48b000000-0x48bffffff 64bit pref]
May 29 20:31:29.900831 kernel: pci 0000:03:01.2: [1d0f:0200] type 01 class 0x060400 PCIe Switch Downstream Port
May 29 20:31:29.900859 kernel: pci 0000:03:01.2: BAR 0 [mem 0xc4202800-0xc4202bff]
May 29 20:31:29.900886 kernel: pci 0000:03:01.2: PCI bridge to [bus 0e]
May 29 20:31:29.900914 kernel: pci 0000:03:01.2:   bridge window [mem 0xc5700000-0xc58fffff]
May 29 20:31:29.900943 kernel: pci 0000:03:01.2:   bridge window [mem 0x48c000000-0x48cffffff 64bit pref]
May 29 20:31:29.900978 kernel: pci 0000:03:01.3: [1d0f:0200] type 01 class 0x060400 PCIe Switch Downstream Port
May 29 20:31:29.901007 kernel: pci 0000:03:01.3: BAR 0 [mem 0xc4202c00-0xc4202fff]
May 29 20:31:29.901035 kernel: pci 0000:03:01.3: PCI bridge to [bus 0f]
May 29 20:31:29.901064 kernel: pci 0000:03:01.3:   bridge window [mem 0xc5900000-0xc5afffff]
May 29 20:31:29.901092 kernel: pci 0000:03:01.3:   bridge window [mem 0x48d000000-0x48dffffff 64bit pref]
May 29 20:31:29.901125 kernel: pci 0000:03:01.4: [1d0f:0200] type 01 class 0x060400 PCIe Switch Downstream Port
May 29 20:31:29.901154 kernel: pci 0000:03:01.4: BAR 0 [mem 0xc4203000-0xc42033ff]
May 29 20:31:29.901182 kernel: pci 0000:03:01.4: PCI bridge to [bus 10]
May 29 20:31:29.901210 kernel: pci 0000:03:01.4:   bridge window [mem 0xc5b00000-0xc5cfffff]
May 29 20:31:29.901238 kernel: pci 0000:03:01.4:   bridge window [mem 0x48e000000-0x48effffff 64bit pref]
May 29 20:31:29.901270 kernel: pci 0000:03:01.5: [1d0f:0200] type 01 class 0x060400 PCIe Switch Downstream Port
May 29 20:31:29.901298 kernel: pci 0000:03:01.5: BAR 0 [mem 0xc4203400-0xc42037ff]
May 29 20:31:29.901326 kernel: pci 0000:03:01.5: PCI bridge to [bus 11]
May 29 20:31:29.901360 kernel: pci 0000:03:01.5:   bridge window [mem 0xc5d00000-0xc5efffff]
May 29 20:31:29.901388 kernel: pci 0000:03:01.5:   bridge window [mem 0x48f000000-0x48fffffff 64bit pref]
May 29 20:31:29.901427 kernel: pci 0000:03:01.6: [1d0f:0200] type 01 class 0x060400 PCIe Switch Downstream Port
May 29 20:31:29.901455 kernel: pci 0000:03:01.6: BAR 0 [mem 0xc4203800-0xc4203bff]
May 29 20:31:29.901484 kernel: pci 0000:03:01.6: PCI bridge to [bus 12]
May 29 20:31:29.901512 kernel: pci 0000:03:01.6:   bridge window [mem 0xc5f00000-0xc60fffff]
May 29 20:31:29.901541 kernel: pci 0000:03:01.6:   bridge window [mem 0x490000000-0x490ffffff 64bit pref]
May 29 20:31:29.901573 kernel: pci 0000:03:01.7: [1d0f:0200] type 01 class 0x060400 PCIe Switch Downstream Port
May 29 20:31:29.901601 kernel: pci 0000:03:01.7: BAR 0 [mem 0xc4203c00-0xc4203fff]
May 29 20:31:29.901628 kernel: pci 0000:03:01.7: PCI bridge to [bus 13]
May 29 20:31:29.901656 kernel: pci 0000:03:01.7:   bridge window [mem 0xc6100000-0xc62fffff]
May 29 20:31:29.901685 kernel: pci 0000:03:01.7:   bridge window [mem 0x491000000-0x491ffffff 64bit pref]
May 29 20:31:29.901718 kernel: pci 0000:03:02.0: [1d0f:0200] type 01 class 0x060400 PCIe Switch Downstream Port
May 29 20:31:29.901746 kernel: pci 0000:03:02.0: BAR 0 [mem 0xc4204000-0xc42043ff]
May 29 20:31:29.901775 kernel: pci 0000:03:02.0: PCI bridge to [bus 14]
May 29 20:31:29.901803 kernel: pci 0000:03:02.0:   bridge window [mem 0xc6300000-0xc64fffff]
May 29 20:31:29.901831 kernel: pci 0000:03:02.0:   bridge window [mem 0x492000000-0x492ffffff 64bit pref]
May 29 20:31:29.901867 kernel: pci 0000:03:02.1: [1d0f:0200] type 01 class 0x060400 PCIe Switch Downstream Port
May 29 20:31:29.901896 kernel: pci 0000:03:02.1: BAR 0 [mem 0xc4204400-0xc42047ff]
May 29 20:31:29.901923 kernel: pci 0000:03:02.1: PCI bridge to [bus 15]
May 29 20:31:29.901951 kernel: pci 0000:03:02.1:   bridge window [mem 0xc6500000-0xc66fffff]
May 29 20:31:29.901980 kernel: pci 0000:03:02.1:   bridge window [mem 0x493000000-0x493ffffff 64bit pref]
May 29 20:31:29.902014 kernel: pci 0000:03:02.2: [1d0f:0200] type 01 class 0x060400 PCIe Switch Downstream Port
May 29 20:31:29.902043 kernel: pci 0000:03:02.2: BAR 0 [mem 0xc4204800-0xc4204bff]
May 29 20:31:29.902073 kernel: pci 0000:03:02.2: PCI bridge to [bus 16]
May 29 20:31:29.902101 kernel: pci 0000:03:02.2:   bridge window [mem 0xc6700000-0xc68fffff]
May 29 20:31:29.902129 kernel: pci 0000:03:02.2:   bridge window [mem 0x494000000-0x494ffffff 64bit pref]
May 29 20:31:29.902163 kernel: pci 0000:03:02.3: [1d0f:0200] type 01 class 0x060400 PCIe Switch Downstream Port
May 29 20:31:29.902192 kernel: pci 0000:03:02.3: BAR 0 [mem 0xc4204c00-0xc4204fff]
May 29 20:31:29.902220 kernel: pci 0000:03:02.3: PCI bridge to [bus 17]
May 29 20:31:29.902248 kernel: pci 0000:03:02.3:   bridge window [mem 0xc6900000-0xc6afffff]
May 29 20:31:29.902276 kernel: pci 0000:03:02.3:   bridge window [mem 0x495000000-0x495ffffff 64bit pref]
May 29 20:31:29.902310 kernel: pci 0000:03:02.4: [1d0f:0200] type 01 class 0x060400 PCIe Switch Downstream Port
May 29 20:31:29.902338 kernel: pci 0000:03:02.4: BAR 0 [mem 0xc4205000-0xc42053ff]
May 29 20:31:29.903904 kernel: pci 0000:03:02.4: PCI bridge to [bus 18]
May 29 20:31:29.903943 kernel: pci 0000:03:02.4:   bridge window [mem 0xc6b00000-0xc6cfffff]
May 29 20:31:29.903972 kernel: pci 0000:03:02.4:   bridge window [mem 0x496000000-0x496ffffff 64bit pref]
May 29 20:31:29.904008 kernel: pci 0000:03:02.5: [1d0f:0200] type 01 class 0x060400 PCIe Switch Downstream Port
May 29 20:31:29.904037 kernel: pci 0000:03:02.5: BAR 0 [mem 0xc4205400-0xc42057ff]
May 29 20:31:29.904068 kernel: pci 0000:03:02.5: PCI bridge to [bus 19]
May 29 20:31:29.904097 kernel: pci 0000:03:02.5:   bridge window [mem 0xc6d00000-0xc6efffff]
May 29 20:31:29.904125 kernel: pci 0000:03:02.5:   bridge window [mem 0x497000000-0x497ffffff 64bit pref]
May 29 20:31:29.904158 kernel: pci 0000:03:02.6: [1d0f:0200] type 01 class 0x060400 PCIe Switch Downstream Port
May 29 20:31:29.904187 kernel: pci 0000:03:02.6: BAR 0 [mem 0xc4205800-0xc4205bff]
May 29 20:31:29.904216 kernel: pci 0000:03:02.6: PCI bridge to [bus 1a]
May 29 20:31:29.904245 kernel: pci 0000:03:02.6:   bridge window [mem 0xc6f00000-0xc70fffff]
May 29 20:31:29.904273 kernel: pci 0000:03:02.6:   bridge window [mem 0x498000000-0x498ffffff 64bit pref]
May 29 20:31:29.904307 kernel: pci 0000:03:02.7: [1d0f:0200] type 01 class 0x060400 PCIe Switch Downstream Port
May 29 20:31:29.904335 kernel: pci 0000:03:02.7: BAR 0 [mem 0xc4205c00-0xc4205fff]
May 29 20:31:29.904364 kernel: pci 0000:03:02.7: PCI bridge to [bus 1b]
May 29 20:31:29.904392 kernel: pci 0000:03:02.7:   bridge window [mem 0xc7100000-0xc72fffff]
May 29 20:31:29.904530 kernel: pci 0000:03:02.7:   bridge window [mem 0x499000000-0x499ffffff 64bit pref]
May 29 20:31:29.904562 kernel: pci 0000:03:03.0: [1d0f:0200] type 01 class 0x060400 PCIe Switch Downstream Port
May 29 20:31:29.904589 kernel: pci 0000:03:03.0: BAR 0 [mem 0xc4206000-0xc42063ff]
May 29 20:31:29.904615 kernel: pci 0000:03:03.0: PCI bridge to [bus 1c]
May 29 20:31:29.904641 kernel: pci 0000:03:03.0:   bridge window [mem 0xc7300000-0xc74fffff]
May 29 20:31:29.904668 kernel: pci 0000:03:03.0:   bridge window [mem 0x49a000000-0x49affffff 64bit pref]
May 29 20:31:29.904699 kernel: pci 0000:03:03.1: [1d0f:0200] type 01 class 0x060400 PCIe Switch Downstream Port
May 29 20:31:29.904726 kernel: pci 0000:03:03.1: BAR 0 [mem 0xc4206400-0xc42067ff]
May 29 20:31:29.904753 kernel: pci 0000:03:03.1: PCI bridge to [bus 1d]
May 29 20:31:29.904779 kernel: pci 0000:03:03.1:   bridge window [mem 0xc7500000-0xc76fffff]
May 29 20:31:29.904806 kernel: pci 0000:03:03.1:   bridge window [mem 0x49b000000-0x49bffffff 64bit pref]
May 29 20:31:29.904837 kernel: pci 0000:03:03.2: [1d0f:0200] type 01 class 0x060400 PCIe Switch Downstream Port
May 29 20:31:29.904864 kernel: pci 0000:03:03.2: BAR 0 [mem 0xc4206800-0xc4206bff]
May 29 20:31:29.904891 kernel: pci 0000:03:03.2: PCI bridge to [bus 1e]
May 29 20:31:29.904918 kernel: pci 0000:03:03.2:   bridge window [mem 0xc7700000-0xc78fffff]
May 29 20:31:29.904944 kernel: pci 0000:03:03.2:   bridge window [mem 0x49c000000-0x49cffffff 64bit pref]
May 29 20:31:29.904975 kernel: pci 0000:03:03.3: [1d0f:0200] type 01 class 0x060400 PCIe Switch Downstream Port
May 29 20:31:29.905003 kernel: pci 0000:03:03.3: BAR 0 [mem 0xc4206c00-0xc4206fff]
May 29 20:31:29.905030 kernel: pci 0000:03:03.3: PCI bridge to [bus 1f]
May 29 20:31:29.905056 kernel: pci 0000:03:03.3:   bridge window [mem 0xc7900000-0xc7afffff]
May 29 20:31:29.905082 kernel: pci 0000:03:03.3:   bridge window [mem 0x49d000000-0x49dffffff 64bit pref]
May 29 20:31:29.905113 kernel: pci 0000:03:03.4: [1d0f:0200] type 01 class 0x060400 PCIe Switch Downstream Port
May 29 20:31:29.905140 kernel: pci 0000:03:03.4: BAR 0 [mem 0xc4207000-0xc42073ff]
May 29 20:31:29.905166 kernel: pci 0000:03:03.4: PCI bridge to [bus 20]
May 29 20:31:29.905193 kernel: pci 0000:03:03.4:   bridge window [mem 0xc7b00000-0xc7cfffff]
May 29 20:31:29.905220 kernel: pci 0000:03:03.4:   bridge window [mem 0x49e000000-0x49effffff 64bit pref]
May 29 20:31:29.905255 kernel: pci 0000:03:03.5: [1d0f:0200] type 01 class 0x060400 PCIe Switch Downstream Port
May 29 20:31:29.905281 kernel: pci 0000:03:03.5: BAR 0 [mem 0xc4207400-0xc42077ff]
May 29 20:31:29.905308 kernel: pci 0000:03:03.5: PCI bridge to [bus 21]
May 29 20:31:29.905334 kernel: pci 0000:03:03.5:   bridge window [mem 0xc7d00000-0xc7efffff]
May 29 20:31:29.905366 kernel: pci 0000:03:03.5:   bridge window [mem 0x49f000000-0x49fffffff 64bit pref]
May 29 20:31:29.905398 kernel: pci 0000:03:03.6: [1d0f:0200] type 01 class 0x060400 PCIe Switch Downstream Port
May 29 20:31:29.905431 kernel: pci 0000:03:03.6: BAR 0 [mem 0xc4207800-0xc4207bff]
May 29 20:31:29.905458 kernel: pci 0000:03:03.6: PCI bridge to [bus 22]
May 29 20:31:29.905484 kernel: pci 0000:03:03.6:   bridge window [mem 0xc7f00000-0xc80fffff]
May 29 20:31:29.905511 kernel: pci 0000:03:03.6:   bridge window [mem 0x4a0000000-0x4a0ffffff 64bit pref]
May 29 20:31:29.905544 kernel: pci 0000:03:03.7: [1d0f:0200] type 01 class 0x060400 PCIe Switch Downstream Port
May 29 20:31:29.905571 kernel: pci 0000:03:03.7: BAR 0 [mem 0xc4207c00-0xc4207fff]
May 29 20:31:29.905598 kernel: pci 0000:03:03.7: PCI bridge to [bus 23]
May 29 20:31:29.905625 kernel: pci 0000:03:03.7:   bridge window [mem 0xc8100000-0xc82fffff]
May 29 20:31:29.905651 kernel: pci 0000:03:03.7:   bridge window [mem 0x4a1000000-0x4a1ffffff 64bit pref]
May 29 20:31:29.905678 kernel: pci 0000:02:00.0: PCI bridge to [bus 03-23]
May 29 20:31:29.905706 kernel: pci 0000:03:00.0: PCI bridge to [bus 04]
May 29 20:31:29.905734 kernel: pci 0000:03:00.1: PCI bridge to [bus 05]
May 29 20:31:29.905762 kernel: pci 0000:03:00.2: PCI bridge to [bus 06]
May 29 20:31:29.905789 kernel: pci 0000:03:00.3: PCI bridge to [bus 07]
May 29 20:31:29.905817 kernel: pci 0000:03:00.4: PCI bridge to [bus 08]
May 29 20:31:29.905844 kernel: pci 0000:03:00.5: PCI bridge to [bus 09]
May 29 20:31:29.905871 kernel: pci 0000:03:00.6: PCI bridge to [bus 0a]
May 29 20:31:29.905898 kernel: pci 0000:03:00.7: PCI bridge to [bus 0b]
May 29 20:31:29.905925 kernel: pci 0000:03:01.0: PCI bridge to [bus 0c]
May 29 20:31:29.905952 kernel: pci 0000:03:01.1: PCI bridge to [bus 0d]
May 29 20:31:29.905980 kernel: pci 0000:03:01.2: PCI bridge to [bus 0e]
May 29 20:31:29.906008 kernel: pci 0000:03:01.3: PCI bridge to [bus 0f]
May 29 20:31:29.906035 kernel: pci 0000:03:01.4: PCI bridge to [bus 10]
May 29 20:31:29.906062 kernel: pci 0000:03:01.5: PCI bridge to [bus 11]
May 29 20:31:29.906090 kernel: pci 0000:03:01.6: PCI bridge to [bus 12]
May 29 20:31:29.906119 kernel: pci 0000:03:01.7: PCI bridge to [bus 13]
May 29 20:31:29.906145 kernel: pci 0000:03:02.0: PCI bridge to [bus 14]
May 29 20:31:29.906173 kernel: pci 0000:03:02.1: PCI bridge to [bus 15]
May 29 20:31:29.906200 kernel: pci 0000:03:02.2: PCI bridge to [bus 16]
May 29 20:31:29.906227 kernel: pci 0000:03:02.3: PCI bridge to [bus 17]
May 29 20:31:29.906254 kernel: pci 0000:03:02.4: PCI bridge to [bus 18]
May 29 20:31:29.906281 kernel: pci 0000:03:02.5: PCI bridge to [bus 19]
May 29 20:31:29.906308 kernel: pci 0000:03:02.6: PCI bridge to [bus 1a]
May 29 20:31:29.906334 kernel: pci 0000:03:02.7: PCI bridge to [bus 1b]
May 29 20:31:29.906361 kernel: pci 0000:03:03.0: PCI bridge to [bus 1c]
May 29 20:31:29.906392 kernel: pci 0000:03:03.1: PCI bridge to [bus 1d]
May 29 20:31:29.906426 kernel: pci 0000:03:03.2: PCI bridge to [bus 1e]
May 29 20:31:29.906453 kernel: pci 0000:03:03.3: PCI bridge to [bus 1f]
May 29 20:31:29.906480 kernel: pci 0000:03:03.4: PCI bridge to [bus 20]
May 29 20:31:29.906514 kernel: pci 0000:03:03.5: PCI bridge to [bus 21]
May 29 20:31:29.915881 kernel: pci 0000:03:03.6: PCI bridge to [bus 22]
May 29 20:31:29.915916 kernel: pci 0000:03:03.7: PCI bridge to [bus 23]
May 29 20:31:29.915942 kernel: pci_bus 0000:01: on NUMA node 0
May 29 20:31:29.915946 kernel: ACPI: PCI Root Bridge [PC02] (domain 0000 [bus 24-2b])
May 29 20:31:29.915979 kernel: acpi PNP0A08:01: _OSC: OS supports [ExtendedConfig ASPM ClockPM Segments MSI EDR HPX-Type3]
May 29 20:31:29.916007 kernel: acpi PNP0A08:01: _OSC: platform does not support [SHPCHotplug AER LTR DPC]
May 29 20:31:29.916032 kernel: acpi PNP0A08:01: _OSC: OS now controls [PCIeHotplug PME PCIeCapability]
May 29 20:31:29.916035 kernel: acpiphp: Slot [64] registered
May 29 20:31:29.916037 kernel: acpiphp: Slot [65] registered
May 29 20:31:29.916039 kernel: acpiphp: Slot [66] registered
May 29 20:31:29.916042 kernel: acpiphp: Slot [67] registered
May 29 20:31:29.916044 kernel: acpiphp: Slot [68] registered
May 29 20:31:29.916046 kernel: acpiphp: Slot [69] registered
May 29 20:31:29.916049 kernel: acpiphp: Slot [70] registered
May 29 20:31:29.916051 kernel: acpiphp: Slot [71] registered
May 29 20:31:29.916054 kernel: acpiphp: Slot [72] registered
May 29 20:31:29.916056 kernel: acpiphp: Slot [73] registered
May 29 20:31:29.916059 kernel: acpiphp: Slot [74] registered
May 29 20:31:29.916062 kernel: acpiphp: Slot [75] registered
May 29 20:31:29.916064 kernel: acpiphp: Slot [76] registered
May 29 20:31:29.916066 kernel: acpiphp: Slot [77] registered
May 29 20:31:29.916069 kernel: acpiphp: Slot [78] registered
May 29 20:31:29.916071 kernel: acpiphp: Slot [79] registered
May 29 20:31:29.916073 kernel: acpiphp: Slot [80] registered
May 29 20:31:29.916076 kernel: acpiphp: Slot [81] registered
May 29 20:31:29.916078 kernel: acpiphp: Slot [82] registered
May 29 20:31:29.916080 kernel: acpiphp: Slot [83] registered
May 29 20:31:29.916083 kernel: acpiphp: Slot [84] registered
May 29 20:31:29.916085 kernel: acpiphp: Slot [85] registered
May 29 20:31:29.916088 kernel: acpiphp: Slot [86] registered
May 29 20:31:29.916091 kernel: acpiphp: Slot [87] registered
May 29 20:31:29.916093 kernel: acpiphp: Slot [88] registered
May 29 20:31:29.916096 kernel: acpiphp: Slot [89] registered
May 29 20:31:29.916098 kernel: acpiphp: Slot [90] registered
May 29 20:31:29.916100 kernel: acpiphp: Slot [91] registered
May 29 20:31:29.916103 kernel: acpiphp: Slot [92] registered
May 29 20:31:29.916105 kernel: acpiphp: Slot [93] registered
May 29 20:31:29.916107 kernel: acpiphp: Slot [94] registered
May 29 20:31:29.916110 kernel: acpiphp: Slot [95] registered
May 29 20:31:29.916112 kernel: PCI host bridge to bus 0000:24
May 29 20:31:29.916141 kernel: pci_bus 0000:24: root bus resource [mem 0xc8400000-0xc90fffff window]
May 29 20:31:29.916163 kernel: pci_bus 0000:24: root bus resource [mem 0x4a2000000-0x4a6ffffff window]
May 29 20:31:29.916185 kernel: pci_bus 0000:24: root bus resource [bus 24-2b]
May 29 20:31:29.916219 kernel: pci 0000:24:00.0: [1d0f:0200] type 01 class 0x060400 PCIe Root Port
May 29 20:31:29.916245 kernel: pci 0000:24:00.0: BAR 0 [mem 0xc8400000-0xc84003ff]
May 29 20:31:29.916271 kernel: pci 0000:24:00.0: PCI bridge to [bus 25-2b]
May 29 20:31:29.916297 kernel: pci 0000:24:00.0:   bridge window [mem 0xc8500000-0xc90fffff]
May 29 20:31:29.916322 kernel: pci 0000:24:00.0:   bridge window [mem 0x4a2000000-0x4a6ffffff 64bit pref]
May 29 20:31:29.916354 kernel: pci 0000:25:00.0: [1d0f:0200] type 01 class 0x060400 PCIe Switch Upstream Port
May 29 20:31:29.916381 kernel: pci 0000:25:00.0: BAR 0 [mem 0xc8500000-0xc85003ff]
May 29 20:31:29.916415 kernel: pci 0000:25:00.0: PCI bridge to [bus 26-2b]
May 29 20:31:29.916441 kernel: pci 0000:25:00.0:   bridge window [mem 0xc8600000-0xc90fffff]
May 29 20:31:29.916467 kernel: pci 0000:25:00.0:   bridge window [mem 0x4a2000000-0x4a6ffffff 64bit pref]
May 29 20:31:29.916493 kernel: pci 0000:24:00.0: PCI bridge to [bus 25-2b]
May 29 20:31:29.916525 kernel: pci 0000:26:00.0: [1d0f:0200] type 01 class 0x060400 PCIe Switch Downstream Port
May 29 20:31:29.916554 kernel: pci 0000:26:00.0: BAR 0 [mem 0xc8600000-0xc86003ff]
May 29 20:31:29.916582 kernel: pci 0000:26:00.0: PCI bridge to [bus 27]
May 29 20:31:29.916609 kernel: pci 0000:26:00.0:   bridge window [mem 0xc8700000-0xc88fffff]
May 29 20:31:29.916635 kernel: pci 0000:26:00.0:   bridge window [mem 0x4a2000000-0x4a2ffffff 64bit pref]
May 29 20:31:29.916668 kernel: pci 0000:26:00.1: [1d0f:0200] type 01 class 0x060400 PCIe Switch Downstream Port
May 29 20:31:29.916696 kernel: pci 0000:26:00.1: BAR 0 [mem 0xc8600400-0xc86007ff]
May 29 20:31:29.916722 kernel: pci 0000:26:00.1: PCI bridge to [bus 28]
May 29 20:31:29.916749 kernel: pci 0000:26:00.1:   bridge window [mem 0xc8900000-0xc8afffff]
May 29 20:31:29.916775 kernel: pci 0000:26:00.1:   bridge window [mem 0x4a3000000-0x4a3ffffff 64bit pref]
May 29 20:31:29.916807 kernel: pci 0000:26:00.2: [1d0f:0200] type 01 class 0x060400 PCIe Switch Downstream Port
May 29 20:31:29.916834 kernel: pci 0000:26:00.2: BAR 0 [mem 0xc8600800-0xc8600bff]
May 29 20:31:29.916862 kernel: pci 0000:26:00.2: PCI bridge to [bus 29]
May 29 20:31:29.916889 kernel: pci 0000:26:00.2:   bridge window [mem 0xc8b00000-0xc8cfffff]
May 29 20:31:29.916915 kernel: pci 0000:26:00.2:   bridge window [mem 0x4a4000000-0x4a4ffffff 64bit pref]
May 29 20:31:29.916948 kernel: pci 0000:26:00.3: [1d0f:0200] type 01 class 0x060400 PCIe Switch Downstream Port
May 29 20:31:29.916977 kernel: pci 0000:26:00.3: BAR 0 [mem 0xc8600c00-0xc8600fff]
May 29 20:31:29.917004 kernel: pci 0000:26:00.3: PCI bridge to [bus 2a]
May 29 20:31:29.917031 kernel: pci 0000:26:00.3:   bridge window [mem 0xc8d00000-0xc8efffff]
May 29 20:31:29.917058 kernel: pci 0000:26:00.3:   bridge window [mem 0x4a5000000-0x4a5ffffff 64bit pref]
May 29 20:31:29.917092 kernel: pci 0000:26:00.4: [1d0f:0200] type 01 class 0x060400 PCIe Switch Downstream Port
May 29 20:31:29.917119 kernel: pci 0000:26:00.4: BAR 0 [mem 0xc8601000-0xc86013ff]
May 29 20:31:29.917146 kernel: pci 0000:26:00.4: PCI bridge to [bus 2b]
May 29 20:31:29.917172 kernel: pci 0000:26:00.4:   bridge window [mem 0xc8f00000-0xc90fffff]
May 29 20:31:29.917199 kernel: pci 0000:26:00.4:   bridge window [mem 0x4a6000000-0x4a6ffffff 64bit pref]
May 29 20:31:29.917225 kernel: pci 0000:25:00.0: PCI bridge to [bus 26-2b]
May 29 20:31:29.917260 kernel: pci 0000:27:00.0: [1d0f:ec20] type 00 class 0x020000 PCIe Endpoint
May 29 20:31:29.917289 kernel: pci 0000:27:00.0: BAR 0 [mem 0xc8700000-0xc8701fff]
May 29 20:31:29.917318 kernel: pci 0000:27:00.0: BAR 1 [mem 0xc8702000-0xc8703fff]
May 29 20:31:29.917349 kernel: pci 0000:27:00.0: BAR 2 [mem 0x4a2000000-0x4a20fffff 64bit pref]
May 29 20:31:29.917377 kernel: pci 0000:27:00.0: enabling Extended Tags
May 29 20:31:29.917412 kernel: pci 0000:26:00.0: PCI bridge to [bus 27]
May 29 20:31:29.917439 kernel: pci 0000:26:00.1: PCI bridge to [bus 28]
May 29 20:31:29.917466 kernel: pci 0000:26:00.2: PCI bridge to [bus 29]
May 29 20:31:29.917494 kernel: pci 0000:26:00.3: PCI bridge to [bus 2a]
May 29 20:31:29.917522 kernel: pci 0000:26:00.4: PCI bridge to [bus 2b]
May 29 20:31:29.917544 kernel: pci_bus 0000:24: on NUMA node 0
May 29 20:31:29.917547 kernel: ACPI: PCI: Interrupt link LNKA configured for IRQ 10
May 29 20:31:29.917550 kernel: ACPI: PCI: Interrupt link LNKB configured for IRQ 10
May 29 20:31:29.917553 kernel: ACPI: PCI: Interrupt link LNKC configured for IRQ 11
May 29 20:31:29.917555 kernel: ACPI: PCI: Interrupt link LNKD configured for IRQ 11
May 29 20:31:29.917558 kernel: ACPI: PCI: Interrupt link LNKS configured for IRQ 9
May 29 20:31:29.917560 kernel: iommu: Default domain type: Translated
May 29 20:31:29.917562 kernel: iommu: DMA domain TLB invalidation policy: lazy mode
May 29 20:31:29.917565 kernel: SCSI subsystem initialized
May 29 20:31:29.917568 kernel: ACPI: bus type USB registered
May 29 20:31:29.917570 kernel: usbcore: registered new interface driver usbfs
May 29 20:31:29.917573 kernel: usbcore: registered new interface driver hub
May 29 20:31:29.917576 kernel: usbcore: registered new device driver usb
May 29 20:31:29.917578 kernel: pps_core: LinuxPPS API ver. 1 registered
May 29 20:31:29.917581 kernel: pps_core: Software ver. 5.3.6 - Copyright 2005-2007 Rodolfo Giometti <giometti@linux.it>
May 29 20:31:29.917583 kernel: PTP clock support registered
May 29 20:31:29.917586 kernel: EDAC MC: Ver: 3.0.0
May 29 20:31:29.917588 kernel: NetLabel: Initializing
May 29 20:31:29.917591 kernel: NetLabel:  domain hash size = 128
May 29 20:31:29.917593 kernel: NetLabel:  protocols = UNLABELED CIPSOv4 CALIPSO
May 29 20:31:29.917596 kernel: NetLabel:  unlabeled traffic allowed by default
May 29 20:31:29.917598 kernel: PCI: Using ACPI for IRQ routing
May 29 20:31:29.917601 kernel: PCI: pci_cache_line_size set to 64 bytes
May 29 20:31:29.917604 kernel: e820: reserve RAM buffer [mem 0x0009fc00-0x0009ffff]
May 29 20:31:29.917606 kernel: e820: reserve RAM buffer [mem 0xbffe8000-0xbfffffff]
May 29 20:31:29.917608 kernel: e820: reserve RAM buffer [mem 0x42b400000-0x42bffffff]
May 29 20:31:29.917633 kernel: pci 0000:00:03.0: vgaarb: setting as boot VGA device
May 29 20:31:29.917658 kernel: pci 0000:00:03.0: vgaarb: bridge control possible
May 29 20:31:29.917682 kernel: pci 0000:00:03.0: vgaarb: VGA device added: decodes=io+mem,owns=io+mem,locks=none
May 29 20:31:29.917684 kernel: vgaarb: loaded
May 29 20:31:29.917687 kernel: hpet0: at MMIO 0xfed00000, IRQs 2, 8, 0, 0, 0, 0, 0, 0
May 29 20:31:29.917689 kernel: hpet0: 8 comparators, 32-bit 62.500000 MHz counter
May 29 20:31:29.917692 kernel: clocksource: Switched to clocksource kvm-clock
May 29 20:31:29.917694 kernel: VFS: Disk quotas dquot_6.6.0
May 29 20:31:29.917697 kernel: VFS: Dquot-cache hash table entries: 512 (order 0, 4096 bytes)
May 29 20:31:29.917699 kernel: pnp: PnP ACPI init
May 29 20:31:29.917702 kernel: pnp: PnP ACPI: found 5 devices
May 29 20:31:29.917704 kernel: clocksource: acpi_pm: mask: 0xffffff max_cycles: 0xffffff, max_idle_ns: 2085701024 ns
May 29 20:31:29.917706 kernel: NET: Registered PF_INET protocol family
May 29 20:31:29.917708 kernel: IP idents hash table entries: 262144 (order: 9, 2097152 bytes, linear)
May 29 20:31:29.917711 kernel: tcp_listen_portaddr_hash hash table entries: 8192 (order: 5, 131072 bytes, linear)
May 29 20:31:29.917713 kernel: Table-perturb hash table entries: 65536 (order: 6, 262144 bytes, linear)
May 29 20:31:29.917716 kernel: TCP established hash table entries: 131072 (order: 8, 1048576 bytes, linear)
May 29 20:31:29.917718 kernel: TCP bind hash table entries: 65536 (order: 8, 1048576 bytes, linear)
May 29 20:31:29.917720 kernel: TCP: Hash tables configured (established 131072 bind 65536)
May 29 20:31:29.917723 kernel: MPTCP token hash table entries: 16384 (order: 6, 393216 bytes, linear)
May 29 20:31:29.917726 kernel: UDP hash table entries: 8192 (order: 6, 262144 bytes, linear)
May 29 20:31:29.917728 kernel: UDP-Lite hash table entries: 8192 (order: 6, 262144 bytes, linear)
May 29 20:31:29.917731 kernel: NET: Registered PF_UNIX/PF_LOCAL protocol family
May 29 20:31:29.917734 kernel: NET: Registered PF_XDP protocol family
May 29 20:31:29.917755 kernel: pci_bus 0000:00: resource 4 [io  0x0000-0x0cf7 window]
May 29 20:31:29.917777 kernel: pci_bus 0000:00: resource 5 [io  0x0d00-0xffff window]
May 29 20:31:29.917798 kernel: pci_bus 0000:00: resource 6 [mem 0x000a0000-0x000bffff window]
May 29 20:31:29.917820 kernel: pci_bus 0000:00: resource 7 [mem 0xc0000000-0xc3ffffff window]
May 29 20:31:29.917841 kernel: pci_bus 0000:00: resource 8 [mem 0x480000000-0x481ffffff window]
May 29 20:31:29.917868 kernel: pci 0000:03:00.0: PCI bridge to [bus 04]
May 29 20:31:29.917895 kernel: pci 0000:03:00.0:   bridge window [mem 0xc4300000-0xc44fffff]
May 29 20:31:29.917923 kernel: pci 0000:03:00.0:   bridge window [mem 0x482000000-0x482ffffff 64bit pref]
May 29 20:31:29.917950 kernel: pci 0000:03:00.1: PCI bridge to [bus 05]
May 29 20:31:29.917977 kernel: pci 0000:03:00.1:   bridge window [mem 0xc4500000-0xc46fffff]
May 29 20:31:29.918003 kernel: pci 0000:03:00.1:   bridge window [mem 0x483000000-0x483ffffff 64bit pref]
May 29 20:31:29.918030 kernel: pci 0000:03:00.2: PCI bridge to [bus 06]
May 29 20:31:29.918056 kernel: pci 0000:03:00.2:   bridge window [mem 0xc4700000-0xc48fffff]
May 29 20:31:29.918083 kernel: pci 0000:03:00.2:   bridge window [mem 0x484000000-0x484ffffff 64bit pref]
May 29 20:31:29.918110 kernel: pci 0000:03:00.3: PCI bridge to [bus 07]
May 29 20:31:29.918136 kernel: pci 0000:03:00.3:   bridge window [mem 0xc4900000-0xc4afffff]
May 29 20:31:29.918164 kernel: pci 0000:03:00.3:   bridge window [mem 0x485000000-0x485ffffff 64bit pref]
May 29 20:31:29.918190 kernel: pci 0000:03:00.4: PCI bridge to [bus 08]
May 29 20:31:29.918217 kernel: pci 0000:03:00.4:   bridge window [mem 0xc4b00000-0xc4cfffff]
May 29 20:31:29.918244 kernel: pci 0000:03:00.4:   bridge window [mem 0x486000000-0x486ffffff 64bit pref]
May 29 20:31:29.918270 kernel: pci 0000:03:00.5: PCI bridge to [bus 09]
May 29 20:31:29.918297 kernel: pci 0000:03:00.5:   bridge window [mem 0xc4d00000-0xc4efffff]
May 29 20:31:29.918323 kernel: pci 0000:03:00.5:   bridge window [mem 0x487000000-0x487ffffff 64bit pref]
May 29 20:31:29.918350 kernel: pci 0000:03:00.6: PCI bridge to [bus 0a]
May 29 20:31:29.918377 kernel: pci 0000:03:00.6:   bridge window [mem 0xc4f00000-0xc50fffff]
May 29 20:31:29.918413 kernel: pci 0000:03:00.6:   bridge window [mem 0x488000000-0x488ffffff 64bit pref]
May 29 20:31:29.918443 kernel: pci 0000:03:00.7: PCI bridge to [bus 0b]
May 29 20:31:29.918470 kernel: pci 0000:03:00.7:   bridge window [mem 0xc5100000-0xc52fffff]
May 29 20:31:29.918497 kernel: pci 0000:03:00.7:   bridge window [mem 0x489000000-0x489ffffff 64bit pref]
May 29 20:31:29.918524 kernel: pci 0000:03:01.0: PCI bridge to [bus 0c]
May 29 20:31:29.918550 kernel: pci 0000:03:01.0:   bridge window [mem 0xc5300000-0xc54fffff]
May 29 20:31:29.918577 kernel: pci 0000:03:01.0:   bridge window [mem 0x48a000000-0x48affffff 64bit pref]
May 29 20:31:29.918604 kernel: pci 0000:03:01.1: PCI bridge to [bus 0d]
May 29 20:31:29.918631 kernel: pci 0000:03:01.1:   bridge window [mem 0xc5500000-0xc56fffff]
May 29 20:31:29.918657 kernel: pci 0000:03:01.1:   bridge window [mem 0x48b000000-0x48bffffff 64bit pref]
May 29 20:31:29.918683 kernel: pci 0000:03:01.2: PCI bridge to [bus 0e]
May 29 20:31:29.918710 kernel: pci 0000:03:01.2:   bridge window [mem 0xc5700000-0xc58fffff]
May 29 20:31:29.918736 kernel: pci 0000:03:01.2:   bridge window [mem 0x48c000000-0x48cffffff 64bit pref]
May 29 20:31:29.918763 kernel: pci 0000:03:01.3: PCI bridge to [bus 0f]
May 29 20:31:29.918790 kernel: pci 0000:03:01.3:   bridge window [mem 0xc5900000-0xc5afffff]
May 29 20:31:29.918818 kernel: pci 0000:03:01.3:   bridge window [mem 0x48d000000-0x48dffffff 64bit pref]
May 29 20:31:29.918845 kernel: pci 0000:03:01.4: PCI bridge to [bus 10]
May 29 20:31:29.918881 kernel: pci 0000:03:01.4:   bridge window [mem 0xc5b00000-0xc5cfffff]
May 29 20:31:29.918914 kernel: pci 0000:03:01.4:   bridge window [mem 0x48e000000-0x48effffff 64bit pref]
May 29 20:31:29.918941 kernel: pci 0000:03:01.5: PCI bridge to [bus 11]
May 29 20:31:29.918968 kernel: pci 0000:03:01.5:   bridge window [mem 0xc5d00000-0xc5efffff]
May 29 20:31:29.918995 kernel: pci 0000:03:01.5:   bridge window [mem 0x48f000000-0x48fffffff 64bit pref]
May 29 20:31:29.919021 kernel: pci 0000:03:01.6: PCI bridge to [bus 12]
May 29 20:31:29.919048 kernel: pci 0000:03:01.6:   bridge window [mem 0xc5f00000-0xc60fffff]
May 29 20:31:29.919075 kernel: pci 0000:03:01.6:   bridge window [mem 0x490000000-0x490ffffff 64bit pref]
May 29 20:31:29.919101 kernel: pci 0000:03:01.7: PCI bridge to [bus 13]
May 29 20:31:29.919128 kernel: pci 0000:03:01.7:   bridge window [mem 0xc6100000-0xc62fffff]
May 29 20:31:29.919155 kernel: pci 0000:03:01.7:   bridge window [mem 0x491000000-0x491ffffff 64bit pref]
May 29 20:31:29.919182 kernel: pci 0000:03:02.0: PCI bridge to [bus 14]
May 29 20:31:29.919209 kernel: pci 0000:03:02.0:   bridge window [mem 0xc6300000-0xc64fffff]
May 29 20:31:29.919236 kernel: pci 0000:03:02.0:   bridge window [mem 0x492000000-0x492ffffff 64bit pref]
May 29 20:31:29.919263 kernel: pci 0000:03:02.1: PCI bridge to [bus 15]
May 29 20:31:29.919290 kernel: pci 0000:03:02.1:   bridge window [mem 0xc6500000-0xc66fffff]
May 29 20:31:29.919317 kernel: pci 0000:03:02.1:   bridge window [mem 0x493000000-0x493ffffff 64bit pref]
May 29 20:31:29.919344 kernel: pci 0000:03:02.2: PCI bridge to [bus 16]
May 29 20:31:29.919372 kernel: pci 0000:03:02.2:   bridge window [mem 0xc6700000-0xc68fffff]
May 29 20:31:29.919398 kernel: pci 0000:03:02.2:   bridge window [mem 0x494000000-0x494ffffff 64bit pref]
May 29 20:31:29.920466 kernel: pci 0000:03:02.3: PCI bridge to [bus 17]
May 29 20:31:29.920520 kernel: pci 0000:03:02.3:   bridge window [mem 0xc6900000-0xc6afffff]
May 29 20:31:29.920560 kernel: pci 0000:03:02.3:   bridge window [mem 0x495000000-0x495ffffff 64bit pref]
May 29 20:31:29.920594 kernel: pci 0000:03:02.4: PCI bridge to [bus 18]
May 29 20:31:29.920630 kernel: pci 0000:03:02.4:   bridge window [mem 0xc6b00000-0xc6cfffff]
May 29 20:31:29.920664 kernel: pci 0000:03:02.4:   bridge window [mem 0x496000000-0x496ffffff 64bit pref]
May 29 20:31:29.920699 kernel: pci 0000:03:02.5: PCI bridge to [bus 19]
May 29 20:31:29.920731 kernel: pci 0000:03:02.5:   bridge window [mem 0xc6d00000-0xc6efffff]
May 29 20:31:29.920767 kernel: pci 0000:03:02.5:   bridge window [mem 0x497000000-0x497ffffff 64bit pref]
May 29 20:31:29.920804 kernel: pci 0000:03:02.6: PCI bridge to [bus 1a]
May 29 20:31:29.920839 kernel: pci 0000:03:02.6:   bridge window [mem 0xc6f00000-0xc70fffff]
May 29 20:31:29.920873 kernel: pci 0000:03:02.6:   bridge window [mem 0x498000000-0x498ffffff 64bit pref]
May 29 20:31:29.920908 kernel: pci 0000:03:02.7: PCI bridge to [bus 1b]
May 29 20:31:29.920942 kernel: pci 0000:03:02.7:   bridge window [mem 0xc7100000-0xc72fffff]
May 29 20:31:29.920975 kernel: pci 0000:03:02.7:   bridge window [mem 0x499000000-0x499ffffff 64bit pref]
May 29 20:31:29.921011 kernel: pci 0000:03:03.0: PCI bridge to [bus 1c]
May 29 20:31:29.921047 kernel: pci 0000:03:03.0:   bridge window [mem 0xc7300000-0xc74fffff]
May 29 20:31:29.921083 kernel: pci 0000:03:03.0:   bridge window [mem 0x49a000000-0x49affffff 64bit pref]
May 29 20:31:29.921117 kernel: pci 0000:03:03.1: PCI bridge to [bus 1d]
May 29 20:31:29.921153 kernel: pci 0000:03:03.1:   bridge window [mem 0xc7500000-0xc76fffff]
May 29 20:31:29.921188 kernel: pci 0000:03:03.1:   bridge window [mem 0x49b000000-0x49bffffff 64bit pref]
May 29 20:31:29.921222 kernel: pci 0000:03:03.2: PCI bridge to [bus 1e]
May 29 20:31:29.921257 kernel: pci 0000:03:03.2:   bridge window [mem 0xc7700000-0xc78fffff]
May 29 20:31:29.921293 kernel: pci 0000:03:03.2:   bridge window [mem 0x49c000000-0x49cffffff 64bit pref]
May 29 20:31:29.921328 kernel: pci 0000:03:03.3: PCI bridge to [bus 1f]
May 29 20:31:29.921366 kernel: pci 0000:03:03.3:   bridge window [mem 0xc7900000-0xc7afffff]
May 29 20:31:29.921408 kernel: pci 0000:03:03.3:   bridge window [mem 0x49d000000-0x49dffffff 64bit pref]
May 29 20:31:29.921443 kernel: pci 0000:03:03.4: PCI bridge to [bus 20]
May 29 20:31:29.921478 kernel: pci 0000:03:03.4:   bridge window [mem 0xc7b00000-0xc7cfffff]
May 29 20:31:29.921505 kernel: pci 0000:03:03.4:   bridge window [mem 0x49e000000-0x49effffff 64bit pref]
May 29 20:31:29.921533 kernel: pci 0000:03:03.5: PCI bridge to [bus 21]
May 29 20:31:29.921565 kernel: pci 0000:03:03.5:   bridge window [mem 0xc7d00000-0xc7efffff]
May 29 20:31:29.921600 kernel: pci 0000:03:03.5:   bridge window [mem 0x49f000000-0x49fffffff 64bit pref]
May 29 20:31:29.921627 kernel: pci 0000:03:03.6: PCI bridge to [bus 22]
May 29 20:31:29.921654 kernel: pci 0000:03:03.6:   bridge window [mem 0xc7f00000-0xc80fffff]
May 29 20:31:29.921682 kernel: pci 0000:03:03.6:   bridge window [mem 0x4a0000000-0x4a0ffffff 64bit pref]
May 29 20:31:29.921709 kernel: pci 0000:03:03.7: PCI bridge to [bus 23]
May 29 20:31:29.921737 kernel: pci 0000:03:03.7:   bridge window [mem 0xc8100000-0xc82fffff]
May 29 20:31:29.921764 kernel: pci 0000:03:03.7:   bridge window [mem 0x4a1000000-0x4a1ffffff 64bit pref]
May 29 20:31:29.921812 kernel: pci 0000:02:00.0: PCI bridge to [bus 03-23]
May 29 20:31:29.921902 kernel: pci 0000:02:00.0:   bridge window [mem 0xc4200000-0xc82fffff]
May 29 20:31:29.921950 kernel: pci 0000:02:00.0:   bridge window [mem 0x482000000-0x4a1ffffff 64bit pref]
May 29 20:31:29.921984 kernel: pci 0000:01:00.0: PCI bridge to [bus 02-23]
May 29 20:31:29.922020 kernel: pci 0000:01:00.0:   bridge window [mem 0xc4100000-0xc82fffff]
May 29 20:31:29.922046 kernel: pci 0000:01:00.0:   bridge window [mem 0x482000000-0x4a1ffffff 64bit pref]
May 29 20:31:29.922070 kernel: pci_bus 0000:01: resource 4 [mem 0xc4000000-0xc82fffff window]
May 29 20:31:29.922096 kernel: pci_bus 0000:01: resource 5 [mem 0x482000000-0x4a1ffffff window]
May 29 20:31:29.922128 kernel: pci_bus 0000:02: resource 1 [mem 0xc4100000-0xc82fffff]
May 29 20:31:29.922152 kernel: pci_bus 0000:02: resource 2 [mem 0x482000000-0x4a1ffffff 64bit pref]
May 29 20:31:29.922183 kernel: pci_bus 0000:03: resource 1 [mem 0xc4200000-0xc82fffff]
May 29 20:31:29.922209 kernel: pci_bus 0000:03: resource 2 [mem 0x482000000-0x4a1ffffff 64bit pref]
May 29 20:31:29.922241 kernel: pci_bus 0000:04: resource 1 [mem 0xc4300000-0xc44fffff]
May 29 20:31:29.922267 kernel: pci_bus 0000:04: resource 2 [mem 0x482000000-0x482ffffff 64bit pref]
May 29 20:31:29.922300 kernel: pci_bus 0000:05: resource 1 [mem 0xc4500000-0xc46fffff]
May 29 20:31:29.922327 kernel: pci_bus 0000:05: resource 2 [mem 0x483000000-0x483ffffff 64bit pref]
May 29 20:31:29.922359 kernel: pci_bus 0000:06: resource 1 [mem 0xc4700000-0xc48fffff]
May 29 20:31:29.922386 kernel: pci_bus 0000:06: resource 2 [mem 0x484000000-0x484ffffff 64bit pref]
May 29 20:31:29.922424 kernel: pci_bus 0000:07: resource 1 [mem 0xc4900000-0xc4afffff]
May 29 20:31:29.922451 kernel: pci_bus 0000:07: resource 2 [mem 0x485000000-0x485ffffff 64bit pref]
May 29 20:31:29.922481 kernel: pci_bus 0000:08: resource 1 [mem 0xc4b00000-0xc4cfffff]
May 29 20:31:29.922507 kernel: pci_bus 0000:08: resource 2 [mem 0x486000000-0x486ffffff 64bit pref]
May 29 20:31:29.922538 kernel: pci_bus 0000:09: resource 1 [mem 0xc4d00000-0xc4efffff]
May 29 20:31:29.922565 kernel: pci_bus 0000:09: resource 2 [mem 0x487000000-0x487ffffff 64bit pref]
May 29 20:31:29.922598 kernel: pci_bus 0000:0a: resource 1 [mem 0xc4f00000-0xc50fffff]
May 29 20:31:29.922624 kernel: pci_bus 0000:0a: resource 2 [mem 0x488000000-0x488ffffff 64bit pref]
May 29 20:31:29.922655 kernel: pci_bus 0000:0b: resource 1 [mem 0xc5100000-0xc52fffff]
May 29 20:31:29.922681 kernel: pci_bus 0000:0b: resource 2 [mem 0x489000000-0x489ffffff 64bit pref]
May 29 20:31:29.922713 kernel: pci_bus 0000:0c: resource 1 [mem 0xc5300000-0xc54fffff]
May 29 20:31:29.922738 kernel: pci_bus 0000:0c: resource 2 [mem 0x48a000000-0x48affffff 64bit pref]
May 29 20:31:29.922770 kernel: pci_bus 0000:0d: resource 1 [mem 0xc5500000-0xc56fffff]
May 29 20:31:29.922796 kernel: pci_bus 0000:0d: resource 2 [mem 0x48b000000-0x48bffffff 64bit pref]
May 29 20:31:29.922826 kernel: pci_bus 0000:0e: resource 1 [mem 0xc5700000-0xc58fffff]
May 29 20:31:29.922851 kernel: pci_bus 0000:0e: resource 2 [mem 0x48c000000-0x48cffffff 64bit pref]
May 29 20:31:29.922886 kernel: pci_bus 0000:0f: resource 1 [mem 0xc5900000-0xc5afffff]
May 29 20:31:29.922912 kernel: pci_bus 0000:0f: resource 2 [mem 0x48d000000-0x48dffffff 64bit pref]
May 29 20:31:29.922942 kernel: pci_bus 0000:10: resource 1 [mem 0xc5b00000-0xc5cfffff]
May 29 20:31:29.922968 kernel: pci_bus 0000:10: resource 2 [mem 0x48e000000-0x48effffff 64bit pref]
May 29 20:31:29.922999 kernel: pci_bus 0000:11: resource 1 [mem 0xc5d00000-0xc5efffff]
May 29 20:31:29.923024 kernel: pci_bus 0000:11: resource 2 [mem 0x48f000000-0x48fffffff 64bit pref]
May 29 20:31:29.923055 kernel: pci_bus 0000:12: resource 1 [mem 0xc5f00000-0xc60fffff]
May 29 20:31:29.923081 kernel: pci_bus 0000:12: resource 2 [mem 0x490000000-0x490ffffff 64bit pref]
May 29 20:31:29.923115 kernel: pci_bus 0000:13: resource 1 [mem 0xc6100000-0xc62fffff]
May 29 20:31:29.923140 kernel: pci_bus 0000:13: resource 2 [mem 0x491000000-0x491ffffff 64bit pref]
May 29 20:31:29.923171 kernel: pci_bus 0000:14: resource 1 [mem 0xc6300000-0xc64fffff]
May 29 20:31:29.923196 kernel: pci_bus 0000:14: resource 2 [mem 0x492000000-0x492ffffff 64bit pref]
May 29 20:31:29.923228 kernel: pci_bus 0000:15: resource 1 [mem 0xc6500000-0xc66fffff]
May 29 20:31:29.923254 kernel: pci_bus 0000:15: resource 2 [mem 0x493000000-0x493ffffff 64bit pref]
May 29 20:31:29.923285 kernel: pci_bus 0000:16: resource 1 [mem 0xc6700000-0xc68fffff]
May 29 20:31:29.923310 kernel: pci_bus 0000:16: resource 2 [mem 0x494000000-0x494ffffff 64bit pref]
May 29 20:31:29.923341 kernel: pci_bus 0000:17: resource 1 [mem 0xc6900000-0xc6afffff]
May 29 20:31:29.923367 kernel: pci_bus 0000:17: resource 2 [mem 0x495000000-0x495ffffff 64bit pref]
May 29 20:31:29.923408 kernel: pci_bus 0000:18: resource 1 [mem 0xc6b00000-0xc6cfffff]
May 29 20:31:29.923435 kernel: pci_bus 0000:18: resource 2 [mem 0x496000000-0x496ffffff 64bit pref]
May 29 20:31:29.923466 kernel: pci_bus 0000:19: resource 1 [mem 0xc6d00000-0xc6efffff]
May 29 20:31:29.923491 kernel: pci_bus 0000:19: resource 2 [mem 0x497000000-0x497ffffff 64bit pref]
May 29 20:31:29.923522 kernel: pci_bus 0000:1a: resource 1 [mem 0xc6f00000-0xc70fffff]
May 29 20:31:29.923548 kernel: pci_bus 0000:1a: resource 2 [mem 0x498000000-0x498ffffff 64bit pref]
May 29 20:31:29.923579 kernel: pci_bus 0000:1b: resource 1 [mem 0xc7100000-0xc72fffff]
May 29 20:31:29.923604 kernel: pci_bus 0000:1b: resource 2 [mem 0x499000000-0x499ffffff 64bit pref]
May 29 20:31:29.923635 kernel: pci_bus 0000:1c: resource 1 [mem 0xc7300000-0xc74fffff]
May 29 20:31:29.923660 kernel: pci_bus 0000:1c: resource 2 [mem 0x49a000000-0x49affffff 64bit pref]
May 29 20:31:29.923693 kernel: pci_bus 0000:1d: resource 1 [mem 0xc7500000-0xc76fffff]
May 29 20:31:29.923719 kernel: pci_bus 0000:1d: resource 2 [mem 0x49b000000-0x49bffffff 64bit pref]
May 29 20:31:29.923750 kernel: pci_bus 0000:1e: resource 1 [mem 0xc7700000-0xc78fffff]
May 29 20:31:29.923775 kernel: pci_bus 0000:1e: resource 2 [mem 0x49c000000-0x49cffffff 64bit pref]
May 29 20:31:29.923806 kernel: pci_bus 0000:1f: resource 1 [mem 0xc7900000-0xc7afffff]
May 29 20:31:29.923832 kernel: pci_bus 0000:1f: resource 2 [mem 0x49d000000-0x49dffffff 64bit pref]
May 29 20:31:29.923862 kernel: pci_bus 0000:20: resource 1 [mem 0xc7b00000-0xc7cfffff]
May 29 20:31:29.923888 kernel: pci_bus 0000:20: resource 2 [mem 0x49e000000-0x49effffff 64bit pref]
May 29 20:31:29.923920 kernel: pci_bus 0000:21: resource 1 [mem 0xc7d00000-0xc7efffff]
May 29 20:31:29.923945 kernel: pci_bus 0000:21: resource 2 [mem 0x49f000000-0x49fffffff 64bit pref]
May 29 20:31:29.923978 kernel: pci_bus 0000:22: resource 1 [mem 0xc7f00000-0xc80fffff]
May 29 20:31:29.924006 kernel: pci_bus 0000:22: resource 2 [mem 0x4a0000000-0x4a0ffffff 64bit pref]
May 29 20:31:29.924037 kernel: pci_bus 0000:23: resource 1 [mem 0xc8100000-0xc82fffff]
May 29 20:31:29.924063 kernel: pci_bus 0000:23: resource 2 [mem 0x4a1000000-0x4a1ffffff 64bit pref]
May 29 20:31:29.924093 kernel: pci 0000:26:00.0: PCI bridge to [bus 27]
May 29 20:31:29.924122 kernel: pci 0000:26:00.0:   bridge window [mem 0xc8700000-0xc88fffff]
May 29 20:31:29.924149 kernel: pci 0000:26:00.0:   bridge window [mem 0x4a2000000-0x4a2ffffff 64bit pref]
May 29 20:31:29.924177 kernel: pci 0000:26:00.1: PCI bridge to [bus 28]
May 29 20:31:29.924205 kernel: pci 0000:26:00.1:   bridge window [mem 0xc8900000-0xc8afffff]
May 29 20:31:29.924232 kernel: pci 0000:26:00.1:   bridge window [mem 0x4a3000000-0x4a3ffffff 64bit pref]
May 29 20:31:29.924259 kernel: pci 0000:26:00.2: PCI bridge to [bus 29]
May 29 20:31:29.924286 kernel: pci 0000:26:00.2:   bridge window [mem 0xc8b00000-0xc8cfffff]
May 29 20:31:29.924314 kernel: pci 0000:26:00.2:   bridge window [mem 0x4a4000000-0x4a4ffffff 64bit pref]
May 29 20:31:29.924341 kernel: pci 0000:26:00.3: PCI bridge to [bus 2a]
May 29 20:31:29.924369 kernel: pci 0000:26:00.3:   bridge window [mem 0xc8d00000-0xc8efffff]
May 29 20:31:29.924396 kernel: pci 0000:26:00.3:   bridge window [mem 0x4a5000000-0x4a5ffffff 64bit pref]
May 29 20:31:29.924429 kernel: pci 0000:26:00.4: PCI bridge to [bus 2b]
May 29 20:31:29.924456 kernel: pci 0000:26:00.4:   bridge window [mem 0xc8f00000-0xc90fffff]
May 29 20:31:29.924483 kernel: pci 0000:26:00.4:   bridge window [mem 0x4a6000000-0x4a6ffffff 64bit pref]
May 29 20:31:29.924509 kernel: pci 0000:25:00.0: PCI bridge to [bus 26-2b]
May 29 20:31:29.924534 kernel: pci 0000:25:00.0:   bridge window [mem 0xc8600000-0xc90fffff]
May 29 20:31:29.924559 kernel: pci 0000:25:00.0:   bridge window [mem 0x4a2000000-0x4a6ffffff 64bit pref]
May 29 20:31:29.924584 kernel: pci 0000:24:00.0: PCI bridge to [bus 25-2b]
May 29 20:31:29.924610 kernel: pci 0000:24:00.0:   bridge window [mem 0xc8500000-0xc90fffff]
May 29 20:31:29.924634 kernel: pci 0000:24:00.0:   bridge window [mem 0x4a2000000-0x4a6ffffff 64bit pref]
May 29 20:31:29.924656 kernel: pci_bus 0000:24: resource 4 [mem 0xc8400000-0xc90fffff window]
May 29 20:31:29.924678 kernel: pci_bus 0000:24: resource 5 [mem 0x4a2000000-0x4a6ffffff window]
May 29 20:31:29.924707 kernel: pci_bus 0000:25: resource 1 [mem 0xc8500000-0xc90fffff]
May 29 20:31:29.924731 kernel: pci_bus 0000:25: resource 2 [mem 0x4a2000000-0x4a6ffffff 64bit pref]
May 29 20:31:29.924760 kernel: pci_bus 0000:26: resource 1 [mem 0xc8600000-0xc90fffff]
May 29 20:31:29.924785 kernel: pci_bus 0000:26: resource 2 [mem 0x4a2000000-0x4a6ffffff 64bit pref]
May 29 20:31:29.924816 kernel: pci_bus 0000:27: resource 1 [mem 0xc8700000-0xc88fffff]
May 29 20:31:29.924843 kernel: pci_bus 0000:27: resource 2 [mem 0x4a2000000-0x4a2ffffff 64bit pref]
May 29 20:31:29.924876 kernel: pci_bus 0000:28: resource 1 [mem 0xc8900000-0xc8afffff]
May 29 20:31:29.924902 kernel: pci_bus 0000:28: resource 2 [mem 0x4a3000000-0x4a3ffffff 64bit pref]
May 29 20:31:29.924932 kernel: pci_bus 0000:29: resource 1 [mem 0xc8b00000-0xc8cfffff]
May 29 20:31:29.924958 kernel: pci_bus 0000:29: resource 2 [mem 0x4a4000000-0x4a4ffffff 64bit pref]
May 29 20:31:29.924989 kernel: pci_bus 0000:2a: resource 1 [mem 0xc8d00000-0xc8efffff]
May 29 20:31:29.925015 kernel: pci_bus 0000:2a: resource 2 [mem 0x4a5000000-0x4a5ffffff 64bit pref]
May 29 20:31:29.925045 kernel: pci_bus 0000:2b: resource 1 [mem 0xc8f00000-0xc90fffff]
May 29 20:31:29.925073 kernel: pci_bus 0000:2b: resource 2 [mem 0x4a6000000-0x4a6ffffff 64bit pref]
May 29 20:31:29.925102 kernel: pci 0000:00:00.0: Limiting direct PCI/PCI transfers
May 29 20:31:29.925105 kernel: PCI: CLS 0 bytes, default 64
May 29 20:31:29.925108 kernel: PCI-DMA: Using software bounce buffering for IO (SWIOTLB)
May 29 20:31:29.925110 kernel: Trying to unpack rootfs image as initramfs...
May 29 20:31:29.925113 kernel: software IO TLB: mapped [mem 0x00000000bbfe8000-0x00000000bffe8000] (64MB)
May 29 20:31:29.925116 kernel: ACPI: bus type thunderbolt registered
May 29 20:31:29.925118 kernel: clocksource: tsc: mask: 0xffffffffffffffff max_cycles: 0x257a36b5a3d, max_idle_ns: 440795326591 ns
May 29 20:31:29.925121 kernel: clocksource: Switched to clocksource tsc
May 29 20:31:29.925123 kernel: Initialise system trusted keyrings
May 29 20:31:29.925126 kernel: Key type blacklist registered
May 29 20:31:29.925129 kernel: workingset: timestamp_bits=36 max_order=22 bucket_order=0
May 29 20:31:29.925131 kernel: zbud: loaded
May 29 20:31:29.925134 kernel: integrity: Platform Keyring initialized
May 29 20:31:29.925136 kernel: integrity: Machine keyring initialized
May 29 20:31:29.925138 kernel: NET: Registered PF_ALG protocol family
May 29 20:31:29.925141 kernel: xor: automatically using best checksumming function   avx       
May 29 20:31:29.925143 kernel: Key type asymmetric registered
May 29 20:31:29.925146 kernel: Asymmetric key parser 'x509' registered
May 29 20:31:29.925149 kernel: Block layer SCSI generic (bsg) driver version 0.4 loaded (major 246)
May 29 20:31:29.925151 kernel: io scheduler mq-deadline registered
May 29 20:31:29.925153 kernel: io scheduler kyber registered
May 29 20:31:29.925156 kernel: io scheduler bfq registered
May 29 20:31:29.925159 kernel: atomic64_test: passed for x86-64 platform with CX8 and with SSE
May 29 20:31:29.925184 kernel: pcieport 0000:01:00.0: PME: Signaling with IRQ 24
May 29 20:31:29.925210 kernel: pcieport 0000:01:00.0: pciehp: Slot #0 AttnBtn+ PwrCtrl+ MRL- AttnInd+ PwrInd+ HotPlug+ Surprise- Interlock- NoCompl+ IbPresDis- LLActRep+
May 29 20:31:29.925238 kernel: pcieport 0000:03:00.0: pciehp: Slot #2 AttnBtn+ PwrCtrl+ MRL- AttnInd+ PwrInd+ HotPlug+ Surprise- Interlock- NoCompl+ IbPresDis- LLActRep+
May 29 20:31:29.925267 kernel: pcieport 0000:03:00.1: pciehp: Slot #3 AttnBtn+ PwrCtrl+ MRL- AttnInd+ PwrInd+ HotPlug+ Surprise- Interlock- NoCompl+ IbPresDis- LLActRep+
May 29 20:31:29.925295 kernel: pcieport 0000:03:00.2: pciehp: Slot #4 AttnBtn+ PwrCtrl+ MRL- AttnInd+ PwrInd+ HotPlug+ Surprise- Interlock- NoCompl+ IbPresDis- LLActRep+
May 29 20:31:29.925323 kernel: pcieport 0000:03:00.3: pciehp: Slot #5 AttnBtn+ PwrCtrl+ MRL- AttnInd+ PwrInd+ HotPlug+ Surprise- Interlock- NoCompl+ IbPresDis- LLActRep+
May 29 20:31:29.925355 kernel: pcieport 0000:03:00.4: pciehp: Slot #6 AttnBtn+ PwrCtrl+ MRL- AttnInd+ PwrInd+ HotPlug+ Surprise- Interlock- NoCompl+ IbPresDis- LLActRep+
May 29 20:31:29.925382 kernel: pcieport 0000:03:00.5: pciehp: Slot #7 AttnBtn+ PwrCtrl+ MRL- AttnInd+ PwrInd+ HotPlug+ Surprise- Interlock- NoCompl+ IbPresDis- LLActRep+
May 29 20:31:29.925418 kernel: pcieport 0000:03:00.6: pciehp: Slot #8 AttnBtn+ PwrCtrl+ MRL- AttnInd+ PwrInd+ HotPlug+ Surprise- Interlock- NoCompl+ IbPresDis- LLActRep+
May 29 20:31:29.925446 kernel: pcieport 0000:03:00.7: pciehp: Slot #9 AttnBtn+ PwrCtrl+ MRL- AttnInd+ PwrInd+ HotPlug+ Surprise- Interlock- NoCompl+ IbPresDis- LLActRep+
May 29 20:31:29.925474 kernel: pcieport 0000:03:01.0: pciehp: Slot #10 AttnBtn+ PwrCtrl+ MRL- AttnInd+ PwrInd+ HotPlug+ Surprise- Interlock- NoCompl+ IbPresDis- LLActRep+
May 29 20:31:29.925500 kernel: pcieport 0000:03:01.1: pciehp: Slot #11 AttnBtn+ PwrCtrl+ MRL- AttnInd+ PwrInd+ HotPlug+ Surprise- Interlock- NoCompl+ IbPresDis- LLActRep+
May 29 20:31:29.925528 kernel: pcieport 0000:03:01.2: pciehp: Slot #12 AttnBtn+ PwrCtrl+ MRL- AttnInd+ PwrInd+ HotPlug+ Surprise- Interlock- NoCompl+ IbPresDis- LLActRep+
May 29 20:31:29.925555 kernel: pcieport 0000:03:01.3: pciehp: Slot #13 AttnBtn+ PwrCtrl+ MRL- AttnInd+ PwrInd+ HotPlug+ Surprise- Interlock- NoCompl+ IbPresDis- LLActRep+
May 29 20:31:29.925583 kernel: pcieport 0000:03:01.4: pciehp: Slot #14 AttnBtn+ PwrCtrl+ MRL- AttnInd+ PwrInd+ HotPlug+ Surprise- Interlock- NoCompl+ IbPresDis- LLActRep+
May 29 20:31:29.925610 kernel: pcieport 0000:03:01.5: pciehp: Slot #15 AttnBtn+ PwrCtrl+ MRL- AttnInd+ PwrInd+ HotPlug+ Surprise- Interlock- NoCompl+ IbPresDis- LLActRep+
May 29 20:31:29.925638 kernel: pcieport 0000:03:01.6: pciehp: Slot #16 AttnBtn+ PwrCtrl+ MRL- AttnInd+ PwrInd+ HotPlug+ Surprise- Interlock- NoCompl+ IbPresDis- LLActRep+
May 29 20:31:29.925665 kernel: pcieport 0000:03:01.7: pciehp: Slot #17 AttnBtn+ PwrCtrl+ MRL- AttnInd+ PwrInd+ HotPlug+ Surprise- Interlock- NoCompl+ IbPresDis- LLActRep+
May 29 20:31:29.925692 kernel: pcieport 0000:03:02.0: pciehp: Slot #18 AttnBtn+ PwrCtrl+ MRL- AttnInd+ PwrInd+ HotPlug+ Surprise- Interlock- NoCompl+ IbPresDis- LLActRep+
May 29 20:31:29.925720 kernel: pcieport 0000:03:02.1: pciehp: Slot #19 AttnBtn+ PwrCtrl+ MRL- AttnInd+ PwrInd+ HotPlug+ Surprise- Interlock- NoCompl+ IbPresDis- LLActRep+
May 29 20:31:29.925747 kernel: pcieport 0000:03:02.2: pciehp: Slot #20 AttnBtn+ PwrCtrl+ MRL- AttnInd+ PwrInd+ HotPlug+ Surprise- Interlock- NoCompl+ IbPresDis- LLActRep+
May 29 20:31:29.925774 kernel: pcieport 0000:03:02.3: pciehp: Slot #21 AttnBtn+ PwrCtrl+ MRL- AttnInd+ PwrInd+ HotPlug+ Surprise- Interlock- NoCompl+ IbPresDis- LLActRep+
May 29 20:31:29.925802 kernel: pcieport 0000:03:02.4: pciehp: Slot #22 AttnBtn+ PwrCtrl+ MRL- AttnInd+ PwrInd+ HotPlug+ Surprise- Interlock- NoCompl+ IbPresDis- LLActRep+
May 29 20:31:29.925830 kernel: pcieport 0000:03:02.5: pciehp: Slot #23 AttnBtn+ PwrCtrl+ MRL- AttnInd+ PwrInd+ HotPlug+ Surprise- Interlock- NoCompl+ IbPresDis- LLActRep+
May 29 20:31:29.925857 kernel: pcieport 0000:03:02.6: pciehp: Slot #24 AttnBtn+ PwrCtrl+ MRL- AttnInd+ PwrInd+ HotPlug+ Surprise- Interlock- NoCompl+ IbPresDis- LLActRep+
May 29 20:31:29.925885 kernel: pcieport 0000:03:02.7: pciehp: Slot #25 AttnBtn+ PwrCtrl+ MRL- AttnInd+ PwrInd+ HotPlug+ Surprise- Interlock- NoCompl+ IbPresDis- LLActRep+
May 29 20:31:29.925913 kernel: pcieport 0000:03:03.0: pciehp: Slot #26 AttnBtn+ PwrCtrl+ MRL- AttnInd+ PwrInd+ HotPlug+ Surprise- Interlock- NoCompl+ IbPresDis- LLActRep+
May 29 20:31:29.925940 kernel: pcieport 0000:03:03.1: pciehp: Slot #27 AttnBtn+ PwrCtrl+ MRL- AttnInd+ PwrInd+ HotPlug+ Surprise- Interlock- NoCompl+ IbPresDis- LLActRep+
May 29 20:31:29.925968 kernel: pcieport 0000:03:03.2: pciehp: Slot #28 AttnBtn+ PwrCtrl+ MRL- AttnInd+ PwrInd+ HotPlug+ Surprise- Interlock- NoCompl+ IbPresDis- LLActRep+
May 29 20:31:29.925996 kernel: pcieport 0000:03:03.3: pciehp: Slot #29 AttnBtn+ PwrCtrl+ MRL- AttnInd+ PwrInd+ HotPlug+ Surprise- Interlock- NoCompl+ IbPresDis- LLActRep+
May 29 20:31:29.926024 kernel: pcieport 0000:03:03.4: pciehp: Slot #30 AttnBtn+ PwrCtrl+ MRL- AttnInd+ PwrInd+ HotPlug+ Surprise- Interlock- NoCompl+ IbPresDis- LLActRep+
May 29 20:31:29.926052 kernel: pcieport 0000:03:03.5: pciehp: Slot #31 AttnBtn+ PwrCtrl+ MRL- AttnInd+ PwrInd+ HotPlug+ Surprise- Interlock- NoCompl+ IbPresDis- LLActRep+
May 29 20:31:29.926080 kernel: pcieport 0000:03:03.6: pciehp: Slot #32 AttnBtn+ PwrCtrl+ MRL- AttnInd+ PwrInd+ HotPlug+ Surprise- Interlock- NoCompl+ IbPresDis- LLActRep+
May 29 20:31:29.926108 kernel: pcieport 0000:03:03.7: pciehp: Slot #33 AttnBtn+ PwrCtrl+ MRL- AttnInd+ PwrInd+ HotPlug+ Surprise- Interlock- NoCompl+ IbPresDis- LLActRep+
May 29 20:31:29.926133 kernel: pcieport 0000:24:00.0: PME: Signaling with IRQ 57
May 29 20:31:29.926157 kernel: pcieport 0000:24:00.0: pciehp: Slot #1 AttnBtn+ PwrCtrl+ MRL- AttnInd+ PwrInd+ HotPlug+ Surprise- Interlock- NoCompl+ IbPresDis- LLActRep+
May 29 20:31:29.926186 kernel: pcieport 0000:26:00.0: pciehp: Slot #34 AttnBtn+ PwrCtrl+ MRL- AttnInd+ PwrInd+ HotPlug+ Surprise- Interlock- NoCompl+ IbPresDis- LLActRep+
May 29 20:31:29.926214 kernel: pcieport 0000:26:00.1: pciehp: Slot #35 AttnBtn+ PwrCtrl+ MRL- AttnInd+ PwrInd+ HotPlug+ Surprise- Interlock- NoCompl+ IbPresDis- LLActRep+
May 29 20:31:29.926241 kernel: pcieport 0000:26:00.2: pciehp: Slot #36 AttnBtn+ PwrCtrl+ MRL- AttnInd+ PwrInd+ HotPlug+ Surprise- Interlock- NoCompl+ IbPresDis- LLActRep+
May 29 20:31:29.926269 kernel: pcieport 0000:26:00.3: pciehp: Slot #37 AttnBtn+ PwrCtrl+ MRL- AttnInd+ PwrInd+ HotPlug+ Surprise- Interlock- NoCompl+ IbPresDis- LLActRep+
May 29 20:31:29.926296 kernel: pcieport 0000:26:00.4: pciehp: Slot #38 AttnBtn+ PwrCtrl+ MRL- AttnInd+ PwrInd+ HotPlug+ Surprise- Interlock- NoCompl+ IbPresDis- LLActRep+
May 29 20:31:29.926299 kernel: Freeing initrd memory: 104172K
May 29 20:31:29.926302 kernel: shpchp: Standard Hot Plug PCI Controller Driver version: 0.4
May 29 20:31:29.926304 kernel: input: Power Button as /devices/LNXSYSTM:00/LNXPWRBN:00/input/input0
May 29 20:31:29.926307 kernel: ACPI: button: Power Button [PWRF]
May 29 20:31:29.926310 kernel: input: Sleep Button as /devices/LNXSYSTM:00/LNXSLPBN:00/input/input1
May 29 20:31:29.926313 kernel: ACPI: button: Sleep Button [SLPF]
May 29 20:31:29.926315 kernel: Monitor-Mwait will be used to enter C-1 state
May 29 20:31:29.926318 kernel: ACPI: \_SB_.CP00: Found 2 idle states
May 29 20:31:29.926321 kernel: ACPI: \_SB_.CP01: Found 2 idle states
May 29 20:31:29.926323 kernel: ACPI: \_SB_.CP02: Found 2 idle states
May 29 20:31:29.926325 kernel: ACPI: \_SB_.CP03: Found 2 idle states
May 29 20:31:29.926328 kernel: Serial: 8250/16550 driver, 4 ports, IRQ sharing enabled
May 29 20:31:29.926331 kernel: 00:04: ttyS0 at I/O 0x3f8 (irq = 4, base_baud = 115200) is a 16550A
May 29 20:31:29.926333 kernel: Non-volatile memory driver v1.3
May 29 20:31:29.926336 kernel: rdac: device handler registered
May 29 20:31:29.926338 kernel: hp_sw: device handler registered
May 29 20:31:29.926341 kernel: emc: device handler registered
May 29 20:31:29.926344 kernel: alua: device handler registered
May 29 20:31:29.926346 kernel: usbcore: registered new interface driver usbserial_generic
May 29 20:31:29.926348 kernel: usbserial: USB Serial support registered for generic
May 29 20:31:29.926351 kernel: i8042: PNP: PS/2 Controller [PNP0303:KBD,PNP0f13:MOU] at 0x60,0x64 irq 1,12
May 29 20:31:29.926353 kernel: i8042: Warning: Keylock active
May 29 20:31:29.926356 kernel: serio: i8042 KBD port at 0x60,0x64 irq 1
May 29 20:31:29.926358 kernel: serio: i8042 AUX port at 0x60,0x64 irq 12
May 29 20:31:29.926360 kernel: mousedev: PS/2 mouse device common for all mice
May 29 20:31:29.926395 kernel: rtc_cmos 00:00: RTC can wake from S4
May 29 20:31:29.926489 kernel: rtc_cmos 00:00: registered as rtc0
May 29 20:31:29.926512 kernel: rtc_cmos 00:00: setting system clock to 2026-05-29T20:31:29 UTC (1780086689)
May 29 20:31:29.926534 kernel: rtc_cmos 00:00: alarms up to one day, 114 bytes nvram
May 29 20:31:29.926538 kernel: amd_pstate: The CPPC feature is supported but currently disabled by the BIOS.
                               Please enable it if your BIOS has the CPPC option.
May 29 20:31:29.926540 kernel: amd_pstate: the _CPC object is not present in SBIOS or ACPI disabled
May 29 20:31:29.926542 kernel: hid: raw HID events driver (C) Jiri Kosina
May 29 20:31:29.926545 kernel: usbcore: registered new interface driver usbhid
May 29 20:31:29.926548 kernel: usbhid: USB HID core driver
May 29 20:31:29.926550 kernel: drop_monitor: Initializing network drop monitor service
May 29 20:31:29.926552 kernel: Initializing XFRM netlink socket
May 29 20:31:29.926554 kernel: NET: Registered PF_INET6 protocol family
May 29 20:31:29.926557 kernel: Segment Routing with IPv6
May 29 20:31:29.926559 kernel: NET: Registered PF_PACKET protocol family
May 29 20:31:29.926562 kernel: mpls_gso: MPLS GSO support
May 29 20:31:29.926565 kernel: IPI shorthand broadcast: enabled
May 29 20:31:29.926567 kernel: AVX2 version of gcm_enc/dec engaged.
May 29 20:31:29.926570 kernel: AES CTR mode by8 optimization enabled
May 29 20:31:29.926572 kernel: sched_clock: Marking stable (2246069983, 526868465)->(2841354477, -68416029)
May 29 20:31:29.926575 kernel: registered taskstats version 1
May 29 20:31:29.926577 kernel: Loading compiled-in X.509 certificates
May 29 20:31:29.926580 kernel: Loaded X.509 cert 'Red Hat Enterprise Linux kernel signing key: 300cbdfacc279a7dbb14021e37e33aa77fe6a2a1'
May 29 20:31:29.926582 kernel: Loaded X.509 cert 'Red Hat Enterprise Linux Driver Update Program (key 3): bf57f3e87362bc7229d9f465321773dfd1f77a80'
May 29 20:31:29.926585 kernel: Loaded X.509 cert 'Red Hat Enterprise Linux kpatch signing key: 4d38fd864ebe18c5f0b72e3852e2014c3a676fc8'
May 29 20:31:29.926588 kernel: Loaded X.509 cert 'RH-IMA-CA: Red Hat IMA CA: fb31825dd0e073685b264e3038963673f753959a'
May 29 20:31:29.926591 kernel: Loaded X.509 cert 'Nvidia GPU OOT signing 001: 55e1cef88193e60419f0b0ec379c49f77545acf0'
May 29 20:31:29.926594 kernel: Demotion targets for Node 0: null
May 29 20:31:29.926596 kernel: page_owner is disabled
May 29 20:31:29.926599 kernel: Key type .fscrypt registered
May 29 20:31:29.926601 kernel: Key type fscrypt-provisioning registered
May 29 20:31:29.926604 kernel: Key type big_key registered
May 29 20:31:29.926606 kernel: Key type encrypted registered
May 29 20:31:29.926608 kernel: ima: No TPM chip found, activating TPM-bypass!
May 29 20:31:29.926611 kernel: Loading compiled-in module X.509 certificates
May 29 20:31:29.926613 kernel: Loaded X.509 cert 'Red Hat Enterprise Linux kernel signing key: 300cbdfacc279a7dbb14021e37e33aa77fe6a2a1'
May 29 20:31:29.926616 kernel: ima: Allocated hash algorithm: sha256
May 29 20:31:29.926618 kernel: ima: No architecture policies found
May 29 20:31:29.926621 kernel: evm: Initialising EVM extended attributes:
May 29 20:31:29.926624 kernel: evm: security.selinux
May 29 20:31:29.926626 kernel: evm: security.SMACK64 (disabled)
May 29 20:31:29.926628 kernel: evm: security.SMACK64EXEC (disabled)
May 29 20:31:29.926631 kernel: evm: security.SMACK64TRANSMUTE (disabled)
May 29 20:31:29.926633 kernel: evm: security.SMACK64MMAP (disabled)
May 29 20:31:29.926635 kernel: evm: security.apparmor (disabled)
May 29 20:31:29.926638 kernel: evm: security.ima
May 29 20:31:29.926640 kernel: evm: security.capability
May 29 20:31:29.926643 kernel: evm: HMAC attrs: 0x1
May 29 20:31:29.926645 kernel: Running certificate verification RSA selftest
May 29 20:31:29.926648 kernel: Loaded X.509 cert 'Certificate verification self-testing key: f58703bb33ce1b73ee02eccdee5b8817518fe3db'
May 29 20:31:29.926650 kernel: Running certificate verification ECDSA selftest
May 29 20:31:29.926653 kernel: Loaded X.509 cert 'Certificate verification ECDSA self-testing key: 2900bcea1deb7bc8479a84a23d758efdfdd2b2d3'
May 29 20:31:29.926655 kernel: clk: Disabling unused clocks
May 29 20:31:29.926658 kernel: Freeing unused decrypted memory: 2028K
May 29 20:31:29.926660 kernel: Freeing unused kernel image (initmem) memory: 4044K
May 29 20:31:29.926663 kernel: Write protecting the kernel read-only data: 30720k
May 29 20:31:29.926665 kernel: Freeing unused kernel image (rodata/data gap) memory: 708K
May 29 20:31:29.926667 kernel: x86/mm: Checked W+X mappings: passed, no W+X pages found.
May 29 20:31:29.926670 kernel: Run /init as init process
May 29 20:31:29.926672 kernel:   with arguments:
May 29 20:31:29.926674 kernel:     /init
May 29 20:31:29.926677 kernel:   with environment:
May 29 20:31:29.926680 kernel:     HOME=/
May 29 20:31:29.926682 kernel:     TERM=linux
May 29 20:31:29.926685 kernel:     BOOT_IMAGE=(hd0,gpt3)/boot/ostree/rhcos-617b0e78715ed36bc2244f65434be3f79c4e5cc41b856cce9de411575dfca7bd/vmlinuz-5.14.0-570.55.1.el9_6.x86_64
May 29 20:31:29.926688 kernel:     ostree=/ostree/boot.1/rhcos/617b0e78715ed36bc2244f65434be3f79c4e5cc41b856cce9de411575dfca7bd/0
May 29 20:31:29.926705 systemd-journald.service[372]: Missed 40 kernel messages
May 29 20:31:29.926719 kernel: fuse: init (API version 7.37)
May 29 20:31:29.926725 systemd-journald.service[372]: Journal started
May 29 20:31:29.926741 systemd-journald.service[372]: Runtime Journal (/run/log/journal/ec2dc888803a616f575f5d8b8f077ecb) is 8.0M, max 313.2M, 305.2M free.
May 29 20:31:29.909468 systemd-modules-load.service[373]: Inserted module 'fuse'
May 29 20:31:29.909498 systemd-modules-load.service[373]: Module 'msr' is built in
May 29 20:31:29.919490 rdma-load-modules@infiniband.service[369]: Inserted module 'ib_ipoib'
May 29 20:31:29.922016 rdma-load-modules@infiniband.service[369]: Inserted module 'ib_umad'
May 29 20:31:29.933407 systemd-journald.service[372]: Missed 4 kernel messages
May 29 20:31:29.933407 kernel: Loading iSCSI transport class v2.0-870.
May 29 20:31:29.938733 rdma-load-modules@rdma.service[370]: Inserted module 'ib_iser'
May 29 20:31:29.939410 kernel: iscsi: registered transport (iser)
May 29 20:31:29.955407 systemd-journald.service[372]: Missed 1 kernel messages
May 29 20:31:29.955407 kernel: Rounding down aligned max_sectors from 4294967295 to 4294967288
May 29 20:31:29.955415 kernel: db_root: cannot open: /etc/target
May 29 20:31:29.989391 init.scope[1]: Finished Create List of Static Device Nodes.
May 29 20:31:29.991362 rdma-load-modules@rdma.service[370]: Inserted module 'ib_isert'
May 29 20:31:29.995223 rdma-load-modules@rdma.service[370]: Inserted module 'ib_srpt'
May 29 20:31:29.997541 init.scope[1]: Finished Load RDMA modules from /etc/rdma/modules/infiniband.conf.
May 29 20:31:30.000307 init.scope[1]: Finished Load RDMA modules from /etc/rdma/modules/roce.conf.
May 29 20:31:30.004128 rdma-load-modules@rdma.service[370]: Inserted module 'ib_uverbs'
May 29 20:31:30.005568 init.scope[1]: Finished Load Kernel Modules.
May 29 20:31:30.007696 init.scope[1]: Finished Setup Virtual Console.
May 29 20:31:30.012206 systemd-journald.service[372]: Missed 8 kernel messages
May 29 20:31:30.012206 kernel: input: AT Translated Set 2 keyboard as /devices/platform/i8042/serio0/input/input2
May 29 20:31:30.013363 rdma-load-modules@rdma.service[370]: Inserted module 'rdma_ucm'
May 29 20:31:30.023467 init.scope[1]: Starting dracut ask for additional cmdline parameters...
May 29 20:31:30.024846 init.scope[1]: Starting Apply Kernel Variables...
May 29 20:31:30.029905 init.scope[1]: Finished Apply Kernel Variables.
May 29 20:31:30.031859 systemd-sysusers.service[374]: Creating group 'root' with GID 991.
May 29 20:31:30.032568 init.scope[1]: Finished Create System Users.
May 29 20:31:30.034679 init.scope[1]: Starting Create Static Device Nodes in /dev...
May 29 20:31:30.034990 init.scope[1]: Starting Create Volatile Files and Directories...
May 29 20:31:30.039957 init.scope[1]: Finished dracut ask for additional cmdline parameters.
May 29 20:31:30.045222 init.scope[1]: Starting dracut cmdline hook...
May 29 20:31:30.051894 init.scope[1]: Finished Create Static Device Nodes in /dev.
May 29 20:31:30.054434 systemd-journald.service[372]: Missed 12 kernel messages
May 29 20:31:30.054434 kernel: RPC: Registered named UNIX socket transport module.
May 29 20:31:30.058361 kernel: RPC: Registered udp transport module.
May 29 20:31:30.058374 kernel: RPC: Registered tcp transport module.
May 29 20:31:30.058378 dracut-cmdline.service[409]: dracut-9.6.20251015-1 (Plow) dracut-057-88.git20250311.el9_6
May 29 20:31:30.058378 dracut-cmdline.service[409]: Using kernel command line parameters:  ip=auto   BOOT_IMAGE=(hd0,gpt3)/boot/ostree/rhcos-617b0e78715ed36bc2244f65434be3f79c4e5cc41b856cce9de411575dfca7bd/vmlinuz-5.14.0-570.55.1.el9_6.x86_64 rw ignition.firstboot ostree=/ostree/boot.1/rhcos/617b0e78715ed36bc2244f65434be3f79c4e5cc41b856cce9de411575dfca7bd/0 ignition.platform.id=aws console=tty0 console=ttyS0,115200n8
May 29 20:31:30.127363 systemd-journald.service[372]: Missed 1 kernel messages
May 29 20:31:30.127363 kernel: RPC: Registered tcp-with-tls transport module.
May 29 20:31:30.127374 systemd-journald.service[372]: Missed 1 kernel messages
May 29 20:31:30.127374 kernel: RPC: Registered tcp NFSv4.1 backchannel transport module.
May 29 20:31:30.058355 init.scope[1]: Finished Create Volatile Files and Directories.
May 29 20:31:30.133407 systemd-journald.service[372]: Missed 1 kernel messages
May 29 20:31:30.133407 kernel: iscsi: registered transport (tcp)
May 29 20:31:30.143008 kernel: RPC: Registered rdma transport module.
May 29 20:31:30.143014 kernel: RPC: Registered rdma backchannel transport module.
May 29 20:31:30.145408 kernel: Warning: Deprecated Driver is detected: qla4xxx will not be maintained in a future major release and may be disabled
May 29 20:31:30.148100 rdma-load-modules@rdma.service[370]: Inserted module 'rpcrdma'
May 29 20:31:30.148577 init.scope[1]: Finished Load RDMA modules from /etc/rdma/modules/rdma.conf.
May 29 20:31:30.154122 init.scope[1]: Reached target Preparation for Network.
May 29 20:31:30.156406 systemd-journald.service[372]: Missed 3 kernel messages
May 29 20:31:30.156406 kernel: iscsi: registered transport (qla4xxx)
May 29 20:31:30.157537 kernel: QLogic iSCSI HBA Driver
May 29 20:31:30.166409 kernel: libcxgbi:libcxgbi_init_module: Chelsio iSCSI driver library libcxgbi v0.9.1-ko (Apr. 2015)
May 29 20:31:30.195995 kernel: Chelsio T4-T6 iSCSI Driver cxgb4i v0.9.5-ko (Apr. 2015)
May 29 20:31:30.195999 kernel: iscsi: registered transport (cxgb4i)
May 29 20:31:30.205407 kernel: Warning: Deprecated Driver is detected: cnic will not be maintained in a future major release and may be disabled
May 29 20:31:30.208407 kernel: cnic: QLogic cnicDriver v2.5.22 (July 20, 2015)
May 29 20:31:30.214102 kernel: Warning: Deprecated Driver is detected: bnx2i will not be maintained in a future major release and may be disabled
